Xilinx Zynq MP First Stage Boot Loader 
Release 2020.1   Nov  8 2021  -  12:45:36
NOTICE:  ATF running on XCZU5EV/silicon v4/RTL5.1 at 0xfffea000
NOTICE:  BL31: v2.2(release):xilinx_rebase_v2.2_2020.1
NOTICE:  BL31: Built : 14:03:18, Nov  9 2021


U-Boot 2020.01 (Nov 09 2021 - 14:03:20 +0000)

Model: Enclustra ME-XU5-5EV-2I-D12E SOM
Board: Xilinx ZynqMP
DRAM:  4 GiB
usb dr_mode not found
usb dr_mode not found
PMUFW:	v1.1
EL Level:	EL2
Chip ID:	zu5ev
NAND:  0 MiB
MMC:   mmc@ff160000: 0, mmc@ff170000: 1
In:    serial@ff000000
Out:   serial@ff000000
Err:   serial@ff000000
Bootmode: SD_MODE1
Reset reason:	SRST 
Net:   
ZYNQ GEM: ff0b0000, mdio bus ff0b0000, phyaddr 3, interface rgmii-id

Error: ethernet@ff0b0000 address not set.
No ethernet found.

Hit any key to stop autoboot:  2  1  0 
switch to partitions #0, OK
mmc1 is current device
Scanning mmc 1:1...
Found U-Boot script /boot.scr
2007 bytes read in 18 ms (108.4 KiB/s)
## Executing script at 20000000
8165216 bytes read in 614 ms (12.7 MiB/s)
## Loading kernel from FIT Image at 10000000 ...
   Using 'conf@system-top.dtb' configuration
   Trying 'kernel@1' kernel subimage
     Description:  Linux kernel
     Type:         Kernel Image
     Compression:  gzip compressed
     Data Start:   0x100000e8
     Data Size:    8123516 Bytes = 7.7 MiB
     Architecture: AArch64
     OS:           Linux
     Load Address: 0x00080000
     Entry Point:  0x00080000
     Hash algo:    sha256
     Hash value:   cf21ee0c6fa54183eee575330a75ef084654a833002f13f9a2ae91ade2a2e4b4
   Verifying Hash Integrity ... sha256+ OK
## Loading fdt from FIT Image at 10000000 ...
   Using 'conf@system-top.dtb' configuration
   Trying 'fdt@system-top.dtb' fdt subimage
     Description:  Flattened Device Tree blob
     Type:         Flat Device Tree
     Compression:  uncompressed
     Data Start:   0x107bf674
     Data Size:    39812 Bytes = 38.9 KiB
     Architecture: AArch64
     Hash algo:    sha256
     Hash value:   b4cf25d32dd2f4736a65fdb1d7d64689952afc5084e8993d418141192892d5ed
   Verifying Hash Integrity ... sha256+ OK
   Booting using the fdt blob at 0x107bf674
   Uncompressing Kernel Image
   Loading Device Tree to 000000000fff3000, end 000000000ffffb83 ... OK

Starting kernel ...

[    0.000000] Booting Linux on physical CPU 0x0000000000 [0x410fd034]
[    0.000000] Linux version 5.4.0-xilinx-v2020.1 (oe-user@oe-host) (gcc version 9.2.0 (GCC)) #1 SMP Mon Nov 8 12:43:45 UTC 2021
[    0.000000] Machine model: Enclustra ME-XU5-5EV-2I-D12E SOM
[    0.000000] efi: Getting EFI parameters from FDT:
[    0.000000] efi: UEFI not found.
[    0.000000] cma: Reserved 256 MiB at 0x000000006fc00000
[    0.000000] psci: probing for conduit method from DT.
[    0.000000] psci: PSCIv1.1 detected in firmware.
[    0.000000] psci: Using standard PSCI v0.2 function IDs
[    0.000000] psci: MIGRATE_INFO_TYPE not supported.
[    0.000000] psci: SMC Calling Convention v1.1
[    0.000000] percpu: Embedded 22 pages/cpu s49944 r8192 d31976 u90112
[    0.000000] Detected VIPT I-cache on CPU0
[    0.000000] CPU features: detected: ARM erratum 845719
[    0.000000] Speculative Store Bypass Disable mitigation not required
[    0.000000] Built 1 zonelists, mobility grouping on.  Total pages: 1031940
[    0.000000] Kernel command line: console=ttyPS0,115200 clk_ignore_unused root=/dev/mmcblk1p2 rootfstype=ext4 rw rootwait earlyprintk
[    0.000000] Dentry cache hash table entries: 524288 (order: 10, 4194304 bytes, linear)
[    0.000000] Inode-cache hash table entries: 262144 (order: 9, 2097152 bytes, linear)
[    0.000000] mem auto-init: stack:off, heap alloc:off, heap free:off
[    0.000000] software IO TLB: mapped [mem 0x6bc00000-0x6fc00000] (64MB)
[    0.000000] Memory: 3767704K/4193280K available (11644K kernel code, 672K rwdata, 3624K rodata, 704K init, 323K bss, 163432K reserved, 262144K cma-reserved)
[    0.000000] rcu: Hierarchical RCU implementation.
[    0.000000] rcu: 	RCU event tracing is enabled.
[    0.000000] rcu: 	RCU restricting CPUs from NR_CPUS=8 to nr_cpu_ids=4.
[    0.000000] rcu: RCU calculated value of scheduler-enlistment delay is 25 jiffies.
[    0.000000] rcu: Adjusting geometry for rcu_fanout_leaf=16, nr_cpu_ids=4
[    0.000000] NR_IRQS: 64, nr_irqs: 64, preallocated irqs: 0
[    0.000000] GIC: Adjusting CPU interface base to 0x00000000f902f000
[    0.000000] GIC: Using split EOI/Deactivate mode
[    0.000000] random: get_random_bytes called from start_kernel+0x2a8/0x42c with crng_init=0
[    0.000000] arch_timer: cp15 timer(s) running at 33.33MHz (phys).
[    0.000000] clocksource: arch_sys_counter: mask: 0xffffffffffffff max_cycles: 0x7b0074340, max_idle_ns: 440795202884 ns
[    0.000003] sched_clock: 56 bits at 33MHz, resolution 30ns, wraps every 2199023255543ns
[    0.000267] Console: colour dummy device 80x25
[    0.000287] Calibrating delay loop (skipped), value calculated using timer frequency.. 66.66 BogoMIPS (lpj=133332)
[    0.000294] pid_max: default: 32768 minimum: 301
[    0.000427] Mount-cache hash table entries: 8192 (order: 4, 65536 bytes, linear)
[    0.000441] Mountpoint-cache hash table entries: 8192 (order: 4, 65536 bytes, linear)
[    0.001315] ASID allocator initialised with 32768 entries
[    0.001364] rcu: Hierarchical SRCU implementation.
[    0.001528] EFI services will not be available.
[    0.001643] smp: Bringing up secondary CPUs ...
[    0.001943] Detected VIPT I-cache on CPU1
[    0.001972] CPU1: Booted secondary processor 0x0000000001 [0x410fd034]
[    0.002290] Detected VIPT I-cache on CPU2
[    0.002307] CPU2: Booted secondary processor 0x0000000002 [0x410fd034]
[    0.002605] Detected VIPT I-cache on CPU3
[    0.002622] CPU3: Booted secondary processor 0x0000000003 [0x410fd034]
[    0.002663] smp: Brought up 1 node, 4 CPUs
[    0.002674] SMP: Total of 4 processors activated.
[    0.002678] CPU features: detected: 32-bit EL0 Support
[    0.002683] CPU features: detected: CRC32 instructions
[    0.002710] CPU: All CPU(s) started at EL2
[    0.002722] alternatives: patching kernel code
[    0.003724] devtmpfs: initialized
[    0.007600] clocksource: jiffies: mask: 0xffffffff max_cycles: 0xffffffff, max_idle_ns: 7645041785100000 ns
[    0.007611] futex hash table entries: 1024 (order: 4, 65536 bytes, linear)
[    0.013112] xor: measuring software checksum speed
[    0.052037]    8regs     :  2639.000 MB/sec
[    0.092061]    32regs    :  3027.000 MB/sec
[    0.132089]    arm64_neon:  2628.000 MB/sec
[    0.132093] xor: using function: 32regs (3027.000 MB/sec)
[    0.132102] pinctrl core: initialized pinctrl subsystem
[    0.132671] NET: Registered protocol family 16
[    0.133578] DMA: preallocated 256 KiB pool for atomic allocations
[    0.133601] audit: initializing netlink subsys (disabled)
[    0.133718] audit: type=2000 audit(0.132:1): state=initialized audit_enabled=0 res=1
[    0.134018] cpuidle: using governor menu
[    0.134180] hw-breakpoint: found 6 breakpoint and 4 watchpoint registers.
[    0.144603] HugeTLB registered 1.00 GiB page size, pre-allocated 0 pages
[    0.144610] HugeTLB registered 32.0 MiB page size, pre-allocated 0 pages
[    0.144614] HugeTLB registered 2.00 MiB page size, pre-allocated 0 pages
[    0.144618] HugeTLB registered 64.0 KiB page size, pre-allocated 0 pages
[    1.110781] DRBG: Continuing without Jitter RNG
[    1.184744] raid6: neonx8   gen()  1715 MB/s
[    1.252750] raid6: neonx8   xor()  1624 MB/s
[    1.320803] raid6: neonx4   gen()  1644 MB/s
[    1.388824] raid6: neonx4   xor()  1577 MB/s
[    1.456897] raid6: neonx2   gen()  1249 MB/s
[    1.524912] raid6: neonx2   xor()  1302 MB/s
[    1.592997] raid6: neonx1   gen()   810 MB/s
[    1.660994] raid6: neonx1   xor()   978 MB/s
[    1.729033] raid6: int64x8  gen()  1291 MB/s
[    1.797084] raid6: int64x8  xor()   844 MB/s
[    1.865128] raid6: int64x4  gen()  1085 MB/s
[    1.933152] raid6: int64x4  xor()   815 MB/s
[    2.001241] raid6: int64x2  gen()   753 MB/s
[    2.069230] raid6: int64x2  xor()   657 MB/s
[    2.137347] raid6: int64x1  gen()   500 MB/s
[    2.205302] raid6: int64x1  xor()   500 MB/s
[    2.205305] raid6: using algorithm neonx8 gen() 1715 MB/s
[    2.205308] raid6: .... xor() 1624 MB/s, rmw enabled
[    2.205312] raid6: using neon recovery algorithm
[    2.205610] iommu: Default domain type: Translated 
[    2.205801] SCSI subsystem initialized
[    2.205930] usbcore: registered new interface driver usbfs
[    2.205954] usbcore: registered new interface driver hub
[    2.205977] usbcore: registered new device driver usb
[    2.206022] mc: Linux media interface: v0.10
[    2.206039] videodev: Linux video capture interface: v2.00
[    2.206064] pps_core: LinuxPPS API ver. 1 registered
[    2.206068] pps_core: Software ver. 5.3.6 - Copyright 2005-2007 Rodolfo Giometti <giometti@linux.it>
[    2.206078] PTP clock support registered
[    2.206094] EDAC MC: Ver: 3.0.0
[    2.206429] zynqmp-ipi-mbox mailbox@ff990400: Registered ZynqMP IPI mbox with TX/RX channels.
[    2.206579] FPGA manager framework
[    2.206695] Advanced Linux Sound Architecture Driver Initialized.
[    2.206933] Bluetooth: Core ver 2.22
[    2.206955] NET: Registered protocol family 31
[    2.206959] Bluetooth: HCI device and connection manager initialized
[    2.206966] Bluetooth: HCI socket layer initialized
[    2.206972] Bluetooth: L2CAP socket layer initialized
[    2.206982] Bluetooth: SCO socket layer initialized
[    2.207301] clocksource: Switched to clocksource arch_sys_counter
[    2.207386] VFS: Disk quotas dquot_6.6.0
[    2.207425] VFS: Dquot-cache hash table entries: 512 (order 0, 4096 bytes)
[    2.211034] NET: Registered protocol family 2
[    2.211369] tcp_listen_portaddr_hash hash table entries: 2048 (order: 3, 32768 bytes, linear)
[    2.211410] TCP established hash table entries: 32768 (order: 6, 262144 bytes, linear)
[    2.211594] TCP bind hash table entries: 32768 (order: 7, 524288 bytes, linear)
[    2.211944] TCP: Hash tables configured (established 32768 bind 32768)
[    2.212006] UDP hash table entries: 2048 (order: 4, 65536 bytes, linear)
[    2.212073] UDP-Lite hash table entries: 2048 (order: 4, 65536 bytes, linear)
[    2.212219] NET: Registered protocol family 1
[    2.212459] RPC: Registered named UNIX socket transport module.
[    2.212463] RPC: Registered udp transport module.
[    2.212466] RPC: Registered tcp transport module.
[    2.212469] RPC: Registered tcp NFSv4.1 backchannel transport module.
[    2.212698] PCI: CLS 0 bytes, default 64
[    2.213108] hw perfevents: no interrupt-affinity property for /pmu, guessing.
[    2.213243] hw perfevents: enabled with armv8_pmuv3 PMU driver, 7 counters available
[    2.213906] Initialise system trusted keyrings
[    2.213982] workingset: timestamp_bits=46 max_order=20 bucket_order=0
[    2.214662] NFS: Registering the id_resolver key type
[    2.214673] Key type id_resolver registered
[    2.214676] Key type id_legacy registered
[    2.214684] nfs4filelayout_init: NFSv4 File Layout Driver Registering...
[    2.214699] jffs2: version 2.2. (NAND) Â© 2001-2006 Red Hat, Inc.
[    2.226407] NET: Registered protocol family 38
[    2.226413] Key type asymmetric registered
[    2.226417] Asymmetric key parser 'x509' registered
[    2.226438] Block layer SCSI generic (bsg) driver version 0.4 loaded (major 247)
[    2.226443] io scheduler mq-deadline registered
[    2.226447] io scheduler kyber registered
[    2.249545] Serial: 8250/16550 driver, 4 ports, IRQ sharing disabled
[    2.252057] cacheinfo: Unable to detect cache hierarchy for CPU 0
[    2.255883] brd: module loaded
[    2.259870] loop: module loaded
[    2.260431] mtdoops: mtd device (mtddev=name/number) must be supplied
[    2.261393] libphy: Fixed MDIO Bus: probed
[    2.262247] tun: Universal TUN/TAP device driver, 1.6
[    2.262322] CAN device driver interface
[    2.262945] usbcore: registered new interface driver asix
[    2.262979] usbcore: registered new interface driver ax88179_178a
[    2.262999] usbcore: registered new interface driver cdc_ether
[    2.263019] usbcore: registered new interface driver net1080
[    2.263038] usbcore: registered new interface driver cdc_subset
[    2.263059] usbcore: registered new interface driver zaurus
[    2.263087] usbcore: registered new interface driver cdc_ncm
[    2.263707] usbcore: registered new interface driver uas
[    2.263734] usbcore: registered new interface driver usb-storage
[    2.264223] rtc_zynqmp ffa60000.rtc: registered as rtc0
[    2.264263] i2c /dev entries driver
[    2.265445] usbcore: registered new interface driver uvcvideo
[    2.265449] USB Video Class driver (1.1.1)
[    2.265731] Bluetooth: HCI UART driver ver 2.3
[    2.265736] Bluetooth: HCI UART protocol H4 registered
[    2.265739] Bluetooth: HCI UART protocol BCSP registered
[    2.265755] Bluetooth: HCI UART protocol LL registered
[    2.265759] Bluetooth: HCI UART protocol ATH3K registered
[    2.265774] Bluetooth: HCI UART protocol Three-wire (H5) registered
[    2.265805] Bluetooth: HCI UART protocol Intel registered
[    2.265819] Bluetooth: HCI UART protocol QCA registered
[    2.265846] usbcore: registered new interface driver bcm203x
[    2.265869] usbcore: registered new interface driver bpa10x
[    2.265892] usbcore: registered new interface driver bfusb
[    2.265915] usbcore: registered new interface driver btusb
[    2.265949] usbcore: registered new interface driver ath3k
[    2.266091] EDAC MC0: 13 UE BankGroup Number 0 Block Number 0 on mc#0csrow#0channel#0 (csrow:0 channel:0 page:0x0 offset:0x0 grain:1)
[    2.266159] EDAC MC0: Giving out device to module 1 controller synps_ddr_controller: DEV synps_edac (INTERRUPT)
[    2.266295] EDAC DEVICE0: Giving out device to module zynqmp-ocm-edac controller zynqmp_ocm: DEV ff960000.memory-controller (INTERRUPT)
[    2.266609] sdhci: Secure Digital Host Controller Interface driver
[    2.266612] sdhci: Copyright(c) Pierre Ossman
[    2.266615] sdhci-pltfm: SDHCI platform and OF driver helper
[    2.266887] ledtrig-cpu: registered to indicate activity on CPUs
[    2.266927] zynqmp_firmware_probe Platform Management API v1.1
[    2.266932] zynqmp_firmware_probe Trustzone version v1.0
[    2.289408] alg: No test for xilinx-zynqmp-aes (zynqmp-aes)
[    2.289555] zynqmp_aes zynqmp_aes: AES Successfully Registered
[    2.289555] 
[    2.289695] alg: No test for xilinx-keccak-384 (zynqmp-keccak-384)
[    2.289895] alg: No test for xilinx-zynqmp-rsa (zynqmp-rsa)
[    2.290116] usbcore: registered new interface driver usbhid
[    2.290119] usbhid: USB HID core driver
[    2.292194] fpga_manager fpga0: Xilinx ZynqMP FPGA Manager registered
[    2.292447] usbcore: registered new interface driver snd-usb-audio
[    2.293115] pktgen: Packet Generator for packet performance testing. Version: 2.75
[    2.293613] Initializing XFRM netlink socket
[    2.293695] NET: Registered protocol family 10
[    2.294060] Segment Routing with IPv6
[    2.294159] sit: IPv6, IPv4 and MPLS over IPv4 tunneling driver
[    2.294456] NET: Registered protocol family 17
[    2.294470] NET: Registered protocol family 15
[    2.294487] bridge: filtering via arp/ip/ip6tables is no longer available by default. Update your scripts to load br_netfilter if you need this.
[    2.294491] can: controller area network core (rev 20170425 abi 9)
[    2.294515] NET: Registered protocol family 29
[    2.294520] can: raw protocol (rev 20170425)
[    2.294524] can: broadcast manager protocol (rev 20170425 t)
[    2.294530] can: netlink gateway (rev 20190810) max_hops=1
[    2.294592] Bluetooth: RFCOMM TTY layer initialized
[    2.294599] Bluetooth: RFCOMM socket layer initialized
[    2.294612] Bluetooth: RFCOMM ver 1.11
[    2.294619] Bluetooth: BNEP (Ethernet Emulation) ver 1.3
[    2.294622] Bluetooth: BNEP filters: protocol multicast
[    2.294627] Bluetooth: BNEP socket layer initialized
[    2.294631] Bluetooth: HIDP (Human Interface Emulation) ver 1.2
[    2.294636] Bluetooth: HIDP socket layer initialized
[    2.294736] 9pnet: Installing 9P2000 support
[    2.294754] Key type dns_resolver registered
[    2.295020] registered taskstats version 1
[    2.295024] Loading compiled-in X.509 certificates
[    2.295412] Btrfs loaded, crc32c=crc32c-generic
[    2.303208] ff000000.serial: ttyPS0 at MMIO 0xff000000 (irq = 41, base_baud = 6249999) is a xuartps
[    3.549146] printk: console [ttyPS0] enabled
[    3.553719] of-fpga-region fpga-full: FPGA Region probed
[    3.559544] GPIO IRQ not connected
[    3.562930] XGpio: gpio@80010000: registered, base is 509
[    3.568905] xilinx-zynqmp-dma fd500000.dma: ZynqMP DMA driver Probe success
[    3.575992] xilinx-zynqmp-dma fd510000.dma: ZynqMP DMA driver Probe success
[    3.583079] xilinx-zynqmp-dma fd520000.dma: ZynqMP DMA driver Probe success
[    3.590166] xilinx-zynqmp-dma fd530000.dma: ZynqMP DMA driver Probe success
[    3.597253] xilinx-zynqmp-dma fd540000.dma: ZynqMP DMA driver Probe success
[    3.604333] xilinx-zynqmp-dma fd550000.dma: ZynqMP DMA driver Probe success
[    3.611423] xilinx-zynqmp-dma fd560000.dma: ZynqMP DMA driver Probe success
[    3.618508] xilinx-zynqmp-dma fd570000.dma: ZynqMP DMA driver Probe success
[    3.625659] xilinx-zynqmp-dma ffa80000.dma: ZynqMP DMA driver Probe success
[    3.632743] xilinx-zynqmp-dma ffa90000.dma: ZynqMP DMA driver Probe success
[    3.639824] xilinx-zynqmp-dma ffaa0000.dma: ZynqMP DMA driver Probe success
[    3.646908] xilinx-zynqmp-dma ffab0000.dma: ZynqMP DMA driver Probe success
[    3.653989] xilinx-zynqmp-dma ffac0000.dma: ZynqMP DMA driver Probe success
[    3.661076] xilinx-zynqmp-dma ffad0000.dma: ZynqMP DMA driver Probe success
[    3.668156] xilinx-zynqmp-dma ffae0000.dma: ZynqMP DMA driver Probe success
[    3.675244] xilinx-zynqmp-dma ffaf0000.dma: ZynqMP DMA driver Probe success
[    3.682425] zynqmp-qspi ff0f0000.spi: rx bus width not found
[    3.688082] zynqmp-qspi ff0f0000.spi: tx bus width not found
[    3.693886] spi_master spi0: cannot find modalias for /amba/spi@ff0f0000/flash@0
[    3.701277] spi_master spi0: Failed to create SPI device for /amba/spi@ff0f0000/flash@0
[    3.709553] macb ff0b0000.ethernet: Not enabling partial store and forward
[    3.716447] macb ff0b0000.ethernet: invalid hw address, using random
[    3.723258] libphy: MACB_mii_bus: probed
[    3.736486] zynqmp_pll_disable() clock disable failed for dpll_int, ret = -13
[    3.800491] Micrel KSZ9031 Gigabit PHY ff0b0000.ethernet-ffffffff:03: attached PHY driver [Micrel KSZ9031 Gigabit PHY] (mii_bus:phy_addr=ff0b0000.ethernet-ffffffff:03, irq=POLL)
[    3.816312] macb ff0b0000.ethernet eth0: Cadence GEM rev 0x50070106 at 0xff0b0000 irq 29 (1a:22:9e:e4:90:d4)
[    3.826384] macb ff0c0000.ethernet: Not enabling partial store and forward
[    3.833277] macb ff0c0000.ethernet: invalid hw address, using random
[    3.840014] libphy: MACB_mii_bus: probed
[    3.844073] mdio_bus ff0c0000.ethernet-ffffffff: MDIO device at address 3 is missing.
[    3.867933] xilinx-axipmon ffa00000.perf-monitor: Probed Xilinx APM
[    3.874418] xilinx-axipmon fd0b0000.perf-monitor: Probed Xilinx APM
[    3.880867] xilinx-axipmon fd490000.perf-monitor: Probed Xilinx APM
[    3.887338] xilinx-axipmon ffa10000.perf-monitor: Probed Xilinx APM
[    3.893802] dwc3-of-simple ff9d0000.usb0: dwc3_simple_set_phydata: Can't find usb3-phy
[    3.902074] dwc3 fe200000.dwc3: Failed to get clk 'ref': -2
[    3.908022] dwc3-of-simple ff9e0000.usb1: dwc3_simple_set_phydata: Can't find usb3-phy
[    3.916229] dwc3 fe300000.dwc3: Failed to get clk 'ref': -2
[    3.922539] cdns-i2c ff020000.i2c: 400 kHz mmio ff020000 irq 32
[    3.927153] xhci-hcd xhci-hcd.0.auto: xHCI Host Controller
[    3.928801] cpufreq: cpufreq_online: CPU0: Running at unlisted freq: 1333333 KHz
[    3.933934] xhci-hcd xhci-hcd.0.auto: new USB bus registered, assigned bus number 1
[    3.941320] cpu cpu0: dev_pm_opp_set_rate: failed to find current OPP for freq 1333333320 (-34)
[    3.949040] xhci-hcd xhci-hcd.0.auto: hcc params 0x0238f625 hci version 0x100 quirks 0x0000000202010010
[    3.957682] cpufreq: cpufreq_online: CPU0: Unlisted initial frequency changed to: 1199999 KHz
[    3.967046] xhci-hcd xhci-hcd.0.auto: irq 46, io mem 0xfe300000
[    3.975553] cpu cpu0: dev_pm_opp_set_rate: failed to find current OPP for freq 1333333320 (-34)
[    3.981863] xhci-hcd xhci-hcd.1.auto: xHCI Host Controller
[    3.995659] usb usb1: New USB device found, idVendor=1d6b, idProduct=0002, bcdDevice= 5.04
[    4.003914] usb usb1: New USB device strings: Mfr=3, Product=2, SerialNumber=1
[    4.011124] usb usb1: Product: xHCI Host Controller
[    4.015995] usb usb1: Manufacturer: Linux 5.4.0-xilinx-v2020.1 xhci-hcd
[    4.021993] mmc0: SDHCI controller on ff160000.mmc [ff160000.mmc] using ADMA 64-bit
[    4.022599] usb usb1: SerialNumber: xhci-hcd.0.auto
[    4.035411] hub 1-0:1.0: USB hub found
[    4.039220] hub 1-0:1.0: 1 port detected
[    4.043315] xhci-hcd xhci-hcd.0.auto: xHCI Host Controller
[    4.048809] xhci-hcd xhci-hcd.0.auto: new USB bus registered, assigned bus number 2
[    4.056461] xhci-hcd xhci-hcd.0.auto: Host supports USB 3.0 SuperSpeed
[    4.059856] mmc1: SDHCI controller on ff170000.mmc [ff170000.mmc] using ADMA 64-bit
[    4.063065] usb usb2: We don't know the algorithms for LPM for this host, disabling LPM.
[    4.078701] rtc_zynqmp ffa60000.rtc: setting system clock to 1970-01-01T00:00:08 UTC (8)
[    4.078705] of_cfs_init
[    4.078729] of_cfs_init: OK
[    4.086918] usb usb2: New USB device found, idVendor=1d6b, idProduct=0003, bcdDevice= 5.04
[    4.089339] cfg80211: Loading compiled-in X.509 certificates for regulatory database
[    4.092015] usb usb2: New USB device strings: Mfr=3, Product=2, SerialNumber=1
[    4.115217] usb usb2: Product: xHCI Host Controller
[    4.120086] usb usb2: Manufacturer: Linux 5.4.0-xilinx-v2020.1 xhci-hcd
[    4.126691] usb usb2: SerialNumber: xhci-hcd.0.auto
[    4.131910] hub 2-0:1.0: USB hub found
[    4.135771] hub 2-0:1.0: 1 port detected
[    4.139935] xhci-hcd xhci-hcd.1.auto: new USB bus registered, assigned bus number 3
[    4.147696] xhci-hcd xhci-hcd.1.auto: hcc params 0x0238f625 hci version 0x100 quirks 0x0000000202010010
[    4.157111] xhci-hcd xhci-hcd.1.auto: irq 43, io mem 0xfe200000
[    4.163336] usb usb3: New USB device found, idVendor=1d6b, idProduct=0002, bcdDevice= 5.04
[    4.171606] usb usb3: New USB device strings: Mfr=3, Product=2, SerialNumber=1
[    4.178825] usb usb3: Product: xHCI Host Controller
[    4.183694] usb usb3: Manufacturer: Linux 5.4.0-xilinx-v2020.1 xhci-hcd
[    4.190299] usb usb3: SerialNumber: xhci-hcd.1.auto
[    4.195493] hub 3-0:1.0: USB hub found
[    4.199349] hub 3-0:1.0: 1 port detected
[    4.203520] xhci-hcd xhci-hcd.1.auto: xHCI Host Controller
[    4.209012] xhci-hcd xhci-hcd.1.auto: new USB bus registered, assigned bus number 4
[    4.216670] xhci-hcd xhci-hcd.1.auto: Host supports USB 3.0 SuperSpeed
[    4.223244] usb usb4: We don't know the algorithms for LPM for this host, disabling LPM.
[    4.224258] cfg80211: Loaded X.509 cert 'sforshee: 00b28ddf47aef9cea7'
[    4.231392] usb usb4: New USB device found, idVendor=1d6b, idProduct=0003, bcdDevice= 5.04
[    4.237842] clk: Not disabling unused clocks
[    4.246096] usb usb4: New USB device strings: Mfr=3, Product=2, SerialNumber=1
[    4.250355] ALSA device list:
[    4.257560] usb usb4: Product: xHCI Host Controller
[    4.260510]   No soundcards found.
[    4.265373] usb usb4: Manufacturer: Linux 5.4.0-xilinx-v2020.1 xhci-hcd
[    4.268863] platform regulatory.0: Direct firmware load for regulatory.db failed with error -2
[    4.275361] usb usb4: SerialNumber: xhci-hcd.1.auto
[    4.283956] cfg80211: failed to load regulatory.db
[    4.289070] hub 4-0:1.0: USB hub found
[    4.297357] hub 4-0:1.0: 1 port detected
[    4.301544] Waiting for root device /dev/mmcblk1p2...
[    4.329093] mmc1: new high speed SDHC card at address 5048
[    4.334929] mmcblk1: mmc1:5048 SD16G 14.4 GiB 
[    4.340648]  mmcblk1: p1 p2
[    4.356700] mmc0: new HS200 MMC card at address 0001
[    4.361971] mmcblk0: mmc0:0001 W52516 14.3 GiB 
[    4.366663] mmcblk0boot0: mmc0:0001 W52516 partition 1 4.00 MiB
[    4.372748] mmcblk0boot1: mmc0:0001 W52516 partition 2 4.00 MiB
[    4.378732] mmcblk0rpmb: mmc0:0001 W52516 partition 3 4.00 MiB, chardev (245:0)
[    4.384160] EXT4-fs (mmcblk1p2): mounted filesystem with ordered data mode. Opts: (null)
[    4.386859]  mmcblk0: p1
[    4.394136] VFS: Mounted root (ext4 filesystem) on device 179:2.
[    4.410767] devtmpfs: mounted
[    4.413889] Freeing unused kernel memory: 704K
[    4.419326] Run /sbin/init as init process
[    4.586630] random: fast init done
[    4.823728] random: systemd: uninitialized urandom read (16 bytes read)
[    4.837214] random: systemd: uninitialized urandom read (16 bytes read)
[    4.863512] systemd[1]: systemd 219 running in system mode. (+PAM +AUDIT +SELINUX +IMA -APPARMOR +SMACK +SYSVINIT +UTMP +LIBCRYPTSETUP +GCRYPT +GNUTLS +ACL +XZ -LZ4 -SECCOMP +BLKID +ELFUTILS +KMOD +IDN)
[    4.881805] systemd[1]: Detected architecture arm64.

Welcome to [0;31mCentOS Linux 7 (AltArch)[0m!

[    4.899352] systemd[1]: No hostname configured.
[    4.903896] systemd[1]: Set hostname to <localhost>.
[    4.922561] random: systemd: uninitialized urandom read (16 bytes read)
[[32m  OK  [0m] Reached target Swap.
[    5.431397] systemd[1]: Reached target Swap.
[    5.435698] systemd[1]: Starting Swap.
[[32m  OK  [0m] Created slice Root Slice.
[    5.451337] systemd[1]: Created slice Root Slice.
[    5.456063] systemd[1]: Starting Root Slice.
[[32m  OK  [0m] Created slice System Slice.
[    5.471335] systemd[1]: Created slice System Slice.
[    5.476244] systemd[1]: Starting System Slice.
         Starting Collect Read-Ahead Data...
[[32m  OK  [0m] Listening on Journal Socket.
[    5.492895] systemd-readahead[157]: Failed to create fanotify object: Function not implemented
         Starting Journal Service...
[[32m  OK  [0m] Listening on /dev/initctl Compatibility Named Pipe.
[[32m  OK  [0m] Listening on LVM2 metadata daemon socket.
[[32m  OK  [0m] Created slice User and Session Slice.
[[32m  OK  [0m] Listening on Delayed Shutdown Socket.
[[32m  OK  [0m] Reached target Slices.
[[32m  OK  [0m] Listening on LVM2 poll daemon socket.
         Mounting Debug File System...
[[32m  OK  [0m] Listening on udev Control Socket.
[[32m  OK  [0m] Created slice system-getty.slice.
[[32m  OK  [0m] Listening on udev Kernel Socket.
[[32m  OK  [0m] Listening on Device-mapper event daemon FIFOs.
         Starting Monitoring of LVM2 mirrors... dmeventd or progress polling...
[[32m  OK  [0m] Created slice system-selinux\x2dpol...grate\x2dlocal\x2dchanges.slice.
[[32m  OK  [0m] Created slice system-serial\x2dgetty.slice.
         Mounting Huge Pages File System...
         Mounting POSIX Message Queue File System...
[[32m  OK  [0m] Mounted POSIX Message Queue File System.
[[32m  OK  [0m] Mounted Huge Pages File System.
[[32m  OK  [0m] Mounted Debug File System.
[[32m  OK  [0m] Started Journal Service.
[[32m  OK  [0m] Started Collect Read-Ahead Data.
         Starting Configure read-only root support...
         Starting Setup Virtual Console...
         Starting Create Static Device Nodes in /dev...
         Mounting Configuration File System...
         Starting Rebuild Hardware Database...
         Starting Load/Save Random Seed...
         Starting Apply Kernel Variables...
         Starting Flush Journal to Persistent Storage...
[[32m  OK  [0m] Mounted Configuration File System.
[[32m  OK  [0m] Started LVM2 metadata daemon.
         Starting LVM2 metadata daemon...
[[32m  OK  [0m] Started Load/Save Random Seed.
[[32m  OK  [0m] Started Configure read-only root support.
[[32m  OK  [0m] Started Create Static Device Nodes in /dev.
[[32m  OK  [0m] Started Apply Kernel Variables.
         Starting udev Kernel Device Manager...
[    6.122276] systemd-journald[159]: Received request to flush runtime journal from PID 1
[[32m  OK  [0m] Started Flush Journal to Persistent Storage.
[[32m  OK  [0m] Started Setup Virtual Console.
[[32m  OK  [0m] Started udev Kernel Device Manager.
[[32m  OK  [0m] Started Rebuild Hardware Database.
         Starting udev Coldplug all Devices...
[[0m[31m*     [0m] (1 of 3) A start job is running for...plug all Devices (7s / no limit)[K[[32m  OK  [0m] Found device /dev/ttyPS0.
[[32m  OK  [0m] Started udev Coldplug all Devices.
         Starting Show Plymouth Boot Screen...
         Starting udev Wait for Complete Device Initialization...
[[32m  OK  [0m] Started Show Plymouth Boot Screen.
%G[[32m  OK  [0m] Started udev Wait for Complete Device Initialization.
         Starting Activation of DM RAID sets...
[[32m  OK  [0m] Started Monitoring of LVM2 mirrors,...ng dmeventd or progress polling.
[[32m  OK  [0m] Reached target Local File Systems (Pre).
[[32m  OK  [0m] Started Activation of DM RAID sets.
[[32m  OK  [0m] Reached target Encrypted Volumes.
[[32m  OK  [0m] Reached target Local File Systems.
         Starting Tell Plymouth To Write Out Runtime Data...
         Starting Rebuild Journal Catalog...
         Starting Create Volatile Files and Directories...
[[32m  OK  [0m] Started Tell Plymouth To Write Out Runtime Data.
[[32m  OK  [0m] Started Create Volatile Files and Directories.
         Starting Security Auditing Service...
[[32m  OK  [0m] Started Rebuild Journal Catalog.
         Starting Update is Completed...
[[32m  OK  [0m] Started Update is Completed.
[[32m  OK  [0m] Started Security Auditing Service.
         Starting Update UTMP about System Boot/Shutdown...
[[32m  OK  [0m] Started Update UTMP about System Boot/Shutdown.
[[32m  OK  [0m] Reached target System Initialization.
[[32m  OK  [0m] Reached target Timers.
[[32m  OK  [0m] Listening on Open-iSCSI iscsid Socket.
[[32m  OK  [0m] Reached target Paths.
[[32m  OK  [0m] Listening on PC/SC Smart Card Daemon Activation Socket.
[[32m  OK  [0m] Listening on Open-iSCSI iscsiuio Socket.
[[32m  OK  [0m] Listening on D-Bus System Message Bus Socket.
[[32m  OK  [0m] Reached target Sockets.
[[32m  OK  [0m] Reached target Basic System.
         Starting Dump dmesg to /var/log/dmesg...
         Starting Login Service...
         Starting NTP client/server...
[[32m  OK  [0m] Started irqbalance daemon.
         Starting irqbalance daemon...
         Starting System Logging Service...
         Starting Authorization Manager...
         Starting OpenSSH Server Key Generation...
[[32m  OK  [0m] Started D-Bus System Message Bus.
         Starting D-Bus System Message Bus...
[[32m  OK  [0m] Started System Logging Service.
[[32m  OK  [0m] Started Dump dmesg to /var/log/dmesg.
[[32m  OK  [0m] Started Login Service.
[[32m  OK  [0m] Started NTP client/server.
[[32m  OK  [0m] Started OpenSSH Server Key Generation.
[[32m  OK  [0m] Started Authorization Manager.
         Starting firewalld - dynamic firewall daemon...
[[32m  OK  [0m] Started firewalld - dynamic firewall daemon.
[[32m  OK  [0m] Reached target Network (Pre).
         Starting Network Manager...
[[32m  OK  [0m] Started Network Manager.
         Starting Network Manager Wait Online...
         Starting Network Manager Script Dispatcher Service...
[[32m  OK  [0m] Started Network Manager Script Dispatcher Service.
         Starting Hostname Service...
[[32m  OK  [0m] Started Hostname Service.
[   22.387397] pps pps0: new PPS source ptp0
[   22.391441] macb ff0b0000.ethernet: gem-ptp-timer ptp clock registered.
[   26.463855] macb ff0b0000.ethernet eth0: link up (1000/Full)
[   26.469526] IPv6: ADDRCONF(NETDEV_CHANGE): eth0: link becomes ready
[[1;31m*[0m[31m*    [0m] A start job is running for Network ...ger Wait Online (21s / no limit)[K[[31m*[1;31m*[0m[31m*   [0m] A start job is running for Network ...ger Wait Online (22s / no limit)[K[ [31m*[1;31m*[0m[31m*  [0m] A start job is running for Network ...ger Wait Online (22s / no limit)[K[  [31m*[1;31m*[0m[31m* [0m] A start job is running for Network ...ger Wait Online (23s / no limit)[K[   [31m*[1;31m*[0m[31m*[0m] A start job is running for Network ...ger Wait Online (23s / no limit)[K[    [31m*[1;31m*[0m] A start job is running for Network ...ger Wait Online (24s / no limit)[K[     [31m*[0m] A start job is running for Network ...ger Wait Online (24s / no limit)[K[    [31m*[1;31m*[0m] A start job is running for Network ...ger Wait Online (25s / no limit)[K[   [31m*[1;31m*[0m[31m*[0m] A start job is running for Network ...ger Wait Online (25s / no limit)[K[  [31m*[1;31m*[0m[31m* [0m] A start job is running for Network ...ger Wait Online (26s / no limit)[K[ [31m*[1;31m*[0m[31m*  [0m] A start job is running for Network ...ger Wait Online (26s / no limit)[K[[31m*[1;31m*[0m[31m*   [0m] A start job is running for Network ...ger Wait Online (27s / no limit)[K[[1;31m*[0m[31m*    [0m] A start job is running for Network ...ger Wait Online (27s / no limit)[K[[0m[31m*     [0m] A start job is running for Network ...ger Wait Online (28s / no limit)[K[[1;31m*[0m[31m*    [0m] A start job is running for Network ...ger Wait Online (28s / no limit)[K[[31m*[1;31m*[0m[31m*   [0m] A start job is running for Network ...ger Wait Online (29s / no limit)[K[ [31m*[1;31m*[0m[31m*  [0m] A start job is running for Network ...ger Wait Online (29s / no limit)[K[  [31m*[1;31m*[0m[31m* [0m] A start job is running for Network ...ger Wait Online (30s / no limit)[K[   [31m*[1;31m*[0m[31m*[0m] A start job is running for Network ...ger Wait Online (30s / no limit)[K[    [31m*[1;31m*[0m] A start job is running for Network ...ger Wait Online (31s / no limit)[K[     [31m*[0m] A start job is running for Network ...ger Wait Online (31s / no limit)[K[    [31m*[1;31m*[0m] A start job is running for Network ...ger Wait Online (32s / no limit)[K[   [31m*[1;31m*[0m[31m*[0m] A start job is running for Network ...ger Wait Online (32s / no limit)[K[  [31m*[1;31m*[0m[31m* [0m] A start job is running for Network ...ger Wait Online (33s / no limit)[K[ [31m*[1;31m*[0m[31m*  [0m] A start job is running for Network ...ger Wait Online (33s / no limit)[K[[31m*[1;31m*[0m[31m*   [0m] A start job is running for Network ...ger Wait Online (34s / no limit)[K[[1;31m*[0m[31m*    [0m] A start job is running for Network ...ger Wait Online (34s / no limit)[K[[0m[31m*     [0m] A start job is running for Network ...ger Wait Online (35s / no limit)[K[[1;31m*[0m[31m*    [0m] A start job is running for Network ...ger Wait Online (35s / no limit)[K[[31m*[1;31m*[0m[31m*   [0m] A start job is running for Network ...ger Wait Online (36s / no limit)[K[ [31m*[1;31m*[0m[31m*  [0m] A start job is running for Network ...ger Wait Online (36s / no limit)[K[  [31m*[1;31m*[0m[31m* [0m] A start job is running for Network ...ger Wait Online (37s / no limit)[K[   [31m*[1;31m*[0m[31m*[0m] A start job is running for Network ...ger Wait Online (37s / no limit)[K[    [31m*[1;31m*[0m] A start job is running for Network ...ger Wait Online (38s / no limit)[K[     [31m*[0m] A start job is running for Network ...ger Wait Online (38s / no limit)[K[    [31m*[1;31m*[0m] A start job is running for Network ...ger Wait Online (39s / no limit)[K[   [31m*[1;31m*[0m[31m*[0m] A start job is running for Network ...ger Wait Online (39s / no limit)[K[  [31m*[1;31m*[0m[31m* [0m] A start job is running for Network ...ger Wait Online (40s / no limit)[K[ [31m*[1;31m*[0m[31m*  [0m] A start job is running for Network ...ger Wait Online (40s / no limit)[K[[31m*[1;31m*[0m[31m*   [0m] A start job is running for Network ...ger Wait Online (41s / no limit)[K[[1;31m*[0m[31m*    [0m] A start job is running for Network ...ger Wait Online (41s / no limit)[K[[0m[31m*     [0m] A start job is running for Network ...ger Wait Online (42s / no limit)[K[[1;31m*[0m[31m*    [0m] A start job is running for Network ...ger Wait Online (42s / no limit)[K[[31m*[1;31m*[0m[31m*   [0m] A start job is running for Network ...ger Wait Online (43s / no limit)[K[ [31m*[1;31m*[0m[31m*  [0m] A start job is running for Network ...ger Wait Online (43s / no limit)[K[  [31m*[1;31m*[0m[31m* [0m] A start job is running for Network ...ger Wait Online (44s / no limit)[K[   [31m*[1;31m*[0m[31m*[0m] A start job is running for Network ...ger Wait Online (44s / no limit)[K[    [31m*[1;31m*[0m] A start job is running for Network ...ger Wait Online (45s / no limit)[K[     [31m*[0m] A start job is running for Network ...ger Wait Online (45s / no limit)[K[    [31m*[1;31m*[0m] A start job is running for Network ...ger Wait Online (46s / no limit)[K[[1;31mFAILED[0m] Failed to start Network Manager Wait Online.
See 'systemctl status NetworkManager-wait-online.service' for details.
         Starting LSB: Bring up/down networking...
[[1;31mFAILED[0m] Failed to start LSB: Bring up/down networking.
See 'systemctl status network.service' for details.
[[32m  OK  [0m] Reached target Network.
         Starting Logout off all iSCSI sessions on shutdown...
[[32m  OK  [0m] Reached target Network is Online.
         Starting Postfix Mail Transport Agent...
         Starting OpenSSH server daemon...
         Starting Dynamic System Tuning Daemon...
[[32m  OK  [0m] Started Logout off all iSCSI sessions on shutdown.
[[32m  OK  [0m] Reached target Remote File Systems (Pre).
[[32m  OK  [0m] Reached target Remote File Systems.
         Starting Permit User Sessions...
         Starting Crash recovery kernel arming...
         Starting Availability of block devices...
[[32m  OK  [0m] Started Availability of block devices.
[[32m  OK  [0m] Started Permit User Sessions.
         Starting Wait for Plymouth Boot Screen to Quit...
[[32m  OK  [0m] Started Command Scheduler.
         Starting Command Scheduler...
         Starting Terminate Plymouth Boot Screen...

CentOS Linux 7 (AltArch)
Kernel 5.4.0-xilinx-v2020.1 on an aarch64

localhost login: root
Password: 
[root@localhost ~]# 
[root@localhost ~]# 
[root@localhost ~]# u[Kip a
1: lo: <LOOPBACK,UP,LOWER_UP> mtu 65536 qdisc noqueue state UNKNOWN qlen 1000
    link/loopback 00:00:00:00:00:00 brd 00:00:00:00:00:00
    inet 127.0.0.1/8 scope host lo
       valid_lft forever preferred_lft forever
    inet6 ::1/128 scope host 
       valid_lft forever preferred_lft forever
2: sit0@NONE: <NOARP> mtu 1480 qdisc noop state DOWN qlen 1000
    link/sit 0.0.0.0 brd 0.0.0.0
3: eth0: <BROADCAST,MULTICAST,UP,LOWER_UP> mtu 1500 qdisc mq state UP qlen 1000
    link/ether 1a:22:9e:e4:90:d4 brd ff:ff:ff:ff:ff:ff
    inet6 fe80::1822:9eff:fee4:90d4/64 scope link 
       valid_lft forever preferred_lft forever
[root@localhost ~]# systemt[Kctl show
show              show-environment  
[root@localhost ~]# systemctl show
Version=219[m
Features=+PAM +AUDIT +SELINUX +IMA -APPARMOR +SMACK +SYSVINIT +UTMP +LIBCRYPTSET[m
Architecture=arm64[m
FirmwareTimestampMonotonic=0[m
LoaderTimestampMonotonic=0[m
KernelTimestamp=Thu 1970-01-01 00:00:04 UTC[m
KernelTimestampMonotonic=0[m
InitRDTimestampMonotonic=0[m
UserspaceTimestamp=Thu 1970-01-01 00:00:09 UTC[m
UserspaceTimestampMonotonic=4769822[m
FinishTimestamp=Thu 1970-01-01 00:01:03 UTC[m
FinishTimestampMonotonic=58619220[m
SecurityStartTimestamp=Thu 1970-01-01 00:00:09 UTC[m
SecurityStartTimestampMonotonic=4787411[m
SecurityFinishTimestamp=Thu 1970-01-01 00:00:09 UTC[m
SecurityFinishTimestampMonotonic=4792688[m
GeneratorsStartTimestamp=Thu 1970-01-01 00:00:09 UTC[m
GeneratorsStartTimestampMonotonic=4915882[m
GeneratorsFinishTimestamp=Thu 1970-01-01 00:00:09 UTC[m
GeneratorsFinishTimestampMonotonic=5270566[m
UnitsLoadStartTimestamp=Thu 1970-01-01 00:00:09 UTC[m
UnitsLoadStartTimestampMonotonic=5274002[m
UnitsLoadFinishTimestamp=Thu 1970-01-01 00:00:09 UTC[m
[7mlines 1-23[27m[K[KUnitsLoadFinishTimestampMonotonic=5415055[m
[7mlines 2-24[27m[K[KLogLevel=info[m
[7mlines 3-25[27m[K[KLogTarget=journal-or-kmsg[m
[7mlines 4-26[27m[K[KNNames=726[m
[7mlines 5-27[27m[K[KNFailedUnits=3[m
[7mlines 6-28[27m[K[KNJobs=0[m
[7mlines 7-29[27m[K[KNInstalledJobs=120[m
[7mlines 8-30[27m[K[KNFailedJobs=3[m
[7mlines 9-31[27m[K[KProgress=1[m
[7mlines 10-32[27m[K[KEnvironment=LANG=en_US.UTF-8 PATH=/usr/local/sbin:/usr/local/bin:/usr/sbin:/usr/[m
[7mlines 11-33[27m[K[KConfirmSpawn=no[m
[7mlines 12-34[27m[K[K[root@localhost ~]# systemctl show[K[K[K[Kdev[K[K[Kif[K[K[K[K[K[K[K[K[K[K[K[Ki[K
[root@localhost ~]# 
[root@localhost ~]# 
[root@localhost ~]# 
[root@localhost ~]# ifconfig
-bash: ifconfig: command not found
[root@localhost ~]# 
[root@localhost ~]# 
[root@localhost ~]# ls
anaconda-ks.cfg  bashrc
[root@localhost ~]# echo bashrc >> .bashrc 
[root@localhost ~]# 
[root@localhost ~]# 
[root@localhost ~]# cat ba[K[K.bashrc 
# .bashrc

# User specific aliases and functions

alias rm='rm -i'
alias cp='cp -i'
alias mv='mv -i'

# Source global definitions
if [ -f /etc/bashrc ]; then
	. /etc/bashrc
fi
bashrc
[root@localhost ~]# 
[root@localhost ~]# 
[root@localhost ~]# vi .bashrc 
[1;24r[27m[24m[0m[H[J[24;1H".bashrc" 13L, 183C[1;1H# .bashrc

# User specific aliases and functions

alias rm='rm -i'
alias cp='cp -i'
alias mv='mv -i'

# Source global definitions
if [ -f /etc/bashrc ]; then[11;9H. /etc/bashrc
fi
bashrc
[1m~
~
~
~
~
~
~
~
~
~[1;1H








[11;8H

[24;1H-- INSERT --[0m[24;13H[K[13;1Hbashrc[13;6H[K[13;6H[13;5H[K[13;5H[13;4H[K[13;4H[13;3H[K[13;3H[13;2H[K[13;2H[13;1H[K[13;1H[1m~[12;3H[0m[24;1H[K[12;2H[24;1H:wq".bashrc" 12L, 176C written
[root@localhost ~]# 
[root@localhost ~]# 
[root@localhost ~]# 
[root@localhost ~]# cat bashrc 
# --------- PS1 output setting ---------
COLOR_RESET="\[\e[0m\]"
YELLOW="\[\e[0;33m\]"
export PS1="${YELLOW}(\h)${COLOR_RESET} \W ${YELLOW}\$${COLOR_RESET} "

# --------- My aliases ---------

# Add a blank line below the output
add_line(){
    if [[ -z "${PS1_NEWLINE_LOGIN}" ]]; then
        PS1_NEWLINE_LOGIN=true
    else
        printf '\n'
    fi
}
PROMPT_COMMAND='add_line'

# cd then pwd
cdpwd (){
        \cd "$@" && pwd
}
alias cd="cdpwd"

alias ls='ls -AltrhF'[root@localhost ~]# [  206.047570] random: crng init done
[  206.050960] random: 7 urandom warning(s) missed due to ratelimiting
cat bashrc vi .[C[C[C[C[C[C[C[1@cat[C[C[C[C[C[C[C[C[C[11@echo bashrc >>[C[C[C[C[C[C[C[C[C[C[C[C[C[C[C[C[C[C[C[C[C[C[C[C[C[C[C[C[Cls[Kifconfigsystemctl showip a[Ka[Asystemctl show[6Pifconfigls[Kecho bashrc >> .bashrc [C[C[C[C[C[C[C[C[C[C[C[C[C[C[C[C[C[C[C[C[11Pcat[C[C[C[C[C[C[C[C[C[1Pvi[C[C[C[C[C[C[C[C[Ccat [C[C[C[C[C[C[C[Kcat bashrc vi .[C[C[C[C[C[C[C[1@cat[C[C[C[C[C[C[C[C[C[11@echo bashrc >>[C[C[C[C[C[C[C[C[C[C[C[C[C[C[C[C[C[C[C[C[C[C[C[C[C[C[C[C[Cls[Kifconfigsystemctl show[7Pip aa[Asystemctl show[6Pifconfigls[Kecho bashrc >> .bashrc [C[C[C[C[C[C[C[C[C[C[C[C[C[C[C[C[C[C[C[C[11Pcat[C[C[C[C[C[C[C[C[C[1Pvi[C[C[C[C[C[C[C[C[Ccat [C[C[C[C[C[C[C[Kcat bashrc vi .[C[C[C[C[C[C[C[1@cat[C[C[C[C[C[C[C[C[C[11@echo bashrc >>[C[C[C[C[C[C[C[C[C[C[C[C[C[C[C[C[C[C[C[C[C[C[C[C[C[C[C[C[Cls[Kifconfigsystemctl show[7Pip aa[Asystemctl show[6Pifconfigls[Kecho bashrc >> .bashrc [C[C[C[C[C[C[C[C[C[C[C[C[C[C[C[C[C[C[C[C[11Pcat[C[C[C[C[C[C[C[C[C[1Pvi[C[C[C[C[C[C[C[C[Ccat [C[C[C[C[C[C[C[K
[root@localhost ~]# 
[root@localhost ~]# 
[root@localhost ~]# 
[root@localhost ~]# 
[root@localhost ~]# 
[root@localhost ~]# 
[root@localhost ~]# 
[root@localhost ~]# 
[root@localhost ~]# 
[root@localhost ~]# 
[root@localhost ~]# 
[root@localhost ~]# 
[root@localhost ~]# 
[root@localhost ~]# 
[root@localhost ~]# 
[root@localhost ~]# 
[root@localhost ~]# 
[root@localhost ~]# 
[root@localhost ~]# 
[root@localhost ~]# 
[root@localhost ~]# 
[root@localhost ~]# 
[root@localhost ~]# 
[root@localhost ~]# 
[root@localhost ~]# cat bashrc 
# --------- PS1 output setting ---------
COLOR_RESET="\[\e[0m\]"
YELLOW="\[\e[0;33m\]"
export PS1="${YELLOW}(\h)${COLOR_RESET} \W ${YELLOW}\$${COLOR_RESET} "

# --------- My aliases ---------

# Add a blank line below the output
add_line(){
    if [[ -z "${PS1_NEWLINE_LOGIN}" ]]; then
        PS1_NEWLINE_LOGIN=true
    else
        printf '\n'
    fi
}
PROMPT_COMMAND='add_line'

# cd then pwd
cdpwd (){
        \cd "$@" && pwd
}
alias cd="cdpwd"

alias ls='ls -AltrhF'[root@localhost ~]# 
[root@localhost ~]# 
[root@localhost ~]# 
[root@localhost ~]# vi .bashrc 
[1;24r[27m[24m[0m[H[J[24;1H".bashrc" 12L, 176C[1;1H# .bashrc

# User specific aliases and functions

alias rm='rm -i'
alias cp='cp -i'
alias mv='mv -i'

# Source global definitions
if [ -f /etc/bashrc ]; then[11;9H. /etc/bashrc
fi
[1m~
~
~
~
~
~
~
~
~
~
~[1;1H








[11;8H
[0mf[24;1H[1m-- INSERT --[0m[24;13H[K[12;2Hi[13;1H[K[13;1H[14;1H[K[14;1H[15;1H[K[15;1H[14;1H[1m^[0m [1m^?[0m[14;1H[K[14;1H[13;23r[23;1H
[1;24r[23;1H[1m~[13;1H[14;23r[0m[14;1H[L[1;24r[14;1H[15;23r[15;1H[L[1;24r[14;1H# --------- PS1 output setting ---------
COLOR_RESET="\[[16;23r[16;1H[2L[1;24r[15;16H\e[0m\]"
YELLOW="\[\e[0;33m\]"
export PS1="${YELLOW}(\h)[1;23r[1;1H[12M[1;24r[5;26H${COLOR_RESET} \W ${YELLOW}\$${COLOR_RESET} "

# --------- My aliases ---------[8;1H[K[9;1H# Add a blank line below the output
add_line(){
    if [[ -z "${PS1_NEWLINE_LOGIN}" ]]; then[12;9HPS1_NEWLINE_LOGIN=true
    else[14;9Hprintf '\n'
    fi
}
PROMPT_COMMAND='add_line'

# cd then pwd
cdpwd (){[21;9H\cd "$@" && pwd
}
alias cd="cdpwd"[1;23r[23;1H
[1;24r[23;1H[24;1H[K[23;1H
:wq".bashrc" 37L, 628C written
[root@localhost ~]# 
[root@localhost ~]# 
[root@localhost ~]# 
[root@localhost ~]# vi .bashrc cat [C[C[C[C[C[C[Cvi .[C[C[C[C[C[C[Ccat [C[C[C[C[C[C[Cvi .[C[C[C[C[C[C[C[1@cat[C[C[C[C[C[C[C[C[C
# .bashrc

# User specific aliases and functions

alias rm='rm -i'
alias cp='cp -i'
alias mv='mv -i'

# Source global definitions
if [ -f /etc/bashrc ]; then
	. /etc/bashrc
fi

# --------- PS1 output setting ---------
COLOR_RESET="\[\e[0m\]"
YELLOW="\[\e[0;33m\]"
export PS1="${YELLOW}(\h)${COLOR_RESET} \W ${YELLOW}\$${COLOR_RESET} "

# --------- My aliases ---------

# Add a blank line below the output
add_line(){
    if [[ -z "${PS1_NEWLINE_LOGIN}" ]]; then
        PS1_NEWLINE_LOGIN=true
    else
        printf '\n'
    fi
}
PROMPT_COMMAND='add_line'

# cd then pwd
cdpwd (){
        \cd "$@" && pwd
}
alias cd="cdpwd"


[root@localhost ~]# 
[root@localhost ~]# 
[root@localhost ~]# source .bashrc 
[0;33m(localhost)[0m ~ [0;33m$[0m 

[0;33m(localhost)[0m ~ [0;33m$[0m 

[0;33m(localhost)[0m ~ [0;33m$[0m 

[0;33m(localhost)[0m ~ [0;33m$[0m 

[0;33m(localhost)[0m ~ [0;33m$[0m source .bashrc [3Pcat[C[C[C[C[C[C[C[C[C[1Pvi[C[C[C[C[C[C[C[C[C
[1;24r[27m[24m[0m[H[J[24;1H".bashrc" 37L, 628C[1;1H# .bashrc

# User specific aliases and functions

alias rm='rm -i'
alias cp='cp -i'
alias mv='mv -i'

# Source global definitions
if [ -f /etc/bashrc ]; then[11;9H. /etc/bashrc
fi

# --------- PS1 output setting ---------
COLOR_RESET="\[\e[0m\]"
YELLOW="\[\e[0;33m\]"
export PS1="${YELLOW}(\h)${COLOR_RESET} \W ${YELLOW}\$${COLOR_RESET} "

# --------- My aliases ---------

# Add a blank line below the output
add_line(){
    if [[ -z "${PS1_NEWLINE_LOGIN}" ]]; then[1;1H








[11;8H





export PS1="${YELLOW}(\h)${COLOR_RESET} \W ${YELLOW}\$[24;1H?\<COLOR_RESET\>[24;17H[K[24;1H[17;28H[24;1H[1m-- INSERT --[0m[24;13H[K[17;28HCOLOR_RESET} \W ${YELLOW}\${COLOR_RESET} "[17;70H[K[17;54H#${COLOR_RESET} "[17;55H[24;1H[K[17;54H[24;1H:wq".bashrc" 37L, 628C written

[0;33m(localhost)[0m ~ [0;33m$[0m vi .bashrc [4@source[C[C[C[C[C[C[C[C[C

[0;33m(localhost)[0m ~ [0;33m15[0m 

[0;33m(localhost)[0m ~ [0;33m15[0m 

[0;33m(localhost)[0m ~ [0;33m15[0m source .bashrc [4Pvi[C[C[C[C[C[C[C[C[C
[1;24r[27m[24m[0m[H[J[24;1H".bashrc" 37L, 628C[1;1H# .bashrc

# User specific aliases and functions

alias rm='rm -i'
alias cp='cp -i'
alias mv='mv -i'

# Source global definitions
if [ -f /etc/bashrc ]; then[11;9H. /etc/bashrc
fi

# --------- PS1 output setting ---------
COLOR_RESET="\[\e[0m\]"
YELLOW="\[\e[0;33m\]"
export PS1="${YELLOW}(\h)${COLOR_RESET} \W ${YELLOW}\#${COLOR_RESET} "

# --------- My aliases ---------

# Add a blank line below the output
add_line(){
    if [[ -z "${PS1_NEWLINE_LOGIN}" ]]; then[1;1H








[11;8H






[17;1H[16;1HYE
export PS1="${YELLOW}(\h)${COLOR_RESET} \W ${YELLOW}\#[24;1H[1m-- INSERT --[0m[24;13H[K[17;54H#${COLOR_RESET} "[17;70H[K[17;53H[24;1H[K[17;52H[24;1H:wq".bashrc" 37L, 627C written

[0;33m(localhost)[0m ~ [0;33m16[0m 

[0;33m(localhost)[0m ~ [0;33m16[0m 

[0;33m(localhost)[0m ~ [0;33m16[0m vi .bashrc 
[1;24r[27m[24m[0m[H[J[24;1H".bashrc" 37L, 627C[1;1H# .bashrc

# User specific aliases and functions

alias rm='rm -i'
alias cp='cp -i'
alias mv='mv -i'

# Source global definitions
if [ -f /etc/bashrc ]; then[11;9H. /etc/bashrc
fi

# --------- PS1 output setting ---------
COLOR_RESET="\[\e[0m\]"
YELLOW="\[\e[0;33m\]"
export PS1="${YELLOW}(\h)${COLOR_RESET} \W ${YELLOW}#${COLOR_RESET} "

# --------- My aliases ---------

# Add a blank line below the output
add_line(){
    if [[ -z "${PS1_NEWLINE_LOGIN}" ]]; then[1;1H[24;1H[K[24;1H:wq".bashrc" 37L, 627C written

[0;33m(localhost)[0m ~ [0;33m17[0m vi .bashrc [4@source[C[C[C[C[C[C[C[C[C

[0;33m(localhost)[0m ~ [0;33m#[0m 

[0;33m(localhost)[0m ~ [0;33m#[0m 

[0;33m(localhost)[0m ~ [0;33m#[0m 

[0;33m(localhost)[0m ~ [0;33m#[0m 

[0;33m(localhost)[0m ~ [0;33m#[0m 

[0;33m(localhost)[0m ~ [0;33m#[0m 

[0;33m(localhost)[0m ~ [0;33m#[0m 

[0;33m(localhost)[0m ~ [0;33m#[0m 

[0;33m(localhost)[0m ~ [0;33m#[0m 

[0;33m(localhost)[0m ~ [0;33m#[0m 

[0;33m(localhost)[0m ~ [0;33m#[0m 

[0;33m(localhost)[0m ~ [0;33m#[0m 

[0;33m(localhost)[0m ~ [0;33m#[0m ip a
1: lo: <LOOPBACK,UP,LOWER_UP> mtu 65536 qdisc noqueue state UNKNOWN qlen 1000
    link/loopback 00:00:00:00:00:00 brd 00:00:00:00:00:00
    inet 127.0.0.1/8 scope host lo
       valid_lft forever preferred_lft forever
    inet6 ::1/128 scope host 
       valid_lft forever preferred_lft forever
2: sit0@NONE: <NOARP> mtu 1480 qdisc noop state DOWN qlen 1000
    link/sit 0.0.0.0 brd 0.0.0.0
3: eth0: <BROADCAST,MULTICAST,UP,LOWER_UP> mtu 1500 qdisc mq state UP qlen 1000
    link/ether 1a:22:9e:e4:90:d4 brd ff:ff:ff:ff:ff:ff

[0;33m(localhost)[0m ~ [0;33m#[0m cat .[K/etc/sysco[K
sysconfig/   sysctl.conf  sysctl.d/    
[0;33m(localhost)[0m ~ [0;33m#[0m cat /etc/sysconfig/
anaconda          ebtables-config   man-db            rsyncd
authconfig        firewalld         modules/          rsyslog
cbq/              init              netconsole        run-parts
chronyd           ip6tables-config  network-scripts/  selinux
console/          iptables-config   raid-check        sshd
cpupower          irqbalance        rdisc             wpa_supplicant
crond             kdump             readonly-root     
[0;33m(localhost)[0m ~ [0;33m#[0m cat /etc/sysconfig/network-scripts/
ifcfg-eth0              ifdown-Team             ifup-post
ifcfg-lo                ifdown-TeamPort         ifup-ppp
ifdown                  ifdown-tunnel           ifup-routes
ifdown-bnep             ifup                    ifup-sit
ifdown-eth              ifup-aliases            ifup-Team
ifdown-ib               ifup-bnep               ifup-TeamPort
ifdown-ippp             ifup-eth                ifup-tunnel
ifdown-ipv6             ifup-ib                 ifup-wireless
ifdown-isdn             ifup-ippp               init.ipv6-global
ifdown-post             ifup-ipv6               network-functions
ifdown-ppp              ifup-isdn               network-functions-ipv6
ifdown-routes           ifup-plip               
ifdown-sit              ifup-plusb              
[0;33m(localhost)[0m ~ [0;33m#[0m cat /etc/sysconfig/network-scripts/ifcfg-eth0 
NAME=eth0
DEVICE=eth0
ONBOOT=yes
BOOTPROTO=dhcp
NM_CONTROLLED=yes

[0;33m(localhost)[0m ~ [0;33m#[0m ip address show 
1: lo: <LOOPBACK,UP,LOWER_UP> mtu 65536 qdisc noqueue state UNKNOWN qlen 1000
    link/loopback 00:00:00:00:00:00 brd 00:00:00:00:00:00
    inet 127.0.0.1/8 scope host lo
       valid_lft forever preferred_lft forever
    inet6 ::1/128 scope host 
       valid_lft forever preferred_lft forever
2: sit0@NONE: <NOARP> mtu 1480 qdisc noop state DOWN qlen 1000
    link/sit 0.0.0.0 brd 0.0.0.0
3: eth0: <BROADCAST,MULTICAST,UP,LOWER_UP> mtu 1500 qdisc mq state UP qlen 1000
    link/ether 1a:22:9e:e4:90:d4 brd ff:ff:ff:ff:ff:ff

[0;33m(localhost)[0m ~ [0;33m#[0m reboot
[[32m  OK  [0m] Started Show Plymouth Reboot Screen.
[[32m  OK  [0m] Stopped NTP client/server.
[[32m  OK  [0m] Stopped System Logging Service.
[[32m  OK  [0m] Stopped Dynamic System Tuning Daemon.
[[32m  OK  [0m] Stopped Postfix Mail Transport Agent.
[[32m  OK  [0m] Stopped Availability of block devices.
         Stopping Logout off all iSCSI sessions on shutdown...
[[32m  OK  [0m] Stopped Logout off all iSCSI sessions on shutdown.
[[32m  OK  [0m] Stopped target Network.
         Stopping Network Manager...
[[32m  OK  [0m] Stopped Network Manager.
[[32m  OK  [0m] Stopped target Network (Pre).
         Stopping firewalld - dynamic firewall daemon...
[[32m  OK  [0m] Stopped firewalld - dynamic firewall daemon.
         Stopping Authorization Manager...
         Stopping D-Bus System Message Bus...
[[32m  OK  [0m] Stopped D-Bus System Message Bus.
[[32m  OK  [0m] Stopped Authorization Manager.
[[32m  OK  [0m] Stopped target Basic System.
[[32m  OK  [0m] Stopped target Paths.
[[32m  OK  [0m] Stopped target Sockets.
[[32m  OK  [0m] Closed D-Bus System Message Bus Socket.
[[32m  OK  [0m] Closed Open-iSCSI iscsiuio Socket.
[[32m  OK  [0m] Closed PC/SC Smart Card Daemon Activation Socket.
[[32m  OK  [0m] Closed Open-iSCSI iscsid Socket.
[[32m  OK  [0m] Stopped target System Initialization.
[[32m  OK  [0m] Stoppe[  516.342492] audit: type=1305 audit(520.762:99): op=set audit_pid=0 old=263 auid=4294967295 ses=4294967295 res=1
d target Encrypted Volumes.
[[32m  OK  [0m] Stopped target Swa[  516.353970] audit: type=1131 audit(520.774:100): pid=1 uid=0 auid=4294967295 ses=4294967295 msg='unit=auditd comm="systemd" exe="/usr/lib/systemd/systemd" hostname=? addr=? terminal=? res=success'
p.
[[32m  OK  [0m] Stopped Apply Kernel Variables.
       [  516.379995] audit: type=1131 audit(520.798:101): pid=1 uid=0 auid=4294967295 ses=4294967295 msg='unit=systemd-tmpfiles-setup comm="systemd" exe="/usr/lib/systemd/systemd" hostname=? addr=? terminal=? res=success'
  Stopping Apply Kernel Variables...
         Stopping Update U[  516.400727] audit: type=1131 audit(520.798:102): pid=1 uid=0 auid=4294967295 ses=4294967295 msg='unit=rhel-readonly comm="systemd" exe="/usr/lib/systemd/systemd" hostname=? addr=? terminal=? res=success'
TMP about System Boot/Shutdown...
         Stopping Load/Save Random Seed...
[[32m  OK  [0m] Stopped Update[  516.428637] audit: type=1131 audit(520.850:103): pid=1 uid=0 auid=4294967295 ses=4294967295 msg='unit=systemd-tmpfiles-setup-dev comm="systemd" exe="/usr/lib/systemd/systemd" hostname=? addr=? terminal=? res=success'
 is Completed.
         Stopping Update is Completed...
[[32m[  516.453663] audit: type=1131 audit(520.874:104): pid=1 uid=0 auid=4294967295 ses=4294967295 msg='unit=systemd-readahead-collect comm="systemd" exe="/usr/lib/systemd/systemd" hostname=? addr=? terminal=? res=failed'
  OK  [0m] Stopped Rebuild Journal Catalog.
         Stopping R[  516.481759] audit: type=1131 audit(520.902:105): pid=1 uid=0 auid=4294967295 ses=4294967295 msg='unit=lvm2-monitor comm="systemd" exe="/usr/lib/systemd/systemd" hostname=? addr=? terminal=? res=success'
ebuild Journal Catalog...
[[32m  OK  [0m] Stopped Rebuild Ha[  516.501845] audit: type=1131 audit(520.906:106): pid=1 uid=0 auid=4294967295 ses=4294967295 msg='unit=lvm2-lvmetad comm="systemd" exe="/usr/lib/systemd/systemd" hostname=? addr=? terminal=? res=success'
rdware Database.
         Stopping Rebuild Hardware Database..[  516.530235] printk: systemd-shutdow: 38 output lines suppressed due to ratelimiting
.
[[32m  OK  [0m] Stopped Setup Virtual Console.
         Stopping Setup Virtual Console...
[[32m  OK  [0m] Stopped target Slices.
[[32m  OK  [0m] Removed slice User and Session [  516.550100] systemd-shutdown[1]: Sending SIGTERM to remaining processes...
Slice.
[[32m  OK  [0m] Stopped Update UTMP about System Boot/Shutdown.
[[32m  OK  [0m] Stopped Load/Save Random Seed.
         Stopping Security Auditing Service...
[[32m  OK  [0m] Stopped Security Auditing Service.
[[32m  OK  [0m] Stoppe[  516.582029] systemd-journald[159]: Received SIGTERM from PID 1 (systemd-shutdow).
d Create Volatile Files and Directories.
         Stopping Create Volatile Files and Directories...
[[32m  OK  [0m] Stopped target Local File Systems.
         Unmounting /run/user/0...
[[32m  OK  [0m] Stopped Configure read-only root support.
         Stopping Configure read-only root support...
[[32m  OK  [0m] Unmounted /run/user/0.
[[32m  OK  [0m] Reached target Unmount All Filesystems.
[[32m  OK  [0m] Stopped target Local File Systems (Pre).
         Stopping Monitoring of LV[  516.631643] systemd-shutdown[1]: Sending SIGKILL to remaining processes...
M2 mirrors... dmeventd or progress polling...
[[32m  OK  [0m] Stopped Create Static Device Nodes in /dev.
         Stopping Create Static Device Nodes in /dev...
[[32m  OK  [0m] Stopped Collect Read-Ahead Data.
         Stopping Collect Read-Ah[  516.661050] systemd-shutdown[1]: Unmounting file systems.
ead Data...
[[32m  OK  [0m] Reached target Shutdown.
[  522.905094] EXT4-fs (mmcblk1p2): re-mounted. Opts: (null)
[  522.915795] EXT4-fs (mmcblk1p2): re-mounted. Opts: (null)
[  522.921224] systemd-shutdown[1]: All filesystems unmounted.
[  522.926796] systemd-shutdown[1]: Deactivating swaps.
[  522.931967] systemd-shutdown[1]: All swaps deactivated.
[  522.937196] systemd-shutdown[1]: Detaching loop devices.
[  522.946863] systemd-shutdown[1]: All loop devices detached.
[  522.952487] systemd-shutdown[1]: Detaching DM devices.
[  522.957851] systemd-shutdown[1]: All DM devices detached.
[  523.016671] systemd-shutdown[1]: Rebooting.
[  523.041165] reboot: Restarting system
Xilinx Zynq MP First Stage Boot Loader 
Release 2020.1   Nov  8 2021  -  12:45:36
NOTICE:  ATF running on XCZU5EV/silicon v4/RTL5.1 at 0xfffea000
NOTICE:  BL31: v2.2(release):xilinx_rebase_v2.2_2020.1
NOTICE:  BL31: Built : 14:03:18, Nov  9 2021


U-Boot 2020.01 (Nov 09 2021 - 14:03:20 +0000)

Model: Enclustra ME-XU5-5EV-2I-D12E SOM
Board: Xilinx ZynqMP
DRAM:  4 GiB
usb dr_mode not found
usb dr_mode not found
PMUFW:	v1.1
EL Level:	EL2
Chip ID:	zu5ev
NAND:  0 MiB
MMC:   mmc@ff160000: 0, mmc@ff170000: 1
In:    serial@ff000000
Out:   serial@ff000000
Err:   serial@ff000000
Bootmode: SD_MODE1
Reset reason:	SOFT 
Net:   
ZYNQ GEM: ff0b0000, mdio bus ff0b0000, phyaddr 3, interface rgmii-id

Error: ethernet@ff0b0000 address not set.
No ethernet found.

Hit any key to stop autoboot:  2  1  0 
switch to partitions #0, OK
mmc1 is current device
Scanning mmc 1:1...
Found U-Boot script /boot.scr
2007 bytes read in 18 ms (108.4 KiB/s)
## Executing script at 20000000
8165216 bytes read in 614 ms (12.7 MiB/s)
## Loading kernel from FIT Image at 10000000 ...
   Using 'conf@system-top.dtb' configuration
   Trying 'kernel@1' kernel subimage
     Description:  Linux kernel
     Type:         Kernel Image
     Compression:  gzip compressed
     Data Start:   0x100000e8
     Data Size:    8123516 Bytes = 7.7 MiB
     Architecture: AArch64
     OS:           Linux
     Load Address: 0x00080000
     Entry Point:  0x00080000
     Hash algo:    sha256
     Hash value:   cf21ee0c6fa54183eee575330a75ef084654a833002f13f9a2ae91ade2a2e4b4
   Verifying Hash Integrity ... sha256+ OK
## Loading fdt from FIT Image at 10000000 ...
   Using 'conf@system-top.dtb' configuration
   Trying 'fdt@system-top.dtb' fdt subimage
     Description:  Flattened Device Tree blob
     Type:         Flat Device Tree
     Compression:  uncompressed
     Data Start:   0x107bf674
     Data Size:    39812 Bytes = 38.9 KiB
     Architecture: AArch64
     Hash algo:    sha256
     Hash value:   b4cf25d32dd2f4736a65fdb1d7d64689952afc5084e8993d418141192892d5ed
   Verifying Hash Integrity ... sha256+ OK
   Booting using the fdt blob at 0x107bf674
   Uncompressing Kernel Image
   Loading Device Tree to 000000000fff3000, end 000000000ffffb83 ... OK

Starting kernel ...

[    0.000000] Booting Linux on physical CPU 0x0000000000 [0x410fd034]
[    0.000000] Linux version 5.4.0-xilinx-v2020.1 (oe-user@oe-host) (gcc version 9.2.0 (GCC)) #1 SMP Mon Nov 8 12:43:45 UTC 2021
[    0.000000] Machine model: Enclustra ME-XU5-5EV-2I-D12E SOM
[    0.000000] efi: Getting EFI parameters from FDT:
[    0.000000] efi: UEFI not found.
[    0.000000] cma: Reserved 256 MiB at 0x000000006fc00000
[    0.000000] psci: probing for conduit method from DT.
[    0.000000] psci: PSCIv1.1 detected in firmware.
[    0.000000] psci: Using standard PSCI v0.2 function IDs
[    0.000000] psci: MIGRATE_INFO_TYPE not supported.
[    0.000000] psci: SMC Calling Convention v1.1
[    0.000000] percpu: Embedded 22 pages/cpu s49944 r8192 d31976 u90112
[    0.000000] Detected VIPT I-cache on CPU0
[    0.000000] CPU features: detected: ARM erratum 845719
[    0.000000] Speculative Store Bypass Disable mitigation not required
[    0.000000] Built 1 zonelists, mobility grouping on.  Total pages: 1031940
[    0.000000] Kernel command line: console=ttyPS0,115200 clk_ignore_unused root=/dev/mmcblk1p2 rootfstype=ext4 rw rootwait earlyprintk
[    0.000000] Dentry cache hash table entries: 524288 (order: 10, 4194304 bytes, linear)
[    0.000000] Inode-cache hash table entries: 262144 (order: 9, 2097152 bytes, linear)
[    0.000000] mem auto-init: stack:off, heap alloc:off, heap free:off
[    0.000000] software IO TLB: mapped [mem 0x6bc00000-0x6fc00000] (64MB)
[    0.000000] Memory: 3767704K/4193280K available (11644K kernel code, 672K rwdata, 3624K rodata, 704K init, 323K bss, 163432K reserved, 262144K cma-reserved)
[    0.000000] rcu: Hierarchical RCU implementation.
[    0.000000] rcu: 	RCU event tracing is enabled.
[    0.000000] rcu: 	RCU restricting CPUs from NR_CPUS=8 to nr_cpu_ids=4.
[    0.000000] rcu: RCU calculated value of scheduler-enlistment delay is 25 jiffies.
[    0.000000] rcu: Adjusting geometry for rcu_fanout_leaf=16, nr_cpu_ids=4
[    0.000000] NR_IRQS: 64, nr_irqs: 64, preallocated irqs: 0
[    0.000000] GIC: Adjusting CPU interface base to 0x00000000f902f000
[    0.000000] GIC: Using split EOI/Deactivate mode
[    0.000000] random: get_random_bytes called from start_kernel+0x2a8/0x42c with crng_init=0
[    0.000000] arch_timer: cp15 timer(s) running at 33.33MHz (phys).
[    0.000000] clocksource: arch_sys_counter: mask: 0xffffffffffffff max_cycles: 0x7b0074340, max_idle_ns: 440795202884 ns
[    0.000003] sched_clock: 56 bits at 33MHz, resolution 30ns, wraps every 2199023255543ns
[    0.000266] Console: colour dummy device 80x25
[    0.000286] Calibrating delay loop (skipped), value calculated using timer frequency.. 66.66 BogoMIPS (lpj=133332)
[    0.000293] pid_max: default: 32768 minimum: 301
[    0.000424] Mount-cache hash table entries: 8192 (order: 4, 65536 bytes, linear)
[    0.000438] Mountpoint-cache hash table entries: 8192 (order: 4, 65536 bytes, linear)
[    0.001309] ASID allocator initialised with 32768 entries
[    0.001358] rcu: Hierarchical SRCU implementation.
[    0.001522] EFI services will not be available.
[    0.001638] smp: Bringing up secondary CPUs ...
[    0.001936] Detected VIPT I-cache on CPU1
[    0.001965] CPU1: Booted secondary processor 0x0000000001 [0x410fd034]
[    0.002282] Detected VIPT I-cache on CPU2
[    0.002300] CPU2: Booted secondary processor 0x0000000002 [0x410fd034]
[    0.002595] Detected VIPT I-cache on CPU3
[    0.002612] CPU3: Booted secondary processor 0x0000000003 [0x410fd034]
[    0.002654] smp: Brought up 1 node, 4 CPUs
[    0.002665] SMP: Total of 4 processors activated.
[    0.002670] CPU features: detected: 32-bit EL0 Support
[    0.002674] CPU features: detected: CRC32 instructions
[    0.002703] CPU: All CPU(s) started at EL2
[    0.002715] alternatives: patching kernel code
[    0.003715] devtmpfs: initialized
[    0.007587] clocksource: jiffies: mask: 0xffffffff max_cycles: 0xffffffff, max_idle_ns: 7645041785100000 ns
[    0.007599] futex hash table entries: 1024 (order: 4, 65536 bytes, linear)
[    0.013089] xor: measuring software checksum speed
[    0.052037]    8regs     :  2639.000 MB/sec
[    0.092061]    32regs    :  3027.000 MB/sec
[    0.132090]    arm64_neon:  2628.000 MB/sec
[    0.132093] xor: using function: 32regs (3027.000 MB/sec)
[    0.132104] pinctrl core: initialized pinctrl subsystem
[    0.132674] NET: Registered protocol family 16
[    0.133580] DMA: preallocated 256 KiB pool for atomic allocations
[    0.133602] audit: initializing netlink subsys (disabled)
[    0.133719] audit: type=2000 audit(0.132:1): state=initialized audit_enabled=0 res=1
[    0.134020] cpuidle: using governor menu
[    0.134182] hw-breakpoint: found 6 breakpoint and 4 watchpoint registers.
[    0.144632] HugeTLB registered 1.00 GiB page size, pre-allocated 0 pages
[    0.144638] HugeTLB registered 32.0 MiB page size, pre-allocated 0 pages
[    0.144642] HugeTLB registered 2.00 MiB page size, pre-allocated 0 pages
[    0.144647] HugeTLB registered 64.0 KiB page size, pre-allocated 0 pages
[    1.110797] DRBG: Continuing without Jitter RNG
[    1.184741] raid6: neonx8   gen()  1717 MB/s
[    1.252751] raid6: neonx8   xor()  1624 MB/s
[    1.320789] raid6: neonx4   gen()  1648 MB/s
[    1.388830] raid6: neonx4   xor()  1577 MB/s
[    1.456863] raid6: neonx2   gen()  1249 MB/s
[    1.524918] raid6: neonx2   xor()  1303 MB/s
[    1.592999] raid6: neonx1   gen()   810 MB/s
[    1.661003] raid6: neonx1   xor()   978 MB/s
[    1.729051] raid6: int64x8  gen()  1291 MB/s
[    1.797078] raid6: int64x8  xor()   844 MB/s
[    1.865131] raid6: int64x4  gen()  1085 MB/s
[    1.933160] raid6: int64x4  xor()   815 MB/s
[    2.001190] raid6: int64x2  gen()   752 MB/s
[    2.069237] raid6: int64x2  xor()   657 MB/s
[    2.137278] raid6: int64x1  gen()   499 MB/s
[    2.205310] raid6: int64x1  xor()   499 MB/s
[    2.205313] raid6: using algorithm neonx8 gen() 1717 MB/s
[    2.205316] raid6: .... xor() 1624 MB/s, rmw enabled
[    2.205319] raid6: using neon recovery algorithm
[    2.205617] iommu: Default domain type: Translated 
[    2.205808] SCSI subsystem initialized
[    2.205935] usbcore: registered new interface driver usbfs
[    2.205960] usbcore: registered new interface driver hub
[    2.205983] usbcore: registered new device driver usb
[    2.206027] mc: Linux media interface: v0.10
[    2.206045] videodev: Linux video capture interface: v2.00
[    2.206070] pps_core: LinuxPPS API ver. 1 registered
[    2.206074] pps_core: Software ver. 5.3.6 - Copyright 2005-2007 Rodolfo Giometti <giometti@linux.it>
[    2.206083] PTP clock support registered
[    2.206100] EDAC MC: Ver: 3.0.0
[    2.206438] zynqmp-ipi-mbox mailbox@ff990400: Registered ZynqMP IPI mbox with TX/RX channels.
[    2.206589] FPGA manager framework
[    2.206702] Advanced Linux Sound Architecture Driver Initialized.
[    2.206941] Bluetooth: Core ver 2.22
[    2.206963] NET: Registered protocol family 31
[    2.206967] Bluetooth: HCI device and connection manager initialized
[    2.206973] Bluetooth: HCI socket layer initialized
[    2.206979] Bluetooth: L2CAP socket layer initialized
[    2.206990] Bluetooth: SCO socket layer initialized
[    2.207308] clocksource: Switched to clocksource arch_sys_counter
[    2.207393] VFS: Disk quotas dquot_6.6.0
[    2.207433] VFS: Dquot-cache hash table entries: 512 (order 0, 4096 bytes)
[    2.211034] NET: Registered protocol family 2
[    2.211367] tcp_listen_portaddr_hash hash table entries: 2048 (order: 3, 32768 bytes, linear)
[    2.211408] TCP established hash table entries: 32768 (order: 6, 262144 bytes, linear)
[    2.211592] TCP bind hash table entries: 32768 (order: 7, 524288 bytes, linear)
[    2.211942] TCP: Hash tables configured (established 32768 bind 32768)
[    2.212006] UDP hash table entries: 2048 (order: 4, 65536 bytes, linear)
[    2.212072] UDP-Lite hash table entries: 2048 (order: 4, 65536 bytes, linear)
[    2.212217] NET: Registered protocol family 1
[    2.212457] RPC: Registered named UNIX socket transport module.
[    2.212461] RPC: Registered udp transport module.
[    2.212464] RPC: Registered tcp transport module.
[    2.212467] RPC: Registered tcp NFSv4.1 backchannel transport module.
[    2.212698] PCI: CLS 0 bytes, default 64
[    2.213112] hw perfevents: no interrupt-affinity property for /pmu, guessing.
[    2.213247] hw perfevents: enabled with armv8_pmuv3 PMU driver, 7 counters available
[    2.213914] Initialise system trusted keyrings
[    2.213990] workingset: timestamp_bits=46 max_order=20 bucket_order=0
[    2.214672] NFS: Registering the id_resolver key type
[    2.214681] Key type id_resolver registered
[    2.214685] Key type id_legacy registered
[    2.214693] nfs4filelayout_init: NFSv4 File Layout Driver Registering...
[    2.214707] jffs2: version 2.2. (NAND) Â© 2001-2006 Red Hat, Inc.
[    2.226658] NET: Registered protocol family 38
[    2.226664] Key type asymmetric registered
[    2.226668] Asymmetric key parser 'x509' registered
[    2.226687] Block layer SCSI generic (bsg) driver version 0.4 loaded (major 247)
[    2.226692] io scheduler mq-deadline registered
[    2.226696] io scheduler kyber registered
[    2.249806] Serial: 8250/16550 driver, 4 ports, IRQ sharing disabled
[    2.252318] cacheinfo: Unable to detect cache hierarchy for CPU 0
[    2.256131] brd: module loaded
[    2.260122] loop: module loaded
[    2.260693] mtdoops: mtd device (mtddev=name/number) must be supplied
[    2.261638] libphy: Fixed MDIO Bus: probed
[    2.262488] tun: Universal TUN/TAP device driver, 1.6
[    2.262562] CAN device driver interface
[    2.263186] usbcore: registered new interface driver asix
[    2.263221] usbcore: registered new interface driver ax88179_178a
[    2.263240] usbcore: registered new interface driver cdc_ether
[    2.263259] usbcore: registered new interface driver net1080
[    2.263278] usbcore: registered new interface driver cdc_subset
[    2.263299] usbcore: registered new interface driver zaurus
[    2.263341] usbcore: registered new interface driver cdc_ncm
[    2.263949] usbcore: registered new interface driver uas
[    2.263976] usbcore: registered new interface driver usb-storage
[    2.264465] rtc_zynqmp ffa60000.rtc: registered as rtc0
[    2.264506] i2c /dev entries driver
[    2.265693] usbcore: registered new interface driver uvcvideo
[    2.265696] USB Video Class driver (1.1.1)
[    2.265979] Bluetooth: HCI UART driver ver 2.3
[    2.265984] Bluetooth: HCI UART protocol H4 registered
[    2.265988] Bluetooth: HCI UART protocol BCSP registered
[    2.266004] Bluetooth: HCI UART protocol LL registered
[    2.266007] Bluetooth: HCI UART protocol ATH3K registered
[    2.266023] Bluetooth: HCI UART protocol Three-wire (H5) registered
[    2.266054] Bluetooth: HCI UART protocol Intel registered
[    2.266068] Bluetooth: HCI UART protocol QCA registered
[    2.266094] usbcore: registered new interface driver bcm203x
[    2.266116] usbcore: registered new interface driver bpa10x
[    2.266139] usbcore: registered new interface driver bfusb
[    2.266161] usbcore: registered new interface driver btusb
[    2.266196] usbcore: registered new interface driver ath3k
[    2.266337] EDAC MC0: 13 UE BankGroup Number 0 Block Number 0 on mc#0csrow#0channel#0 (csrow:0 channel:0 page:0x0 offset:0x0 grain:1)
[    2.266406] EDAC MC0: Giving out device to module 1 controller synps_ddr_controller: DEV synps_edac (INTERRUPT)
[    2.266553] EDAC DEVICE0: Giving out device to module zynqmp-ocm-edac controller zynqmp_ocm: DEV ff960000.memory-controller (INTERRUPT)
[    2.266868] sdhci: Secure Digital Host Controller Interface driver
[    2.266871] sdhci: Copyright(c) Pierre Ossman
[    2.266874] sdhci-pltfm: SDHCI platform and OF driver helper
[    2.267145] ledtrig-cpu: registered to indicate activity on CPUs
[    2.267185] zynqmp_firmware_probe Platform Management API v1.1
[    2.267190] zynqmp_firmware_probe Trustzone version v1.0
[    2.289599] alg: No test for xilinx-zynqmp-aes (zynqmp-aes)
[    2.289747] zynqmp_aes zynqmp_aes: AES Successfully Registered
[    2.289747] 
[    2.289879] alg: No test for xilinx-keccak-384 (zynqmp-keccak-384)
[    2.290076] alg: No test for xilinx-zynqmp-rsa (zynqmp-rsa)
[    2.290291] usbcore: registered new interface driver usbhid
[    2.290294] usbhid: USB HID core driver
[    2.292373] fpga_manager fpga0: Xilinx ZynqMP FPGA Manager registered
[    2.292624] usbcore: registered new interface driver snd-usb-audio
[    2.293292] pktgen: Packet Generator for packet performance testing. Version: 2.75
[    2.293784] Initializing XFRM netlink socket
[    2.293865] NET: Registered protocol family 10
[    2.294221] Segment Routing with IPv6
[    2.294318] sit: IPv6, IPv4 and MPLS over IPv4 tunneling driver
[    2.294614] NET: Registered protocol family 17
[    2.294627] NET: Registered protocol family 15
[    2.294647] bridge: filtering via arp/ip/ip6tables is no longer available by default. Update your scripts to load br_netfilter if you need this.
[    2.294651] can: controller area network core (rev 20170425 abi 9)
[    2.294676] NET: Registered protocol family 29
[    2.294680] can: raw protocol (rev 20170425)
[    2.294685] can: broadcast manager protocol (rev 20170425 t)
[    2.294690] can: netlink gateway (rev 20190810) max_hops=1
[    2.294753] Bluetooth: RFCOMM TTY layer initialized
[    2.294761] Bluetooth: RFCOMM socket layer initialized
[    2.294773] Bluetooth: RFCOMM ver 1.11
[    2.294780] Bluetooth: BNEP (Ethernet Emulation) ver 1.3
[    2.294784] Bluetooth: BNEP filters: protocol multicast
[    2.294789] Bluetooth: BNEP socket layer initialized
[    2.294793] Bluetooth: HIDP (Human Interface Emulation) ver 1.2
[    2.294798] Bluetooth: HIDP socket layer initialized
[    2.294898] 9pnet: Installing 9P2000 support
[    2.294916] Key type dns_resolver registered
[    2.295193] registered taskstats version 1
[    2.295196] Loading compiled-in X.509 certificates
[    2.295581] Btrfs loaded, crc32c=crc32c-generic
[    2.303411] ff000000.serial: ttyPS0 at MMIO 0xff000000 (irq = 41, base_baud = 6249999) is a xuartps
[    3.549340] printk: console [ttyPS0] enabled
[    3.553913] of-fpga-region fpga-full: FPGA Region probed
[    3.559741] GPIO IRQ not connected
[    3.563124] XGpio: gpio@80010000: registered, base is 509
[    3.569102] xilinx-zynqmp-dma fd500000.dma: ZynqMP DMA driver Probe success
[    3.576187] xilinx-zynqmp-dma fd510000.dma: ZynqMP DMA driver Probe success
[    3.583275] xilinx-zynqmp-dma fd520000.dma: ZynqMP DMA driver Probe success
[    3.590362] xilinx-zynqmp-dma fd530000.dma: ZynqMP DMA driver Probe success
[    3.597442] xilinx-zynqmp-dma fd540000.dma: ZynqMP DMA driver Probe success
[    3.604527] xilinx-zynqmp-dma fd550000.dma: ZynqMP DMA driver Probe success
[    3.611613] xilinx-zynqmp-dma fd560000.dma: ZynqMP DMA driver Probe success
[    3.618711] xilinx-zynqmp-dma fd570000.dma: ZynqMP DMA driver Probe success
[    3.625861] xilinx-zynqmp-dma ffa80000.dma: ZynqMP DMA driver Probe success
[    3.632943] xilinx-zynqmp-dma ffa90000.dma: ZynqMP DMA driver Probe success
[    3.640029] xilinx-zynqmp-dma ffaa0000.dma: ZynqMP DMA driver Probe success
[    3.647111] xilinx-zynqmp-dma ffab0000.dma: ZynqMP DMA driver Probe success
[    3.654192] xilinx-zynqmp-dma ffac0000.dma: ZynqMP DMA driver Probe success
[    3.661278] xilinx-zynqmp-dma ffad0000.dma: ZynqMP DMA driver Probe success
[    3.668361] xilinx-zynqmp-dma ffae0000.dma: ZynqMP DMA driver Probe success
[    3.675445] xilinx-zynqmp-dma ffaf0000.dma: ZynqMP DMA driver Probe success
[    3.682640] zynqmp-qspi ff0f0000.spi: rx bus width not found
[    3.688294] zynqmp-qspi ff0f0000.spi: tx bus width not found
[    3.694105] spi_master spi0: cannot find modalias for /amba/spi@ff0f0000/flash@0
[    3.701497] spi_master spi0: Failed to create SPI device for /amba/spi@ff0f0000/flash@0
[    3.709768] macb ff0b0000.ethernet: Not enabling partial store and forward
[    3.716667] macb ff0b0000.ethernet: invalid hw address, using random
[    3.723482] libphy: MACB_mii_bus: probed
[    3.736677] zynqmp_pll_disable() clock disable failed for dpll_int, ret = -13
[    3.800506] Micrel KSZ9031 Gigabit PHY ff0b0000.ethernet-ffffffff:03: attached PHY driver [Micrel KSZ9031 Gigabit PHY] (mii_bus:phy_addr=ff0b0000.ethernet-ffffffff:03, irq=POLL)
[    3.816324] macb ff0b0000.ethernet eth0: Cadence GEM rev 0x50070106 at 0xff0b0000 irq 29 (f6:24:cb:55:b0:13)
[    3.826392] macb ff0c0000.ethernet: Not enabling partial store and forward
[    3.833279] macb ff0c0000.ethernet: invalid hw address, using random
[    3.840013] libphy: MACB_mii_bus: probed
[    3.844077] mdio_bus ff0c0000.ethernet-ffffffff: MDIO device at address 3 is missing.
[    3.867945] xilinx-axipmon ffa00000.perf-monitor: Probed Xilinx APM
[    3.874430] xilinx-axipmon fd0b0000.perf-monitor: Probed Xilinx APM
[    3.880876] xilinx-axipmon fd490000.perf-monitor: Probed Xilinx APM
[    3.887342] xilinx-axipmon ffa10000.perf-monitor: Probed Xilinx APM
[    3.893801] dwc3-of-simple ff9d0000.usb0: dwc3_simple_set_phydata: Can't find usb3-phy
[    3.902066] dwc3 fe200000.dwc3: Failed to get clk 'ref': -2
[    3.908014] dwc3-of-simple ff9e0000.usb1: dwc3_simple_set_phydata: Can't find usb3-phy
[    3.916221] dwc3 fe300000.dwc3: Failed to get clk 'ref': -2
[    3.922524] cdns-i2c ff020000.i2c: 400 kHz mmio ff020000 irq 32
[    3.927144] xhci-hcd xhci-hcd.0.auto: xHCI Host Controller
[    3.928786] cpufreq: cpufreq_online: CPU0: Running at unlisted freq: 1333333 KHz
[    3.933919] xhci-hcd xhci-hcd.0.auto: new USB bus registered, assigned bus number 1
[    3.941305] cpu cpu0: dev_pm_opp_set_rate: failed to find current OPP for freq 1333333320 (-34)
[    3.949027] xhci-hcd xhci-hcd.0.auto: hcc params 0x0238f625 hci version 0x100 quirks 0x0000000202010010
[    3.957669] cpufreq: cpufreq_online: CPU0: Unlisted initial frequency changed to: 1199999 KHz
[    3.967029] xhci-hcd xhci-hcd.0.auto: irq 46, io mem 0xfe300000
[    3.975541] cpu cpu0: dev_pm_opp_set_rate: failed to find current OPP for freq 1333333320 (-34)
[    3.981855] xhci-hcd xhci-hcd.1.auto: xHCI Host Controller
[    3.995677] usb usb1: New USB device found, idVendor=1d6b, idProduct=0002, bcdDevice= 5.04
[    4.003935] usb usb1: New USB device strings: Mfr=3, Product=2, SerialNumber=1
[    4.011144] usb usb1: Product: xHCI Host Controller
[    4.016015] usb usb1: Manufacturer: Linux 5.4.0-xilinx-v2020.1 xhci-hcd
[    4.022009] mmc0: SDHCI controller on ff160000.mmc [ff160000.mmc] using ADMA 64-bit
[    4.022619] usb usb1: SerialNumber: xhci-hcd.0.auto
[    4.035428] hub 1-0:1.0: USB hub found
[    4.039239] hub 1-0:1.0: 1 port detected
[    4.043338] xhci-hcd xhci-hcd.0.auto: xHCI Host Controller
[    4.048829] xhci-hcd xhci-hcd.0.auto: new USB bus registered, assigned bus number 2
[    4.056488] xhci-hcd xhci-hcd.0.auto: Host supports USB 3.0 SuperSpeed
[    4.059867] mmc1: SDHCI controller on ff170000.mmc [ff170000.mmc] using ADMA 64-bit
[    4.063094] usb usb2: We don't know the algorithms for LPM for this host, disabling LPM.
[    4.078730] rtc_zynqmp ffa60000.rtc: setting system clock to 1970-01-01T00:09:04 UTC (544)
[    4.078735] of_cfs_init
[    4.087115] usb usb2: New USB device found, idVendor=1d6b, idProduct=0003, bcdDevice= 5.04
[    4.089446] of_cfs_init: OK
[    4.097677] usb usb2: New USB device strings: Mfr=3, Product=2, SerialNumber=1
[    4.100572] cfg80211: Loading compiled-in X.509 certificates for regulatory database
[    4.107668] usb usb2: Product: xHCI Host Controller
[    4.120272] usb usb2: Manufacturer: Linux 5.4.0-xilinx-v2020.1 xhci-hcd
[    4.126877] usb usb2: SerialNumber: xhci-hcd.0.auto
[    4.132052] hub 2-0:1.0: USB hub found
[    4.135909] hub 2-0:1.0: 1 port detected
[    4.140080] xhci-hcd xhci-hcd.1.auto: new USB bus registered, assigned bus number 3
[    4.147838] xhci-hcd xhci-hcd.1.auto: hcc params 0x0238f625 hci version 0x100 quirks 0x0000000202010010
[    4.157254] xhci-hcd xhci-hcd.1.auto: irq 43, io mem 0xfe200000
[    4.163481] usb usb3: New USB device found, idVendor=1d6b, idProduct=0002, bcdDevice= 5.04
[    4.171749] usb usb3: New USB device strings: Mfr=3, Product=2, SerialNumber=1
[    4.178974] usb usb3: Product: xHCI Host Controller
[    4.183844] usb usb3: Manufacturer: Linux 5.4.0-xilinx-v2020.1 xhci-hcd
[    4.190452] usb usb3: SerialNumber: xhci-hcd.1.auto
[    4.195613] hub 3-0:1.0: USB hub found
[    4.199472] hub 3-0:1.0: 1 port detected
[    4.203635] xhci-hcd xhci-hcd.1.auto: xHCI Host Controller
[    4.209127] xhci-hcd xhci-hcd.1.auto: new USB bus registered, assigned bus number 4
[    4.216786] xhci-hcd xhci-hcd.1.auto: Host supports USB 3.0 SuperSpeed
[    4.223361] usb usb4: We don't know the algorithms for LPM for this host, disabling LPM.
[    4.231516] usb usb4: New USB device found, idVendor=1d6b, idProduct=0003, bcdDevice= 5.04
[    4.236751] cfg80211: Loaded X.509 cert 'sforshee: 00b28ddf47aef9cea7'
[    4.239781] usb usb4: New USB device strings: Mfr=3, Product=2, SerialNumber=1
[    4.246292] clk: Not disabling unused clocks
[    4.253501] usb usb4: Product: xHCI Host Controller
[    4.257753] ALSA device list:
[    4.262615] usb usb4: Manufacturer: Linux 5.4.0-xilinx-v2020.1 xhci-hcd
[    4.265565]   No soundcards found.
[    4.272163] usb usb4: SerialNumber: xhci-hcd.1.auto
[    4.275630] platform regulatory.0: Direct firmware load for regulatory.db failed with error -2
[    4.289017] cfg80211: failed to load regulatory.db
[    4.289161] hub 4-0:1.0: USB hub found
[    4.297611] hub 4-0:1.0: 1 port detected
[    4.301793] Waiting for root device /dev/mmcblk1p2...
[    4.316533] mmc1: new high speed SDHC card at address 5048
[    4.322381] mmcblk1: mmc1:5048 SD16G 14.4 GiB 
[    4.328107]  mmcblk1: p1 p2
[    4.344317] mmc0: new HS200 MMC card at address 0001
[    4.349583] mmcblk0: mmc0:0001 W52516 14.3 GiB 
[    4.354279] mmcblk0boot0: mmc0:0001 W52516 partition 1 4.00 MiB
[    4.360361] mmcblk0boot1: mmc0:0001 W52516 partition 2 4.00 MiB
[    4.366358] mmcblk0rpmb: mmc0:0001 W52516 partition 3 4.00 MiB, chardev (245:0)
[    4.374746]  mmcblk0: p1
[    4.498860] EXT4-fs (mmcblk1p2): mounted filesystem with ordered data mode. Opts: (null)
[    4.506977] VFS: Mounted root (ext4 filesystem) on device 179:2.
[    4.521432] devtmpfs: mounted
[    4.524548] Freeing unused kernel memory: 704K
[    4.529018] Run /sbin/init as init process
[    4.700937] random: fast init done
[    4.935809] random: systemd: uninitialized urandom read (16 bytes read)
[    4.949309] random: systemd: uninitialized urandom read (16 bytes read)
[    4.979981] systemd[1]: systemd 219 running in system mode. (+PAM +AUDIT +SELINUX +IMA -APPARMOR +SMACK +SYSVINIT +UTMP +LIBCRYPTSETUP +GCRYPT +GNUTLS +ACL +XZ -LZ4 -SECCOMP +BLKID +ELFUTILS +KMOD +IDN)
[    4.998280] systemd[1]: Detected architecture arm64.

Welcome to [0;31mCentOS Linux 7 (AltArch)[0m!

[    5.015359] systemd[1]: No hostname configured.
[    5.019899] systemd[1]: Set hostname to <localhost>.
[    5.039849] random: systemd: uninitialized urandom read (16 bytes read)
[[32m  OK  [0m] Reached target Swap.
[    5.551416] systemd[1]: Reached target Swap.
[    5.555717] systemd[1]: Starting Swap.
[    5.559583] systemd[1]: Started Forward Password Requests to Wall Directory Watch.
[    5.567171] systemd[1]: Starting Forward Password Requests to Wall Directory Watch.
[[32m  OK  [0m] Created slice Root Slice.
[    5.587349] systemd[1]: Created slice Root Slice.
[    5.592070] systemd[1]: Starting Root Slice.
[[32m  OK  [0m] Listening on /dev/initctl Compatibility Named Pipe.
[[32m  OK  [0m] Listening on LVM2 poll daemon socket.
[[32m  OK  [0m] Listening on Journal Socket.
[[32m  OK  [0m] Listening on Device-mapper event daemon FIFOs.
[[32m  OK  [0m] Created slice User and Session Slice.
[[32m  OK  [0m] Listening on LVM2 metadata daemon socket.
[[32m  OK  [0m] Created slice System Slice.
[[32m  OK  [0m] Reached target Slices.
         Mounting Huge Pages File System...
         Starting Collect Read-Ahead Data...
[[32m  OK  [0m] Created slice system-serial\x2dgetty.slice.
[[32m  OK  [0m] Created slice system-getty.slice.
[    5.738681] systemd-readahead[158]: Failed to create fanotify object: Function not implemented
[[32m  OK  [0m] Created slice system-selinux\x2dpol...grate\x2dlocal\x2dchanges.slice.
         Mounting POSIX Message Queue File System...
         Starting Journal Service...
         Mounting Debug File System...
[[32m  OK  [0m] Listening on Delayed Shutdown Socket.
[[32m  OK  [0m] Listening on udev Control Socket.
[[32m  OK  [0m] Listening on udev Kernel Socket.
         Starting Monitoring of LVM2 mirrors... dmeventd or progress polling...
[[32m  OK  [0m] Mounted POSIX Message Queue File System.
[[32m  OK  [0m] Mounted Huge Pages File System.
[[32m  OK  [0m] Mounted Debug File System.
[[32m  OK  [0m] Started Journal Service.
[[32m  OK  [0m] Started Collect Read-Ahead Data.
         Starting Create Static Device Nodes in /dev...
         Starting Configure read-only root support...
         Starting Load/Save Random Seed...
         Starting udev Coldplug all Devices...
         Starting Setup Virtual Console...
         Mounting Configuration File System...
         Starting Apply Kernel Variables...
         Starting Flush Journal to Persistent Storage...
[[32m  OK  [0m] Mounted Configuration File System.
[[32m  OK  [0m] Started Load/Save Random Seed.
[[32m  OK  [0m] Started LVM2 metadata daemon.
         Starting LVM2 metadata daemon...
[[32m  OK  [0m] Started Apply Kernel Variables.
[    6.176205] systemd-journald[164]: Received request to flush runtime journal from PID 1
[[32m  OK  [0m] Started Create Static Device Nodes in /dev.
[[32m  OK  [0m] Started udev Coldplug all Devices.
[[32m  OK  [0m] Started Configure read-only root support.
[[32m  OK  [0m] Started Flush Journal to Persistent Storage.
         Starting udev Wait for Complete Device Initialization...
         Starting udev Kernel Device Manager...
[[32m  OK  [0m] Started Setup Virtual Console.
[[32m  OK  [0m] Started udev Kernel Device Manager.
         Starting Show Plymouth Boot Screen...
[[32m  OK  [0m] Started Show Plymouth Boot Screen.
[[32m  OK  [0m] Found device /dev/ttyPS0.
%G[[32m  OK  [0m] Started Monitoring of LVM2 mirrors,...ng dmeventd or progress polling.
[[32m  OK  [0m] Reached target Local File Systems (Pre).
[[32m  OK  [0m] Started udev Wait for Complete Device Initialization.
         Starting Activation of DM RAID sets...
[[32m  OK  [0m] Started Activation of DM RAID sets.
[[32m  OK  [0m] Reached target Local File Systems.
         Starting Tell Plymouth To Write Out Runtime Data...
         Starting Create Volatile Files and Directories...
[[32m  OK  [0m] Reached target Encrypted Volumes.
[[32m  OK  [0m] Started Create Volatile Files and Directories.
[[32m  OK  [0m] Started Tell Plymouth To Write Out Runtime Data.
         Starting Security Auditing Service...
[[32m  OK  [0m] Started Security Auditing Service.
         Starting Update UTMP about System Boot/Shutdown...
[[32m  OK  [0m] Started Update UTMP about System Boot/Shutdown.
[[32m  OK  [0m] Reached target System Initialization.
[[32m  OK  [0m] Listening on PC/SC Smart Card Daemon Activation Socket.
[[32m  OK  [0m] Reached target Timers.
[[32m  OK  [0m] Listening on Open-iSCSI iscsid Socket.
[[32m  OK  [0m] Reached target Paths.
[[32m  OK  [0m] Listening on Open-iSCSI iscsiuio Socket.
[[32m  OK  [0m] Listening on D-Bus System Message Bus Socket.
[[32m  OK  [0m] Reached target Sockets.
[[32m  OK  [0m] Reached target Basic System.
         Starting Authorization Manager...
[[32m  OK  [0m] Started irqbalance daemon.
         Starting irqbalance daemon...
         Starting Dump dmesg to /var/log/dmesg...
[[32m  OK  [0m] Started D-Bus System Message Bus.
         Starting D-Bus System Message Bus...
         Starting Login Service...
         Starting System Logging Service...
         Starting NTP client/server...
[[32m  OK  [0m] Started Dump dmesg to /var/log/dmesg.
[[32m  OK  [0m] Started Login Service.
[[32m  OK  [0m] Started System Logging Service.
[[32m  OK  [0m] Started NTP client/server.
[[32m  OK  [0m] Started Authorization Manager.
         Starting firewalld - dynamic firewall daemon...
[[0m[31m*     [0m] A start job is running for firewall... firewall daemon (7s / 1min 32s)[K[[1;31m*[0m[31m*    [0m] A start job is running for firewall... firewall daemon (8s / 1min 32s)[K[[31m*[1;31m*[0m[31m*   [0m] A start job is running for firewall... firewall daemon (8s / 1min 32s)[K[[32m  OK  [0m] Started firewalld - dynamic firewall daemon.
[[32m  OK  [0m] Reached target Network (Pre).
         Starting Network Manager...
[[32m  OK  [0m] Started Network Manager.
         Starting Network Manager Wait Online...
         Starting Network Manager Script Dispatcher Service...
[[32m  OK  [0m] Started Network Manager Script Dispatcher Service.
         Starting Hostname Service...
[[32m  OK  [0m] Started Hostname Service.
[   15.155377] pps pps0: new PPS source ptp0
[   15.159441] macb ff0b0000.ethernet: gem-ptp-timer ptp clock registered.
[   19.231865] macb ff0b0000.ethernet eth0: link up (1000/Full)
[   19.237537] IPv6: ADDRCONF(NETDEV_CHANGE): eth0: link becomes ready
[ [31m*[1;31m*[0m[31m*  [0m] A start job is running for Network ...ger Wait Online (14s / no limit)[K[  [31m*[1;31m*[0m[31m* [0m] A start job is running for Network ...ger Wait Online (15s / no limit)[K[   [31m*[1;31m*[0m[31m*[0m] A start job is running for Network ...ger Wait Online (15s / no limit)[K[    [31m*[1;31m*[0m] A start job is running for Network ...ger Wait Online (16s / no limit)[K[     [31m*[0m] A start job is running for Network ...ger Wait Online (17s / no limit)[K[    [31m*[1;31m*[0m] A start job is running for Network ...ger Wait Online (17s / no limit)[K[   [31m*[1;31m*[0m[31m*[0m] A start job is running for Network ...ger Wait Online (18s / no limit)[K[  [31m*[1;31m*[0m[31m* [0m] A start job is running for Network ...ger Wait Online (18s / no limit)[K[ [31m*[1;31m*[0m[31m*  [0m] A start job is running for Network ...ger Wait Online (19s / no limit)[K[[31m*[1;31m*[0m[31m*   [0m] A start job is running for Network ...ger Wait Online (20s / no limit)[K[[1;31m*[0m[31m*    [0m] A start job is running for Network ...ger Wait Online (20s / no limit)[K[[0m[31m*     [0m] A start job is running for Network ...ger Wait Online (21s / no limit)[K[[1;31m*[0m[31m*    [0m] A start job is running for Network ...ger Wait Online (21s / no limit)[K[[31m*[1;31m*[0m[31m*   [0m] A start job is running for Network ...ger Wait Online (21s / no limit)[K[ [31m*[1;31m*[0m[31m*  [0m] A start job is running for Network ...ger Wait Online (22s / no limit)[K[  [31m*[1;31m*[0m[31m* [0m] A start job is running for Network ...ger Wait Online (23s / no limit)[K[   [31m*[1;31m*[0m[31m*[0m] A start job is running for Network ...ger Wait Online (23s / no limit)[K[    [31m*[1;31m*[0m] A start job is running for Network ...ger Wait Online (24s / no limit)[K[     [31m*[0m] A start job is running for Network ...ger Wait Online (24s / no limit)[K[    [31m*[1;31m*[0m] A start job is running for Network ...ger Wait Online (25s / no limit)[K[   [31m*[1;31m*[0m[31m*[0m] A start job is running for Network ...ger Wait Online (26s / no limit)[K[  [31m*[1;31m*[0m[31m* [0m] A start job is running for Network ...ger Wait Online (26s / no limit)[K[ [31m*[1;31m*[0m[31m*  [0m] A start job is running for Network ...ger Wait Online (27s / no limit)[K[[31m*[1;31m*[0m[31m*   [0m] A start job is running for Network ...ger Wait Online (27s / no limit)[K[[1;31m*[0m[31m*    [0m] A start job is running for Network ...ger Wait Online (28s / no limit)[K[[0m[31m*     [0m] A start job is running for Network ...ger Wait Online (28s / no limit)[K[[1;31m*[0m[31m*    [0m] A start job is running for Network ...ger Wait Online (29s / no limit)[K[[31m*[1;31m*[0m[31m*   [0m] A start job is running for Network ...ger Wait Online (30s / no limit)[K[ [31m*[1;31m*[0m[31m*  [0m] A start job is running for Network ...ger Wait Online (30s / no limit)[K[  [31m*[1;31m*[0m[31m* [0m] A start job is running for Network ...ger Wait Online (31s / no limit)[K[   [31m*[1;31m*[0m[31m*[0m] A start job is running for Network ...ger Wait Online (31s / no limit)[K[    [31m*[1;31m*[0m] A start job is running for Network ...ger Wait Online (32s / no limit)[K[     [31m*[0m] A start job is running for Network ...ger Wait Online (33s / no limit)[K[    [31m*[1;31m*[0m] A start job is running for Network ...ger Wait Online (33s / no limit)[K[   [31m*[1;31m*[0m[31m*[0m] A start job is running for Network ...ger Wait Online (34s / no limit)[K[  [31m*[1;31m*[0m[31m* [0m] A start job is running for Network ...ger Wait Online (34s / no limit)[K[ [31m*[1;31m*[0m[31m*  [0m] A start job is running for Network ...ger Wait Online (35s / no limit)[K[[31m*[1;31m*[0m[31m*   [0m] A start job is running for Network ...ger Wait Online (35s / no limit)[K[[1;31m*[0m[31m*    [0m] A start job is running for Network ...ger Wait Online (36s / no limit)[K[[0m[31m*     [0m] A start job is running for Network ...ger Wait Online (37s / no limit)[K[[1;31m*[0m[31m*    [0m] A start job is running for Network ...ger Wait Online (37s / no limit)[K[[31m*[1;31m*[0m[31m*   [0m] A start job is running for Network ...ger Wait Online (38s / no limit)[K[ [31m*[1;31m*[0m[31m*  [0m] A start job is running for Network ...ger Wait Online (38s / no limit)[K[[1;31mFAILED[0m] Failed to start Network Manager Wait Online.
See 'systemctl status NetworkManager-wait-online.service' for details.
         Starting LSB: Bring up/down networking...
[[1;31mFAILED[0m] Failed to start LSB: Bring up/down networking.
See 'systemctl status network.service' for details.
[[32m  OK  [0m] Reached target Network.
         Starting Postfix Mail Transport Agent...
         Starting Logout off all iSCSI sessions on shutdown...
         Starting Dynamic System Tuning Daemon...
         Starting OpenSSH server daemon...
[[32m  OK  [0m] Reached target Network is Online.
[[32m  OK  [0m] Started Logout off all iSCSI sessions on shutdown.
[[32m  OK  [0m] Reached target Remote File Systems (Pre).
[[32m  OK  [0m] Reached target Remote File Systems.
         Starting Permit User Sessions...
         Starting Crash recovery kernel arming...
         Starting Availability of block devices...
[[32m  OK  [0m] Started Availability of block devices.
[[32m  OK  [0m] Started Permit User Sessions.
         Starting Wait for Plymouth Boot Screen to Quit...
         Starting Terminate Plymouth Boot Screen...
[[32m  OK  [0m] Started Command Scheduler.
         Starting Command Scheduler...

CentOS Linux 7 (AltArch)
Kernel 5.4.0-xilinx-v2020.1 on an aarch64

localhost login: root
Password: 
Last login: Thu Jan  1 00:01:23 on ttyPS0
[0;33m(localhost)[0m ~ [0;33m#[0m 

[0;33m(localhost)[0m ~ [0;33m#[0m 

[0;33m(localhost)[0m ~ [0;33m#[0m ls
anaconda-ks.cfg  bashrc

[0;33m(localhost)[0m ~ [0;33m#[0m ip a
1: lo: <LOOPBACK,UP,LOWER_UP> mtu 65536 qdisc noqueue state UNKNOWN qlen 1000
    link/loopback 00:00:00:00:00:00 brd 00:00:00:00:00:00
    inet 127.0.0.1/8 scope host lo
       valid_lft forever preferred_lft forever
    inet6 ::1/128 scope host 
       valid_lft forever preferred_lft forever
2: sit0@NONE: <NOARP> mtu 1480 qdisc noop state DOWN qlen 1000
    link/sit 0.0.0.0 brd 0.0.0.0
3: eth0: <BROADCAST,MULTICAST,UP,LOWER_UP> mtu 1500 qdisc mq state UP qlen 1000
    link/ether f6:24:cb:55:b0:13 brd ff:ff:ff:ff:ff:ff
