
aaaaaa


y




Xilinx Zynq MP First Stage Boot Loader 
Release 2020.1   Nov  8 2021  -  12:45:36
NOTICE:  ATF running on XCZU5EV/silicon v4/RTL5.1 at 0xfffea000
NOTICE:  BL31: v2.2(release):xilinx_rebase_v2.2_2020.1
NOTICE:  BL31: Built : 14:03:18, Nov  9 2021


U-Boot 2020.01 (Nov 09 2021 - 14:03:20 +0000)

Model: Enclustra ME-XU5-5EV-2I-D12E SOM
Board: Xilinx ZynqMP
DRAM:  4 GiB
usb dr_mode not found
usb dr_mode not found
PMUFW:	v1.1
EL Level:	EL2
Chip ID:	zu5ev
NAND:  0 MiB
MMC:   mmc@ff160000: 0, mmc@ff170000: 1
In:    serial@ff000000
Out:   serial@ff000000
Err:   serial@ff000000
Bootmode: SD_MODE1
Reset reason:	EXTERNAL 
Net:   
ZYNQ GEM: ff0b0000, mdio bus ff0b0000, phyaddr 3, interface rgmii-id

Error: ethernet@ff0b0000 address not set.
No ethernet found.

Hit any key to stop autoboot:  2  1  0 
switch to partitions #0, OK
mmc1 is current device
Scanning mmc 1:1...
Found U-Boot script /boot.scr
2007 bytes read in 18 ms (108.4 KiB/s)
## Executing script at 20000000
8165216 bytes read in 614 ms (12.7 MiB/s)
## Loading kernel from FIT Image at 10000000 ...
   Using 'conf@system-top.dtb' configuration
   Trying 'kernel@1' kernel subimage
     Description:  Linux kernel
     Type:         Kernel Image
     Compression:  gzip compressed
     Data Start:   0x100000e8
     Data Size:    8123516 Bytes = 7.7 MiB
     Architecture: AArch64
     OS:           Linux
     Load Address: 0x00080000
     Entry Point:  0x00080000
     Hash algo:    sha256
     Hash value:   cf21ee0c6fa54183eee575330a75ef084654a833002f13f9a2ae91ade2a2e4b4
   Verifying Hash Integrity ... sha256+ OK
## Loading fdt from FIT Image at 10000000 ...
   Using 'conf@system-top.dtb' configuration
   Trying 'fdt@system-top.dtb' fdt subimage
     Description:  Flattened Device Tree blob
     Type:         Flat Device Tree
     Compression:  uncompressed
     Data Start:   0x107bf674
     Data Size:    39812 Bytes = 38.9 KiB
     Architecture: AArch64
     Hash algo:    sha256
     Hash value:   b4cf25d32dd2f4736a65fdb1d7d64689952afc5084e8993d418141192892d5ed
   Verifying Hash Integrity ... sha256+ OK
   Booting using the fdt blob at 0x107bf674
   Uncompressing Kernel Image
   Loading Device Tree to 000000000fff3000, end 000000000ffffb83 ... OK

Starting kernel ...

[    0.000000] Booting Linux on physical CPU 0x0000000000 [0x410fd034]
[    0.000000] Linux version 5.4.0-xilinx-v2020.1 (oe-user@oe-host) (gcc version 9.2.0 (GCC)) #1 SMP Mon Nov 8 12:43:45 UTC 2021
[    0.000000] Machine model: Enclustra ME-XU5-5EV-2I-d in firmware.
[    0.000000] psci: Using standard PSCI v0.2 function IDs
[    0.000000] psci: MIGRATE_INFO_TYPE not supported.
[    0.000000] psci: SMC Calling Convention v1.1
[    0.000000] percpu: Embedded 22 pages/cpu s49944 r8192 d31976 u90112
[    0.000000] Detected VIPT I-cache on CPU0
[    0.000000] CPU features: detected: ARM erratum 845719
[    0.000000] Speculative Store Bypass Disable mitigation not required
[    0.000000] Built 1 zonelists, mobility grouping on.  Total pages: 1031940
[sh table entries: 262144 (order: 9, 2097152 bytes, linear)
[    0.000000] mem auto-init: stack:off, heap alloc:off, heap free:off
[    0.000000] software IO TLB: mapped [mem 0x6bc00000-0x6fc00000] (64MB)
[    0.000000] Memory: 3767704K/4193280K availablatching kernel code
[    0.003725] devtmpfs: initialized
[    0.007597] clocksource: jiffies: mask: 0xffffffff max_cycles: 0xffffffff, max_idle_ns: 7645041785100000 ns
[    0.007609] futex hash table entries: 1024 (order: 4, 65536 bytes, linear)
[    0.013147] xor: measuring software checksum speed
[    0.052037]    8regs     :  2639.000 MB/sec
[    0.092062]    32regs    :  3027.000 MB/sec
[    0.132090]    arm64_neon:  2628.000 MB/sec
[    0.132094] xor: using function: 32regs (3027.000 MB/sec)
[    0.132103] pinctrl core: initialized pinctrl subsystem
[    0.132671] NET: Registered protocol family 16
[    0.133575] DMA: preallocated 256 KiB pool for atomic allocations
[    0.133597] audit: initializing netlink subsys (disabled)
[    0.133715] audit: type=2000 audit(0.132:1): state=initialized audit_enabled=0 res=1
[    0.134013] cpuidle: using governor menu
[    0.134176] hw-breakpoint: found 6 breakpoint and 4 watchpoint registers.
[    0.144605] HugeTLB registered 1.00 GiB page size, pre-allocated 0 pages
[    0.144612] HugeTLB registered 32.0 MiB page size, pre-allocated 0 pages
[    0.144616] HugeTLB registered 2.00 MiB page size, pre-allocated 0 pages
[    0.144621] HugeTLB registered 64.0 KiB page size, pre-allocated 0 pages
[    1.110761] DRBG: Continuing without Jitter RNG
[    1.184725] raid6: neonx8   gen()  1715 MB/s
[    1.252759] raid6: neonx8   xor()  1624 MB/s
[    1.320801] raid6: neonx4   gen()  1645 MB/s
[    1.388835] raid6: neonx4   xor()  1577 MB/s
[    1.456899] raid6: neonx2   gen()  1249 MB/s
[    1.524911] raid6: neonx2   xor()  1303 MB/s
[    1.592938] raid6: neonx1   gen()   809 MB/s
[    1.660979] raid6: neonx1   xor()   978 MB/s
[    1.729043] raid6: int64x8  gen()  1291 MB/s
[    1.797089] raid6: int64x8  xor()   844 MB/s
[    1.865133] raid6: int64x4  gen()  1085 MB/s
[    1.933136] raid6: int64x4  xor()   814 MB/s
[    2.001204] raid6: int64x2  gen()   752 MB/s
[    2.069253] raid6: int64x2  xor()   657 MB/s
[    2.137297] raid6: int64x1  gen()   499 MB/s
[    2.205326] raid6: int64x1  xor()   500 MB/s
[    2.205329] raid6: using algorithm neonx8 gen() 1715 MB/s
[    2.205332] raid6: .... xor() 1624 MB/s, rmw enabled
[    2.205335] raid6: using neon recovery algorithm
[    2.205632] iommu: Default domain type: Translated 
[    2.205824] SCSI subsystem initialized
[    2.205951] usbcore: registered new interface driver usbfs
[    2.205977] usbcore: registered new interface driver hub
[    2.206005] usbcore: registered new device driver usb
[    2.206049] mc: Linux media interface: v0.10
[    2.206066] videodev: Linux video capture interface: v2.00
[    2.206091] pps_core: LinuxPPS API ver. 1 registered
[    2.206094] pps_core: Software ver. 5.3.6 - Copyright 2005-2007 Rodolfo Giometti <giometti@linux.it>
[    2.206104] PTP clock support registered
[    2.206120] EDAC MC: Ver: 3.0.0
[    2.206455] zynqmp-ipi-mbox mailbox@ff990400: Registered ZynqMP IPI mbox with TX/RX channels.
[    2.206605] FPGA manager framework
[    2.206720] AdD12E SOM
[    0.000000] efi: Getting EFI parameters from FDT:
[    0.000000] efi: UEFI not found.
[    0.000000] cma: Reserved 256 MiB at 0x000000006fc00000
[    0.000000] psci: probing for conduit method from DT.
[    0.000000] psci: PSCIv1.1 detecte    0.000000] Kernel command line: console=ttyPS0,115200 clk_ignore_unused root=/dev/mmcblk1p2 rootfstype=ext4 rw rootwait earlyprintk
[    0.000000] Dentry cache hash table entries: 524288 (order: 10, 4194304 bytes, linear)
[    0.000000] Inode-cache hae (11644K kernel code, 672K rwdata, 3624K rodata, 704K init, 323K bss, 163432K reserved, 262144K cma-reserved)
[    0.000000] rcu: Hierarchical RCU implementation.
[    0.000000] rcu: 	RCU event tracing is enabled.
[    0.000000] rcu: 	RCU restricting CPUs from NR_CPUS=8 to nr_cpu_ids=4.
[    0.000000] rcu: RCU calculated value of scheduler-enlistment delay is 25 jiffies.
[    0.000000] rcu: Adjusting geometry for rcu_fanout_leaf=16, nr_cpu_ids=4
[    0.000000] NR_IRQS: 64, nr_irqs: 64, preallocated irqs: 0
[    0.000000] GIC: Adjusting CPU interface base to 0x00000000f902f000
[    0.000000] GIC: Using split EOI/Deactivate mode
[    0.000000] random: get_random_bytes called from start_kernel+0x2a8/0x42c with crng_init=0
[    0.000000] arch_timer: cp15 timer(s) running at 33.33MHz (phys).
[    0.000000] clocksource: arch_sys_counter: mask: 0xffffffffffffff max_cycles: 0x7b0074340, max_idle_ns: 440795202884 ns
[    0.000003] sched_clock: 56 bits at 33MHz, resolution 30ns, wraps every 2199023255543ns
[    0.000267] Console: colour dummy device 80x25
[    0.000287] Calibrating delay loop (skipped), value calculated using timer frequency.. 66.66 BogoMIPS (lpj=133332)
[    0.000295] pid_max: default: 32768 minimum: 301
[    0.000427] Mount-cache hash table entries: 8192 (order: 4, 65536 bytes, linear)
[    0.000441] Mountpoint-cache hash table entries: 8192 (order: 4, 65536 bytes, linear)
[    0.001313] ASID allocator initialised with 32768 entries
[    0.001362] rcu: Hierarchical SRCU implementation.
[    0.001527] EFI services will not be available.
[    0.001645] smp: Bringing up secondary CPUs ...
[    0.001944] Detected VIPT I-cache on CPU1
[    0.001974] CPU1: Booted secondary processor 0x0000000001 [0x410fd034]
[    0.002292] Detected VIPT I-cache on CPU2
[    0.002310] CPU2: Booted secondary processor 0x0000000002 [0x410fd034]
[    0.002605] Detected VIPT I-cache on CPU3
[    0.002622] CPU3: Booted secondary processor 0x0000000003 [0x410fd034]
[    0.002664] smp: Brought up 1 node, 4 CPUs
[    0.002675] SMP: Total of 4 processors activated.
[    0.002679] CPU features: detected: 32-bit EL0 Support
[    0.002684] CPU features: detected: CRC32 instructions
[    0.002712] CPU: All CPU(s) started at EL2
[    0.002725] alternatives: p7451] VFS: Dquot-cache hash table entries: 512 (order 0, 4096 bytes)
[    2.211057] NET: Registered protocol family 2
[    2.211399] tcp_listen_portaddr_hash hash table entries: 2048 (order: 3, 32768 bytes, linear)
[    2.211440] TCP established hash table entries: 32768 (order: 6, 262144 bytes, linear)
[    2.211624] TCP bind hash table entries: 32768 (order: 7, 524288 bytes, linear)
[    2.211975] TCP: Hash tables configured (established 32768 bind 32768)
[    2.212038] UDP hash table entries: 2048 (order: 4, 65536 bytes, linear)
[    2.212104] UDP-Lite hash table entries: 2048 (order: 4, 65536 bytes, linear)
[    2.212249] NET: Registered protocol family 1
[    2.212489] RPC: Registered named UNIX socket transport module.
[    2.212493] RPC: Registered udp transport module.
[    2.212496] RPC: Registered tcp transport module.
[    2.212499] RPC: Registered tcp NFSv4.1 backchannel transport module.
[    2.212731] PCI: CLS 0 bytes, default 64
[    2.213148] hw perfevents: no interrupt-affinity property for /pmu, guessing.
[    2.213283] hw perfevents: enabled with armv8_pmuv3 PMU driver, 7 counters available
[    2.213947] Initialise system trusted keyrings
[    2.214024] workingset: timestamp_bits=46 max_order=20 bucket_order=0
[    2.21470vanced Linux Sound Architecture Driver Initialized.
[    2.206958] Bluetooth: Core ver 2.22
[    2.206981] NET: Registered protocol family 31
[    2.206984] Bluetooth: HCI device and connection manager initialized
[    2.206991] Bluetooth: HCI socket layer initialized
[    2.206996] Bluetooth: L2CAP socket layer initialized
[    2.207007] Bluetooth: SCO socket layer initialized
[    2.207327] clocksource: Switched to clocksource arch_sys_counter
[    2.207412] VFS: Disk quotas dquot_6.6.0
[    2.20bcore: registered new interface driver btusb
[    2.265492] usbcore: registered new interface driver ath3k
[    2.265634] EDAC MC0: 13 UE BankGroup Number 0 Block Number 0 on mc#0csrow#0channel#0 (csrow:0 channel:0 page:0x0 offset:0x0 grain:1)
[    2.265702] EDAC MC0: Giving out device to module 1 controller synps_ddr_controller: DEV synps_edac (INTERRUPT)
[    2.265836] EDAC DEVICE0: Giving out device to module zynqmp-ocm-edac controller zynqmp_ocm: DEV ff960000.memory-controller (INTERRUPT)
[    2.266154] sdhci: Secure Digital Host Controller Interface driver
[    2.266157] sdhci: Copyright(c) Pierre Ossman
[    2.266160] sdhci-pltfm: SDHCI platform and OF driver helper
[    2.266433] ledtrig-cpu: registered to indicate activity on CPUs
[    2.266472] zynqmp_firmware_probe Platform Management API v1.1
[    2.266476] zynqmp_firmware_probe Trustzone version v1.0
[    2.288965] alg: No test for xilinx-zynqmp-aes (zynqmp-aes)
[    2.289114] zynqmp_aes zynqmp_aes: AES Successfully Registered
[    2.289114] 
[    2.289255] alg: No test for xilinx-keccak-384 (zynqmp-keccak-384)
[    2.289455] alg: No test for xilinx-zynqmp-rsa (zynqmp-rsa)
[    2.289677] usbcore: registered new interface driver usbhid
[    2.289681] usbhid: USB HID core driver
[    2.291754] fpga_manager fpga0: Xilinx ZynqMP FPGA Manager registered
[    2.292005] usbcore: registered new interface driver snd-usb-audio
[    2.292674] pktgen: Packet Generator for packet performance testing. Version: 2.75
[    2.293170] Initializing XFRM netlink socket
[    2.293250] NET: Registered protocol family 10
[    2.293613] Segment Routing with IPv6
[    2.293711] sit: IPv6, IPv4 and MPLS over IPv4 tunneling driver
[    2.294009] NET: Registered protocol family 17
[    2.294022] NET: Registered protocol family 15
[    2.294039] bridge: filtering via arp/ip/ip6tables is no longer available by default. Update your scripts to load br_netfilter if you need this.
[    2.294043] can: controller area network core (rev 20170425 abi 9)
[    2.294068] NET: Registered protocol family 29
[    2.294072] can: raw protocol (rev 20170425)
[    2.294076] can: broadcast manager protocol (rev 20170425 t)
[    2.294082] can: netlink gateway (rev 20190810) max_hops=1
[    2.294144] Bluetooth: RFCOMM TTY layer initialized
[    2.294151] Bluetooth: RFCOMM socket layer initialized
[    2.294164] Bluetooth: RFCOMM ver 1.11
[    2.294171] Bluetooth: BNEP (Ethernet Emulation) ver 1.3
[    2.294174] Bluetooth: BNEP filters: protocol multicast
[    2.294179] Bluetooth: BNEP socket layer initialized
[    2.294183] Bluetooth: HIDP (Human Interface Emulation) ver 1.2
[    2.294188] Bluetooth: HIDP socket layer initialized
[    2.294285] 9pnet: Installing 9P2000 support
[    2.294302] Key type dns_resolver registered
[    2.294571] registered taskstats version 1
[    2.294575] Loading compiled-in X.509 certificates
[    2.294940] Btrfs loaded, crc32c=crc32c-generic
[    2.302756] ff000000.serial: ttyPS0 at MMIO 0xff000000 (irq = 41, base_baud = 6249999) is a xuartps
[    3.548695] printk: console [ttyPS0] enabled
[    3.553266] of-fpga-region fpga-full: FPGA Region probed
[    3.582629] xilinx-zynqmp-dma fd520000.dma: ZynqMP DMA driver Probe success
[    3.589713] xilinx-zynqmp-dma fd530000.dma: ZynqMP DMA driver Probe success
[    3.618048] xilinx-zynqmp-dma fd570000.dma: ZynqMP DMA driver Probe success
[    3.625200] xilinx-zynqmp-dma ffa80000.dma: ZynqMP DMA driver Probe success
[    3.632283] xilinx-zynqmp-dma ffa90000.dma: ZynqMP DMA driver Pr7] NFS: Registering the id_resolver key type
[    2.214717] Key type id_resolver registered
[    2.214720] Key type id_legacy registered
[    2.214728] nfs4filelayout_init: NFSv4 File Layout Driver Registering...
[    2.214743] jffs2: version 2.2. (NAND) Â© 2001-2006 Red Hat, Inc.
[    2.225954] NET: Registered protocol family 38
[    2.225960] Key type asymmetric registered
[    2.225965] Asymmetric key parser 'x509' registered
[    2.225986] Block layer SCSI generic (bsg) driver version 0.4 loaded (major 247)
[    2.225992] io scheduler mq-deadline registered
[    2.225996] io scheduler kyber registered
[    2.249092] Serial: 8250/16550 driver, 4 ports, IRQ sharing disabled
[    2.251601] cacheinfo: Unable to detect cache hierarchy for CPU 0
[    2.255420] brd: module loaded
[    2.259408] loop: module loaded
[    2.259971] mtdoops: mtd device (mtddev=name/number) must be supplied
[    2.260930] libphy: Fixed MDIO Bus: probed
[    2.261781] tun: Universal TUN/TAP device driver, 1.6
[    2.261863] CAN device driver interface
[    2.262486] usbcore: registered new interface driver asix
[    2.262521] usbcore: registered new interface driver ax88179_178a
[    2.262540] usbcore: registered new interface driver cdc_ether
[    2.262560] usbcore: registered new interface driver net1080
[    2.262579] usbcore: registered new interface driver cdc_subset
[    2.262600] usbcore: registered new interface driver zaurus
[    2.262628] usbcore: registered new interface driver cdc_ncm
[    2.263235] usbcore: registered new interface driver uas
[    2.263262] usbcore: registered new interface driver usb-storage
[    2.263764] rtc_zynqmp ffa60000.rtc: registered as rtc0
[    2.263804] i2c /dev entries driver
[    2.264987] usbcore: registered new interface driver uvcvideo
[    2.264990] USB Video Class driver (1.1.1)
[    2.265272] Bluetooth: HCI UART driver ver 2.3
[    2.265277] Bluetooth: HCI UART protocol H4 registered
[    2.265281] Bluetooth: HCI UART protocol BCSP registered
[    2.265297] Bluetooth: HCI UART protocol LL registered
[    2.265301] Bluetooth: HCI UART protocol ATH3K registered
[    2.265316] Bluetooth: HCI UART protocol Three-wire (H5) registered
[    2.265347] Bluetooth: HCI UART protocol Intel registered
[    2.265361] Bluetooth: HCI UART protocol QCA registered
[    2.265387] usbcore: registered new interface driver bcm203x
[    2.265411] usbcore: registered new interface driver bpa10x
[    2.265433] usbcore: registered new interface driver bfusb
[    2.265456] us[    3.559087] GPIO IRQ not connected
[    3.562479] XGpio: gpio@80010000: registered, base is 509
[    3.568455] xilinx-zynqmp-dma fd500000.dma: ZynqMP DMA driver Probe success
[    3.575543] xilinx-zynqmp-dma fd510000.dma: ZynqMP DMA driver Probe success
[    3.596801] xilinx-zynqmp-dma fd540000.dma: ZynqMP DMA driver Probe success
[    3.603881] xilinx-zynqmp-dma fd550000.dma: ZynqMP DMA driver Probe success
[    3.610965] xilinx-zynqmp-dma fd560000.dma: ZynqMP DMA driver Probe success
[    3.912227] dwc3 fe300000.dwc3: Failed to get clk 'ref': -2
[    3.918542] cdns-i2c ff020000.i2c: 400 kHz mmio ff020000 irq 32
[    3.923148] xhci-hcd xhci-hcd.0.auto: xHCI Host Controller
[    3.924808] cpufreq: cpufreq_online: CPU0: Running at unlisted freq: 1333333 KHz
[    3.929942] xhci-hcd xhci-hcd.0.auto: new USB bus registered, assigned bus number 1
[    3.937327] cpu cpu0: dev_pm_opp_set_rate: failed to find current OPP for freq 1333333320 (-34)
[    3.945057] xhci-hcd xhci-hcd.0.auto: hcc params 0x0238f625 hci version 0x100 quirks 0x0000000202010010
[    3.953699] cpufreq: cpufreq_online: CPU0: Unlisted initial frequency changed to: 1199999 KHz
[    3.963061] xhci-hcd xhci-hcd.0.auto: irq 46, io mem 0xfe300000
[    3.971561] cpu cpu0: dev_pm_opp_set_rate: failed to find current OPP for freq 1333333320 (-34)
[    3.977871] xhci-hcd xhci-hcd.1.auto: xHCI Host Controller
[    3.991676] usb usb1: New USB device found, idVendor=1d6b, idProduct=0002, bcdDevice= 5.04
[    3.999931] usb usb1: New USB deobe success
[    3.639372] xilinx-zynqmp-dma ffaa0000.dma: ZynqMP DMA driver Probe success
[    3.646457] xilinx-zynqmp-dma ffab0000.dma: ZynqMP DMA driver Probe success
[    3.653538] xilinx-zynqmp-dma ffac0000.dma: ZynqMP DMA driver Probe success
[    3.660625] xilinx-zynqmp-dma ffad0000.dma: ZynqMP DMA driver Probe success
[    3.667706] xilinx-zynqmp-dma ffae0000.dma: ZynqMP DMA driver Probe success
[    3.674794] xilinx-zynqmp-dma ffaf0000.dma: ZynqMP DMA driver Probe success
[    3.681983] zynqmp-qspi ff0f0000.spi: rx bus width not found
[    3.687639] zynqmp-qspi ff0f0000.spi: tx bus width not found
[    3.693445] spi_master spi0: cannot find modalias for /amba/spi@ff0f0000/flash@0
[    3.700835] spi_master spi0: Failed to create SPI device for /amba/spi@ff0f0000/flash@0
[    3.709112] macb ff0b0000.ethernet: Not enabling partial store and forward
[    3.716005] macb ff0b0000.ethernet: invalid hw address, using random
[    3.722814] libphy: MACB_mii_bus: probed
[    3.728947] zynqmp_pll_disable() clock disable failed for dpll_int, ret = -13
[    3.796528] Micrel KSZ9031 Gigabit PHY ff0b0000.ethernet-ffffffff:03: attached PHY driver [Micrel KSZ9031 Gigabit PHY] (mii_bus:phy_addr=ff0b0000.ethernet-ffffffff:03, irq=POLL)
[    3.812346] macb ff0b0000.ethernet eth0: Cadence GEM rev 0x50070106 at 0xff0b0000 irq 29 (6e:25:11:18:99:7c)
[    3.822416] macb ff0c0000.ethernet: Not enabling partial store and forward
[    3.829310] macb ff0c0000.ethernet: invalid hw address, using random
[    3.836045] libphy: MACB_mii_bus: probed
[    3.840106] mdio_bus ff0c0000.ethernet-ffffffff: MDIO device at address 3 is missing.
[    3.863964] xilinx-axipmon ffa00000.perf-monitor: Probed Xilinx APM
[    3.870441] xilinx-axipmon fd0b0000.perf-monitor: Probed Xilinx APM
[    3.876883] xilinx-axipmon fd490000.perf-monitor: Probed Xilinx APM
[    3.883353] xilinx-axipmon ffa10000.perf-monitor: Probed Xilinx APM
[    3.889815] dwc3-of-simple ff9d0000.usb0: dwc3_simple_set_phydata: Can't find usb3-phy
[    3.898079] dwc3 fe200000.dwc3: Failed to get clk 'ref': -2
[    3.904025] dwc3-of-simple ff9e0000.usb1: dwc3_simple_set_phydata: Can't find usb3-phy
[    4.039316] xhci-hcd xhci-hcd.0.auto: xHCI Host Controller
[    4.044810] xhci-hcd xhci-hcd.0.auto: new USB bus registered, assigned bus number 2
[    4.052466] xhci-hcd xhci-hcd.0.auto: Host supports USB 3.0 SuperSpeed
[    4.055884] mmc1: SDHCI controller on ff170000.mmc [ff170000.mmc] using ADMA 64-bit
[    4.059072] usb usb2: We don't know the algorithms for LPM for this host, disabling LPM.
[    4.074708] rtc_zynqmp ffa60000.rtc: setting system clock to 1970-01-01T00:00:08 UTC (8)
[    4.074711] of_cfs_init
[    4.074736] of_cfs_init: OK
[    4.082924] usb usb2: New USB device found, idVendor=1d6b, idProduct=0003, bcdDevice= 5.04
[    4.085347] cfg80211: Loading compiled-in X.509 certificates for regulatory database
[    4.088023] usb usb2: New USB device strings: Mfr=3, Product=2, SerialNumber=1
[    4.111237] usb usb2: Product: xHCI Host Controller
[    4.116111] usb usb2: Manufacturer: Linux 5.4.0-xilinx-v2020.1 xhci-hcd
[    4.122716] usb usb2: SerialNumber: xhci-hcd.0.auto
[    4.127900] hub 2-0:1.0: USB hub found
[    4.131761] hub 2-0:1.0: 1 port detected
[    4.135927] xhci-hcd xhci-hcd.1.auto: new USB bus registered, assigned bus number 3
[    4.143686] xhci-hcd xhci-hcd.1.auto: hcc params 0x0238f625 hci version 0x100 quirks 0x0000000202010010
[    4.153101] xhci-hcd xhci-hcd.1.auto: irq 43, io mem 0xfe200000
[    4.191459] hub 3-0:1.0: USB hub found
[    4.297632] Waiting for root device /dev/mmcblk1p2...
[    4.331011] mmcblk1: mmc1:5048 SD16G 14.4 GiB 
[    4.336728]  mmcblk1: p1 p2
[    4.352919] mmc0: new HS200 MMC card at address 0001
[    4.358190] mmcblk0: mmc0:0001 W52516 14.3 GiB 
[    4.362891] mmcblk0boot0: mmc0:0001 W52516 partition 1 4.00 MiB
[    4.368970] mmcblk0boot1: mmc0:0001 W52516 partition 2 4.00 MiB
[    4.374971] mmcblk0rpmb: mmc0:0001 W52516 partition 3 4.00 MiB, chardev (245:0)
[    4.383093]  mmcblvice strings: Mfr=3, Product=2, SerialNumber=1
[    4.007140] usb usb1: Product: xHCI Host Controller
[    4.012012] usb usb1: Manufacturer: Linux 5.4.0-xilinx-v2020.1 xhci-hcd
[    4.018004] mmc0: SDHCI controller on ff160000.mmc [ff160000.mmc] using ADMA 64-bit
[    4.018616] usb usb1: SerialNumber: xhci-hcd.0.auto
[    4.031421] hub 1-0:1.0: USB hub found
[    4.035226] hub 1-0:1.0: 1 port detected
[    4.159331] usb usb3: New USB device found, idVendor=1d6b, idProduct=0002, bcdDevice= 5.04
[    4.167595] usb usb3: New USB device strings: Mfr=3, Product=2, SerialNumber=1
[    4.174815] usb usb3: Product: xHCI Host Controller
[    4.179684] usb usb3: Manufacturer: Linux 5.4.0-xilinx-v2020.1 xhci-hcd
[    4.186289] usb usb3: SerialNumber: xhci-hcd.1.auto
[    4.195313] hub 3-0:1.0: 1 port detected
[    4.199497] xhci-hcd xhci-hcd.1.auto: xHCI Host Controller
[    4.204993] xhci-hcd xhci-hcd.1.auto: new USB bus registered, assigned bus number 4
[    4.212655] xhci-hcd xhci-hcd.1.auto: Host supports USB 3.0 SuperSpeed
[    4.219224] usb usb4: We don't know the algorithms for LPM for this host, disabling LPM.
[    4.220253] cfg80211: Loaded X.509 cert 'sforshee: 00b28ddf47aef9cea7'
[    4.227372] usb usb4: New USB device found, idVendor=1d6b, idProduct=0003, bcdDevice= 5.04
[    4.233824] clk: Not disabling unused clocks
[    4.242081] usb usb4: New USB device strings: Mfr=3, Product=2, SerialNumber=1
[    4.246328] ALSA device list:
[    4.253542] usb usb4: Product: xHCI Host Controller
[    4.256491]   No soundcards found.
[    4.261354] usb usb4: Manufacturer: Linux 5.4.0-xilinx-v2020.1 xhci-hcd
[    4.264848] platform regulatory.0: Direct firmware load for regulatory.db failed with error -2
[    4.271340] usb usb4: SerialNumber: xhci-hcd.1.auto
[    4.284808] cfg80211: failed to load regulatory.db
[    4.284956] hub 4-0:1.0: USB hub found
[    4.293460] hub 4-0:1.0: 1 port detected
[    4.325173] mmc1: new high speed SDHC card at address 5048
k0: p1
[    8.326424] random: fast init done
[   10.790278] EXT4-fs (mmcblk1p2): 136 orphan inodes deleted
[   10.795767] EXT4-fs (mmcblk1p2): recovery complete
[   15.619774] systemd[1]: systemd 219 running in system mode. (+PAM +AUDIT +SELINUX +IMA -APPARMOR +SMACK +SYSVINIT +UTMP +LIBCRYPTSETUP +GCRYPT +GNUTLS +ACL +XZ +LZ4 -SECCOMP +BLKID +ELFUTILS +KMOD +IDN)
[   15.638086] systemd[1]: Detected architecture arm64.

Welcome to [0;31mCentOS Linux 7 (AltArch)[0m!

[   15.660247] systemd[1]: Set hostname to <sl-xu5-eth0-01>.
[   15.678265] random: systemd: uninitialized urandom read (16 bytes read)
[   16.253781] systemd[1]: Created slice Root Slice.
[[32m  OK  [0m] Created slice Root Slice.
[   15.126249] EXT4-fs (mmcblk1p2): mounted filesystem with ordered data mode. Opts: (null)
[   15.134378] VFS: Mounted root (ext4 filesystem) on device 179:2.
[   15.148786] devtmpfs: mounted
[   15.151900] Freeing unused kernel memory: 704K
[   15.156370] Run /sbin/init as init process
[   15.570251] random: systemd: uninitialized urandom read (16 bytes read)
[   15.586222] random: systemd: uninitialized urandom read (16 bytes read)
[   16.267606] systemd[1]: Created slice System Slice.
[[32m  OK  [0m] Created slice System Slice.
[   16.283627] systemd[1]: Created slice system-selinux\x2dpolicy\x2dmigrate\x2dlocal\x2dchanges.slice.
[[32m  OK  [0m] Created slice system-selinux\x2dpol...grate\x2dlocal\x2dchanges.slice.
[   16.307452] systemd[1]: Listening on LVM2 metadata daemon socket.
[[32m  OK  [0m] Listening on LVM2 metadata daemon socket.
[   16.323434] systemd[1]: Listening on udev Control Socket.
[[32m  OK  [0m] Listening on udev Control Socket.
[   16.339586] systemd[1]: Created slice system-getty.slice.
[[32m  OK  [0m] Created slice system-getty.slice.
[   16.355444] systemd[1]: Listening on /dev/initctl Compatibility Named Pipe.
[[32m  OK  [0m] Listening on /dev/initctl Compatibility Named Pipe.
[[32m  OK  [0m] Created slice system-serial\x2dgetty.slice.
[[32m  OK  [0m] Listening on Delayed Shutdown Socket.
[[32m  OK  [0m] Listening on Journal Socket.
         Mounting POSIX Message Queue File System...
         Starting Read and set NIS domainname from /etc/sysconfig/network...
         Starting Journal Service...
[[32m  OK  [0m] Listening on Device-mapper event daemon FIFOs.
[[32m  OK  [0m] Started Forward Password Requests to Wall Directory Watch.
[[32m  OK  [0m] Listening on LVM2 poll daemon socket.
         Mounting Huge Pages File System...
         Starting Collect Read-Ahead Data...
[[32m  OK  [0m] Listening on udev Kernel Socket.
[[32m  OK  [0m] Reached target Swap.
         Mounting Debug File System...
[   16.554517] systemd-readahead[165]: Failed to create fanotify object: Function not implemented
[[32m  OK  [0m] Created slice User and Session Slice.
[[32m  OK  [0m] Reached target Slices.
         Starting Monitoring of LVM2 mirrors... dmeventd or progress polling...
[[32m  OK  [0m] Mounted POSIX Message Queue File System.
[[32m  OK  [0m] Mounted Huge Pages File System.
[[32m  OK  [0m] Mounted Debug File System.
[[32m  OK  [0m] Started Journal Service.
[[32m  OK  [0m] Started Read and set NIS domainname from /etc/sysconfig/network.
[[1;31mFAILED[0m] Failed to start Collect Read-Ahead Data.
See 'systemctl status systemd-readahead-collect.service' for details.
         Starting Setup Virtual Console...
         Starting Create Static Device Nodes in /dev...
         Mounting Configuration File System...
         Starting Configure read-only root support...
         Starting Rebuild Hardware Database...
         Starting Flush Journal to Persistent Storage...
[[32m  OK  [0m] Mounted Configuration File System.
[[32m  OK  [0m] Started Apply Kernel Variables.
[[32m  OK  [0m] Started LVM2 metadata daemon.
[   16.927242] systemd-journald[161]: Received request to flush runtime journal from PID 1
[[32m  OK  [0m] Started Create Static Device Nodes in /dev.
[[32m  OK  [0m] Started Flush Journal to Persistent Storage.
[[32m  OK  [0m] Started Configure read-only root support.
         Starting Load/Save Random Seed...
         Starting udev Kernel Device Manager...
[[32m  OK  [0m] Started Load/Save Random Seed.
[[32m  OK  [0m] Started Setup Virtual Console.
[[32m  OK  [0m] Started udev Kernel Device Manager.
[[32m  OK  [0m] Started Rebuild Hardware Database.
         Starting udev Coldplug all Devices...
         Starting Apply Kernel Variables...
[[32m  OK  [0m] Started Login Service.
[[32m  OK  [0m] Started Dump dmesg to /var/log/dmesg.
[[0m[31m*     [0m] (1 of 3) A start job is running for...progress polling (7s / no limit)[K[[1;31m*[0m[31m*    [0m] (1 of 3) A start job is running for...progress polling (7s / no limit)[K[[32m  OK  [0m] Found device /dev/ttyPS0.
[[32m  OK  [0m] Started udev Coldplug all Devices.
         Starting udev Wait for Complete Device Initialization...
         Starting Show Plymouth Boot Screen...
%G[[32m  OK  [0m] Started Show Plymouth Boot Screen.
[[32m  OK  [0m] Started udev Wait for Complete Device Initialization.
         Starting Activation of DM RAID sets...
[[32m  OK  [0m] Started Forward Password Requests to Plymouth Directory Watch.
[[32m  OK  [0m] Started Activation of DM RAID sets.
[[32m  OK  [0m] Reached target Local Encrypted Volumes.
[[32m  OK  [0m] Started Monitoring of LVM2 mirrors,...ng dmeventd or progress polling.
[[32m  OK  [0m] Reached target Local File Systems (Pre).
[[32m  OK  [0m] Reached target Local File Systems.
         Starting Tell Plymouth To Write Out Runtime Data...
         Starting Rebuild Journal Catalog...
         Starting Create Volatile Files and Directories...
[[32m  OK  [0m] Started Tell Plymouth To Write Out Runtime Data.
[[32m  OK  [0m] Started Create Volatile Files and Directories.
         Starting Security Auditing Service...
[[32m  OK  [0m] Started Rebuild Journal Catalog.
         Starting Update is Completed...
[[32m  OK  [0m] Started Update is Completed.
[[32m  OK  [0m] Started Security Auditing Service.
         Starting Update UTMP about System Boot/Shutdown...
[[32m  OK  [0m] Started Update UTMP about System Boot/Shutdown.
[[32m  OK  [0m] Reached target System Initialization.
[[32m  OK  [0m] Listening on Open-iSCSI iscsid Socket.
[[32m  OK  [0m] Started Daily Cleanup of Temporary Directories.
[[32m  OK  [0m] Reached target Timers.
[[32m  OK  [0m] Listening on D-Bus System Message Bus Socket.
[[32m  OK  [0m] Listening on PC/SC Smart Card Daemon Activation Socket.
[[32m  OK  [0m] Started Flexible branding.
[[32m  OK  [0m] Reached target Paths.
[[32m  OK  [0m] Listening on Open-iSCSI iscsiuio Socket.
[[32m  OK  [0m] Reached target Sockets.
[[32m  OK  [0m] Reached target Basic System.
         Starting Login Service...
         Starting Authorization Manager...
[[32m  OK  [0m] Started irqbalance daemon.
[[32m  OK  [0m] Started D-Bus System Message Bus.
         Starting Dump dmesg to /var/log/dmesg...
         Starting NTP client/server...
[[32m  OK  [0m] Started Authorization Manager.
         Starting firewalld - dynamic firewall daemon...
[[32m  OK  [0m] Started NTP client/server.
[[32m  OK  [0m] Started firewalld - dynamic firewall daemon.
[[32m  OK  [0m] Reached target Network (Pre).
         Starting Network Manager...
[[32m  OK  [0m] Started Network Manager.
         Starting Network Manager Wait Online...
         Starting Hostname Service...
[[32m  OK  [0m] Started Hostname Service.
         Starting Network Manager Script Dispatcher Service...
[[32m  OK  [0m] Started Network Manager Script Dispatcher Service.
[   29.625220] pps pps0: new PPS source ptp0
[   29.629266] macb ff0b0000.ethernet: gem-ptp-timer ptp clock registered.
[   33.727962] macb ff0b0000.ethernet eth0: link up (1000/Full)
[   33.733639] IPv6: ADDRCONF(NETDEV_CHANGE): eth0: link becomes ready
[   33.761358] macb ff0b0000.ethernet eth0: link up (1000/Full)
[[32m  OK  [0m] Started Network Manager Wait Online.
         Starting LSB: Bring up/down networking...
[[1;31mFAILED[0m] Failed to start LSB: Bring up/down networking.
See 'systemctl status network.service' for details.
[[32m  OK  [0m] Reached target Network.
[[32m  OK  [0m] Reached target Network is Online.
         Starting Logout off all iSCSI sessions on shutdown...
         Starting Dynamic System Tuning Daemon...
         Starting OpenSSH server daemon...
         Starting System Logging Service...
         Starting Postfix Mail Transport Agent...
[[32m  OK  [0m] Started Logout off all iSCSI sessions on shutdown.
         Starting Availability of block devices...
[[32m  OK  [0m] Reached target Remote File Systems (Pre).
[[32m  OK  [0m] Reached target Remote File Systems.
         Starting Crash recovery kernel arming...
         Starting Permit User Sessions...
[[32m  OK  [0m] Started Availability of block devices.
[[32m  OK  [0m] Started Permit User Sessions.
         Starting Terminate Plymouth Boot Screen...
[[32m  OK  [0m] Started Command Schedule[   33.750821] macb ff0b0000.ethernet: gem-ptp-timer ptp clock unregistered.
[   33.767157] pps pps0: new PPS source ptp0
[   33.771183] macb ff0b0000.ethernet: gem-ptp-timer ptp clock registered.
r.
         Starting Wait for Plymouth Boot Screen to Quit...

CentOS Linux 7 (AltArch)
Kernel 5.4.0-xilinx-v2020.1 on an aarch64

sl-xu5-eth0-01 login: roo
Password: 
ttPassword: Login incorrect

sl-xu5-eth0-01 login: roo


Login incorrect

sl-xu5-eth0-01 login: roPassword: ot

Last failed login: Wed Nov 10 19:18:04 JST 2021 on ttyPS0
There were 2 failed login attempts since the last successful login.
Last login: Wed Nov 10 16:48:22 on ttyPS0
[0;33m(sl-xu5-eth0-01)[0m ~ [0;33m#[0m 

[0;33m(sl-xu5-eth0-01)[0m ~ [0;33m#[0m 

[0;33m(sl-xu5-eth0-01)[0m ~ [0;33m#[0m [0;33m(sl-xu5-eth0-01)[0m ~ [0;33m#[0m 



[0;33m(sl-xu5-eth0-01)[0m ~ [0;33m#[0m 

[0;33m(sl-xu5-eth0-01)[0m ~ [0;33m#[0m 

[0;33m(sl-xu5-eth0-01)[0m ~ [0;33m#[0m 
[0;33m(sl-xu5-eth0-01)[0m ~ [0;33m#[0m 



[0;33m(sl-xu5-eth0-01)[0m ~ [0;33m#[0m 

[0;33m(sl-xu5-eth0-01)[0m ~ [0;33m#[0m 

[0;33m(sl-xu5-eth0-01)[0m ~ [0;33m#[0m 

[0;33m(sl-xu5-eth0-01)[0m ~ [0;33m#[0m 

[0;33m(sl-xu5-eth0-01)[0m ~ [0;33m#[0m 

[0;33m(sl-xu5-eth0-01)[0m ~ [0;33m#[0m 
[0;33m(sl-xu5-eth0-01)[0m ~ [0;33m#[0m naoetc/[K[K[K[Kn /yu/[Kno /etc/ml[K/[Kpuginconf.d/yu[Km[Kyum [K////[  200.859935] random: crng init done
[  200.863330] random: 7 urandom warning(s) missed due to ratelimiting
uplugn[Kgggii[K[K[Kn[K[K[K[K[Kplllluugginconfnd.[C[C[C[C[C[C[C[C[C[C[C[C[C[C[C[C[C[C[C[C[C[K


[0;33m(sl-xu5-eth0-01)[0m ~ [0;33m#[0m 


[0;33m(sl-xu5-eth0-01)[0m ~ [0;33m#[0m 






[0;33m(sl-xu5-eth0-01)[0m ~ [0;33m#[0m 

[0;33m(sl-xu5-eth0-01)[0m ~ [0;33m#[0m 
[0;33m(sl-xu5-eth0-01)[0m ~ [0;33m#[0m [0;33m(sl-xu5-eth0-01)[0m ~ [0;33m#[0m 
[0;33m(sl-xu5-eth0-01)[0m ~ [0;33m#[0m [0;33m(sl-xu5-eth0-01)[0m ~ [0;33m#[0m 
[0;33m(sl-xu5-eth0-01)[0m ~ [0;33m#[0m 

[0;33m(sl-xu5-eth0-01)[0m ~ [0;33m#[0m 

[0;33m(sl-xu5-eth0-01)[0m ~ [0;33m#[0m 

[0;33m(sl-xu5-eth0-01)[0m ~ [0;33m#[0m 
[0;33m(sl-xu5-eth0-01)[0m ~ [0;33m#[0m 

[0;33m(sl-xu5-eth0-01)[0m ~ [0;33m#[0m 

[0;33m(sl-xu5-eth0-01)[0m ~ [0;33m#[0m 


[0;33m(sl-xu5-eth0-01)[0m ~ [0;33m#[0m p    ipa[K a
Object "p" is unknown, try "ip help".

[0;33m(sl-xu5-eth0-01)[0m ~ [0;33m#[0m p[Ki [KNOTICE:  ATF running on XCZU5EV/silicon v4/RTL5.1 at 0xfffea000
NOTICE:  BL31: v2.2(release):xilinx_rebase_v2.2_2020.1
NOTICE:  BL31: Built : 14:03:18, Nov  9 2021


U-Boot 2020.01 (Nov 09 2021 - 14:03:20 +0000)

Model: Enclustra ME-XU5-5EV-2I-D12E SOM
Board: Xilinx ZynqMP
DRAM:  4 GiB
usb dr_mode not found
usb dr_mode not found
PMUFW:	v1.1
EL Level:	EL2
Chip ID:	zu5ev
NAND:  0 MiB
MMC:   mmc@ff160000: 0, mmc@ff170000: 1
In:    serial@ff000000
Out:   serial@ff000000
Err:   serial@ff000000
Bootmode: SD_MODE1
Reset reason:	EXTERNAL 
Net:   
ZYNQ GEM: ff0b0000, mdio bus ff0b0000, phyaddr 3, interface rgmii-id

Error: ethernet@ff0b0000 address not set.
No ethernet found.

Hit any key to stop autoboot:  2  1  0 
switch to partitions #0, OK
mmc1 is current device
Scanning mmc 1:1...
Found U-Boot script /boot.scr
2007 bytes read in 18 ms (108.4 KiB/s)
## Executing script at 20000000
ion:  gzip compressed
     Data Start:   0x100000e8
     Data Size:    8123516 Bytes = 7.7 MiB
     Architecture: AArch64
     OS:           Linux
     Load Address: 0x00080000
     Entry Point:  0x00080000
     Hash algo:    sha256
     Hash value:   cf21ee0c6fa54183eee575330a75ef084654a833002f13f9a2ae91ade2a2e4b4
   Verifying Hash Integrity ... sha256+ OK
## Loading fdt from FIT Image at 10000000 ...
   Using 'conf@system-top.dtb' configuration
   Trying 'fdt@system-top.dtb' fdt subimage
     Description:  Flattened Device Tree blob
     Type:         Flat Device Tree
     Compression:  uncomprese (11644K kernel code, 672K rwdata, 3624K rodata, 704K init, 323K bss, 163432K reserved, 262144K cma-reserved)
[    0.000000] rcu: Hierarchical RCU implementation.
[    0.000000] rcu: 	RCU event tracing is enabled.
[    0.000000] rcu: 	RCU restricting CPUs from NR_CPUS=8 to nr_cpu_ids=4.
[    0.000000] rcu: RCU calculated value of scheduler-enlistment delay is 25 jiffies.
[    0.000000] rcu: Adjusting geometry for rcu_fanout_leaf=16, nr_cpu_ids=4
[    0.000000] NR_IRQS: 64, nr_irqs: 64, preallocated irqs: 0
[    0.000000] GIC: Adjusting CPU interface base to 0x00000000f902f000
[    0.000000] GIC: Using split EOI/Deactivate mode
[    0.000000] random: get_random_bytes called from start_kernel+0x2a8/0x42c with crng_init=0
[    0.000000] arch_timer: cp15 timer(s) running at 33.33MHz (phys).
[    0.000000] clocksource: arch_sys_counter: mask: 0xffffffffffffff max_cycles: 0x7b0074340, max_idle_ns: 440795202884 ns
[    0.000003] sched_clock: 56 bits at 33MHz, resolution 30ns, wraps every 2199023255543ns
[    0.000266] Console: colour dummy device 80x25
[    0.000286] Calibrating delay loop (skipped), value calculated using timer frequency.. 66.66 BogoMIPS (lpj=133332)
[    0.000294] pid_max: default: 32768 minimum: 301
[    0.000427] Mount-cache hash table entries: 8192 (order: 4, 65536 bytes, linear)
[    0.000440] Mountpoint-cache hash table entries: 8192 (order: 4, 65536 bytes, linear)
[    0.001312] ASID allocator initialised with 32768 entries
[    0.001362] rcu: Hierarchical SRCU implementatiPT I-cache on CPU2
[    0.002307] CPU2: Booted secondary processor 0x0000000002 [0x410fd034]
[    0.002606] Detected VIPT I-cache on CPU3
[    0.002623] CPU3: Booted secondary processor 0x0000000003 [0x410fd034]
[    0.002666] smp: Brought up 1 node, 4 CPUs
[    0.002677] SMP: Total of 4 processors activated.
[    0.002681] CPU features: detected: 32-bit EL0 Support
[    0.002685] CPU features: detected: CRC32 instructions
[    0.002714] CPU: All CPU(s) started at EL2
[    0.002726] alternatives: p.013138] xor: measuring software checksum speed
[    0.052040]    8regs     :  2639.000 MB/sec
[    0.092063]    32regs    :  3027.000 MB/sec
[    0.132091]    arm64_neon:  2628.000 MB/sec
[    0.132095] xor: using function: 32regs (3027.000 MB/sec)
[    0.132105] pinctrl core: initialized pinctrl subsystem
[    0.132670] NET: Registered protocol family 16
[    0.133573] DMA: preallocated 256 KiB pool for atomic allocations
[    0.133595] audit: initializing netlink subsys (disabled)
[    0.133711] audit: type=2000 audit(0.132:1): state=initialized audit_enabled=0 res=1
[    0.134012] cpuidle: using governor menu
[    0.134174] hw-breakpoint: found 6 breakpoint and 4 watchpoint registers.
[    0.144622] HugeTLB registered 1.00 GiB page size, pre-allocated 0 pages
[    0.144628] HugeTLB registered 32.0 MiB page size, pre-allocated 0 pages
[    0.144632] HugeTLB registered 2.00 MiB page size, pre-allocated 0 pages
[    0.144637] HugeTLB registered 64.0 KiB page size, pre-allocated 0 pages
[    1.110776] DRBG: Continuing without Jitter RNG
[    1.184713] raid6: neonx8   gen()  1715 MB/s
[    1.252760] raid6: neonx8   xor()  1624 MB/s
[    1.320793] raid6: neonx4   gen()  1641 MB/s
[    1.388826] raid6: neonx4   xor()  1577 MB/s
[    1.456902] raid6: neonx2   gen()  1249 MB/s
[    1.524915] raid6: neonx2   xor()  1303 MB/s
[    1.592949] raid6: neonx1   gen()   809 MB/s
[    1.660996] raid6: neonx1   xor()   979 MB/s
[    1.729040] raid6: int64x8  gen()  1291 MB/s
[    1.797085] raid6: int64x8  xor()   844 MB/s
[    1.865131] raid6: int64x4  gen()  1085 MB/s
[    1.933140] raid6: int64x4  xor()   814 MB/s
[    2.001240] raid6: int64x2  gen()   753 MB/s
[    2.069230] raid6: int64x2  xor()   657 MB/s
[    2.137334] raid6: int64x1  gen()   499 MB/s
[    2.205304] raid6: int64x1  xor()   500 MB/s
[    2.205307] raid6: using algorithm neonx8 gen() 1715 MB/s
[    2.205310] raid6: .... xor() 1624 MB/s, rmw enabled
[    2.205314] raid6: using neon recovery algorithm
[    2.205611] iommu: Default domain type: Translated 
[    2.205803] SCSI subsystem initialized
[    2.205931] usbcore: registered new interface driver usbfs
[    2.205955] usbcore: registered new interface driver hub
[    2.205982] usbcore: registered new device driver usb
[    2.206027] mc: Linux media interface: v0.10
[    2.206044] videodev: Linux video capture interface: v2.00
[    2.206069] pps_core: LinuxPPS API ver. 1 registered
[    2.206073] pps_core: Software ver. 5.3.6 - Copyright 2005-2007 Rodolfo Giometti <giometti@linux.it>
[    2.206083] PTP clock support registered
[    2.206099] EDAC MC: Ver: 3.0.0
[    2.206436] zynqmp-ipi-mbox mailbox@ff990400: Registered ZynqMP IPI mbox with TX/RX channels.
[    2.206585] FPGA manager framework
[    2.206701] Advanced Linux Sound Architecture Driver Initialized.
[    2.206940] Bluetooth: Core ver 2.22
[    2.206962] NET: Registered protocol family 31
[    2.206965] Bluetooth: HCI device and connection manager initialized
[    2.206973] Bluetooth: HCI socket layer initialized
[    2.206978] Bluetooth: L2CAP socket layer initialized
[    2.206989] Bluetooth: SCO socket layer initialized
[    2.207312] clocksource: Switched to clocksource arch_sys_counter
[    2.207396] VFS: Disk quotas dquot_6.6.0
[    2.207435] VFS: Dquot-cache hash table entries: 512 (order 0, 4096 bytes)
[    2.211047] NET: Registered protocol family 2
[    2.211384] tcp_listen_portaddr_hash hash table entries: 2048 (order: 3, 32768 bytes, linear)
[    2.211425] TCP established hash table entries: 32768 (order: 6, 262144 bytes, linear)
[    2.211609] TCP bind hash table entries: 32768 (order: 7, 524288 bytes, linear)
[    2.211958] TCP: Hash tables configured (established 32768 bind 32768)
[    2.212021] UDP hash table entries: 2048 (order: 4, 65536 bytes, linear)
[    2.212087] UDP-Lite hash table entries: 2048 (order: 4, 65536 bytes, linear)
[    2.212232] NET: Registered protocol family 1
[    2.212470] RPC: Registered named UNIX socket transport module.
[    2.212474] RPC: Registered udp transport module.
[    2.212477] RPC: Registered tcp transport module.
[    2.212479] RPC: Registered tcp NFSv4.1 backchannel transport module.
[    2.212708] PCI: CLS 0 bytes, default 64
[    2.213123] hw perfevents: no interrupt-affinity property for /pmu, guessing.
[    2.213257] hw perfevents: enabled with armv8_pmuv3 PMU driver, 7 counters available
[    2.213923] Initialise system trusted keyrings
[    2.214000] workingset: timestamp_bits=46 max_order=20 bucket_order=0
[    2.214680] NFS: Registering the id_resolver key type
[    2.214691] Key type id_resolver registered
[    2.214695] Key type id_legacy registered
[    2.214703] nfs4filelayout_init: NFSv4 File Layout Driver Registering...
[    2.214718] jffs2: version 2.2. (NAND) Â© 2001-2006 Red Hat, Inc.
[    2.226473] NET: Registered protocol family 38
[    2.226479] Key type asymmetric registered
[    2.226484] Asymmetric key parser 'x509' registered
[    2.226502] Block layer SCSI generic (bsg) driver version 0.4 loaded (major 247)
[    2.226507] io scheduler mq-deadline registered
[    2.226511] io scheduler kyber registered
[    2.249628] Serial: 8250/16550 driver, 4 ports, IRQ sharing disabled
[    2.252140] cacheinfo: Unable to detect cache hierarchy for CPU 0
[    2.255955] brd: module loaded
[    2.259946] loop: module loaded
[    2.260517] mtdoops: mtd device (mtddev=name/number) must be supplied
[    2.261464] libphy: Fixed MDIO Bus: probed
[    2.262314] tun: Universal TUN/TAP device driver, 1.6
[    2.262388] CAN device driver interface
[    2.263012] usbcore: registered new interface driver asix
[    2.263046] usbcore: registered new interface driver ax88179_178a
[    2.263066] usbcore: registered new interface driver cdc_ether
[    2.263085] usbcore: registered new interface driver net1080
[    2.263104] usbcore: registered new interface driver cdc_subset
[    2.263124] usbcore: registered new interface driver zaurus
[    2.263152] usbcore: registered new interface driver cdc_ncm
[    2.263776] usbcore: registered new interface driver uas
[    2.263803] usbcore: registered new interface driver usb-storage
[    2.264295] rtc_zynqmp ffa60000.rtc: registered as rtc0
[    2.264335] i2c /dev entries driver
[    2.265521] usbcore: registered new interface driver uvcvideo
[    2.265524] USB Video Class driver (1.1.1)
[    2.265807] Bluetooth: HCI UART driver ver 2.3
[    2.265812] Bluetooth: HCI UART protocol H4 registered
[    2.265816] Bluetooth: HCI UART protocol BCSP registered
[    2.265832] Bluetooth: HCI UART protocol LL registered
[    2.265835] Bluetooth: HCI UART protocol ATH3K registered
[    2.265851] Bluetooth: HCI UART protocol Three-wire (H5) registered
[    2.265883] Bluetooth: HCI UART protocol Intel registered
[    2.265897] Bluetooth: HCI UART protocol QCA registered
[    2.265922] usbcore: registered new interface driver bcm203x
[    2.265945] usbcore: registered new interface driver bpa10x
[    2.265967] usbcore: registered new interface driver bfusb
[    2.265990] usbcore: registered new interface driver btusb
[    2.266025] usbcore: registered new interface driver ath3k
[    2.266167] EDAC MC0: 13 UE BankGroup Number 0 Block Number 0 on mc#0csrow#0channel#0 (csrow:0 channel:0 page:0x0 offset:0x0 grain:1)
[    2.266235] EDAC MC0: Giving out device to module 1 controller synps_ddr_controller: DEV synps_edac (INTERRUPT)
[    2.266379] EDAC DEVICE0: Giving out device to module zynqmp-ocm-edac controller zynqmp_ocm: DEV ff960000.memory-controller (INTERRUPT)
[    2.266693] sdhci: Secure Digital Host Controller Interface driver
[    2.266697] sdhci: Copyright(c) Pierre Ossman
[    2.266700] sdhci-pltfm: SDHCI platform and OF driver helper
[    2.266972] ledtrig-cpu: registered to indicate activity on CPUs
[    2.267012] zynqmp_firmware_probe Platform Management API v1.1
[    2.267016] zynqmp_firmware_probe Trustzone version v1.0
[    2.289425] alg: No test for xilinx-zynqmp-aes (zynqmp-aes)
[    2.289573] zynqmp_aes zynqmp_aes: AES Successfully Registered
[    2.289573] 
[    2.289703] alg: No test for xilinx-keccak-384 (zynqmp-keccak-384)
[    2.289901] alg: No test for xilinx-zynqmp-rsa (zynqmp-rsa)
[    2.290115] usbcore: registered new interface driver usbhid
[    2.290118] usbhid: USB HID core driver
[    2.292193] fpga_manager fpga0: Xilinx ZynqMP FPGA Manager registered
[    2.292446] usbcore: registered new interface driver snd-usb-audio
[    2.293116] pktgen: Packet Generator for packet performance testing. Version: 2.75
[    2.293610] Initializing XFRM netlink socket
[    2.293691] NET: Registered protocol family 10
[    2.294047] Segment Routing with IPv6
[    2.294145] sit: IPv6, IPv4 and MPLS over IPv4 tunneling driver
[    2.294443] NET: Registered protocol family 17
[    2.294457] NET: Registered protocol family 15
[    2.294477] bridge: filtering via arp/ip/ip6tables is no longer available by default. Update your scripts to load br_netfilter if you need this.
[    2.294481] can: controller area network core (rev 20170425 abi 9)
[    2.294506] NET: Registered protocol family 29
[    2.294510] can: raw protocol (rev 20170425)
[    2.294514] can: broadcast manager protocol (rev 20170425 t)
[    2.294520] can: netlink gateway (rev 20190810) ma8165216 bytes read in 614 ms (12.7 MiB/s)
## Loading kernel from FIT Image at 10000000 ...
   Using 'conf@system-top.dtb' configuration
   Trying 'kernel@1' kernel subimage
     Description:  Linux kernel
     Type:         Kernel Image
     Compresssed
     Data Start:   0x107bf674
     Data Size:    39812 Bytes = 38.9 KiB
     Architecture: AArch64
     Hash algo:    sha256
     Hash value:   b4cf25d32dd2f4736a65fdb1d7d64689952afc5084e8993d418141192892d5ed
   Verifying Hash Integrity ... sha256+ OK
   Booting using the fdt blob at 0x107bf674
   Uncompressing Kernel Image
   Loading Device Tree to 000000000fff3000, end 000000000ffffb83 ... OK

Starting kernel ...

[    0.000000] Booting Linux on physical CPU 0x0000000000 [0x410fd034]
[    0.000000] Linux version 5.4.0-xilinx-v2020.1 (oe-user@oe-host) (gcc version 9.2.0 (GCC)) #1 SMP Mon Nov 8 12:43:45 UTC 2021
[    0.000000] Machine model: Enclustra ME-XU5-5EV-2I-D12E SOM
[    0.000000] efi: Getting EFI parameters from FDT:
[    0.000000] efi: UEFI not found.
[    0.000000] cma: Reserved 256 MiB at 0x000000006fc00000
[    0.000000] psci: probing for conduit method from DT.
[    0.000000] psci: PSCIv1.1 detected in firmware.
[    0.000000] psci: Using standard PSCI v0.2 function IDs
[    0.000000] psci: MIGRATE_INFO_TYPE not supported.
[    0.000000] psci: SMC Calling Convention v1.1
[    0.000000] percpu: Embedded 22 pages/cpu s49944 r8192 d31976 u90112
[    0.000000] Detected VIPT I-cache on CPU0
[    0.000000] CPU features: detected: ARM erratum 845719
[    0.000000] Speculative Store Bypass Disable mitigation not required
[    0.000000] Built 1 zonelists, mobility grouping on.  Total pages: 1031940
[    0.000000] Kernel command line: console=ttyPS0,115200 clk_ignore_unused root=/dev/mmcblk1p2 rootfstype=ext4 rw rootwait earlyprintk
[    0.000000] Dentry cache hash table entries: 524288 (order: 10, 4194304 bytes, linear)
[    0.000000] Inode-cache hash table entries: 262144 (order: 9, 2097152 bytes, linear)
[    0.000000] mem auto-init: stack:off, heap alloc:off, heap free:off
[    0.000000] software IO TLB: mapped [mem 0x6bc00000-0x6fc00000] (64MB)
[    0.000000] Memory: 3767704K/4193280K availablon.
[    0.001526] EFI services will not be available.
[    0.001642] smp: Bringing up secondary CPUs ...
[    0.001942] Detected VIPT I-cache on CPU1
[    0.001971] CPU1: Booted secondary processor 0x0000000001 [0x410fd034]
[    0.002289] Detected VIatching kernel code
[    0.003730] devtmpfs: initialized
[    0.007603] clocksource: jiffies: mask: 0xffffffff max_cycles: 0xffffffff, max_idle_ns: 7645041785100000 ns
[    0.007614] futex hash table entries: 1024 (order: 4, 65536 bytes, linear)
[    0x_hops=1
[    2.294582] Bluetooth: RFCOMM TTY layer initialized
[    2.294589] Bluetooth: RFCOMM socket layer initialized
[    2.294601] Bluetooth: RFCOMM ver 1.11
[    2.294609] Bluetooth: BNEP (Ethernet Emulation) ver 1.3
[    2.294612] Bluetooth: BNEP filters: protocol multicast
[    2.294618] Bluetooth: BNEP socket layer initialized
[    2.294622] Bluetooth: HIDP (Human Interface Emulation) ver 1.2
[    2.294627] Bluetooth: HIDP socket layer initialized
[    2.294727] 9pnet: Installing 9P2000 support
[    2.294744] Key type dns_resolver registered
[    2.295019] registered taskstats version 1
[    2.295023] Loading compiled-in X.509 certificates
[    2.295409] Btrfs loaded, crc32c=crc32c-generic
[    2.303194] ff000000.serial: ttyPS0 at MMIO 0xff000000 (irq = 41, base_baud = 6249999) is a xuartps
[    3.549140] printk: console [ttyPS0] enabled
[    3.553715] of-fpga-region fpga-full: FPGA Region probed
[    3.559544] GPIO IRQ not connected
[    3.562933] XGpio: gpio@80010000: registered, base is 509
[    3.568908] xilinx-zynqmp-dma fd500000.dma: ZynqMP DMA driver Probe success
[    3.575998] xilinx-zynqmp-dma fd510000.dma: ZynqMP DMA driver Probe success
[    3.583082] xilinx-zynqmp-dma fd520000.dma: ZynqMP DMA driver Probe success
[    3.590168] xilinx-zynqmp-dma fd530000.dma: ZynqMP DMA driver Probe success
[    3.597252] xilinx-zynqmp-dma fd540000.dma: ZynqMP DMA driver Probe success
[    3.604337] xilinx-zynqmp-dma fd550000.dma: ZynqMP DMA driver Probe success
[    3.611428] xilinx-zynqmp-dma fd560000.dma: ZynqMP DMA driver Probe success
[    3.618521] xilinx-zynqmp-dma fd570000.dma: ZynqMP DMA driver Probe success
[    3.625670] xilinx-zynqmp-dma ffa80000.dma: ZynqMP DMA driver Probe success
[    3.632753] xilinx-zynqmp-dma ffa90000.dma: ZynqMP DMA driver Probe success
[    3.639838] xilinx-zynqmp-dma ffaa0000.dma: ZynqMP DMA driver Probe success
[    3.646919] xilinx-zynqmp-dma ffab0000.dma: ZynqMP DMA driver Probe success
[    3.654002] xilinx-zynqmp-dma ffac0000.dma: ZynqMP DMA driver Probe success
[    3.661086] xilinx-zynqmp-dma ffad0000.dma: ZynqMP DMA driver Probe success
[    3.668172] xilinx-zynqmp-dma ffae0000.dma: ZynqMP DMA driver Probe success
[    3.675255] xilinx-zynqmp-dma ffaf0000.dma: ZynqMP DMA driver Probe success
[    3.682449] zynqmp-qspi ff0f0000.spi: rx bus width not found
[    3.688102] zynqmp-qspi ff0f0000.spi: tx bus width not found
[    3.693905] spi_master spi0: cannot find modalias for /amba/spi@ff0f0000/flash@0
[    3.701297] spi_master spi0: Failed to create SPI device for /amba/spi@ff0f0000/flash@0
[    3.709568] macb ff0b0000.ethernet: Not enabling partial store and forward
[    3.716468] macb ff0b0000.ethernet: invalid hw address, using random
[    3.723272] libphy: MACB_mii_bus: probed
0xff0b0000 irq 29 (a2:3d:de:4e:a9:68)
[    3.826377] macb ff0c0000.ethernet: Not enabling partial store and forward
[    3.833271] macb ff0c0000.ethernet: invalid hw address, using random
[    3.840001] libphy: MACB_mii_bus: probed
[    3.844060] mdio_bus ff0c0000.ethernet-ffffffff: MDIO device at address 3 is missing.
[    3.867941] xilinx-axipmon ffa00000.perf-monitor: Probed Xilinx APM
[    3.874421] xilinx-axipmon fd0b0000.perf-monitor: Probed Xilinx APM
[    3.880868] xilinx-axipmon fd490000.perf-monitor: Probed Xilinx APM
[    3.887333] xilinx-axipmon ffa10000.perf-monitor: Probed Xilinx APM
[    3.893793] dwc3-of-simple ff9d0000.usb0: dwc3_simple_set_phydata: Can't find usb3-phy
[    3.902057] dwc3 fe200000.dwc3: Failed to get clk 'ref': -2
[    3.908005] dwc3-of-simple ff9e0000.usb1: dwc3_simple_set_phydata: Can't find usb3-phy
[    3.916213] dwc3 fe300000.dwc3: Failed to get clk 'ref': -2
[    3.922515] cdns-i2c ff020000.i2c: 400 kHz mmio ff020000 irq 32
[    3.927135] xhci-hcd xhci-hcd.0.auto: xHCI Host Controller
[    3.928779] cpufreq: cpufreq_online: CPU0: Running at unlisted freq: 1333333 KHz
[    3.933910] xhci-hcd xhci-hcd.0.auto: new USB bus registered, assigned bus number 1
[    3.941297] cpu cpu0: dev_pm_opp_set_rate: failed to find current OPP for freq 1333333320 (-34)
[    3.949027] xhci-hcd xhci-hcd.0.auto: hcc params 0x0238f625 hci version 0x100 quirks 0x0000000202010010
[    3.957668] cpufreq: cpufreq_online: CPU0: Unlisted initial frequency changed to: 1199999 KHz
[    3.967029] xhci-hcd xhci-hcd.0.auto: irq 46, io mem 0xfe300000
[    3.975542] cpu cpu0: dev_pm_opp_set_rate: failed to find current OPP for freq 1333333320 (-34)
[    3.981853] xhci-hcd xhci-hcd.1.auto: xHCI Host Controller
[    3.995678] usb usb1: New USB device found, idVendor=1d6b, idProduct=0002, bcdDevice= 5.04
[    4.003935] usb usb1: New USB device strings: Mfr=3, Product=2, SerialNumber=1
[    4.011144] usb usb1: Product: xHCI Host Controller
[    4.016015] usb usb1: Manufacturer: Linux 5.4.0-xilinx-v2020.1 xhci-hcd
[    4.022010] mmc0: SDHCI controller on ff160000.mmc [ff160000.mmc] using ADMA 64-bit
[    4.022619] usb usb1: SerialNumber: xhci-hcd.0.auto
[    4.035426] hub 1-0:1.0: USB hub found
[    4.039230] hub 1-0:1.0: 1 port detected
[    4.043330] xhci-hcd xhci-hcd.0.auto: xHCI Host Controller
[    4.048821] xhci-hcd xhci-hcd.0.auto: new USB bus registered, assigned bus number 2
[    4.056471] xhci-hcd xhci-hcd.0.auto: Host supports USB 3.0 SuperSpeed
[    4.059866] mmc1: SDHCI controller on ff170000.mmc [ff170000.mmc] using ADMA 64-bit
[    4.063078] usb usb2: We don't know the algorithms for LPM for this host, disabling LPM.
[    4.078713] rtc_zynqmp ffa60000.rtc: setting system clock to 1970-01-01T00:00:08 UTC (8)
[    4.078717] of_cfs_init
[    4.078742] of_cfs_init: OK
[    4.086930] usb usb2: New USB device found, idVendor=1d6b, idProduct=0003, bcdDevice= 5.04
[    4.089354] cfg80211: Loading compiled-in X.509 certificates for regulatory database
[    4.092027] usb usb2: New USB device strings: Mfr=3, Product=2, SerialNumber=1
[    4.115228] usb usb2: Product: xHCI Host Controller
[    4.120097] usb usb2: Manufacturer: Linux 5.4.0-xilinx-v2020.1 xhci-hcd
[    4.126703] usb usb2: SerialNumber: xhci-hcd.0.auto
[    4.131922] hub 2-0:1.0: USB hub found
[    4.135778] hub 2-0:1.0: 1 port detected
[    4.139950] xhci-hcd xhci-hcd.1.auto: new USB bus registered, assigned bus number 3
[    4.147703] xhci-hcd xhci-hcd.1.auto: hcc params 0x0238f625 hci version 0x100 quirks 0x0000000202010010
[    4.157116] xhci-hcd xhci-hcd.1.auto: irq 43, io mem 0xfe200000
[    4.163343] usb usb3: New USB device found, idVendor=1d6b, idProduct=0002, bcdDevice= 5.04
[    4.171608] usb usb3: New USB device strings: Mfr=3, Product=2, SerialNumber=1
[    4.178828] usb usb3: Product: xHCI Host Controller
[    4.183697] usb usb3: Manufacturer: Linux 5.4.0-xilinx-v2020.1 xhci-hcd
[    4.190302] usb usb3: SerialNumber: xhci-hcd.1.auto
[    4.195498] hub 3-0:1.0: USB hub found
[    4.199358] hub 3-0:1.0: 1 port detected
[    4.203524] xhci-hcd xhci-hcd.1.auto: xHCI Host Controller
[    4.209013] xhci-hcd xhci-hcd.1.auto: new USB bus registered, assigned bus number 4
[    4.216673] xhci-hcd xhci-hcd.1.auto: Host supports USB 3.0 SuperSpeed
[    4.223247] usb usb4: We don't know the algorithms for LPM for this host, disabling LPM.
[    4.224250] cfg80211: Loaded X.509 cert 'sforshee: 00b28ddf47aef9cea7'
[    4.231403] usb usb4: New USB device found, idVendor=1d6b, idProduct=0003, bcdDevice= 5.04
[    4.237854] clk: Not disabling unused clocks
[    4.246109] usb usb4: New USB device strings: Mfr=3, Product=2, SerialNumber=1
[    4.250367] ALSA device list:
[    4.257571] usb usb4: Product: xHCI Host Controller
[    4.260522]   No soundcards found.
[    4.265383] usb usb4: Manufacturer: Linux 5.4.0-xilinx-v2020.1 xhci-hcd
[    4.268872] platform regulatory.0: Direct firmware load for regulatory.db failed with error -2
[    4.275366] usb usb4: SerialNumber: xhci-hcd.1.auto
[    4.275624] hub 4-0:1.0: USB hub found
[    4.283968] cfg80211: failed to load regulatory.db
[    4.297401] hub 4-0:1.0: 1 port detected
[    4.301576] Waiting for root device /dev/mmcblk1p2...
[    4.319905] mmc1: new high speed SDHC card at address 5048
[    4.325743] mmcblk1: mmc1:5048 SD16G 14.4 GiB 
[    4.331468]  mmcblk1: p1 p2
[    4.347626] mmc0: new HS200 MMC card at address 0001
[    4.353146] mmcblk0: mmc0:0001 W52516 14.3 GiB 
[    4.357853] mmcblk0boot0: mmc0:0001 W52516 partition 1 4.00 MiB
[    4.363959] mmcblk0boot1: mmc0:0001 W52516 partition 2 4.00 MiB
[    4.369940] mmcblk0rpmb: mmc0:0001 W52516 partition 3 4.00 MiB, chardev (245:0)
[    4.378063]  mmcblk0: p1
[    7.231972] random: fast init done
[    8.808824] EXT4-fs (mmcblk1p2): recovery complete
[    8.930092] EXT4-fs (mmcblk1p2): mounted filesystem with ordered data mode. Opts: (null)
[    8.938212] VFS: Mounted root (ext4 filesystem) on device 179:2.
[    8.952507] devtmpfs: mounted
[    8.955621] Freeing unused kernel memory: 704K
[    8.960092] Run /sbin/init as init process
[    9.421896] random: systemd: uninitialized urandom read (16 bytes read)
[    9.437918] random: systemd: uninitialized urandom read (16 bytes read)
[    9.464301] systemd[1]: systemd 219 running in system mode. (+PAM +AUDIT +SELINUX +IMA -APPARMOR +SMACK +SYSVINIT +UTMP +LIBCRYPTSETUP +GCRYPT +GNUTLS +ACL +XZ +LZ4 -SECCOMP +BLKID +ELFUTILS +KMOD +IDN)
[    9.482611] systemd[1]: Detected architecture arm64.

Welcome to [0;31mCentOS Linux 7 (AltArch)[0m!

[    9.512241] systemd[1]: Set hostname to <sl-xu5-eth0-01>.
[    9.534750] random: systemd: uninitialized urandom read (16 bytes read)
[   10.102842] systemd[1]: Created slice Root Slice.
[[32m  OK  [0m] Created slice Root Slice.
[   10.119449] systemd[1]: Listening on udev Kernel Socket.
[[32m  OK  [0m] Listening on udev Kernel Socket.
[   10.135420] systemd[1]: Listening on /dev/initctl Compatibility Named Pipe.
[[32m  OK  [0m] Listening on /dev/initctl Compatibility Named Pipe.
[   10.159397] systemd[1]: Listening on Delayed Shutdown Socket.
[[32m  OK  [0m] Listening on Delayed Shutdown Socket.
[   10.175474] systemd[1]: Listening on Journal Socket.
[[32m  OK  [0m] Listening on Journal Socket.
[   10.191459] systemd[1]: Listening on udev Control Socket.
[[32m  OK  [0m] Listening on udev Control Socket.
[   10.207577] systemd[1]: Created slice System Slice.
[[32m  OK  [0m] Created slice System Slice.
         Starting Read and set NIS domainname from /etc/sysconfig/network...
[[32m  OK  [0m] Created slice system-getty.slice.
         Starting Collect Read-Ahead Data...
[[32m  OK  [0m] Created slice system-selinux\x2dpol...grate\x2dlocal\x2dchanges.slice.
[   10.274463] systemd-readahead[159]: Failed to create fanotify object: Function not implemented
         Mounting Huge Pages File System...
         Starting Journal Service...
[[32m  OK  [0m] Created slice system-serial\x2dgetty.slice.
         Mounting POSIX Message Queue File System...
[[32m  OK  [0m] Created slice User and Session Slice.
[[32m  OK  [0m] Reached target Slices.
[[32m  OK  [0m] Listening on Device-mapper event daemon FIFOs.
[[32m  OK  [0m] Listening on LVM2 poll daemon socket.
[[32m  OK  [0m] Reached target Swap.
[[32m  OK  [0m] Listening on LVM2 metadata daemon socket.
         Starting Monitoring of LVM2 mirrors... dmeventd or progress polling...
         Mounting Debug File System...
[[32m  OK  [0m] Started Forward Password Requests to Wall Directory Watch.
[[32m  OK  [0m] Mounted POSIX Message Queue File System.
[[32m  OK  [0m] Mounted Huge Pages File System.
[[32m  OK  [0m] Mounted Debug File System.
[[32m  OK  [0m] Started Journal Service.
[[32m  OK  [0m] Started Read and set NIS domainname from /etc/sysconfig/network.
[[1;31mFAILED[0m] Failed to start Collect Read-Ahead Data.
See 'systemctl status systemd-readahead-collect.service' for details.
[[32m  OK  [0m] Started LVM2 metadata daemon.
         Starting Create Static Device Nodes in /dev...
         Mounting Configuration File System...
         Starting Apply Kernel Variables...
         Starting Configure read-only root support...
         Starting udev Coldplug all Devices...
         Starting Setup Virtual Console...
         Starting Flush Journal to Persistent Storage...
[[32m  OK  [0m] Mounted Configuration File System.
[[32m  OK  [0m] Started Create Static Device Nodes in /dev.
[[32m  OK  [0m] Started Apply Kernel Variables.
         Starting udev Kernel Device Manager...
[[32m  OK  [0m] Started Configure read-only root support.
         Starting Load/Save Random Seed...
[   10.796108] systemd-journald[164]: Received request to flush runtime journal from PID 1
[[32m [    3.736491] zynqmp_pll_disable() clock disable failed for dpll_int, ret = -13
[    3.800486] Micrel KSZ9031 Gigabit PHY ff0b0000.ethernet-ffffffff:03: attached PHY driver [Micrel KSZ9031 Gigabit PHY] (mii_bus:phy_addr=ff0b0000.ethernet-ffffffff:03, irq=POLL)
[    3.816307] macb ff0b0000.ethernet eth0: Cadence GEM rev 0x50070106 at  [[32m  OK  [0m] Started udev Wait for Complete Device Initialization.
         Starting Activation of DM RAID sets...
[[32m  OK  [0m] Started Forward Password Requests to Plymouth Directory Watch.
[[32m  OK  [0m] Started Activation of DM RAID sets.
[[32m  OK  [0m] Reached target Local Encrypted Volumes.
[[32m  OK  [0m] Started Monitoring of LVM2 mirrors,...ng dmeventd or progress polling.
[[32m  OK  [0m] Reached target Local File Systems (Pre).
[[32m  OK  [0m] Reached target Local File Systems.
         Starting Tell Plymouth To Write Out Runtime Data...
         Starting Create Volatile Files and Directories...
[[32m  OK  [0m] Started Tell Plymouth To Write Out Runtime Data.
[[32m  OK  [0m] Started Create Volatile Files and Directories.
         Starting Security Auditing Service...
[[32m  OK  [0m] Started Security Auditing Service.
         Starting Update UTMP about System Boot/Shutdown...
      Starting Authorization Manager...
         Starting Dump dmesg to /var/log/dmesg...
         Starting NTP client/server...
[[32m  OK  [0m] Started D-Bus System Message Bus.
[[32m  OK  [0m] Started Dump dmesg to /var/log/dmesg.
[[32m  OK  [0m] Started Login Service.
 OK  [0m] Started udev Coldplug all Devices.
[[32m  OK  [0m] Started Flush Journal to Persistent Storage.
         Starting udev Wait for Complete Device Initialization...
[[32m  OK  [0m] Started Load/Save Random Seed.
[[32m  OK  [0m] Started udev Kernel Device Manager.
[[32m  OK  [0m] Started Setup Virtual Console.
         Starting Show Plymouth Boot Screen...
[[32m  OK  [0m] Found device /dev/ttyPS0.
[[32m  OK  [0m] Started Show Plymouth Boot Screen.
%G[[32m  OK  [0m] Started Update UTMP about System Boot/Shutdown.
[[32m  OK  [0m] Reached target System Initialization.
[[32m  OK  [0m] Listening on Open-iSCSI iscsiuio Socket.
[[32m  OK  [0m] Started Daily Cleanup of Temporary Directories.
[[32m  OK  [0m] Reached target Timers.
[[32m  OK  [0m] Started Flexible branding.
[[32m  OK  [0m] Reached target Paths.
[[32m  OK  [0m] Listening on Open-iSCSI iscsid Socket.
[[32m  OK  [0m] Listening on PC/SC Smart Card Daemon Activation Socket.
[[32m  OK  [0m] Listening on D-Bus System Message Bus Socket.
[[32m  OK  [0m] Reached target Sockets.
[[32m  OK  [0m] Reached target Basic System.
         Starting Login Service...
[[32m  OK  [0m] Started irqbalance daemon.
   [[32m  OK  [0m] Started NTP client/server.
[[32m  OK  [0m] Started Authorization Manager.
         Starting firewalld - dynamic firewall daemon...
[[32m  OK  [0m] Started Hostname Service.
         Starting Network Manager Script Dispatcher Service...
[[32m  OK  [0m] Started Network Manager Script Dispatcher Service.
[   16.460489] pps pps0: new PPS source ptp0
[   16.464531] macb ff0b0000.ethernet: gem-ptp-timer ptp clock registered.
[[32m  OK  [0m] Started firewalld - dynamic firewall daemon.
[[32m  OK  [0m] Reached target Network (Pre).
         Starting Network Manager...
[[32m  OK  [0m] Started Network Manager.
         Starting Network Manager Wait Online...
         Starting Hostname Service...
[K[[1;31m*[0m[31m*    [0m] A start job is running for Network ...ger Wait Online (12s / no limit)[K[[31m*[1;31m*[0m[31m*   [0m] A start job is running for Network ...ger Wait Online (12s / no limit)[K[ [31m*[1;31m*[0m[31m*  [0m] A start job is running for Network ...ger Wait Online (13s / no limit)[K[[32m  OK  [0m] Started Network Manager Wait Online.
         Starting LSB: Bring up/down networking...
[[1;31mFAILED[0m] Failed to start LSB: Bring up/down networking.
See 'systemctl status network.service' for details.
[[32m  OK  [0m] Reached target Network.
         Starting OpenSSH server daemon...
         Starting Dynamic System Tuning Daemon...
         Starting Postfix Mail Transport Agent...
[[32m  OK  [0m] Reached target Network is Online.
         Starting System Logging Service...
         Starting Logout off all iSCSI sessions on shutdown...
[   20.543966] macb ff0b0000.ethernet eth0: link up (1000/Full)
[   20.549639] IPv6: ADDRCONF(NETDEV_CHANGE): eth0: link becomes ready
[   20.567812] macb ff0b0000.ethernet: gem-ptp-timer ptp clock unregistered.
[   20.578289] macb ff0b0000.ethernet eth0: link up (1000/Full)
[   20.584808] pps pps0: new PPS source ptp0
[   20.588831] macb ff0b0000.ethernet: gem-ptp-timer ptp clock registered.
[[0m[31m*     [0m] A start job is running for Network ...ger Wait Online (11s / no limit)[[32m  OK  [0m] Started Logout off all iSCSI sessions on shutdown.
[[32m  OK  [0m] Reached target Remote File Systems (Pre).
[[32m  OK  [0m] Reached target Remote File Systems.
         Starting Permit User Sessions...
         Starting Crash recovery kernel arming...
         Starting Availability of block devices...
[[32m  OK  [0m] Started Availability of block devices.
[[32m  OK  [0m] Started Permit User Sessions.
         Starting Terminate Plymouth Boot Screen...
[[32m  OK  [0m] Started Command Scheduler.
         Starting Wait for Plymouth Boot Screen to Quit...

CentOS Linux 7 (AltArch)
Kernel 5.4.0-xilinx-v2020.1 on an aarch64

sl-xu5-eth0-01 login: root
Password: 
Last login: Wed Nov 10 19:18:13 on ttyPS0

[0;33m(sl-xu5-eth0-01)[0m ~ [0;33m#[0m [0;33m(sl-xu5-eth0-01)[0m ~ [0;33m#[0m [0;33m(sl-xu5-eth0-01)[0m ~ [0;33m#[0m 




[0;33m(sl-xu5-eth0-01)[0m ~ [0;33m#[0m 

[0;33m(sl-xu5-eth0-01)[0m ~ [0;33m#[0m 







[0;33m(sl-xu5-eth0-01)[0m ~ [0;33m#[0m 

[0;33m(sl-xu5-eth0-01)[0m ~ [0;33m#[0m 

[0;33m(sl-xu5-eth0-01)[0m ~ [0;33m#[0m 
[0;33m(sl-xu5-eth0-01)[0m ~ [0;33m#[0m [0;33m(sl-xu5-eth0-01)[0m ~ [0;33m#[0m [0;33m(sl-xu5-eth0-01)[0m ~ [0;33m#[0m 

[0;33m(sl-xu5-eth0-01)[0m ~ [0;33m#[0m 
[0;33m(sl-xu5-eth0-01)[0m ~ [0;33m#[0m 

[0;33m(sl-xu5-eth0-01)[0m ~ [0;33m#[0m yum[K[K[K
[0;33m(sl-xu5-eth0-01)[0m ~ [0;33m#[0m 

[0;33m(sl-xu5-eth0-01)[0m ~ [0;33m#[0m 

[0;33m(sl-xu5-eth0-01)[0m ~ [0;33m#[0m a[K

[0;33m(sl-xu5-eth0-01)[0m ~ [0;33m#[0m 
nno [K[K[K[Kn


[0;33m(sl-xu5-eth0-01)[0m ~ [0;33m#[0m 
-bash: n: command not found

[0;33m(sl-xu5-eth0-01)[0m ~ [0;33m#[0m 
[0;33m(sl-xu5-eth0-01)[0m ~ [0;33m#[0m nn[Kan[K[Ka[Knano[Knn e /etc/plugtoninconf.d/s[Kfa[Kseefaster[Kste[Krrmirror.cofn[K[K[K[K[Kf[Knf
-bash: nnanno: command not found

[0;33m(sl-xu5-eth0-01)[0m ~ [0;33m#[0m [  189.505462] random: crng init done
[  189.508858] random: 7 urandom warning(s) missed due to ratelimiting
[0;33m(sl-xu5-eth0-01)[0m ~ [0;33m#[0m nnanno  /eettc/plugincononf.d/ffassteeestmirrrronff-bash: nnanno: command not found

[0;33m(sl-xu5-eth0-01)[0m ~ [0;33m#[0m 

[0;33m(sl-xu5-eth0-01)[0m ~ [0;33m#[0m 

[0;33m(sl-xu5-eth0-01)[0m ~ [0;33m#[0m 


NOTICE:  ATF running on XCZU5EV/silicon v4/RTL5.1 at 0xfffea000
NOTICE:  BL31: v2.2(release):xilinx_rebase_v2.2_2020.1
NOTICE:  BL31: Built : 14:03:18, Nov  9 2021


U-Boot 2020.01 (Nov 09 2021 - 14:03:20 +0000)

Model: Enclustra ME-XU5-5EV-2I-D12E SOM
Board: Xilinx ZynqMP
DRAM:  4 GiB
usb dr_mode not found
usb dr_mode not found
PMUFW:	v1.1
EL Level:	EL2
Chip ID:	zu5ev
NAND:  0 MiB
MMC:   mmc@ff160000: 0, mmc@ff170000: 1
In:    serial@ff000000
Out:   serial@ff000000
Err:   serial@ff000000
Bootmode: SD_MODE1
Reset reason:	EXTERNAL 
Net:   
ZYNQ GEM: ff0b0000, mdio bus ff0b0000, phyaddr 3, interface rgmii-id

Error: ethernet@ff0b0000 address not set.
No ethernet found.

Hit any key to stop autoboot:  2  1  0 
ZynqMP> 
ZynqMP> boot
switch to partitions #0, OK
mmc1 is current device
Scanning mmc 1:1...
Found U-Boot script /boot.scr
2007 bytes read in 19 ms (102.5 KiB/s)
## Executing script at 20000000
8165216 bytes read in 614 ms (12.7 MiB/s)
## Loading kernel from FIT Image at 10000000 ...
   Using 'conf@system-top.dtb' configuration
   Trying 'kernel@1' kernel subimage
     Description:  Linux kernel
     Type:         Kernel Image
     Compression:  gzip compressed
     Data Start:   0x100000e8
     Data Size:    8123516 Bytes = 7.7 MiB
     Architecture: AArch64
     OS:           Linux
     Load Address: 0x00080000
     Entry Point:  0x00080000
     Hash algo:    sha256
     Hash value:   cf21ee0c6fa54183eee575330a75ef084654a833002f13f9a2ae91ade2a2e4b4
   Verifying Hash Integrity ... sha256+ OK
## Loading fdt from FIT Image at 10000000 ...
   Using 'conf@system-top.dtb' configuration
   Trying 'fdt@system-top.dtb' fdt subimage
     Description:  Flattened Device Tree blob
     Type:         Flat Device Tree
     Compression:  uncompressed
     Data Start:   0x107bf674
     Data Size:    39812 Bytes = 38.9 KiB
     Architecture: AArch64
     Hash algo:    sha256
     Hash value:   b4cf25d32dd2f4736a65fdb1d7d64689952afc5084e8993d418141192892d5ed
   Verifying Hash Integrity ... sha256+ OK
   Booting using the fdt blob at 0x107bf674
   Uncompressing Kernel Image
   Loading Device Tree to 000000000fff3000, end 000000000ffffb83 ... OK

Starting kernel ...

[    0.000000] Booting Linux on physical CPU 0x0000000000 [0x410fd034]
[    0.000000] Linux version 5.4.0-xilinx-v2020.1 (oe-user@oe-host) (gcc version 9.2.0 (GCC)) #1 SMP Mon Nov 8 12:43:45 UTC 2021
[    0.000000] Machine model: Enclustra ME-XU5-5EV-2I-D12E SOM
[    0.000000] efi: Getting EFI parameters from FDT:
[    0.000000] efi: UEFI not found.
[    0.000000] cma: Reserved 256 MiB at 0x000000006fc00000
[    0.000000] psci: probing for conduit method from DT.
[    0.000000] psci: PSCIv1.1 detected in firmware.
[    0.000000] psci: Using standard PSCI v0.2 function IDs
[    0.000000] psci: MIGRATE_INFO_TYPE not supported.
[    0.000000] psci: SMC Calling Convention v1.1
[    0.000000] percpu: Embedded 22 pages/cpu s49944 r8192 d31976 u90112
[    0.000000] Detected VIPT I-cache on CPU0
[    0.000000] CPU features: detected: ARM erratum 845719
[    0.000000] Speculative Store Bypass Disable mitigation not required
[    0.000000] Built 1 zonelists, mobility grouping on.  Total pages: 1031940
[    0.000000] Kernel command line: console=ttyPS0,115200 clk_ignore_unused root=/dev/mmcblk1p2 rootfstype=ext4 rw rootwait earlyprintk
[    0.000000] Dentry cache hash table entries: 524288 (order: 10, 4194304 bytes, linear)
[    0.000000] Inode-cache hash table entries: 262144 (order: 9, 2097152 bytes, linear)
[    0.000000] mem auto-init: stack:off, heap alloc:off, heap free:off
[    0.000000] software IO TLB: mapped [mem 0x6bc00000-0x6fc00000] (64MB)
[    0.000000] Memory: 3767704K/4193280K available (11644K kernel code, 672K rwdata, 3624K rodata, 704K init, 323K bss, 163432K reserved, 262144K cma-reserved)
[    0.000000] rcu: Hierarchical RCU implementation.
[    0.000000] rcu: 	RCU event tracing is enabled.
[    0.000000] rcu: 	RCU restricting CPUs from NR_CPUS=8 to nr_cpu_ids=4.
[    0.000000] rcu: RCU calculated value of scheduler-enlistment delay is 25 jiffies.
[    0.000000] rcu: Adjusting geometry for rcu_fanout_leaf=16, nr_cpu_ids=4
[    0.000000] NR_IRQS: 64, nr_irqs: 64, preallocated irqs: 0
[    0.000000] GIC: Adjusting CPU interface base to 0x00000000f902f000
[    0.000000] GIC: Using split EOI/Deactivate mode
[    0.000000] random: get_random_bytes called from start_kernel+0x2a8/0x42c with crng_init=0
[    0.000000] arch_timer: cp15 timer(s) running at 33.33MHz (phys).
[    0.000000] clocksource: arch_sys_counter: mask: 0xffffffffffffff max_cycles: 0x7b0074340, max_idle_ns: 440795202884 ns
[    0.000003] sched_clock: 56 bits at 33MHz, resolution 30ns, wraps every 2199023255543ns
[    0.000265] Console: colour dummy device 80x25
[    0.000285] Calibrating delay loop (skipped), value calculated using timer frequency.. 66.66 BogoMIPS (lpj=133332)
[    0.000293] pid_max: default: 32768 minimum: 301
[    0.000425] Mount-cache hash table entries: 8192 (order: 4, 65536 bytes, linear)
[    0.000439] Mountpoint-cache hash table entries: 8192 (order: 4, 65536 bytes, linear)
[    0.001310] ASID allocator initialised with 32768 entries
[    0.001359] rcu: Hierarchical SRCU implementation.
[    0.001524] EFI services will not be available.
[    0.001639] smp: Bringing up secondary CPUs ...
[    0.001937] Detected VIPT I-cache on CPU1
[    0.001965] CPU1: Booted secondary processor 0x0000000001 [0x410fd034]
[    0.002283] Detected VIPT I-cache on CPU2
[    0.002300] CPU2: Booted secondary processor 0x0000000002 [0x410fd034]
[    0.002596] Detected VIPT I-cache on CPU3
[    0.002613] CPU3: Booted secondary processor 0x0000000003 [0x410fd034]
[    0.002655] smp: Brought up 1 node, 4 CPUs
[    0.002665] SMP: Total of 4 processors activated.
[    0.002670] CPU features: detected: 32-bit EL0 Support
[    0.002675] CPU features: detected: CRC32 instructions
[    0.002702] CPU: All CPU(s) started at EL2
[    0.002714] alternatives: patching kernel code
[    0.003717] devtmpfs: initialized
[    0.007582] clocksource: jiffies: mask: 0xffffffff max_cycles: 0xffffffff, max_idle_ns: 7645041785100000 ns
[    0.007593] futex hash table entries: 1024 (order: 4, 65536 bytes, linear)
[    0.013117] xor: measuring software checksum speed
[    0.052035]    8regs     :  2639.000 MB/sec
[    0.092059]    32regs    :  3027.000 MB/sec
[    0.132087]    arm64_neon:  2628.000 MB/sec
[    0.132091] xor: using function: 32regs (3027.000 MB/sec)
[    0.132100] pinctrl core: initialized pinctrl subsystem
[    0.132666] NET: Registered protocol family 16
[    0.133571] DMA: preallocated 256 KiB pool for atomic allocations
[    0.133594] audit: initializing netlink subsys (disabled)
[    0.133712] audit: type=2000 audit(0.132:1): state=initialized audit_enabled=0 res=1
[    0.134010] cpuidle: using governor menu
[    0.134171] hw-breakpoint: found 6 breakpoint and 4 watchpoint registers.
[    0.144598] HugeTLB registered 1.00 GiB page size, pre-allocated 0 pages
[    0.144604] HugeTLB registered 32.0 MiB page size, pre-allocated 0 pages
[    0.144608] HugeTLB registered 2.00 MiB page size, pre-allocated 0 pages
[    0.144613] HugeTLB registered 64.0 KiB page size, pre-allocated 0 pages
[    1.110745] DRBG: Continuing without Jitter RNG
[    1.184728] raid6: neonx8   gen()  1717 MB/s
[    1.252752] raid6: neonx8   xor()  1624 MB/s
[    1.320814] raid6: neonx4   gen()  1641 MB/s
[    1.388848] raid6: neonx4   xor()  1577 MB/s
[    1.456885] raid6: neonx2   gen()  1249 MB/s
[    1.524940] raid6: neonx2   xor()  1303 MB/s
[    1.592978] raid6: neonx1   gen()   809 MB/s
[    1.661033] raid6: neonx1   xor()   978 MB/s
[    1.729077] raid6: int64x8  gen()  1291 MB/s
[    1.797135] raid6: int64x8  xor()   844 MB/s
[    1.865178] raid6: int64x4  gen()  1085 MB/s
[    1.933236] raid6: int64x4  xor()   815 MB/s
[    2.001278] raid6: int64x2  gen()   753 MB/s
[    2.069305] raid6: int64x2  xor()   657 MB/s
[    2.137429] raid6: int64x1  gen()   499 MB/s
[    2.205417] raid6: int64x1  xor()   500 MB/s
[    2.205420] raid6: using algorithm neonx8 gen() 1717 MB/s
[    2.205423] raid6: .... xor() 1624 MB/s, rmw enabled
[    2.205427] raid6: using neon recovery algorithm
[    2.205723] iommu: Default domain type: Translated 
[    2.205913] SCSI subsystem initialized
[    2.206041] usbcore: registered new interface driver usbfs
[    2.206065] usbcore: registered new interface driver hub
[    2.206094] usbcore: registered new device driver usb
[    2.206138] mc: Linux media interface: v0.10
[    2.206156] videodev: Linux video capture interface: v2.00
[    2.206172] pps_core: LinuxPPS API ver. 1 registered
[    2.206176] pps_core: Software ver. 5.3.6 - Copyright 2005-2007 Rodolfo Giometti <giometti@linux.it>
[    2.206187] PTP clock support registered
[    2.206202] EDAC MC: Ver: 3.0.0
[    2.206540] zynqmp-ipi-mbox mailbox@ff990400: Registered ZynqMP IPI mbox with TX/RX channels.
[    2.206689] FPGA manager framework
[    2.206804] Advanced Linux Sound Architecture Driver Initialized.
[    2.207041] Bluetooth: Core ver 2.22
[    2.207064] NET: Registered protocol family 31
[    2.207067] Bluetooth: HCI device and connection manager initialized
[    2.207074] Bluetooth: HCI socket layer initialized
[    2.207079] Bluetooth: L2CAP socket layer initialized
[    2.207088] Bluetooth: SCO socket layer initialized
[    2.207407] clocksource: Switched to clocksource arch_sys_counter
[    2.207492] VFS: Disk quotas dquot_6.6.0
[    2.207531] VFS: Dquot-cache hash table entries: 512 (order 0, 4096 bytes)
[    2.211153] NET: Registered protocol family 2
[    2.211488] tcp_listen_portaddr_hash hash table entries: 2048 (order: 3, 32768 bytes, linear)
[    2.211529] TCP established hash table entries: 32768 (order: 6, 262144 bytes, linear)
[    2.211713] TCP bind hash table entries: 32768 (order: 7, 524288 bytes, linear)
[    2.212063] TCP: Hash tables configured (established 32768 bind 32768)
[    2.212126] UDP hash table entries: 2048 (order: 4, 65536 bytes, linear)
[    2.212193] UDP-Lite hash table entries: 2048 (order: 4, 65536 bytes, linear)
[    2.212340] NET: Registered protocol family 1
[    2.212583] RPC: Registered named UNIX socket transport module.
[    2.212587] RPC: Registered udp transport module.
[    2.212590] RPC: Registered tcp transport module.
[    2.212593] RPC: Registered tcp NFSv4.1 backchannel transport module.
[    2.212809] PCI: CLS 0 bytes, default 64
[    2.213219] hw perfevents: no interrupt-affinity property for /pmu, guessing.
[    2.213352] hw perfevents: enabled with armv8_pmuv3 PMU driver, 7 counters available
[    2.214023] Initialise system trusted keyrings
[    2.214097] workingset: timestamp_bits=46 max_order=20 bucket_order=0
[    2.214748] NFS: Registering the id_resolver key type
[    2.214758] Key type id_resolver registered
[    2.214762] Key type id_legacy registered
[    2.214770] nfs4filelayout_init: NFSv4 File Layout Driver Registering...
[    2.214785] jffs2: version 2.2. (NAND) Â© 2001-2006 Red Hat, Inc.
[    2.226539] NET: Registered protocol family 38
[    2.226545] Key type asymmetric registered
[    2.226549] Asymmetric key parser 'x509' registered
[    2.226568] Block layer SCSI generic (bsg) driver version 0.4 loaded (major 247)
[    2.226573] io scheduler mq-deadline registered
[    2.226577] io scheduler kyber registered
[    2.249717] Serial: 8250/16550 driver, 4 ports, IRQ sharing disabled
[    2.252228] cacheinfo: Unable to detect cache hierarchy for CPU 0
[    2.256042] brd: module loaded
[    2.260036] loop: module loaded
[    2.260607] mtdoops: mtd device (mtddev=name/number) must be supplied
[    2.261559] libphy: Fixed MDIO Bus: probed
[    2.262413] tun: Universal TUN/TAP device driver, 1.6
[    2.262487] CAN device driver interface
[    2.263111] usbcore: registered new interface driver asix
[    2.263145] usbcore: registered new interface driver ax88179_178a
[    2.263165] usbcore: registered new interface driver cdc_ether
[    2.263185] usbcore: registered new interface driver net1080
[    2.263204] usbcore: registered new interface driver cdc_subset
[    2.263225] usbcore: registered new interface driver zaurus
[    2.263252] usbcore: registered new interface driver cdc_ncm
[    2.263873] usbcore: registered new interface driver uas
[    2.263901] usbcore: registered new interface driver usb-storage
[    2.264394] rtc_zynqmp ffa60000.rtc: registered as rtc0
[    2.264433] i2c /dev entries driver
[    2.265620] usbcore: registered new interface driver uvcvideo
[    2.265623] USB Video Class driver (1.1.1)
[    2.265905] Bluetooth: HCI UART driver ver 2.3
[    2.265910] Bluetooth: HCI UART protocol H4 registered
[    2.265913] Bluetooth: HCI UART protocol BCSP registered
[    2.265930] Bluetooth: HCI UART protocol LL registered
[    2.265933] Bluetooth: HCI UART protocol ATH3K registered
[    2.265949] Bluetooth: HCI UART protocol Three-wire (H5) registered
[    2.265980] Bluetooth: HCI UART protocol Intel registered
[    2.265994] Bluetooth: HCI UART protocol QCA registered
[    2.266019] usbcore: registered new interface driver bcm203x
[    2.266042] usbcore: registered new interface driver bpa10x
[    2.266064] usbcore: registered new interface driver bfusb
[    2.266087] usbcore: registered new interface driver btusb
[    2.266122] usbcore: registered new interface driver ath3k
[    2.266263] EDAC MC0: 13 UE BankGroup Number 0 Block Number 0 on mc#0csrow#0channel#0 (csrow:0 channel:0 page:0x0 offset:0x0 grain:1)
[    2.266330] EDAC MC0: Giving out device to module 1 controller synps_ddr_controller: DEV synps_edac (INTERRUPT)
[    2.266472] EDAC DEVICE0: Giving out device to module zynqmp-ocm-edac controller zynqmp_ocm: DEV ff960000.memory-controller (INTERRUPT)
[    2.266788] sdhci: Secure Digital Host Controller Interface driver
[    2.266791] sdhci: Copyright(c) Pierre Ossman
[    2.266794] sdhci-pltfm: SDHCI platform and OF driver helper
[    2.267072] ledtrig-cpu: registered to indicate activity on CPUs
[    2.267111] zynqmp_firmware_probe Platform Management API v1.1
[    2.267116] zynqmp_firmware_probe Trustzone version v1.0
[    2.289558] alg: No test for xilinx-zynqmp-aes (zynqmp-aes)
[    2.289712] zynqmp_aes zynqmp_aes: AES Successfully Registered
[    2.289712] 
[    2.289853] alg: No test for xilinx-keccak-384 (zynqmp-keccak-384)
[    2.290057] alg: No test for xilinx-zynqmp-rsa (zynqmp-rsa)
[    2.290275] usbcore: registered new interface driver usbhid
[    2.290278] usbhid: USB HID core driver
[    2.292360] fpga_manager fpga0: Xilinx ZynqMP FPGA Manager registered
[    2.292609] usbcore: registered new interface driver snd-usb-audio
[    2.293280] pktgen: Packet Generator for packet performance testing. Version: 2.75
[    2.293762] Initializing XFRM netlink socket
[    2.293844] NET: Registered protocol family 10
[    2.294216] Segment Routing with IPv6
[    2.294313] sit: IPv6, IPv4 and MPLS over IPv4 tunneling driver
[    2.294613] NET: Registered protocol family 17
[    2.294626] NET: Registered protocol family 15
[    2.294644] bridge: filtering via arp/ip/ip6tables is no longer available by default. Update your scripts to load br_netfilter if you need this.
[    2.294648] can: controller area network core (rev 20170425 abi 9)
[    2.294672] NET: Registered protocol family 29
[    2.294676] can: raw protocol (rev 20170425)
[    2.294680] can: broadcast manager protocol (rev 20170425 t)
[    2.294686] can: netlink gateway (rev 20190810) max_hops=1
[    2.294746] Bluetooth: RFCOMM TTY layer initialized
[    2.294753] Bluetooth: RFCOMM socket layer initialized
[    2.294764] Bluetooth: RFCOMM ver 1.11
[    2.294772] Bluetooth: BNEP (Ethernet Emulation) ver 1.3
[    2.294775] Bluetooth: BNEP filters: protocol multicast
[    2.294781] Bluetooth: BNEP socket layer initialized
[    2.294784] Bluetooth: HIDP (Human Interface Emulation) ver 1.2
[    2.294789] Bluetooth: HIDP socket layer initialized
[    2.294888] 9pnet: Installing 9P2000 support
[    2.294905] Key type dns_resolver registered
[    2.295174] registered taskstats version 1
[    2.295178] Loading compiled-in X.509 certificates
[    2.295574] Btrfs loaded, crc32c=crc32c-generic
[    2.303363] ff000000.serial: ttyPS0 at MMIO 0xff000000 (irq = 41, base_baud = 6249999) is a xuartps
[    3.549301] printk: console [ttyPS0] enabled
[    3.553875] of-fpga-region fpga-full: FPGA Region probed
[    3.559702] GPIO IRQ not connected
[    3.563085] XGpio: gpio@80010000: registered, base is 509
[    3.569066] xilinx-zynqmp-dma fd500000.dma: ZynqMP DMA driver Probe success
[    3.576146] xilinx-zynqmp-dma fd510000.dma: ZynqMP DMA driver Probe success
[    3.583234] xilinx-zynqmp-dma fd520000.dma: ZynqMP DMA driver Probe success
[    3.590322] xilinx-zynqmp-dma fd530000.dma: ZynqMP DMA driver Probe success
[    3.597406] xilinx-zynqmp-dma fd540000.dma: ZynqMP DMA driver Probe success
[    3.604487] xilinx-zynqmp-dma fd550000.dma: ZynqMP DMA driver Probe success
[    3.611574] xilinx-zynqmp-dma fd560000.dma: ZynqMP DMA driver Probe success
[    3.618657] xilinx-zynqmp-dma fd570000.dma: ZynqMP DMA driver Probe success
[    3.625811] xilinx-zynqmp-dma ffa80000.dma: ZynqMP DMA driver Probe success
[    3.632897] xilinx-zynqmp-dma ffa90000.dma: ZynqMP DMA driver Probe success
[    3.639978] xilinx-zynqmp-dma ffaa0000.dma: ZynqMP DMA driver Probe success
[    3.647065] xilinx-zynqmp-dma ffab0000.dma: ZynqMP DMA driver Probe success
[    3.654143] xilinx-zynqmp-dma ffac0000.dma: ZynqMP DMA driver Probe success
[    3.661238] xilinx-zynqmp-dma ffad0000.dma: ZynqMP DMA driver Probe success
[    3.668320] xilinx-zynqmp-dma ffae0000.dma: ZynqMP DMA driver Probe success
[    3.675413] xilinx-zynqmp-dma ffaf0000.dma: ZynqMP DMA driver Probe success
[    3.682608] zynqmp-qspi ff0f0000.spi: rx bus width not found
[    3.688262] zynqmp-qspi ff0f0000.spi: tx bus width not found
[    3.694067] spi_master spi0: cannot find modalias for /amba/spi@ff0f0000/flash@0
[    3.701457] spi_master spi0: Failed to create SPI device for /amba/spi@ff0f0000/flash@0
[    3.709727] macb ff0b0000.ethernet: Not enabling partial store and forward
[    3.716620] macb ff0b0000.ethernet: invalid hw address, using random
[    3.723433] libphy: MACB_mii_bus: probed
[    3.736637] zynqmp_pll_disable() clock disable failed for dpll_int, ret = -13
[    3.800627] Micrel KSZ9031 Gigabit PHY ff0b0000.ethernet-ffffffff:03: attached PHY driver [Micrel KSZ9031 Gigabit PHY] (mii_bus:phy_addr=ff0b0000.ethernet-ffffffff:03, irq=POLL)
[    3.816450] macb ff0b0000.ethernet eth0: Cadence GEM rev 0x50070106 at 0xff0b0000 irq 29 (2e:6f:f5:31:a9:0f)
[    3.826521] macb ff0c0000.ethernet: Not enabling partial store and forward
[    3.833414] macb ff0c0000.ethernet: invalid hw address, using random
[    3.840148] libphy: MACB_mii_bus: probed
[    3.844208] mdio_bus ff0c0000.ethernet-ffffffff: MDIO device at address 3 is missing.
[    3.868041] xilinx-axipmon ffa00000.perf-monitor: Probed Xilinx APM
[    3.874521] xilinx-axipmon fd0b0000.perf-monitor: Probed Xilinx APM
[    3.880968] xilinx-axipmon fd490000.perf-monitor: Probed Xilinx APM
[    3.887431] xilinx-axipmon ffa10000.perf-monitor: Probed Xilinx APM
[    3.893893] dwc3-of-simple ff9d0000.usb0: dwc3_simple_set_phydata: Can't find usb3-phy
[    3.902159] dwc3 fe200000.dwc3: Failed to get clk 'ref': -2
[    3.908112] dwc3-of-simple ff9e0000.usb1: dwc3_simple_set_phydata: Can't find usb3-phy
[    3.916325] dwc3 fe300000.dwc3: Failed to get clk 'ref': -2
[    3.922636] cdns-i2c ff020000.i2c: 400 kHz mmio ff020000 irq 32
[    3.927256] xhci-hcd xhci-hcd.0.auto: xHCI Host Controller
[    3.928904] cpufreq: cpufreq_online: CPU0: Running at unlisted freq: 1333333 KHz
[    3.934037] xhci-hcd xhci-hcd.0.auto: new USB bus registered, assigned bus number 1
[    3.941422] cpu cpu0: dev_pm_opp_set_rate: failed to find current OPP for freq 1333333320 (-34)
[    3.949144] xhci-hcd xhci-hcd.0.auto: hcc params 0x0238f625 hci version 0x100 quirks 0x0000000202010010
[    3.957784] cpufreq: cpufreq_online: CPU0: Unlisted initial frequency changed to: 1199999 KHz
[    3.967146] xhci-hcd xhci-hcd.0.auto: irq 46, io mem 0xfe300000
[    3.975656] cpu cpu0: dev_pm_opp_set_rate: failed to find current OPP for freq 1333333320 (-34)
[    3.981968] xhci-hcd xhci-hcd.1.auto: xHCI Host Controller
[    3.995780] usb usb1: New USB device found, idVendor=1d6b, idProduct=0002, bcdDevice= 5.04
[    4.004034] usb usb1: New USB device strings: Mfr=3, Product=2, SerialNumber=1
[    4.011244] usb usb1: Product: xHCI Host Controller
[    4.016115] usb usb1: Manufacturer: Linux 5.4.0-xilinx-v2020.1 xhci-hcd
[    4.022094] mmc0: SDHCI controller on ff160000.mmc [ff160000.mmc] using ADMA 64-bit
[    4.022720] usb usb1: SerialNumber: xhci-hcd.0.auto
[    4.035524] hub 1-0:1.0: USB hub found
[    4.039330] hub 1-0:1.0: 1 port detected
[    4.043425] xhci-hcd xhci-hcd.0.auto: xHCI Host Controller
[    4.048912] xhci-hcd xhci-hcd.0.auto: new USB bus registered, assigned bus number 2
[    4.056572] xhci-hcd xhci-hcd.0.auto: Host supports USB 3.0 SuperSpeed
[    4.059417] mmc1: SDHCI controller on ff170000.mmc [ff170000.mmc] using ADMA 64-bit
[    4.063178] usb usb2: We don't know the algorithms for LPM for this host, disabling LPM.
[    4.078812] rtc_zynqmp ffa60000.rtc: setting system clock to 1970-01-01T00:00:10 UTC (10)
[    4.078817] of_cfs_init
[    4.087111] usb usb2: New USB device found, idVendor=1d6b, idProduct=0003, bcdDevice= 5.04
[    4.089441] of_cfs_init: OK
[    4.097673] usb usb2: New USB device strings: Mfr=3, Product=2, SerialNumber=1
[    4.100571] cfg80211: Loading compiled-in X.509 certificates for regulatory database
[    4.107664] usb usb2: Product: xHCI Host Controller
[    4.120268] usb usb2: Manufacturer: Linux 5.4.0-xilinx-v2020.1 xhci-hcd
[    4.126873] usb usb2: SerialNumber: xhci-hcd.0.auto
[    4.132093] hub 2-0:1.0: USB hub found
[    4.135949] hub 2-0:1.0: 1 port detected
[    4.140115] xhci-hcd xhci-hcd.1.auto: new USB bus registered, assigned bus number 3
[    4.147875] xhci-hcd xhci-hcd.1.auto: hcc params 0x0238f625 hci version 0x100 quirks 0x0000000202010010
[    4.157291] xhci-hcd xhci-hcd.1.auto: irq 43, io mem 0xfe200000
[    4.163515] usb usb3: New USB device found, idVendor=1d6b, idProduct=0002, bcdDevice= 5.04
[    4.171778] usb usb3: New USB device strings: Mfr=3, Product=2, SerialNumber=1
[    4.178997] usb usb3: Product: xHCI Host Controller
[    4.183866] usb usb3: Manufacturer: Linux 5.4.0-xilinx-v2020.1 xhci-hcd
[    4.190472] usb usb3: SerialNumber: xhci-hcd.1.auto
[    4.195667] hub 3-0:1.0: USB hub found
[    4.199530] hub 3-0:1.0: 1 port detected
[    4.203701] xhci-hcd xhci-hcd.1.auto: xHCI Host Controller
[    4.209195] xhci-hcd xhci-hcd.1.auto: new USB bus registered, assigned bus number 4
[    4.216851] xhci-hcd xhci-hcd.1.auto: Host supports USB 3.0 SuperSpeed
[    4.223432] usb usb4: We don't know the algorithms for LPM for this host, disabling LPM.
[    4.231578] usb usb4: New USB device found, idVendor=1d6b, idProduct=0003, bcdDevice= 5.04
[    4.236542] cfg80211: Loaded X.509 cert 'sforshee: 00b28ddf47aef9cea7'
[    4.239846] usb usb4: New USB device strings: Mfr=3, Product=2, SerialNumber=1
[    4.246357] clk: Not disabling unused clocks
[    4.253566] usb usb4: Product: xHCI Host Controller
[    4.253570] usb usb4: Manufacturer: Linux 5.4.0-xilinx-v2020.1 xhci-hcd
[    4.257827] ALSA device list:
[    4.262688] usb usb4: SerialNumber: xhci-hcd.1.auto
[    4.269284]   No soundcards found.
[    4.272490] hub 4-0:1.0: USB hub found
[    4.277177] platform regulatory.0: Direct firmware load for regulatory.db failed with error -2
[    4.280513] hub 4-0:1.0: 1 port detected
[    4.284234] cfg80211: failed to load regulatory.db
[    4.301954] Waiting for root device /dev/mmcblk1p2...
[    4.324027] mmc1: new high speed SDHC card at address 5048
[    4.329887] mmcblk1: mmc1:5048 SD16G 14.4 GiB 
[    4.335605]  mmcblk1: p1 p2
[    4.362732] mmc0: new HS200 MMC card at address 0001
[    4.368252] mmcblk0: mmc0:0001 W52516 14.3 GiB 
[    4.372952] mmcblk0boot0: mmc0:0001 W52516 partition 1 4.00 MiB
[    4.379047] mmcblk0boot1: mmc0:0001 W52516 partition 2 4.00 MiB
[    4.385032] mmcblk0rpmb: mmc0:0001 W52516 partition 3 4.00 MiB, chardev (245:0)
[    4.393168]  mmcblk0: p1
[    5.869556] random: fast init done
[    7.365468] EXT4-fs (mmcblk1p2): recovery complete
[    7.373229] EXT4-fs (mmcblk1p2): mounted filesystem with ordered data mode. Opts: (null)
[    7.381349] VFS: Mounted root (ext4 filesystem) on device 179:2.
[    7.395614] devtmpfs: mounted
[    7.398724] Freeing unused kernel memory: 704K
[    7.403196] Run /sbin/init as init process
[    7.866598] random: systemd: uninitialized urandom read (16 bytes read)
[    7.882563] random: systemd: uninitialized urandom read (16 bytes read)
[    7.908014] systemd[1]: systemd 219 running in system mode. (+PAM +AUDIT +SELINUX +IMA -APPARMOR +SMACK +SYSVINIT +UTMP +LIBCRYPTSETUP +GCRYPT +GNUTLS +ACL +XZ +LZ4 -SECCOMP +BLKID +ELFUTILS +KMOD +IDN)
[    7.926334] systemd[1]: Detected architecture arm64.

Welcome to [0;31mCentOS Linux 7 (AltArch)[0m!

[    7.956326] systemd[1]: Set hostname to <sl-xu5-eth0-01>.
[    7.980711] random: systemd: uninitialized urandom read (16 bytes read)
[    8.548825] systemd[1]: Started Forward Password Requests to Wall Directory Watch.
[[32m  OK  [0m] Started Forward Password Requests to Wall Directory Watch.
[    8.572164] systemd[1]: Created slice Root Slice.
[[32m  OK  [0m] Created slice Root Slice.
[    8.587672] systemd[1]: Created slice System Slice.
[[32m  OK  [0m] Created slice System Slice.
[    8.604810] systemd[1]: Starting Collect Read-Ahead Data...
         Starting Collect Read-Ahead Data...
[    8.615936] systemd-readahead[159]: Failed to create fanotify object: Function not implemented
[    8.631883] systemd[1]: Created slice system-serial\x2dgetty.slice.
[[32m  OK  [0m] Created slice system-serial\x2dgetty.slice.
[    8.647735] systemd[1]: Created slice system-getty.slice.
[[32m  OK  [0m] Created slice system-getty.slice.
[    8.663626] systemd[1]: Listening on Journal Socket.
[[32m  OK  [0m] Listening on Journal Socket.
         Mounting Huge Pages File System...
         Starting Read and set NIS domainname from /etc/sysconfig/network...
         Mounting Debug File System...
[[32m  OK  [0m] Listening on udev Control Socket.
[[32m  OK  [0m] Listening on udev Kernel Socket.
[[32m  OK  [0m] Created slice User and Session Slice.
[[32m  OK  [0m] Reached target Slices.
[[32m  OK  [0m] Listening on LVM2 poll daemon socket.
[[32m  OK  [0m] Listening on LVM2 metadata daemon socket.
[[32m  OK  [0m] Reached target Swap.
