NOTICE:  ATF running on XCZU5EV/silicon v4/RTL5.1 at 0xfffea000
NOTICE:  BL31: v2.2(release):xilinx_rebase_v2.2_2020.1
NOTICE:  BL31: Built : 09:34:51, Nov  3 2021


U-Boot 2020.01 (Nov 03 2021 - 09:35:27 +0000)

Board: Xilinx ZynqMP
DRAM:  4 GiB
usb dr_mode not found
usb dr_mode not found
PMUFW:	v1.1
EL Level:	EL2
Chip ID:	zu5ev
NAND:  0 MiB
MMC:   mmc@ff160000: 0, mmc@ff170000: 1
In:    serial@ff000000
Out:   serial@ff000000
Err:   serial@ff000000
Bootmode: SD_MODE1
Reset reason:	EXTERNAL 
Net:   No ethernet found.
Hit any key to stop autoboot:  2  1  0 
MMC: no card present
## Executing script at 20000000
Wrong image format for "source" command
SCRIPT FAILED: continuing...
switch to partitions #0, OK
mmc0(part 0) is current device
** Unrecognized filesystem type **
MMC: no card present
Warning: SPI speed fallback to 100 kHz
SF: Detected s25fl512s_256k with page size 256 Bytes, erase size 256 KiB, total 64 MiB
device 0 offset 0x3e80000, size 0x80000
SF: 524288 bytes @ 0x3e80000 Read: OK
## Executing script at 20000000
Wrong image format for "source" command
SCRIPT FAILED: continuing...


no devices available
SCRIPT FAILED: continuing...
starting USB...
No working controllers found
USB is stopped. Please issue 'usb start' first.
starting USB...
No working controllers found
USB is stopped. Please issue 'usb start' first.
scanning bus for devices...

Device 0: unknown device
starting USB...
No working controllers found
No ethernet found.
missing environment variable: pxeuuid
missing environment variable: bootfile
Retrieving file: pxelinux.cfg/00000000
No ethernet found.
missing environment variable: bootfile
Retrieving file: pxelinux.cfg/0000000
No ethernet found.
missing environment variable: bootfile
Retrieving file: pxelinux.cfg/000000
No ethernet found.
missing environment variable: bootfile
Retrieving file: pxelinux.cfg/00000
No ethernet found.
missing environment variable: bootfile
Retrieving file: pxelinux.cfg/0000
No ethernet found.
missing environment variable: bootfile
Retrieving file: pxelinux.cfg/000
No ethernet found.
missing environment variable: bootfile
Retrieving file: pxelinux.cfg/00
No ethernet found.
missing environment variable: bootfile
Retrieving file: pxelinux.cfg/0
No ethernet found.
missing environment variable: bootfile
Retrieving file: pxelinux.cfg/default-arm-zynqmp-zynqmp
No ethernet found.
missing environment variable: bootfile
Retrieving file: pxelinux.cfg/default-arm-zynqmp
No ethernet found.
missing environment variable: bootfile
Retrieving file: pxelinux.cfg/default-arm
No ethernet found.
missing environment variable: bootfile
Retrieving file: pxelinux.cfg/default
No ethernet found.
Config file not found
starting USB...
No working controllers found
No ethernet found.
No ethernet found.
ZynqMP> Xilinx Zynq MP First Stage Boot Loader 
Release 2020.1   Nov  3 2021  -  09:36:48
NOTICE:  ATF running on XCZU5EV/silicon v4/RTL5.1 at 0xfffea000
NOTICE:  BL31: v2.2(release):xilinx_rebase_v2.2_2020.1
NOTICE:  BL31: Built : 09:34:51, Nov  3 2021


U-Boot 2020.01 (Nov 03 2021 - 09:35:27 +0000)

Board: Xilinx ZynqMP
DRAM:  4 GiB
usb dr_mode not found
usb dr_mode not found
PMUFW:	v1.1
EL Level:	EL2
Chip ID:	zu5ev
NAND:  0 MiB
MMC:   mmc@ff160000: 0, mmc@ff170000: 1
In:    serial@ff000000
Out:   serial@ff000000
Err:   serial@ff000000
Bootmode: SD_MODE1
Reset reason:	EXTERNAL 
Net:   No ethernet found.
Hit any key to stop autoboot:  2  1  0 
switch to partitions #0, OK
mmc1 is current device
Scanning mmc 1:1...
Found U-Boot script /boot.scr
2007 bytes read in 18 ms (108.4 KiB/s)
## Executing script at 20000000
8165148 bytes read in 612 ms (12.7 MiB/s)
## Loading kernel from FIT Image at 10000000 ...
   Using 'conf@system-top.dtb' configuration
   Trying 'kernel@1' kernel subimage
     Description:  Linux kernel
     Type:         Kernel Image
     Compression:  gzip compressed
     Data Start:   0x100000f8
     Data Size:    8124466 Bytes = 7.7 MiB
     Architecture: AArch64
     OS:           Linux
     Load Address: 0x00080000
     Entry Point:  0x00080000
     Hash algo:    sha256
     Hash value:   61e38551bb0dbd089d56073f526514da435221c4a1b95b176570b9c9e01d1702
   Verifying Hash Integrity ... sha256+ OK
## Loading fdt from FIT Image at 10000000 ...
   Using 'conf@system-top.dtb' configuration
   Trying 'fdt@system-top.dtb' fdt subimage
     Description:  Flattened Device Tree blob
     Type:         Flat Device Tree
     Compression:  uncompressed
     Data Start:   0x107bfa3c
     Data Size:    38773 Bytes = 37.9 KiB
     Architecture: AArch64
     Hash algo:    sha256
     Hash value:   d5bc02d2b2ca837d5b2b5ef3dffd34d8817253ba0b26054738bf619446bc7166
   Verifying Hash Integrity ... sha256+ OK
   Booting using the fdt blob at 0x107bfa3c
   Uncompressing Kernel Image
   Loading Device Tree to 000000000fff3000, end 000000000ffff774 ... OK

Starting kernel ...

[    0.000000] Booting Linux on physical CPU 0x0000000000 [0x410fd034]
[    0.000000] Linux version 5.4.0-xilinx-v2020.1 (oe-user@oe-host) (gcc version 9.2.0 (GCC)) #1 SMP Tue Nov 2 15:10:11 UTC 2021
[    0.000000] Machine model: xlnx,zynqmp
[    0.000000] efi: Getting EFI parameters from FDT:
[    0.000000] efi: UEFI not found.
[    0.000000] cma: Reserved 256 MiB at 0x000000006fc00000
[    0.000000] psci: probing for conduit method from DT.
[    0.000000] psci: PSCIv1.1 detected in firmware.
[    0.000000] psci: Using standard PSCI v0.2 function IDs
[    0.000000] psci: MIGRATE_INFO_TYPE not supported.
[    0.000000] psci: SMC Calling Convention v1.1
[    0.000000] percpu: Embedded 22 pages/cpu s49944 r8192 d31976 u90112
[    0.000000] Detected VIPT I-cache on CPU0
[    0.000000] CPU features: detected: ARM erratum 845719
[    0.000000] Speculative Store Bypass Disable mitigation not required
[    0.000000] Built 1 zonelists, mobility grouping on.  Total pages: 1031940
[    0.000000] Kernel command line: console=ttyPS0,115200 clk_ignore_unused root=/dev/mmcblk1p2 rootfstype=ext4 rw rootwait earlyprintk
[    0.000000] Dentry cache hash table entries: 524288 (order: 10, 4194304 bytes, linear)
[    0.000000] Inode-cache hash table entries: 262144 (order: 9, 2097152 bytes, linear)
[    0.000000] mem auto-init: stack:off, heap alloc:off, heap free:off
[    0.000000] software IO TLB: mapped [mem 0x6bc00000-0x6fc00000] (64MB)
[    0.000000] Memory: 3767708K/4193280K available (11644K kernel code, 672K rwdata, 3624K rodata, 704K init, 323K bss, 163428K reserved, 262144K cma-reserved)
[    0.000000] rcu: Hierarchical RCU implementation.
[    0.000000] rcu: 	RCU event tracing is enabled.
[    0.000000] rcu: 	RCU restricting CPUs from NR_CPUS=8 to nr_cpu_ids=4.
[    0.000000] rcu: RCU calculated value of scheduler-enlistment delay is 25 jiffies.
[    0.000000] rcu: Adjusting geometry for rcu_fanout_leaf=16, nr_cpu_ids=4
[    0.000000] NR_IRQS: 64, nr_irqs: 64, preallocated irqs: 0
[    0.000000] GIC: Adjusting CPU interface base to 0x00000000f902f000
[    0.000000] GIC: Using split EOI/Deactivate mode
[    0.000000] random: get_random_bytes called from start_kernel+0x2a8/0x42c with crng_init=0
[    0.000000] arch_timer: cp15 timer(s) running at 33.33MHz (phys).
[    0.000000] clocksource: arch_sys_counter: mask: 0xffffffffffffff max_cycles: 0x7b0074340, max_idle_ns: 440795202884 ns
[    0.000003] sched_clock: 56 bits at 33MHz, resolution 30ns, wraps every 2199023255543ns
[    0.000264] Console: colour dummy device 80x25
[    0.000284] Calibrating delay loop (skipped), value calculated using timer frequency.. 66.66 BogoMIPS (lpj=133332)
[    0.000291] pid_max: default: 32768 minimum: 301
[    0.000424] Mount-cache hash table entries: 8192 (order: 4, 65536 bytes, linear)
[    0.000437] Mountpoint-cache hash table entries: 8192 (order: 4, 65536 bytes, linear)
[    0.001310] ASID allocator initialised with 32768 entries
[    0.001360] rcu: Hierarchical SRCU implementation.
[    0.001521] EFI services will not be available.
[    0.001636] smp: Bringing up secondary CPUs ...
[    0.001935] Detected VIPT I-cache on CPU1
[    0.001964] CPU1: Booted secondary processor 0x0000000001 [0x410fd034]
[    0.002284] Detected VIPT I-cache on CPU2
[    0.002302] CPU2: Booted secondary processor 0x0000000002 [0x410fd034]
[    0.002598] Detected VIPT I-cache on CPU3
[    0.002616] CPU3: Booted secondary processor 0x0000000003 [0x410fd034]
[    0.002658] smp: Brought up 1 node, 4 CPUs
[    0.002668] SMP: Total of 4 processors activated.
[    0.002673] CPU features: detected: 32-bit EL0 Support
[    0.002677] CPU features: detected: CRC32 instructions
[    0.002706] CPU: All CPU(s) started at EL2
[    0.002719] alternatives: patching kernel code
[    0.003748] devtmpfs: initialized
[    0.007525] clocksource: jiffies: mask: 0xffffffff max_cycles: 0xffffffff, max_idle_ns: 7645041785100000 ns
[    0.007536] futex hash table entries: 1024 (order: 4, 65536 bytes, linear)
[    0.013082] xor: measuring software checksum speed
[    0.052040]    8regs     :  2639.000 MB/sec
[    0.092063]    32regs    :  3027.000 MB/sec
[    0.132091]    arm64_neon:  2628.000 MB/sec
[    0.132095] xor: using function: 32regs (3027.000 MB/sec)
[    0.132105] pinctrl core: initialized pinctrl subsystem
[    0.132671] NET: Registered protocol family 16
[    0.133573] DMA: preallocated 256 KiB pool for atomic allocations
[    0.133594] audit: initializing netlink subsys (disabled)
[    0.133710] audit: type=2000 audit(0.132:1): state=initialized audit_enabled=0 res=1
[    0.134005] cpuidle: using governor menu
[    0.134165] hw-breakpoint: found 6 breakpoint and 4 watchpoint registers.
[    0.144406] HugeTLB registered 1.00 GiB page size, pre-allocated 0 pages
[    0.144412] HugeTLB registered 32.0 MiB page size, pre-allocated 0 pages
[    0.144417] HugeTLB registered 2.00 MiB page size, pre-allocated 0 pages
[    0.144421] HugeTLB registered 64.0 KiB page size, pre-allocated 0 pages
[    1.110571] DRBG: Continuing without Jitter RNG
[    1.184739] raid6: neonx8   gen()  1717 MB/s
[    1.252764] raid6: neonx8   xor()  1624 MB/s
[    1.320806] raid6: neonx4   gen()  1644 MB/s
[    1.388832] raid6: neonx4   xor()  1577 MB/s
[    1.456876] raid6: neonx2   gen()  1249 MB/s
[    1.524913] raid6: neonx2   xor()  1303 MB/s
[    1.592959] raid6: neonx1   gen()   809 MB/s
[    1.660986] raid6: neonx1   xor()   978 MB/s
[    1.729029] raid6: int64x8  gen()  1291 MB/s
[    1.797081] raid6: int64x8  xor()   844 MB/s
[    1.865137] raid6: int64x4  gen()  1085 MB/s
[    1.933168] raid6: int64x4  xor()   815 MB/s
[    2.001179] raid6: int64x2  gen()   752 MB/s
[    2.069258] raid6: int64x2  xor()   657 MB/s
[    2.137380] raid6: int64x1  gen()   500 MB/s
[    2.205310] raid6: int64x1  xor()   500 MB/s
[    2.205314] raid6: using algorithm neonx8 gen() 1717 MB/s
[    2.205317] raid6: .... xor() 1624 MB/s, rmw enabled
[    2.205320] raid6: using neon recovery algorithm
[    2.205614] iommu: Default domain type: Translated 
[    2.205803] SCSI subsystem initialized
[    2.205933] usbcore: registered new interface driver usbfs
[    2.205958] usbcore: registered new interface driver hub
[    2.205982] usbcore: registered new device driver usb
[    2.206024] mc: Linux media interface: v0.10
[    2.206041] videodev: Linux video capture interface: v2.00
[    2.206058] pps_core: LinuxPPS API ver. 1 registered
[    2.206062] pps_core: Software ver. 5.3.6 - Copyright 2005-2007 Rodolfo Giometti <giometti@linux.it>
[    2.206073] PTP clock support registered
[    2.206089] EDAC MC: Ver: 3.0.0
[    2.206440] zynqmp-ipi-mbox mailbox@ff990400: Registered ZynqMP IPI mbox with TX/RX channels.
[    2.206588] FPGA manager framework
[    2.206698] Advanced Linux Sound Architecture Driver Initialized.
[    2.206939] Bluetooth: Core ver 2.22
[    2.206962] NET: Registered protocol family 31
[    2.206965] Bluetooth: HCI device and connection manager initialized
[    2.206972] Bluetooth: HCI socket layer initialized
[    2.206977] Bluetooth: L2CAP socket layer initialized
[    2.206988] Bluetooth: SCO socket layer initialized
[    2.207306] clocksource: Switched to clocksource arch_sys_counter
[    2.207393] VFS: Disk quotas dquot_6.6.0
[    2.207432] VFS: Dquot-cache hash table entries: 512 (order 0, 4096 bytes)
[    2.211036] NET: Registered protocol family 2
[    2.211378] tcp_listen_portaddr_hash hash table entries: 2048 (order: 3, 32768 bytes, linear)
[    2.211419] TCP established hash table entries: 32768 (order: 6, 262144 bytes, linear)
[    2.211604] TCP bind hash table entries: 32768 (order: 7, 524288 bytes, linear)
[    2.211954] TCP: Hash tables configured (established 32768 bind 32768)
[    2.212016] UDP hash table entries: 2048 (order: 4, 65536 bytes, linear)
[    2.212083] UDP-Lite hash table entries: 2048 (order: 4, 65536 bytes, linear)
[    2.212228] NET: Registered protocol family 1
[    2.212467] RPC: Registered named UNIX socket transport module.
[    2.212471] RPC: Registered udp transport module.
[    2.212473] RPC: Registered tcp transport module.
[    2.212476] RPC: Registered tcp NFSv4.1 backchannel transport module.
[    2.212702] PCI: CLS 0 bytes, default 64
[    2.213114] hw perfevents: no interrupt-affinity property for /pmu, guessing.
[    2.213251] hw perfevents: enabled with armv8_pmuv3 PMU driver, 7 counters available
[    2.213909] Initialise system trusted keyrings
[    2.213990] workingset: timestamp_bits=46 max_order=20 bucket_order=0
[    2.214668] NFS: Registering the id_resolver key type
[    2.214680] Key type id_resolver registered
[    2.214683] Key type id_legacy registered
[    2.214692] nfs4filelayout_init: NFSv4 File Layout Driver Registering...
[    2.214707] jffs2: version 2.2. (NAND) Â© 2001-2006 Red Hat, Inc.
[    2.226583] NET: Registered protocol family 38
[    2.226589] Key type asymmetric registered
[    2.226593] Asymmetric key parser 'x509' registered
[    2.226612] Block layer SCSI generic (bsg) driver version 0.4 loaded (major 247)
[    2.226617] io scheduler mq-deadline registered
[    2.226621] io scheduler kyber registered
[    2.249693] Serial: 8250/16550 driver, 4 ports, IRQ sharing disabled
[    2.252141] cacheinfo: Unable to detect cache hierarchy for CPU 0
[    2.255957] brd: module loaded
[    2.259948] loop: module loaded
[    2.260505] mtdoops: mtd device (mtddev=name/number) must be supplied
[    2.261445] libphy: Fixed MDIO Bus: probed
[    2.262302] tun: Universal TUN/TAP device driver, 1.6
[    2.262387] CAN device driver interface
[    2.262941] usbcore: registered new interface driver asix
[    2.262980] usbcore: registered new interface driver ax88179_178a
[    2.263000] usbcore: registered new interface driver cdc_ether
[    2.263021] usbcore: registered new interface driver net1080
[    2.263040] usbcore: registered new interface driver cdc_subset
[    2.263059] usbcore: registered new interface driver zaurus
[    2.263088] usbcore: registered new interface driver cdc_ncm
[    2.263704] usbcore: registered new interface driver uas
[    2.263731] usbcore: registered new interface driver usb-storage
[    2.264219] rtc_zynqmp ffa60000.rtc: registered as rtc0
[    2.264259] i2c /dev entries driver
[    2.265416] usbcore: registered new interface driver uvcvideo
[    2.265420] USB Video Class driver (1.1.1)
[    2.265696] Bluetooth: HCI UART driver ver 2.3
[    2.265701] Bluetooth: HCI UART protocol H4 registered
[    2.265705] Bluetooth: HCI UART protocol BCSP registered
[    2.265723] Bluetooth: HCI UART protocol LL registered
[    2.265727] Bluetooth: HCI UART protocol ATH3K registered
[    2.265740] Bluetooth: HCI UART protocol Three-wire (H5) registered
[    2.265771] Bluetooth: HCI UART protocol Intel registered
[    2.265785] Bluetooth: HCI UART protocol QCA registered
[    2.265808] usbcore: registered new interface driver bcm203x
[    2.265834] usbcore: registered new interface driv

CentOS Linux 7 (AltArch)
Kernel 5.4.0-xilinx-v2020.1 on an aarch64

localhost login: Xilinx Zynq MP First Stage Boot Loader 
Release 2020.1   Nov  4 2021  -  06:51:28
NOTICE:  ATF running on XCZU5EV/silicon v4/RTL5.1 at 0xfffea000
NOTICE:  BL31: v2.2(release):xilinx_rebase_v2.2_2020.1
NOTICE:  BL31: Built : 06:49:24, Nov  4 2021


U-Boot 2020.01 (Nov 04 2021 - 06:50:03 +0000)

Board: Xilinx ZynqMP
DRAM:  4 GiB
usb dr_mode not found
usb dr_mode not found
PMUFW:	v1.1
EL Level:	EL2
Chip ID:	zu5ev
NAND:  0 MiB
MMC:   mmc@ff160000: 0, mmc@ff170000: 1
In:    serial@ff000000
Out:   serial@ff000000
Err:   serial@ff000000
Bootmode: SD_MODE1
Reset reason:	EXTERNAL 
Net:   
ZYNQ GEM: ff0b0000, mdio bus ff0b0000, phyaddr -1, interface rgmii-id

Warning: ethernet@ff0b0000 (eth0) using random MAC address - 22:3d:06:fa:94:ef
eth0: ethernet@ff0b0000
Hit any key to stop autoboot:  2  1  0 
switch to partitions #0, OK
mmc1 is current device
Scanning mmc 1:1...
Found U-Boot script /boot.scr
2007 bytes read in 19 ms (102.5 KiB/s)
## Executing script at 20000000
8165256 bytes read in 608 ms (12.8 MiB/s)
## Loading kernel from FIT Image at 10000000 ...
   Using 'conf@system-top.dtb' configuration
   Trying 'kernel@1' kernel subimage
     Description:  Linux kernel
     Type:         Kernel Image
     Compression:  gzip compressed
     Data Start:   0x100000f8
     Data Size:    8124466 Bytes = 7.7 MiB
     Architecture: AArch64
     OS:           Linux
     Load Address: 0x00080000
     Entry Point:  0x00080000
     Hash algo:    sha256
     Hash value:   a03d6bed01b9ff8fb18c30b1a7198b8e638541e22ec1f32a1305718cffbbbf5b
   Verifying Hash Integrity ... sha256+ OK
## Loading fdt from FIT Image at 10000000 ...
   Using 'conf@system-top.dtb' configuration
   Trying 'fdt@system-top.dtb' fdt subimage
     Description:  Flattened Device Tree blob
     Type:         Flat Device Tree
     Compression:  uncompressed
     Data Start:   0x107bfa3c
     Data Size:    38884 Bytes = 38 KiB
     Architecture: AArch64
     Hash algo:    sha256
     Hash value:   391b0489196ca383ea5c01b5bbcf58ac7af584ad3b42af85198071f359304aea
   Verifying Hash Integrity ... sha256+ OK
   Booting using the fdt blob at 0x107bfa3c
   Uncompressing Kernel Image
   Loading Device Tree to 000000000fff3000, end 000000000ffff7e3 ... OK

Starting kernel ...

[    0.000000] Booting Linux on physical CPU 0x0000000000 [0x410fd034]
[    0.000000] Linux version 5.4.0-xilinx-v2020.1 (oe-user@oe-host) (gcc version 9.2.0 (GCC)) #1 SMP Tue Nov 2 15:10:11 UTC 2021
[    0.000000] Machine model: xlnx,zynqmp
[    0.000000] efi: Getting EFI parameters from FDT:
[    0.000000] efi: UEFI not found.
[    0.000000] cma: Reserved 256 MiB at 0x000000006fc00000
[    0.000000] psci: probing for conduit method from DT.
[    0.000000] psci: PSCIv1.1 detected in firmware.
[    0.000000] psci: Using standard PSCI v0.2 function IDs
[    0.000000] psci: MIGRATE_INFO_TYPE not supported.
[    0.000000] psci: SMC Calling Convention v1.1
[    0.000000] percpu: Embedded 22 pages/cpu s49944 r8192 d31976 u90112
[    0.000000] Detected VIPT I-cache on CPU0
[    0.000000] CPU features: detected: ARM erratum 845719
[    0.000000] Speculative Store Bypass Disable mitigation not required
[    0.000000] Built 1 zonelists, mobility grouping on.  Total pages: 1031940
[    0.000000] Kernel command line: console=ttyPS0,115200 clk_ignore_unused root=/dev/mmcblk1p2 rootfstype=ext4 rw rootwait earlyprintk
[    0.000000] Dentry cache hash table entries: 524288 (order: 10, 4194304 bytes, linear)
[    0.000000] Inode-cache hash table entries: 262144 (order: 9, 2097152 bytes, linear)
[    0.000000] mem auto-init: stack:off, heap alloc:off, heap free:off
[    0.000000] software IO TLB: mapped [mem 0x6bc00000-0x6fc00000] (64MB)
[    0.000000] Memory: 3767708K/4193280K available (11644K kernel code, 672K rwdata, 3624K rodata, 704K init, 323K bss, 163428K reserved, 262144K cma-reserved)
[    0.000000] rcu: Hierarchical RCU implementation.
[    0.000000] rcu: 	RCU event tracing is enabled.
[    0.000000] rcu: 	RCU restricting CPUs from NR_CPUS=8 to nr_cpu_ids=4.
[    0.000000] rcu: RCU calculated value of scheduler-enlistment delay is 25 jiffies.
[    0.000000] rcu: Adjusting geometry for rcu_fanout_leaf=16, nr_cpu_ids=4
[    0.000000] NR_IRQS: 64, nr_irqs: 64, preallocated irqs: 0
[    0.000000] GIC: Adjusting CPU interface base to 0x00000000f902f000
[    0.000000] GIC: Using split EOI/Deactivate mode
[    0.000000] random: get_random_bytes called from start_kernel+0x2a8/0x42c with crng_init=0
[    0.000000] arch_timer: cp15 timer(s) running at 33.33MHz (phys).
[    0.000000] clocksource: arch_sys_counter: mask: 0xffffffffffffff max_cycles: 0x7b0074340, max_idle_ns: 440795202884 ns
[    0.000003] sched_clock: 56 bits at 33MHz, resolution 30ns, wraps every 2199023255543ns
[    0.000264] Console: colour dummy device 80x25
[    0.000285] Calibrating delay loop (skipped), value calculated using timer frequency.. 66.66 BogoMIPS (lpj=133332)
[    0.000292] pid_max: default: 32768 minimum: 301
[    0.000425] Mount-cache hash table entries: 8192 (order: 4, 65536 bytes, linear)
[    0.000438] Mountpoint-cache hash table entries: 8192 (order: 4, 65536 bytes, linear)
[    0.001309] ASID allocator initialised with 32768 entries
[    0.001358] rcu: Hierarchical SRCU implementation.
[    0.001520] EFI services will not be available.
[    0.001633] smp: Bringing up secondary CPUs ...
[    0.001935] Detected VIPT I-cache on CPU1
[    0.001963] CPU1: Booted secondary processor 0x0000000001 [0x410fd034]
[    0.002282] Detected VIPT I-cache on CPU2
[    0.002299] CPU2: Booted secondary processor 0x0000000002 [0x410fd034]
[    0.002598] Detected VIPT I-cache on CPU3
[    0.002615] CPU3: Booted secondary processor 0x0000000003 [0x410fd034]
[    0.002657] smp: Brought up 1 node, 4 CPUs
[    0.002668] SMP: Total of 4 processors activated.
[    0.002672] CPU features: detected: 32-bit EL0 Support
[    0.002677] CPU features: detected: CRC32 instructions
[    0.002707] CPU: All CPU(s) started at EL2
[    0.002719] alternatives: patching kernel code
[    0.003719] devtmpfs: initialized
[    0.007511] clocksource: jiffies: mask: 0xffffffff max_cycles: 0xffffffff, max_idle_ns: 7645041785100000 ns
[    0.007522] futex hash table entries: 1024 (order: 4, 65536 bytes, linear)
[    0.013036] xor: measuring software checksum speed
[    0.052037]    8regs     :  2639.000 MB/sec
[    0.092061]    32regs    :  3027.000 MB/sec
[    0.132089]    arm64_neon:  2628.000 MB/sec
[    0.132093] xor: using function: 32regs (3027.000 MB/sec)
[    0.132102] pinctrl core: initialized pinctrl subsystem
[    0.132668] NET: Registered protocol family 16
[    0.133572] DMA: preallocated 256 KiB pool for atomic allocations
[    0.133594] audit: initializing netlink subsys (disabled)
[    0.133709] audit: type=2000 audit(0.132:1): state=initialized audit_enabled=0 res=1
[    0.134005] cpuidle: using governor menu
[    0.134168] hw-breakpoint: found 6 breakpoint and 4 watchpoint registers.
[    0.144501] HugeTLB registered 1.00 GiB page size, pre-allocated 0 pages
[    0.144508] HugeTLB registered 32.0 MiB page size, pre-allocated 0 pages
[    0.144512] HugeTLB registered 2.00 MiB page size, pre-allocated 0 pages
[    0.144516] HugeTLB registered 64.0 KiB page size, pre-allocated 0 pages
[    1.110646] DRBG: Continuing without Jitter RNG
[    1.184723] raid6: neonx8   gen()  1715 MB/s
[    1.252764] raid6: neonx8   xor()  1624 MB/s
[    1.320809] raid6: neonx4   gen()  1645 MB/s
[    1.388836] raid6: neonx4   xor()  1577 MB/s
[    1.456870] raid6: neonx2   gen()  1249 MB/s
[    1.524903] raid6: neonx2   xor()  1303 MB/s
[    1.592995] raid6: neonx1   gen()   810 MB/s
[    1.660998] raid6: neonx1   xor()   978 MB/s
[    1.729035] raid6: int64x8  gen()  1291 MB/s
[    1.797081] raid6: int64x8  xor()   844 MB/s
[    1.865130] raid6: int64x4  gen()  1085 MB/s
[    1.933166] raid6: int64x4  xor()   813 MB/s
[    2.001216] raid6: int64x2  gen()   753 MB/s
[    2.069218] raid6: int64x2  xor()   657 MB/s
[    2.137354] raid6: int64x1  gen()   499 MB/s
[    2.205326] raid6: int64x1  xor()   500 MB/s
[    2.205330] raid6: using algorithm neonx8 gen() 1715 MB/s
[    2.205333] raid6: .... xor() 1624 MB/s, rmw enabled
[    2.205336] raid6: using neon recovery algorithm
[    2.205633] iommu: Default domain type: Translated 
[    2.205820] SCSI subsystem initialized
[    2.205948] usbcore: registered new interface driver usbfs
[    2.205972] usbcore: registered new interface driver hub
[    2.205997] usbcore: registered new device driver usb
[    2.206039] mc: Linux media interface: v0.10
[    2.206058] videodev: Linux video capture interface: v2.00
[    2.206074] pps_core: LinuxPPS API ver. 1 registered
[    2.206078] pps_core: Software ver. 5.3.6 - Copyright 2005-2007 Rodolfo Giometti <giometti@linux.it>
[    2.206088] PTP clock support registered
[    2.206105] EDAC MC: Ver: 3.0.0
[    2.206450] zynqmp-ipi-mbox mailbox@ff990400: Registered ZynqMP IPI mbox with TX/RX channels.
[    2.206603] FPGA manager framework
[    2.206719] Advanced Linux Sound Architecture Driver Initialized.
[    2.206959] Bluetooth: Core ver 2.22
[    2.206981] NET: Registered protocol family 31
[    2.206984] Bluetooth: HCI device and connection manager initialized
[    2.206991] Bluetooth: HCI socket layer initialized
[    2.206996] Bluetooth: L2CAP socket layer initialized
[    2.207007] Bluetooth: SCO socket layer initialized
[    2.207329] clocksource: Switched to clocksource arch_sys_counter
[    2.207415] VFS: Disk quotas dquot_6.6.0
[    2.207454] VFS: Dquot-cache hash table entries: 512 (order 0, 4096 bytes)
[    2.211056] NET: Registered protocol family 2
[    2.211393] tcp_listen_portaddr_hash hash table entries: 2048 (order: 3, 32768 bytes, linear)
[    2.211434] TCP established hash table entries: 32768 (order: 6, 262144 bytes, linear)
[    2.211618] TCP bind hash table entries: 32768 (order: 7, 524288 bytes, linear)
[    2.211969] TCP: Hash tables configured (established 32768 bind 32768)
[    2.212032] UDP hash table entries: 2048 (order: 4, 65536 bytes, linear)
[    2.212098] UDP-Lite hash table entries: 2048 (order: 4, 65536 bytes, linear)
[    2.212243] NET: Registered protocol family 1
[    2.212480] RPC: Registered named UNIX socket transport module.
[    2.212484] RPC: Registered udp transport module.
[    2.212487] RPC: Registered tcp transport module.
[    2.212490] RPC: Registered tcp NFSv4.1 backchannel transport module.
[    2.212721] PCI: CLS 0 bytes, default 64
[    2.213150] hw perfevents: no interrupt-affinity property for /pmu, guessing.
[    2.213285] hw perfevents: enabled with armv8_pmuv3 PMU driver, 7 counters available
[    2.213948] Initialise system trusted keyrings
[    2.214023] workingset: timestamp_bits=46 max_order=20 bucket_order=0
[    2.214697] NFS: Registering the id_resolver key type
[    2.214709] Key type id_resolver registered
[    2.214712] Key type id_legacy registered
[    2.214720] nfs4filelayout_init: NFSv4 File Layout Driver Registering...
[    2.214735] jffs2: version 2.2. (NAND) Â© 2001-2006 Red Hat, Inc.
[    2.226632] NET: Registered protocol family 38
[    2.226638] Key type asymmetric registered
[    2.226642] Asymmetric key parser 'x509' registered
[    2.226660] Block layer SCSI generic (bsg) driver version 0.4 loaded (major 247)
[    2.226665] io scheduler mq-deadline registered
[    2.226669] io scheduler kyber registered
[    2.249549] Serial: 8250/16550 driver, 4 ports, IRQ sharing disabled
[    2.252005] cacheinfo: Unable to detect cache hierarchy for CPU 0
[    2.255791] brd: module loaded
[    2.259789] loop: module loaded
[    2.260341] mtdoops: mtd device (mtddev=name/number) must be supplied
[    2.261285] libphy: Fixed MDIO Bus: probed
[    2.262136] tun: Universal TUN/TAP device driver, 1.6
[    2.262211] CAN device driver interface
[    2.262801] usbcore: registered new interface driver asix
[    2.262835] usbcore: registered new interface driver ax88179_178a
[    2.262857] usbcore: registered new interface driver cdc_ether
[    2.262876] usbcore: registered new interface driver net1080
[    2.262895] usbcore: registered new interface driver cdc_subset
[    2.262914] usbcore: registered new interface driver zaurus
[    2.262943] usbcore: registered new interface driver cdc_ncm
[    2.263574] usbcore: registered new interface driver uas
[    2.263601] usbcore: registered new interface driver usb-storage
[    2.264085] rtc_zynqmp ffa60000.rtc: registered as rtc0
[    2.264125] i2c /dev entries driver
[    2.265293] usbcore: registered new interface driver uvcvideo
[    2.265296] USB Video Class driver (1.1.1)
[    2.265579] Bluetooth: HCI UART driver ver 2.3
[    2.265584] Bluetooth: HCI UART protocol H4 registered
[    2.265587] Bluetooth: HCI UART protocol BCSP registered
[    2.265604] Bluetooth: HCI UART protocol LL registered
[    2.265607] Bluetooth: HCI UART protocol ATH3K registered
[    2.265623] Bluetooth: HCI UART protocol Three-wire (H5) registered
[    2.265653] Bluetooth: HCI UART protocol Intel registered
[    2.265667] Bluetooth: HCI UART protocol QCA registered
[    2.265690] usbcore: registered new interface driver bcm203x
[    2.265714] usbcore: registered new interface driver bpa10x
[    2.265739] usbcore: registered new interface driver bfusb
[    2.265761] usbcore: registered new interface driver btusb
[    2.265794] usbcore: registered new interface driver ath3k
[    2.265938] EDAC MC0: 13 UE BankGroup Number 0 Block Number 0 on mc#0csrow#0channel#0 (csrow:0 channel:0 page:0x0 offset:0x0 grain:1)
[    2.266006] EDAC MC0: Giving out device to module 1 controller synps_ddr_controller: DEV synps_edac (INTERRUPT)
[    2.266139] EDAC DEVICE0: Giving out device to module zynqmp-ocm-edac controller zynqmp_ocm: DEV ff960000.memory-controller (INTERRUPT)
[    2.266460] sdhci: Secure Digital Host Controller Interface driver
[    2.266463] sdhci: Copyright(c) Pierre Ossman
[    2.266466] sdhci-pltfm: SDHCI platform and OF driver helper
[    2.266731] ledtrig-cpu: registered to indicate activity on CPUs
[    2.266774] zynqmp_firmware_probe Platform Management API v1.1
[    2.266778] zynqmp_firmware_probe Trustzone version v1.0
[    2.288906] alg: No test for xilinx-zynqmp-aes (zynqmp-aes)
[    2.289026] zynqmp_aes zynqmp_aes: AES Successfully Registered
[    2.289026] 
[    2.289156] alg: No test for xilinx-keccak-384 (zynqmp-keccak-384)
[    2.289343] alg: No test for xilinx-zynqmp-rsa (zynqmp-rsa)
[    2.289545] usbcore: registered new interface driver usbhid
[    2.289548] usbhid: USB HID core driver
[    2.291618] fpga_manager fpga0: Xilinx ZynqMP FPGA Manager registered
[    2.291867] usbcore: registered new interface driver snd-usb-audio
[    2.292525] pktgen: Packet Generator for packet performance testing. Version: 2.75
[    2.293009] Initializing XFRM netlink socket
[    2.293087] NET: Registered protocol family 10
[    2.293452] Segment Routing with IPv6
[    2.293548] sit: IPv6, IPv4 and MPLS over IPv4 tunneling driver
[    2.293846] NET: Registered protocol family 17
[    2.293858] NET: Registered protocol family 15
[    2.293875] bridge: filtering via arp/ip/ip6tables is no longer available by default. Update your scripts to load br_netfilter if you need this.
[    2.293879] can: controller area network core (rev 20170425 abi 9)
[    2.293904] NET: Registered protocol family 29
[    2.293909] can: raw protocol (rev 20170425)
[    2.293913] can: broadcast manager protocol (rev 20170425 t)
[    2.293921] can: netlink gateway (rev 20190810) max_hops=1
[    2.293982] Bluetooth: RFCOMM TTY layer initialized
[    2.293989] Bluetooth: RFCOMM socket layer initialized
[    2.294006] Bluetooth: RFCOMM ver 1.11
[    2.294013] Bluetooth: BNEP (Ethernet Emulation) ver 1.3
[    2.294016] Bluetooth: BNEP filters: protocol multicast
[    2.294022] Bluetooth: BNEP socket layer initialized
[    2.294026] Bluetooth: HIDP (Human Interface Emulation) ver 1.2
[    2.294031] Bluetooth: HIDP socket layer initialized
[    2.294130] 9pnet: Installing 9P2000 support
[    2.294150] Key type dns_resolver registered
[    2.294414] registered taskstats version 1
[    2.294418] Loading compiled-in X.509 certificates
[    2.294773] Btrfs loaded, crc32c=crc32c-generic
[    2.302577] ff000000.serial: ttyPS0 at MMIO 0xff000000 (irq = 40, base_baud = 6249999) is a xuartps
[    3.546711] printk: console [ttyPS0] enabled
[    3.551267] of-fpga-region fpga-full: FPGA Region probed
[    3.557067] GPIO IRQ not connected
[    3.560461] XGpio: gpio@80010000: registered, base is 509
[    3.566422] xilinx-zynqmp-dma fd500000.dma: ZynqMP DMA driver Probe success
[    3.573511] xilinx-zynqmp-dma fd510000.dma: ZynqMP DMA driver Probe success
[    3.580596] xilinx-zynqmp-dma fd520000.dma: ZynqMP DMA driver Probe success
[    3.587677] xilinx-zynqmp-dma fd530000.dma: ZynqMP DMA driver Probe success
[    3.594773] xilinx-zynqmp-dma fd540000.dma: ZynqMP DMA driver Probe success
[    3.601855] xilinx-zynqmp-dma fd550000.dma: ZynqMP DMA driver Probe success
[    3.608936] xilinx-zynqmp-dma fd560000.dma: ZynqMP DMA driver Probe success
[    3.616018] xilinx-zynqmp-dma fd570000.dma: ZynqMP DMA driver Probe success
[    3.623174] xilinx-zynqmp-dma ffa80000.dma: ZynqMP DMA driver Probe success
[    3.630253] xilinx-zynqmp-dma ffa90000.dma: ZynqMP DMA driver Probe success
[    3.637336] xilinx-zynqmp-dma ffaa0000.dma: ZynqMP DMA driver Probe success
[    3.644421] xilinx-zynqmp-dma ffab0000.dma: ZynqMP DMA driver Probe success
[    3.651506] xilinx-zynqmp-dma ffac0000.dma: ZynqMP DMA driver Probe success
[    3.658586] xilinx-zynqmp-dma ffad0000.dma: ZynqMP DMA driver Probe success
[    3.665669] xilinx-zynqmp-dma ffae0000.dma: ZynqMP DMA driver Probe success
[    3.672759] xilinx-zynqmp-dma ffaf0000.dma: ZynqMP DMA driver Probe success
[    3.679952] zynqmp-qspi ff0f0000.spi: rx bus width not found
[    3.685601] zynqmp-qspi ff0f0000.spi: tx bus width not found
[    3.691413] spi_master spi0: cannot find modalias for /amba/spi@ff0f0000/flash@0
[    3.698807] spi_master spi0: Failed to create SPI device for /amba/spi@ff0f0000/flash@0
[    3.707082] macb ff0b0000.ethernet: Not enabling partial store and forward
[    3.714440] libphy: MACB_mii_bus: probed
[    3.726920] zynqmp_pll_disable() clock disable failed for dpll_int, ret = -13
[    3.791986] Micrel KSZ9031 Gigabit PHY ff0b0000.ethernet-ffffffff:03: attached PHY driver [Micrel KSZ9031 Gigabit PHY] (mii_bus:phy_addr=ff0b0000.ethernet-ffffffff:03, irq=POLL)
[    3.807810] macb ff0b0000.ethernet eth0: Cadence GEM rev 0x50070106 at 0xff0b0000 irq 29 (22:3d:06:fa:94:ef)
[    3.817926] xilinx-axipmon ffa00000.perf-monitor: Probed Xilinx APM
[    3.824416] xilinx-axipmon fd0b0000.perf-monitor: Probed Xilinx APM
[    3.830877] xilinx-axipmon fd490000.perf-monitor: Probed Xilinx APM
[    3.837331] xilinx-axipmon ffa10000.perf-monitor: Probed Xilinx APM
[    3.843804] dwc3-of-simple ff9d0000.usb0: dwc3_simple_set_phydata: Can't find usb3-phy
[    3.852075] dwc3 fe200000.dwc3: Failed to get clk 'ref': -2
[    3.858021] dwc3-of-simple ff9e0000.usb1: dwc3_simple_set_phydata: Can't find usb3-phy
[    3.866229] dwc3 fe300000.dwc3: Failed to get clk 'ref': -2
[    3.872524] cdns-i2c ff020000.i2c: 400 kHz mmio ff020000 irq 31
[    3.877161] xhci-hcd xhci-hcd.0.auto: xHCI Host Controller
[    3.878789] cpufreq: cpufreq_online: CPU0: Running at unlisted freq: 1333333 KHz
[    3.883920] xhci-hcd xhci-hcd.0.auto: new USB bus registered, assigned bus number 1
[    3.891300] cpu cpu0: dev_pm_opp_set_rate: failed to find current OPP for freq 1333333320 (-34)
[    3.899030] xhci-hcd xhci-hcd.0.auto: hcc params 0x0238f625 hci version 0x100 quirks 0x0000000202010010
[    3.907672] cpufreq: cpufreq_online: CPU0: Unlisted initial frequency changed to: 1199999 KHz
[    3.917031] xhci-hcd xhci-hcd.0.auto: irq 45, io mem 0xfe300000
[    3.925547] cpu cpu0: dev_pm_opp_set_rate: failed to find current OPP for freq 1333333320 (-34)
[    3.931853] xhci-hcd xhci-hcd.1.auto: xHCI Host Controller
[    3.945651] usb usb1: New USB device found, idVendor=1d6b, idProduct=0002, bcdDevice= 5.04
[    3.953912] usb usb1: New USB device strings: Mfr=3, Product=2, SerialNumber=1
[    3.961122] usb usb1: Product: xHCI Host Controller
[    3.965994] usb usb1: Manufacturer: Linux 5.4.0-xilinx-v2020.1 xhci-hcd
[    3.971925] mmc0: SDHCI controller on ff160000.mmc [ff160000.mmc] using ADMA 64-bit
[    3.972597] usb usb1: SerialNumber: xhci-hcd.0.auto
[    3.985406] hub 1-0:1.0: USB hub found
[    3.989225] hub 1-0:1.0: 1 port detected
[    3.993313] xhci-hcd xhci-hcd.0.auto: xHCI Host Controller
[    3.998805] xhci-hcd xhci-hcd.0.auto: new USB bus registered, assigned bus number 2
[    4.006457] xhci-hcd xhci-hcd.0.auto: Host supports USB 3.0 SuperSpeed
[    4.011762] mmc1: SDHCI controller on ff170000.mmc [ff170000.mmc] using ADMA 64-bit
[    4.013064] usb usb2: We don't know the algorithms for LPM for this host, disabling LPM.
[    4.028699] rtc_zynqmp ffa60000.rtc: setting system clock to 1970-01-01T00:00:08 UTC (8)
[    4.028702] of_cfs_init
[    4.028722] of_cfs_init: OK
[    4.036912] usb usb2: New USB device found, idVendor=1d6b, idProduct=0003, bcdDevice= 5.04
[    4.039336] cfg80211: Loading compiled-in X.509 certificates for regulatory database
[    4.042007] usb usb2: New USB device strings: Mfr=3, Product=2, SerialNumber=1
[    4.065207] usb usb2: Product: xHCI Host Controller
[    4.070073] usb usb2: Manufacturer: Linux 5.4.0-xilinx-v2020.1 xhci-hcd
[    4.076679] usb usb2: SerialNumber: xhci-hcd.0.auto
[    4.081854] hub 2-0:1.0: USB hub found
[    4.085710] hub 2-0:1.0: 1 port detected
[    4.089878] xhci-hcd xhci-hcd.1.auto: new USB bus registered, assigned bus number 3
[    4.097629] xhci-hcd xhci-hcd.1.auto: hcc params 0x0238f625 hci version 0x100 quirks 0x0000000202010010
[    4.107046] xhci-hcd xhci-hcd.1.auto: irq 42, io mem 0xfe200000
[    4.113260] usb usb3: New USB device found, idVendor=1d6b, idProduct=0002, bcdDevice= 5.04
[    4.121528] usb usb3: New USB device strings: Mfr=3, Product=2, SerialNumber=1
[    4.128752] usb usb3: Product: xHCI Host Controller
[    4.133623] usb usb3: Manufacturer: Linux 5.4.0-xilinx-v2020.1 xhci-hcd
[    4.140227] usb usb3: SerialNumber: xhci-hcd.1.auto
[    4.145386] hub 3-0:1.0: USB hub found
[    4.149242] hub 3-0:1.0: 1 port detected
[    4.153411] xhci-hcd xhci-hcd.1.auto: xHCI Host Controller
[    4.158904] xhci-hcd xhci-hcd.1.auto: new USB bus registered, assigned bus number 4
[    4.166562] xhci-hcd xhci-hcd.1.auto: Host supports USB 3.0 SuperSpeed
[    4.173135] usb usb4: We don't know the algorithms for LPM for this host, disabling LPM.
[    4.174212] cfg80211: Loaded X.509 cert 'sforshee: 00b28ddf47aef9cea7'
[    4.181285] usb usb4: New USB device found, idVendor=1d6b, idProduct=0003, bcdDevice= 5.04
[    4.187741] clk: Not disabling unused clocks
[    4.195990] usb usb4: New USB device strings: Mfr=3, Product=2, SerialNumber=1
[    4.200249] ALSA device list:
[    4.207463] usb usb4: Product: xHCI Host Controller
[    4.210407]   No soundcards found.
[    4.215274] usb usb4: Manufacturer: Linux 5.4.0-xilinx-v2020.1 xhci-hcd
[    4.218750] platform regulatory.0: Direct firmware load for regulatory.db failed with error -2
[    4.225257] usb usb4: SerialNumber: xhci-hcd.1.auto
[    4.225487] hub 4-0:1.0: USB hub found
[    4.233858] cfg80211: failed to load regulatory.db
[    4.247277] hub 4-0:1.0: 1 port detected
[    4.251462] Waiting for root device /dev/mmcblk1p2...
[    4.269316] mmc1: new high speed SDHC card at address 5048
[    4.275144] mmcblk1: mmc1:5048 SD16G 14.4 GiB 
[    4.280966]  mmcblk1: p1 p2
[    4.296740] mmc0: new HS200 MMC card at address 0001
[    4.302018] mmcblk0: mmc0:0001 W52516 14.3 GiB 
[    4.306715] mmcblk0boot0: mmc0:0001 W52516 partition 1 4.00 MiB
[    4.312799] mmcblk0boot1: mmc0:0001 W52516 partition 2 4.00 MiB
[    4.318785] mmcblk0rpmb: mmc0:0001 W52516 partition 3 4.00 MiB, chardev (245:0)
[    4.326891]  mmcblk0: p1
[    4.611067] random: fast init done
[    9.573880] EXT4-fs (mmcblk1p2): recovery complete
[    9.581649] EXT4-fs (mmcblk1p2): mounted filesystem with ordered data mode. Opts: (null)
[    9.589767] VFS: Mounted root (ext4 filesystem) on device 179:2.
[    9.597480] devtmpfs: mounted
[    9.600599] Freeing unused kernel memory: 704K
[    9.605068] Run /sbin/init as init process
[    9.981411] random: systemd: uninitialized urandom read (16 bytes read)
[    9.995013] random: systemd: uninitialized urandom read (16 bytes read)
[   10.019994] systemd[1]: systemd 219 running in system mode. (+PAM +AUDIT +SELINUX +IMA -APPARMOR +SMACK +SYSVINIT +UTMP +LIBCRYPTSETUP +GCRYPT +GNUTLS +ACL +XZ -LZ4 -SECCOMP +BLKID +ELFUTILS +KMOD +IDN)
[   10.038306] systemd[1]: Detected architecture arm64.

Welcome to [0;31mCentOS Linux 7 (AltArch)[0m!

[   10.055384] systemd[1]: No hostname configured.
[   10.059914] systemd[1]: Set hostname to <localhost>.
[   10.076346] random: systemd: uninitialized urandom read (16 bytes read)
[   10.559963] systemd[1]: Started Forward Password Requests to Wall Directory Watch.
[   10.567577] systemd[1]: Starting Forward Password Requests to Wall Directory Watch.
[[32m  OK  [0m] Created slice Root Slice.
[   10.587380] systemd[1]: Created slice Root Slice.
[   10.592109] systemd[1]: Starting Root Slice.
[[32m  OK  [0m] Created slice User and Session Slice.
[   10.607363] systemd[1]: Created slice User and Session Slice.
[   10.613129] systemd[1]: Starting User and Session Slice.
[[32m  OK  [0m] Listening on LVM2 poll daemon socket.
[[32m  OK  [0m] Listening on Delayed Shutdown Socket.
[[32m  OK  [0m] Listening on udev Kernel Socket.
[[32m  OK  [0m] Listening on LVM2 metadata daemon socket.
[[32m  OK  [0m] Created slice System Slice.
[[32m  OK  [0m] Created slice system-getty.slice.
[[32m  OK  [0m] Reached target Slices.
[[32m  OK  [0m] Listening on Journal Socket.
         Mounting Huge Pages File System...
         Starting Journal Service...
[[32m  OK  [0m] Listening on Device-mapper event daemon FIFOs.
         Starting Monitoring of LVM2 mirrors... dmeventd or progress polling...
         Starting Collect Read-Ahead Data...
[[32m  OK  [0m] Listening on /dev/initctl Compatibility Named Pipe.
[[32m  OK  [0m] Listening on udev Control Socket.
         Mounting POSIX Message Queue File System...
[   10.821269] systemd-readahead[160]: Failed to create fanotify object: Function not implemented
         Mounting Debug File System...
[[32m  OK  [0m] Created slice system-serial\x2dgetty.slice.
[[32m  OK  [0m] Reached target Swap.
[[32m  OK  [0m] Created slice system-selinux\x2dpol...grate\x2dlocal\x2dchanges.slice.
[[32m  OK  [0m] Mounted POSIX Message Queue File System.
[[32m  OK  [0m] Mounted Huge Pages File System.
[[32m  OK  [0m] Mounted Debug File System.
[[32m  OK  [0m] Started Collect Read-Ahead Data.
[[32m  OK  [0m] Started Journal Service.
         Starting Setup Virtual Console...
         Starting Create Static Device Nodes in /dev...
         Starting Flush Journal to Persistent Storage...
         Starting Configure read-only root support...
         Starting udev Coldplug all Devices...
         Starting Apply Kernel Variables...
         Mounting Configuration File System...
         Starting Load/Save Random Seed...
[[32m  OK  [0m] Mounted Configuration File System.
[[32m  OK  [0m] Started LVM2 metadata daemon.
         Starting LVM2 metadata daemon...
[[32m  OK  [0m] Started Load/Save Random Seed.
[[32m  OK  [0m] Started Create Static Device Nodes in /dev.
[[32m  OK  [0m] Started Apply Kernel Variables.
[[32m  OK  [0m] Started udev Coldplug all Devices.
[[32m  OK  [0m] Started Configure read-only root support.
[   11.205707] systemd-journald[158]: Received request to flush runtime journal from PID 1
         Starting udev Wait for Complete Device Initialization...
         Starting udev Kernel Device Manager...
[[32m  OK  [0m] Started Flush Journal to Persistent Storage.
[[32m  OK  [0m] Started Setup Virtual Console.
[[32m  OK  [0m] Started udev Kernel Device Manager.
         Starting Show Plymouth Boot Screen...
[[32m  OK  [0m] Found device /dev/ttyPS0.
[[32m  OK  [0m] Started Show Plymouth Boot Screen.
%G[[32m  OK  [0m] Started Monitoring of LVM2 mirrors,...ng dmeventd or progress polling.
[[32m  OK  [0m] Reached target Local File Systems (Pre).
[[32m  OK  [0m] Started udev Wait for Complete Device Initialization.
         Starting Activation of DM RAID sets...
[[32m  OK  [0m] Started Activation of DM RAID sets.
[[32m  OK  [0m] Reached target Encrypted Volumes.
[[32m  OK  [0m] Reached target Local File Systems.
         Starting Tell Plymouth To Write Out Runtime Data...
         Starting Create Volatile Files and Directories...
[[32m  OK  [0m] Started Tell Plymouth To Write Out Runtime Data.
[[32m  OK  [0m] Started Create Volatile Files and Directories.
         Starting Security Auditing Service...
[[32m  OK  [0m] Started Security Auditing Service.
         Starting Update UTMP about System Boot/Shutdown...
[[32m  OK  [0m] Started Update UTMP about System Boot/Shutdown.
[[32m  OK  [0m] Reached target System Initialization.
[[32m  OK  [0m] Listening on PC/SC Smart Card Daemon Activation Socket.
[[32m  OK  [0m] Listening on D-Bus System Message Bus Socket.
[[32m  OK  [0m] Reached target Paths.
[[32m  OK  [0m] Reached target Timers.
[[32m  OK  [0m] Listening on Open-iSCSI iscsid Socket.
[[32m  OK  [0m] Listening on Open-iSCSI iscsiuio Socket.
[[32m  OK  [0m] Reached target Sockets.
[[32m  OK  [0m] Reached target Basic System.
         Starting System Logging Service...
         Starting Dump dmesg to /var/log/dmesg...
         Starting Login Service...
[[32m  OK  [0m] Started irqbalance daemon.
         Starting irqbalance daemon...
[[32m  OK  [0m] Started D-Bus System Message Bus.
         Starting D-Bus System Message Bus...
         Starting Authorization Manager...
         Starting NTP client/server...
[[32m  OK  [0m] Started System Logging Service.
[[32m  OK  [0m] Started Dump dmesg to /var/log/dmesg.
[[32m  OK  [0m] Started Login Service.
[[32m  OK  [0m] Started NTP client/server.
[[32m  OK  [0m] Started Authorization Manager.
         Starting firewalld - dynamic firewall daemon...
[[32m  OK  [0m] Started firewalld - dynamic firewall daemon.
[[32m  OK  [0m] Reached target Network (Pre).
         Starting Network Manager...
[[32m  OK  [0m] Started Network Manager.
         Starting Network Manager Wait Online...
         Starting Network Manager Script Dispatcher Service...
[[32m  OK  [0m] Started Network Manager Script Dispatcher Service.
         Starting Hostname Service...
[[32m  OK  [0m] Started Hostname Service.
[   18.689815] pps pps0: new PPS source ptp0
[   18.693862] macb ff0b0000.ethernet: gem-ptp-timer ptp clock registered.
[   22.783879] macb ff0b0000.ethernet eth0: link up (1000/Full)
[   22.789554] IPv6: ADDRCONF(NETDEV_CHANGE): eth0: link becomes ready
[[32m  OK  [0m] Started Network Manager Wait Online.
         Starting LSB: Bring up/down networking...
[[1;31mFAILED[0m] Failed to start LSB: Bring up/down networking.
See 'systemctl status network.service' for details.
[[32m  OK  [0m] Reached target Network.
         Starting Dynamic System Tuning Daemon...
         Starting OpenSSH server daemon...
         Starting Logout off all iSCSI sessions on shutdown...
         Starting Postfix Mail Transport Agent...
[[32m  OK  [0m] Reached target Network is Online.
[[32m  OK  [0m] Started Logout off all iSCSI sessions on shutdown.
[[32m  OK  [0m] Reached target Remote File Systems (Pre).
[[32m  OK  [0m] Reached target Remote File Systems.
         Starting Permit User Sessions...
         Starting Crash recovery kernel arming...
         Starting Availability of block devices...
[[32m  OK  [0m] Started Availability of block devices.
[[32m  OK  [0m] Started Permit User Sessions.
         Starting Terminate Plymouth Boot Screen...
[[32m  OK  [0m] Started Command Scheduler.
         Starting Command Scheduler...
         Starting Wait for Plymouth Boot Screen to Quit...
[   23.807482] macb ff0b0000.ethernet eth0: link down

CentOS Linux 7 (AltArch)
Kernel 5.4.0-xilinx-v2020.1 on an aarch64

localhost login: [   27.903886] macb ff0b0000.ethernet eth0: link up (1000/Full)

CentOS Linux 7 (AltArch)
Kernel 5.4.0-xilinx-v2020.1 on an aarch64

localhost login: 
CentOS Linux 7 (AltArch)
Kernel 5.4.0-xilinx-v2020.1 on an aarch64

localhost login: root
Password: [   45.384141] macb ff0b0000.ethernet eth0: link down

Last login: Thu Jan  1 00:02:35 from 192.168.10.6
[root@localhost ~]# [   49.471884] macb ff0b0000.ethernet eth0: link up (1000/Full)

[root@localhost ~]# 
[root@localhost ~]# 
[root@localhost ~]# 
[root@localhost ~]# ping [1Pexitssh okazaki@192.168.10.6[C[C[C[C[C[C[C[C[C[C[C[C[C[C[C[C[C[C[C[C[7Pping 192.168.10.65ip a [Kping 192.168.10.5ip a [K[1Pexitip a ping 192.168.10.5
1PING 192.168.10.5 (192.168.10.5) 56(84) bytes of data.
64 bytes from 192.168.10.5: icmp_seq=1 ttl=64 time=0.067 ms
 64 bytes from 192.168.10.5: icmp_seq=2 ttl=64 time=0.027 ms
64 bytes from 192.168.10.5: icmp_seq=3 ttl=64 time=0.024 ms
64 bytes from 192.168.10.5: icmp_seq=4 ttl=64 time=0.020 ms

--- 192.168.10.5 ping statistics ---
4 packets transmitted, 4 received, 0% packet loss, time 3059ms
rtt min/avg/max/mdev = 0.020/0.034/0.067/0.019 ms
[root@localhost ~]# ping 192.168.10.5exit[Kping 192.168.10.5[K6
PING 192.168.10.6 (192.168.10.6) 56(84) bytes of data.
64 bytes from 192.168.10.6: icmp_seq=1 ttl=64 time=0.427 ms
64 bytes from 192.168.10.6: icmp_seq=2 ttl=64 time=0.497 ms
64 bytes from 192.168.10.6: icmp_seq=3 ttl=64 time=0.499 ms

--- 192.168.10.6 ping statistics ---
3 packets transmitted, 3 received, 0% packet loss, time 2028ms
rtt min/avg/max/mdev = 0.427/0.474/0.499/0.037 ms
[root@localhost ~]# ping 192.168.10.65exit[Kssh okazaki@192.168.10.6
okazaki@192.168.10.6's password: 
Welcome to Ubuntu 18.04.2 LTS (GNU/Linux 5.4.0-89-generic x86_64)

 * Documentation:  https://help.ubuntu.com
 * Management:     https://landscape.canonical.com
 * Support:        https://ubuntu.com/advantage


 * Canonical Livepatch is available for installation.
   - Reduce system reboots and improve kernel security. Activate at:
     https://ubuntu.com/livepatch

219 packages can be updated.
1 update is a security update.

New release '20.04.3 LTS' available.
Run 'do-release-upgrade' to upgrade to it.

Your Hardware Enablement Stack (HWE) is supported until April 2023.
Last login: Fri Nov  5 12:38:35 2021 from 192.168.10.5
[01;32m(okazaki-CFSV8-2L)[0m ~ [01;32m$[0m [   87.432143] macb ff0b0000.ethernet eth0: link down
[   91.519882] macb ff0b0000.ethernet eth0: link up (1000/Full)


[01;32m(okazaki-CFSV8-2L)[0m ~ [01;32m$[0m 

[01;32m(okazaki-CFSV8-2L)[0m ~ [01;32m$[0m 

[01;32m(okazaki-CFSV8-2L)[0m ~ [01;32m$[0m exit
logout
Connection to 192.168.10.6 closed.
[root@localhost ~]# 
[root@localhost ~]# 
[root@localhost ~]# ssh okazaki@192.168.10.6[C[C[C[C[C[C[C[C[C[C[C[C[C[C[C[C[C[C[C[C[7Pping 192.168.10.6[  105.928137] macb ff0b0000.ethernet eth0: link down
[  110.016687] macb ff0b0000.ethernet eth0: link up (1000/Full)
[  122.376143] macb ff0b0000.ethernet eth0: link down
[  126.463881] macb ff0b0000.ethernet eth0: link up (1000/Full)
[  132.680145] macb ff0b0000.ethernet eth0: link down
[  136.767882] macb ff0b0000.ethernet eth0: link up (1000/Full)
[  137.864147] macb ff0b0000.ethernet eth0: link down
[  141.951882] macb ff0b0000.ethernet eth0: link up (1000/Full)
[  157.384143] macb ff0b0000.ethernet eth0: link down

connect: Network is unreachable
[root@localhost ~]# [  164.543894] macb ff0b0000.ethernet eth0: link up (1000/Full)

[root@localhost ~]# ping 192.168.10.6ssh okazaki@192.168.10.6[C[C[C[C[C[C[C[C[C[C[C[C[C[C[C[C[C[C[C[C[7Pping 192.168.10.65exit[Kssh okazaki@192.168.10.6[C[C[C[C[C[C[C[C[C[C[C[C[C[C[C[C[C[C[C[C[7Pping 192.168.10.65ip a [K[1Pexitreboot[1Pip a rebootnmcli device connect eth0 [3@dis[C[C[C[C[C[C[C[C[C[C[C[C[C[C[C[C[C[C[C[C[C[C[C[C[C[C[C[C[C[C[C[C[Cls[Knmcli device disconnect eth0 [3P[C[C[C[C[C[C[C[C[C[C[C[C[C[C[C[C[C[C[C[C[C[C[C[C[C[C[C[C[C[C[C[C[Creboot[K[1Pip a reboot[2Pexitip a ping 192.168.10.56ssh okazaki@192.168.10.6[C[C[C[C[C[C[C[C[C[C[C[C[C[C[C[C[C[C[C[Cexit[Kping 192.168.10.56ssh okazaki@192.168.10.6[C[C[C[C[C[C[C[C[C[C[C[C[C[C[C[C[C[C[C[C[7Pping 192.168.10.6[Khistory
    1  ls
    2  exit
    3  ping 192.168.10.6
    4  ip a
    5  mntui
    6  nmtui
    7  ip a 
    8  ping 192.168.10.5
    9  ip route
   10  cat /etc/sysconfig/network-scripts/ifcfg-eth0 
   11  ping 192.168.10.5
   12  ping 192.168.10.6
   13  nmcli device status 
   14  nmcli connection up eth0
   15  nmcli device status 
   16  pin
   17  ping 192.168.10.5
   18  ping 192.168.10.6
   19  nmcli con show eth0 
   20  reboot
   21  nmtui
   22  ping 192.168.10.5
   23  nmcli device status 
   24  nmcli con show eth0 
   25  nmcli connection up eth0
   26  nmcli device status 
   27  ping 192.168.10.5
   28  nmcli con show eth0 | grep --color=auto connection.autoconnect
   29  nmcli con mod eth0 connection.autoconnect "yes"
   30  mmcli con show eth0
   31  nmcli con show eth0
   32  ls
   33  nmcli device disconnect eth0 
   34  nmcli device connect eth0 
   35  reboot
   36  ip a 
   37  reboot
   38  exit
   39  ip a 
   40  ping 192.168.10.5
   41  ping 192.168.10.6
   42  ssh okazaki@192.168.10.6
   43  exit
   44  ping 192.168.10.5
   45  ping 192.168.10.6
   46  ssh okazaki@192.168.10.6
   47  ping 192.168.10.6
   48  history
[root@localhost ~]# !33
nmcli device disconnect eth0 
Device 'eth0' successfully disconnected.
[root@localhost ~]# !34
nmcli device connect eth0 
[2KDevice 'eth0' successfully activated with '5fb06bd0-0bb0-7ffb-45f1-d6edd65f3e03'.
[root@localhost ~]# !24
nmcli con show eth0 
connection.id:                          eth0
connection.uuid:                        5fb06bd0-0bb0-7ffb-45f1-d6edd65f3e03
connection.stable-id:                   --
connection.interface-name:              eth0
connection.type:                        802-3-ethernet
connection.autoconnect:                 yes
connection.autoconnect-priority:        0
connection.autoconnect-retries:         -1 (default)
connection.timestamp:                   198
connection.read-only:                   no
connection.permissions:                 --
connection.zone:                        --
connection.master:                      --
connection.slave-type:                  --
connection.autoconnect-slaves:          -1 (default)
connection.secondaries:                 --
connection.gateway-ping-timeout:        0
connection.metered:                     unknown
connection.lldp:                        -1 (default)
802-3-ethernet.port:                    --
802-3-ethernet.speed:                   0
802-3-ethernet.duplex:                  --
802-3-ethernet.auto-negotiate:          no
802-3-ethernet.mac-address:             --
802-3-ethernet.cloned-mac-address:      --
802-3-ethernet.generate-mac-address-mask:--
802-3-ethernet.mac-address-blacklist:   --
802-3-ethernet.mtu:                     auto
802-3-ethernet.s390-subchannels:        --
802-3-ethernet.s390-nettype:            --
802-3-ethernet.s390-options:            --
802-3-ethernet.wake-on-lan:             1 (default)
802-3-ethernet.wake-on-lan-password:    --
ipv4.method:                            manual
ipv4.dns:                               --
ipv4.dns-search:                        --
ipv4.dns-options:                       (default)
ipv4.dns-priority:                      0
ipv4.addresses:                         192.168.10.5/24
ipv4.gateway:                           --
ipv4.routes:                            --
ipv4.route-metric:                      -1
ipv4.ignore-auto-routes:                no
ipv4.ignore-auto-dns:                   no
ipv4.dhcp-client-id:                    --
ipv4.dhcp-timeout:                      0
ipv4.dhcp-send-hostname:                yes
ipv4.dhcp-hostname:                     --
ipv4.dhcp-fqdn:                         --
ipv4.never-default:                     no
ipv4.may-fail:                          yes
ipv4.dad-timeout:                       -1 (default)
ipv6.method:                            ignore
ipv6.dns:                               --
ipv6.dns-search:                        --
ipv6.dns-options:                       (default)
ipv6.dns-priority:                      0
ipv6.addresses:                         --
ipv6.gateway:                           --
ipv6.routes:                            --
ipv6.route-metric:                      -1
ipv6.ignore-auto-routes:                no
ipv6.ignore-auto-dns:                   no
ipv6.never-default:                     no
ipv6.may-fail:                          yes
ipv6.ip6-privacy:                       -1 (unknown)
ipv6.addr-gen-mode:                     stable-privacy
ipv6.dhcp-send-hostname:                yes
ipv6.dhcp-hostname:                     --
ipv6.token:                             --
proxy.method:                           none
proxy.browser-only:                     no
proxy.pac-url:                          --
proxy.pac-script:                       --
GENERAL.NAME:                           eth0
GENERAL.UUID:                           5fb06bd0-0bb0-7ffb-45f1-d6edd65f3e03
GENERAL.DEVICES:                        eth0
GENERAL.STATE:                          activated
GENERAL.DEFAULT:                        no
GENERAL.DEFAULT6:                       no
GENERAL.VPN:                            no
GENERAL.ZONE:                           --
GENERAL.DBUS-PATH:                      /org/freedesktop[  200.456146] macb ff0b0000.ethernet eth0: link down
/NetworkManager/ActiveConnection/4
GENERAL.CON-PATH:                       /org/freedesktop/NetworkManager/Settings/1
GENERAL.SPEC-OBJECT:                    --
GENERAL.MASTER-PATH:                    --
IP4.ADDRESS[1]:                         192.168.10.5/24
IP4.GATEWAY:                            --
IP6.GATEWAY:                            --
[root@localhost ~]# nmcli con show eth0 [6@device connect[C[C[C[C[C[C[3@dis[C[C[C[C[C[C[C[C[C[C[C[C[C[C[C[C[C[C[C[C[C[C[C[C[C[C[C[C[C[C[C[C[Chistory[Kping 192.168.10.6ssh okazaki@192.168.10.6[C[C[C[C[C[C[C[C[C[C[C[C[C[C[C[C[C[C[C[C[7Pping 192.168.10.65exit[Kssh okazaki@192.168.10.6[C[C[C[C[C[C[C[C[C[C[C[C[C[C[C[C[C[C[C[C[7Pping 192.168.10.65ip a [K[1Pexitreboot[1Pip a rebootnmcli device connect eth0 [3@dis[C[C[C[C[C[C[C[C[C[C[C[C[C[C[C[C[C[C[C[C[C[C[C[C[C[C[C[C[C[C[C[C[Cls[Knmcli con show eth0m[C[C[C[C[C[C[C[C[C[C[C[C[C[C[C[C[C[Cnmcli con mod eth0 connection.autoconnect "yes"[C[C[C[C[C[C[C[C[C[C[C[C[C[C[C[C[C[C[C[C[C[C[C[C[C[C[C[C[C[Cshow eth0 | grep --color=auto connection.autoconnecct[A[C[C[C[C[C[C[C[C[C[C[C[C[C[C[C[C[C[Cping 192.168.10.5[K
[K[A[C[C[C[C[C[C[C[C[C[C[C[C[C[C[C[C[C[C[C[C[C[C[C[C[C[C[C[C[C[C[C[C[C[C[C[C[Cnmcli device status connection up eth0[4P show eth0 device status[C[3Pping 192.168.10.5nmtui[Krebootnmcli con show eth0 [3Pping 192.168.10.65[Knmcli device status connection up eth0[4Pdevice status [3Pping 192.168.10.656nmcli device status connection up eth0[4Pdevice status pin[Kg 192.168.10.56nmcli con show eth0 reboot[K[1Pnmtuiping 192.168.10.5nmcli device status con show eth0[Cnection up eth0[4Pdevice status [3Pping 192.168.10.5nmcli con show eth0 | grep --color=auto connection.autoconnecct[A[C[C[C[C[C[C[C[C[C[C[C[C[C[C[C[C[C[C[C[C[C[C[C[C[C[C[C[C[13Pmod eth0 connection.autoconnect "yes"
[K[A[C[C[C[C[C[C[C[C[C[C[C[C[C[C[C[C[C[C[C[C[C[C[C[C[C[C[C[C[C[C[C[C[C[C[C[C[C[C[C[C[C[C[C[C[C[C[C[C[C[C[C[C[C[C[C[C[C[C[C[C[C[C[C[C[C[C[C[C[C[C[C[C[C[C[C[C[C[C[C[C[C[C[C[C[C[C[C[28Pmmcli con show eth0n[C[C[C[C[C[C[C[C[C[C[C[C[C[C[C[C[C[Cls[Knmcli device disconnect eth0 [3P[C[C[C[C[C[C[C[C[C[C[C[C[C[C[C[C[C[C[C[C[C[C[C[C[C[C[C[C[C[C[C[C[Creboot[K[1Pip a reboot[2Pexitip a ping 192.168.10.56ssh okazaki@192.168.10.6[C[C[C[C[C[C[C[C[C[C[C[C[C[C[C[C[C[C[C[Cexit[Kping 192.168.10.56ssh okazaki@192.168.10.6[C[C[C[C[C[C[C[C[C[C[C[C[C[C[C[C[C[C[C[C[7Pping 192.168.10.6[10Phistorynmcli device disconnect eth0 [3P[C[C[C[C[C[C[C[C[C[C[C[C[C[6Pcon show[C[C[C[C[C[C[K[  204.543893] macb ff0b0000.ethernet eth0: link up (1000/Full)
[  206.664158] macb ff0b0000.ethernet eth0: link down
nmcli con show eth0 [6@device connect[C[C[C[C[C[C[3@dis[C[C[C[C[C[C[C[C[C[C[C[C[C[C[C[C[C[C[C[C[C[C[C[C[C[C[C[C[C[C[C[C[Chistory[Kping 192.168.10.6ssh okazaki@192.168.10.6[C[C[C[C[C[C[C[C[C[C[C[C[C[C[C[C[C[C[C[C[7Pping 192.168.10.65exit[Kssh okazaki@192.168.10.6[C[C[C[C[C[C[C[C[C[C[C[C[C[C[C[C[C[C[C[C[7Pping 192.168.10.65ip a [K[1Pexitreboot[1Pip a rebootnmcli device connect eth0 [3@dis[C[C[C[C[C[C[C[C[C[C[C[C[C[C[C[C[C[C[C[C[C[C[C[C[C[C[C[C[C[C[C[C[Cls[Knmcli con show eth0m[C[C[C[C[C[C[C[C[C[C[C[C[C[C[C[C[C[Cnmcli con mod eth0 connection.autoconnect "yes"[C[C[C[C[C[C[C[C[C[C[C[C[C[C[C[C[C[C[C[C[C[C[C[C[C[C[C[C[C[Cshow eth0 | grep --color=auto connection.autoconnecct[A[C[C[C[C[C[C[C[C[C[C[C[C[C[C[C[C[C[Cping 192.168.10.5[K
[K[A[C[C[C[C[C[C[C[C[C[C[C[C[C[C[C[C[C[C[C[C[C[C[C[C[C[C[C[C[C[C[C[C[C[C[C[C[Cnmcli device status connection up eth0[4P show eth0 device status[C[3Pping 192.168.10.5nmtui[Krebootnmcli con show eth0 [3Pping 192.168.10.65[Knmcli device status connection up eth0[4Pdevice status [3Pping 192.168.10.65cat /etc/sysconfig/network-scripts/ifcfg-eth0 [C[C[C[C[C[C[C[C[C[C[C[C[C[C[C[C[C[C[C[Cip route[Kping 192.168.10.5ip a [Knmtuimntui[1Pip aping 192.168.10.6exit[K[2Pls
anaconda-ks.cfg  apps
[root@localhost ~]# [  214.847881] macb ff0b0000.ethernet eth0: link up (1000/Full)
[  215.871455] macb ff0b0000.ethernet eth0: link down
[  218.943883] macb ff0b0000.ethernet eth0: link up (1000/Full)
[  220.040137] macb ff0b0000.ethernet eth0: link down

[root@localhost ~]# 
[root@localhost ~]# 
[root@localhost ~]# 
[root@localhost ~]# 
[root@localhost ~]# 
[root@localhost ~]# 
[root@localhost ~]# [  225.151889] macb ff0b0000.ethernet eth0: link up (1000/Full)

[root@localhost ~]# 
[root@localhost ~]# exit
logout

CentOS Linux 7 (AltArch)
Kernel 5.4.0-xilinx-v2020.1 on an aarch64

localhost login: 