
CentOS Linux 7 (AltArch)
Kernel 5.4.0-xilinx-v2020.1 on an aarch64

sl-xu5-eth0-01 login: 
CentOS Linux 7 (AltArch)
Kernel 5.4.0-xilinx-v2020.1 on an aarch64

sl-xu5-eth0-01 login: root
Password: 
Last login: Thu Jan  1 09:19:38 on ttyPS0
[0;33m(sl-xu5-eth0-01)[0m ~ [0;33m#[0m exitnmcli device show ip a[Krebootumount /dev/mmcblk1p1 [3Pnano /mnt/uEnv.txt[Cmount /dev/mmcblk1p1 /mnt/

[0;33m(sl-xu5-eth0-01)[0m ~ [0;33m#[0m mount /dev/mmcblk1p1 /mnt/[C[C[C[C[C[C[C[C[C[C[C[C[C[C[C[C[C[C[C[C[Cexit[Knmcli device show ip a[Krebootumount /dev/mmcblk1p1 [3Pnano /mnt/uEnv.txt[C
)0[1;24r[m(B[4l[?7h[H[J[0;7m(B  GNU nano 2.3.1             File: /mnt/uEnv.txt                                [3;1H[m(Bbootargs=console=ttyPS0,115200 clk_ignore_unused root=/dev/mmcblk1p2 rootfstype$[5;1H# ---- ETH0 ---- #[1Beth0_macaddr=ca:9f:1e:3a:b6:24[2Beth0_ipaddr=130.87.242.129[1Beth0_gatewayip=130.87.240.1[1Beth0_netmask=255.255.252.0[1Beth0_hostname=sl-xu5-eth0-01[1Beth0_interface=eth0[1Beth0_autoconf=off[2Beth0_nameserver1=130.87.240.2[1Beth0_nameserver2=130.87.240.3[2B# ---- ETH1 ---- #[1Beth1_macaddr=ca:9f:1e:3a:b6:24[2Beth1_ipaddr=192.168.10.5[22;32H[0;7m(B[ Read 33 lines ][1B^G[m(B Get Help  [0;7m(B^O[m(B WriteOut  [0;7m(B^R[m(B Read File [0;7m(B^Y[m(B Prev Page [0;7m(B^K[m(B Cut Text  [0;7m(B^C[m(B Cur Pos[1B[0;7m(B^X[m(B Exit[6C[0;7m(B^J[m(B Justify   [0;7m(B^W[m(B Where Is  [0;7m(B^V[m(B Next Page [0;7m(B^U[m(B UnCut Text[0;7m(B^T[m(B To Spell[21A[1B[1B[1B[1B[1B[1B[1B[1B[1B[1B[1B[1B[1B[1B[1B[1B[1B[1B[3;21r[3;1H[10M[1;24r[12;1H# eth1_gatewayip=[1Beth1_netmask=255.255.255.0[1Beth1_hostname=sl-xu5-eth1-01[1Beth1_interface=eth1[1Beth1_autoconf=off[2B# eth1_nameserver1=[1B# eth1_nameserver2=[2B# -------- #[9A[1B[1B[1B[1B[1B[1B[4B[K[3A[1B[1B[2;22r[2;1H[10M[1;24r[2;1H[K[11Bethernet_setting= setenv ethaddr ${eth0_macaddr} && setenv bootargs ${bootargs}$[15;1Huenvcmd=run ${ethernet_setting}[3A[1B[1B[1B[1B[A[A[A[A[A[1B[1Betherne	_settin	= seten	 [1;71H[0;7m(BModified[13;25H[m(Bethaddr ${eth0_macaddr} && setenv bootargs ${bootargs} [13;25Hethaddr ${eth0_macaddr} && setenv bootargs ${bootargs} i[13;24Hethaddr ${eth0_macaddr} && setenv bootargs ${bootargs} ip[13;23Hthaddr ${eth0_macaddr} && setenv bootargs ${bootargs} ip=[13;22Hethaddr ${eth0_macaddr} && setenv bootargs ${bootargs} ip=$[13;21Hthaddr ${eth0_macaddr} && setenv bootargs ${bootargs} ip=${[13;20Hethaddr ${eth0_macaddr} && setenv bootargs ${bootargs} ip=${e[13;19Hethaddr ${eth0_macaddr} && setenv bootargs ${bootargs} ip=${et[13;18Hethadd	 ${eth0_macaddr} && setenv bootargs ${bootargs} ip=${eth[13;25H=${eth0_macaddr} && setenv bootargs ${bootargs} ip=${et[13;26H${eth0	macaddr	 && set	nv bootargs ${bootargs} ip=${eth[13;51Hbootargs ${bootargs} ip=${eth0[13;50Hbootargs ${bootargs} ip=${eth0_[13;49Hbootargs ${bootargs} ip=${eth0_i[13;48Hbootargs ${bootargs} ip=${eth0_ip[13;47Hbootargs ${bootargs} ip=${eth0_ipa[13;46Hbootargs ${bootargs} ip=${eth0_ipad[13;45Hboo	args ${bootargs} ip=${eth0_ipad[13;53H=${bootargs} ip=${eth0_ipa[13;54H[9B[0;7m(BSave modified buffer (ANSWERING "No" WILL DESTROY CHANGES) ?                    [23;1H Y[m(B Yes[K[1B[0;7m(B N[m(B No  [6C   [0;7m(B^C[m(B Cancel[K[22;62H[0;7m(BFile Name to Write: /mnt/uEnv.txt                           [1B^G[m(B Get Help[23;21H[0;7m(BM-D[m(B DOS Format	[0;7m(BM-A[m(B Append[23;61H[0;7m(BM-B[m(B Backup File[1B[0;7m(B^C[m(B Cancel	    [0;7m(BM-M[m(B Mac Format	[0;7m(BM-P[m(B Prepend[22;34H[1B[J[1;71H[0;7m(B        [22;31H[m(B[1K [0;7m(B[ Wrote 33 lines ][m(B[K[24;80H[24;1H
[0;33m(sl-xu5-eth0-01)[0m ~ [0;33m#[0m nano /mnt/uEnv.txt mount /dev/mmcblk1p1 /mnt/[C[C[C[C[C[C[C[C[C[C[C[C[C[C[C[C[C[C[C[C[Cexit[Knmcli device show ip a[Krebootumount /dev/mmcblk1p1 [3Pnano /mnt/uEnv.txt[C[3@umount /dev/mmcblk1p1[C

[0;33m(sl-xu5-eth0-01)[0m ~ [0;33m#[0m reboot
[[32m  OK  [0m] Started Show Plymouth Reboot Screen.
[[32m  OK  [0m] Stopped Dynamic System Tuning Daemon.
[[32m  OK  [0m] Stopped Availability of block devices.
         Stopping Logout off all iSCSI sessions on shutdown...
[[32m  OK  [0m] Stopped Logout off all iSCSI sessions on shutdown.
[[32m  OK  [0m] Stopped target Network.
         Stopping Network Manager...
[[32m  OK  [0m] Stopped Network Manager.
[[32m  OK  [0m] Stopped target Network (Pre).
         Stopping firewalld - dynamic firewall daemon...
[[32m  OK  [0m] Stopped firewalld - dynamic firewall daemon.
         Stopping D-Bus System Message Bus...
         Stopping Authorization Manager...
[[32m  OK  [0m] Stopped D-Bus System Message Bus.
[[32m  OK  [0m] Stopped Authorization Manager.
[[32m  OK  [0m] Stopped target Basic System.
[[32m  OK  [0m] Stopped target Sockets.
[[32m  OK  [0m] Closed Open-iSCSI iscsid Socket.
[[32m  OK  [0m] Closed Open-iSCSI iscsiuio Socket.
[[32m  OK  [0m] Closed PC/SC Smart Card Daemon Activation Socket.
[[32m  OK  [0m] Closed D-Bus System Message Bus Socket.
[[32m  OK  [0m] Stopped target Paths.
[[32m  OK  [0m] Stopped Forward Password Requests to Wall Directory Watch.
[[32m  OK  [0m] Stopped Flexible branding.
[[32m  OK  [0m] Stopped Forward Password Requests to Plymouth Directory Watch.
[[32m  OK  [0m] Stopped target System Initialization.
[  278.447376] audit: type=1305 audit(1408.672:100): op=set audit_pid=0 old=268 auid=4294967295 ses=4294967295 res=1
         Stopping Update UTMP about System Boot/Shutdown...
[[3[  278.459033] audit: type=1131 audit(1408.684:101): pid=1 uid=0 auid=4294967295 ses=4294967295 msg='unit=auditd comm="systemd" exe="/usr/lib/systemd/systemd" hostname=? addr=? terminal=? res=success'
2m  OK  [0m] Stopped Setup Virtual Console.
         Stopping Lo[  278.482504] audit: type=1131 audit(1408.708:102): pid=1 uid=0 auid=4294967295 ses=4294967295 msg='unit=systemd-tmpfiles-setup comm="systemd" exe="/usr/lib/systemd/systemd" hostname=? addr=? terminal=? res=success'
ad/Save Random Seed...
[[32m  OK  [0m] Stopped Apply Kernel Variables.
[  278.507991] audit: type=1131 audit(1408.732:103): pid=1 uid=0 auid=4294967295 ses=4294967295 msg='unit=rhel-readonly comm="systemd" exe="/usr/lib/systemd/systemd" hostname=? addr=? terminal=? res=success'
[[32m  OK  [0m] Stopped target Local Encrypted Volumes.
[[32m  OK  [0m] Stopped Read and se[  278.534943] audit: type=1131 audit(1408.760:104): pid=1 uid=0 auid=4294967295 ses=4294967295 msg='unit=systemd-tmpfiles-setup-dev comm="systemd" exe="/usr/lib/systemd/systemd" hostname=? addr=? terminal=? res=success'
t NIS domainname from /etc/sysconfig/network.
[[32m  OK  [0m] Stopped target Slices.
[[32m  OK  [0m] Removed slice User and Session Slice.
[[32m  OK  [0m] Stopped Update UTMP about System Boot/Shutdown.
[[32m  OK  [0m] Stopped Load/Save Random Seed.
         Stopping Security Auditing Service...
[[32m  OK  [0m] Stopped Security Auditing Service.
[[32m  OK  [0m] Stopped Create Volatile Files and Directories.
[[32m  OK  [0m] Stopped target Local File Systems.
[[32m  OK  [0m] Stopped Configure read-only root support.
         Unmounting /run/user/0...
[[32m  OK  [0m] Unmounted[  278.607024] audit: type=1131 audit(1408.836:105): pid=1 uid=0 auid=4294967295 ses=4294967295 msg='unit=lvm2-monitor comm="systemd" exe="/usr/lib/systemd/systemd" hostname=? addr=? terminal=? res=success'
 /run/user/0.
[[32m  OK  [0m] Reached target Unmount All Filesyste[  278.632610] audit: type=1131 audit(1408.860:106): pid=1 uid=0 auid=4294967295 ses=4294967295 msg='unit=lvm2-lvmetad comm="systemd" exe="/usr/lib/systemd/systemd" hostname=? addr=? terminal=? res=success'
ms.
[[32m  OK  [0m] Stopped target Swap.
[[32m  OK  [0m] Stopped target Local File Systems (Pre).
[[32m  OK  [0m] Stopped Create Static Device Nodes in /dev.
         Stopping Monitoring of LVM2 mirrors... dmeventd or progress polling...
[[32m  OK  [0m] Stopped Monitoring of LVM2 mirrors,...ng dmeventd or progress polling.
         Stopping LVM2 metadata daemon...
[[32m  OK  [0m] Stopped LVM2 metadata daemon.
[[32m  OK  [0m] Reached target Shutdown.
[  278.706108] printk: systemd-shutdow: 33 output lines suppressed due to ratelimiting
[  278.724024] systemd-shutdown[1]: Syncing filesystems and block devices.
[  281.318735] systemd-shutdown[1]: Sending SIGTERM to remaining processes...
[  281.346622] systemd-journald[170]: Received SIGTERM from PID 1 (systemd-shutdow).
[  281.360022] systemd-shutdown[1]: Sending SIGKILL to remaining processes...
[  281.386399] systemd-shutdown[1]: Unmounting file systems.
[  281.392633] systemd-shutdown[1033]: Remounting '/' read-only in with options ''.
[  282.020203] EXT4-fs (mmcblk1p2): re-mounted. Opts: 
[  282.031698] systemd-shutdown[1]: All filesystems unmounted.
[  282.037277] systemd-shutdown[1]: Deactivating swaps.
[  282.042432] systemd-shutdown[1]: All swaps deactivated.
[  282.047655] systemd-shutdown[1]: Detaching loop devices.
[  282.056666] systemd-shutdown[1]: All loop devices detached.
[  282.143987] reboot: Restarting system
Xilinx Zynq MP First Stage Boot Loader 
Release 2020.1   Nov 23 2021  -  09:45:59
NOTICE:  ATF running on XCZU5EV/silicon v4/RTL5.1 at 0xfffea000
NOTICE:  BL31: v2.2(release):xilinx_rebase_v2.2_2020.1
NOTICE:  BL31: Built : 05:49:06, Nov 24 2021


U-Boot 2020.01 (Nov 24 2021 - 05:49:08 +0000)

Model: Enclustra ME-XU5-5EV-2I-D12E SOM
Board: Xilinx ZynqMP
DRAM:  4 GiB
usb dr_mode not found
usb dr_mode not found
PMUFW:	v1.1
EL Level:	EL2
Chip ID:	zu5ev
NAND:  0 MiB
MMC:   mmc@ff160000: 0, mmc@ff170000: 1
In:    serial@ff000000
Out:   serial@ff000000
Err:   serial@ff000000
Bootmode: SD_MODE1
Reset reason:	SOFT 
Hit any key to stop autoboot:  2  1  0 
switch to partitions #0, OK
mmc1 is current device
Scanning mmc 1:1...
Found U-Boot script /boot.scr
3783 bytes read in 19 ms (194.3 KiB/s)
## Executing script at 20000000
[Mercury XU5] Before SD card scanning... 
[Mercury XU5] SD card scanning now... \n
[Mercury XU5] Loading uEnv.txt in SD1... 
850 bytes read in 18 ms (45.9 KiB/s)
[Mercury XU5] Loading u-boot environment by uenvcmd... 
## Error: "ethaddr=${eth0_macaddr}" not defined
[Mercury XU5] SD card fatload now ... \n
8166276 bytes read in 606 ms (12.9 MiB/s)
[Mercury XU5] SD card bootm command now... \n
## Loading kernel from FIT Image at 10000000 ...
   Using 'conf@system-top.dtb' configuration
   Trying 'kernel@1' kernel subimage
     Description:  Linux kernel
     Type:         Kernel Image
     Compression:  gzip compressed
     Data Start:   0x100000e8
     Data Size:    8123516 Bytes = 7.7 MiB
     Architecture: AArch64
     OS:           Linux
     Load Address: 0x00080000
     Entry Point:  0x00080000
     Hash algo:    sha256
     Hash value:   31829fb930ce8718ba844c1862ab50c308205b258e2352a03f4a0dfed69f2927
   Verifying Hash Integrity ... sha256+ OK
## Loading fdt from FIT Image at 10000000 ...
   Using 'conf@system-top.dtb' configuration
   Trying 'fdt@system-top.dtb' fdt subimage
     Description:  Flattened Device Tree blob
     Type:         Flat Device Tree
     Compression:  uncompressed
     Data Start:   0x107bf674
     Data Size:    40872 Bytes = 39.9 KiB
     Architecture: AArch64
     Hash algo:    sha256
     Hash value:   9ef60466f6721891c67b1ba91c2e82cb30404fb3942970a2dd49a2df2d669b5f
   Verifying Hash Integrity ... sha256+ OK
   Booting using the fdt blob at 0x107bf674
   Uncompressing Kernel Image
   Loading Device Tree to 000000000fff3000, end 000000000fffffa7 ... OK

Starting kernel ...

[    0.000000] Booting Linux on physical CPU 0x0000000000 [0x410fd034]
[    0.000000] Linux version 5.4.0-xilinx-v2020.1 (oe-user@oe-host) (gcc version 9.2.0 (GCC)) #1 SMP Mon Nov 8 12:43:45 UTC 2021
[    0.000000] Machine model: Enclustra ME-XU5-5EV-2I-D12E SOM
[    0.000000] efi: Getting EFI parameters from FDT:
[    0.000000] efi: UEFI not found.
[    0.000000] cma: Reserved 256 MiB at 0x000000006fc00000
[    0.000000] psci: probing for conduit method from DT.
[    0.000000] psci: PSCIv1.1 detected in firmware.
[    0.000000] psci: Using standard PSCI v0.2 function IDs
[    0.000000] psci: MIGRATE_INFO_TYPE not supported.
[    0.000000] psci: SMC Calling Convention v1.1
[    0.000000] percpu: Embedded 22 pages/cpu s49944 r8192 d31976 u90112
[    0.000000] Detected VIPT I-cache on CPU0
[    0.000000] CPU features: detected: ARM erratum 845719
[    0.000000] Speculative Store Bypass Disable mitigation not required
[    0.000000] Built 1 zonelists, mobility grouping on.  Total pages: 1031940
[    0.000000] Kernel command line: console=ttyPS0,115200 clk_ignore_unused root=/dev/mmcblk1p2 rootfstype=ext4 rw rootwait earlyprintk
[    0.000000] Dentry cache hash table entries: 524288 (order: 10, 4194304 bytes, linear)
[    0.000000] Inode-cache hash table entries: 262144 (order: 9, 2097152 bytes, linear)
[    0.000000] mem auto-init: stack:off, heap alloc:off, heap free:off
[    0.000000] software IO TLB: mapped [mem 0x6bc00000-0x6fc00000] (64MB)
[    0.000000] Memory: 3767696K/4193280K available (11644K kernel code, 672K rwdata, 3624K rodata, 704K init, 323K bss, 163440K reserved, 262144K cma-reserved)
[    0.000000] rcu: Hierarchical RCU implementation.
[    0.000000] rcu: 	RCU event tracing is enabled.
[    0.000000] rcu: 	RCU restricting CPUs from NR_CPUS=8 to nr_cpu_ids=4.
[    0.000000] rcu: RCU calculated value of scheduler-enlistment delay is 25 jiffies.
[    0.000000] rcu: Adjusting geometry for rcu_fanout_leaf=16, nr_cpu_ids=4
[    0.000000] NR_IRQS: 64, nr_irqs: 64, preallocated irqs: 0
[    0.000000] GIC: Adjusting CPU interface base to 0x00000000f902f000
[    0.000000] GIC: Using split EOI/Deactivate mode
[    0.000000] random: get_random_bytes called from start_kernel+0x2a8/0x42c with crng_init=0
[    0.000000] arch_timer: cp15 timer(s) running at 33.33MHz (phys).
[    0.000000] clocksource: arch_sys_counter: mask: 0xffffffffffffff max_cycles: 0x7b0074340, max_idle_ns: 440795202884 ns
[    0.000003] sched_clock: 56 bits at 33MHz, resolution 30ns, wraps every 2199023255543ns
[    0.000287] Console: colour dummy device 80x25
[    0.000307] Calibrating delay loop (skipped), value calculated using timer frequency.. 66.66 BogoMIPS (lpj=133332)
[    0.000315] pid_max: default: 32768 minimum: 301
[    0.000448] Mount-cache hash table entries: 8192 (order: 4, 65536 bytes, linear)
[    0.000461] Mountpoint-cache hash table entries: 8192 (order: 4, 65536 bytes, linear)
[    0.001330] ASID allocator initialised with 32768 entries
[    0.001379] rcu: Hierarchical SRCU implementation.
[    0.001558] EFI services will not be available.
[    0.001673] smp: Bringing up secondary CPUs ...
[    0.001972] Detected VIPT I-cache on CPU1
[    0.002001] CPU1: Booted secondary processor 0x0000000001 [0x410fd034]
[    0.002317] Detected VIPT I-cache on CPU2
[    0.002334] CPU2: Booted secondary processor 0x0000000002 [0x410fd034]
[    0.002629] Detected VIPT I-cache on CPU3
[    0.002646] CPU3: Booted secondary processor 0x0000000003 [0x410fd034]
[    0.002688] smp: Brought up 1 node, 4 CPUs
[    0.002700] SMP: Total of 4 processors activated.
[    0.002704] CPU features: detected: 32-bit EL0 Support
[    0.002709] CPU features: detected: CRC32 instructions
[    0.002737] CPU: All CPU(s) started at EL2
[    0.002750] alternatives: patching kernel code
[    0.003750] devtmpfs: initialized
[    0.007764] clocksource: jiffies: mask: 0xffffffff max_cycles: 0xffffffff, max_idle_ns: 7645041785100000 ns
[    0.007776] futex hash table entries: 1024 (order: 4, 65536 bytes, linear)
[    0.013269] xor: measuring software checksum speed
[    0.052031]    8regs     :  2639.000 MB/sec
[    0.092055]    32regs    :  3027.000 MB/sec
[    0.132083]    arm64_neon:  2628.000 MB/sec
[    0.132086] xor: using function: 32regs (3027.000 MB/sec)
[    0.132095] pinctrl core: initialized pinctrl subsystem
[    0.132665] NET: Registered protocol family 16
[    0.133565] DMA: preallocated 256 KiB pool for atomic allocations
[    0.133587] audit: initializing netlink subsys (disabled)
[    0.133709] audit: type=2000 audit(0.132:1): state=initialized audit_enabled=0 res=1
[    0.134004] cpuidle: using governor menu
[    0.134167] hw-breakpoint: found 6 breakpoint and 4 watchpoint registers.
[    0.144672] HugeTLB registered 1.00 GiB page size, pre-allocated 0 pages
[    0.144678] HugeTLB registered 32.0 MiB page size, pre-allocated 0 pages
[    0.144682] HugeTLB registered 2.00 MiB page size, pre-allocated 0 pages
[    0.144686] HugeTLB registered 64.0 KiB page size, pre-allocated 0 pages
[    1.110831] DRBG: Continuing without Jitter RNG
[    1.184702] raid6: neonx8   gen()  1715 MB/s
[    1.252740] raid6: neonx8   xor()  1624 MB/s
[    1.320773] raid6: neonx4   gen()  1645 MB/s
[    1.388818] raid6: neonx4   xor()  1577 MB/s
[    1.456879] raid6: neonx2   gen()  1249 MB/s
[    1.524906] raid6: neonx2   xor()  1303 MB/s
[    1.592928] raid6: neonx1   gen()   809 MB/s
[    1.660982] raid6: neonx1   xor()   978 MB/s
[    1.729015] raid6: int64x8  gen()  1291 MB/s
[    1.797069] raid6: int64x8  xor()   844 MB/s
[    1.865105] raid6: int64x4  gen()  1085 MB/s
[    1.933129] raid6: int64x4  xor()   815 MB/s
[    2.001209] raid6: int64x2  gen()   753 MB/s
[    2.069203] raid6: int64x2  xor()   657 MB/s
[    2.137267] raid6: int64x1  gen()   499 MB/s
[    2.205323] raid6: int64x1  xor()   500 MB/s
[    2.205327] raid6: using algorithm neonx8 gen() 1715 MB/s
[    2.205330] raid6: .... xor() 1624 MB/s, rmw enabled
[    2.205333] raid6: using neon recovery algorithm
[    2.205637] iommu: Default domain type: Translated 
[    2.205830] SCSI subsystem initialized
[    2.205958] usbcore: registered new interface driver usbfs
[    2.205983] usbcore: registered new interface driver hub
[    2.206006] usbcore: registered new device driver usb
[    2.206049] mc: Linux media interface: v0.10
[    2.206066] videodev: Linux video capture interface: v2.00
[    2.206091] pps_core: LinuxPPS API ver. 1 registered
[    2.206095] pps_core: Software ver. 5.3.6 - Copyright 2005-2007 Rodolfo Giometti <giometti@linux.it>
[    2.206104] PTP clock support registered
[    2.206121] EDAC MC: Ver: 3.0.0
[    2.206458] zynqmp-ipi-mbox mailbox@ff990400: Registered ZynqMP IPI mbox with TX/RX channels.
[    2.206611] FPGA manager framework
[    2.206729] Advanced Linux Sound Architecture Driver Initialized.
[    2.206968] Bluetooth: Core ver 2.22
[    2.206990] NET: Registered protocol family 31
[    2.206994] Bluetooth: HCI device and connection manager initialized
[    2.207001] Bluetooth: HCI socket layer initialized
[    2.207006] Bluetooth: L2CAP socket layer initialized
[    2.207016] Bluetooth: SCO socket layer initialized
[    2.207338] clocksource: Switched to clocksource arch_sys_counter
[    2.207423] VFS: Disk quotas dquot_6.6.0
[    2.207463] VFS: Dquot-cache hash table entries: 512 (order 0, 4096 bytes)
[    2.211065] NET: Registered protocol family 2
[    2.211410] tcp_listen_portaddr_hash hash table entries: 2048 (order: 3, 32768 bytes, linear)
[    2.211452] TCP established hash table entries: 32768 (order: 6, 262144 bytes, linear)
[    2.211637] TCP bind hash table entries: 32768 (order: 7, 524288 bytes, linear)
[    2.211987] TCP: Hash tables configured (established 32768 bind 32768)
[    2.212050] UDP hash table entries: 2048 (order: 4, 65536 bytes, linear)
[    2.212116] UDP-Lite hash table entries: 2048 (order: 4, 65536 bytes, linear)
[    2.212262] NET: Registered protocol family 1
[    2.212501] RPC: Registered named UNIX socket transport module.
[    2.212505] RPC: Registered udp transport module.
[    2.212508] RPC: Registered tcp transport module.
[    2.212511] RPC: Registered tcp NFSv4.1 backchannel transport module.
[    2.212741] PCI: CLS 0 bytes, default 64
[    2.213150] hw perfevents: no interrupt-affinity property for /pmu, guessing.
[    2.213285] hw perfevents: enabled with armv8_pmuv3 PMU driver, 7 counters available
[    2.213958] Initialise system trusted keyrings
[    2.214034] workingset: timestamp_bits=46 max_order=20 bucket_order=0
[    2.214717] NFS: Registering the id_resolver key type
[    2.214728] Key type id_resolver registered
[    2.214732] Key type id_legacy registered
[    2.214740] nfs4filelayout_init: NFSv4 File Layout Driver Registering...
[    2.214755] jffs2: version 2.2. (NAND) Â© 2001-2006 Red Hat, Inc.
[    2.227413] NET: Registered protocol family 38
[    2.227419] Key type asymmetric registered
[    2.227423] Asymmetric key parser 'x509' registered
[    2.227443] Block layer SCSI generic (bsg) driver version 0.4 loaded (major 247)
[    2.227448] io scheduler mq-deadline registered
[    2.227452] io scheduler kyber registered
[    2.250570] Serial: 8250/16550 driver, 4 ports, IRQ sharing disabled
[    2.253367] cacheinfo: Unable to detect cache hierarchy for CPU 0
[    2.257184] brd: module loaded
[    2.261176] loop: module loaded
[    2.261763] mtdoops: mtd device (mtddev=name/number) must be supplied
[    2.262742] libphy: Fixed MDIO Bus: probed
[    2.263614] tun: Universal TUN/TAP device driver, 1.6
[    2.263697] CAN device driver interface
[    2.264394] usbcore: registered new interface driver asix
[    2.264429] usbcore: registered new interface driver ax88179_178a
[    2.264449] usbcore: registered new interface driver cdc_ether
[    2.264469] usbcore: registered new interface driver net1080
[    2.264488] usbcore: registered new interface driver cdc_subset
[    2.264509] usbcore: registered new interface driver zaurus
[    2.264537] usbcore: registered new interface driver cdc_ncm
[    2.265190] usbcore: registered new interface driver uas
[    2.265217] usbcore: registered new interface driver usb-storage
[    2.265710] rtc_zynqmp ffa60000.rtc: registered as rtc0
[    2.265750] i2c /dev entries driver
[    2.266997] usbcore: registered new interface driver uvcvideo
[    2.267000] USB Video Class driver (1.1.1)
[    2.267296] Bluetooth: HCI UART driver ver 2.3
[    2.267301] Bluetooth: HCI UART protocol H4 registered
[    2.267305] Bluetooth: HCI UART protocol BCSP registered
[    2.267321] Bluetooth: HCI UART protocol LL registered
[    2.267324] Bluetooth: HCI UART protocol ATH3K registered
[    2.267349] Bluetooth: HCI UART protocol Three-wire (H5) registered
[    2.267381] Bluetooth: HCI UART protocol Intel registered
[    2.267395] Bluetooth: HCI UART protocol QCA registered
[    2.267420] usbcore: registered new interface driver bcm203x
[    2.267443] usbcore: registered new interface driver bpa10x
[    2.267466] usbcore: registered new interface driver bfusb
[    2.267488] usbcore: registered new interface driver btusb
[    2.267523] usbcore: registered new interface driver ath3k
[    2.267667] EDAC MC0: 13 UE BankGroup Number 0 Block Number 0 on mc#0csrow#0channel#0 (csrow:0 channel:0 page:0x0 offset:0x0 grain:1)
[    2.267734] EDAC MC0: Giving out device to module 1 controller synps_ddr_controller: DEV synps_edac (INTERRUPT)
[    2.267873] EDAC DEVICE0: Giving out device to module zynqmp-ocm-edac controller zynqmp_ocm: DEV ff960000.memory-controller (INTERRUPT)
[    2.268196] sdhci: Secure Digital Host Controller Interface driver
[    2.268199] sdhci: Copyright(c) Pierre Ossman
[    2.268202] sdhci-pltfm: SDHCI platform and OF driver helper
[    2.268489] ledtrig-cpu: registered to indicate activity on CPUs
[    2.268529] zynqmp_firmware_probe Platform Management API v1.1
[    2.268534] zynqmp_firmware_probe Trustzone version v1.0
[    2.291147] alg: No test for xilinx-zynqmp-aes (zynqmp-aes)
[    2.291296] zynqmp_aes zynqmp_aes: AES Successfully Registered
[    2.291296] 
[    2.291447] alg: No test for xilinx-keccak-384 (zynqmp-keccak-384)
[    2.291650] alg: No test for xilinx-zynqmp-rsa (zynqmp-rsa)
[    2.291875] usbcore: registered new interface driver usbhid
[    2.291879] usbhid: USB HID core driver
[    2.293958] fpga_manager fpga0: Xilinx ZynqMP FPGA Manager registered
[    2.294218] usbcore: registered new interface driver snd-usb-audio
[    2.294904] pktgen: Packet Generator for packet performance testing. Version: 2.75
[    2.295402] Initializing XFRM netlink socket
[    2.295485] NET: Registered protocol family 10
[    2.295855] Segment Routing with IPv6
[    2.295952] sit: IPv6, IPv4 and MPLS over IPv4 tunneling driver
[    2.296248] NET: Registered protocol family 17
[    2.296261] NET: Registered protocol family 15
[    2.296279] bridge: filtering via arp/ip/ip6tables is no longer available by default. Update your scripts to load br_netfilter if you need this.
[    2.296283] can: controller area network core (rev 20170425 abi 9)
[    2.296308] NET: Registered protocol family 29
[    2.296312] can: raw protocol (rev 20170425)
[    2.296316] can: broadcast manager protocol (rev 20170425 t)
[    2.296322] can: netlink gateway (rev 20190810) max_hops=1
[    2.296385] Bluetooth: RFCOMM TTY layer initialized
[    2.296392] Bluetooth: RFCOMM socket layer initialized
[    2.296405] Bluetooth: RFCOMM ver 1.11
[    2.296412] Bluetooth: BNEP (Ethernet Emulation) ver 1.3
[    2.296415] Bluetooth: BNEP filters: protocol multicast
[    2.296420] Bluetooth: BNEP socket layer initialized
[    2.296424] Bluetooth: HIDP (Human Interface Emulation) ver 1.2
[    2.296430] Bluetooth: HIDP socket layer initialized
[    2.296535] 9pnet: Installing 9P2000 support
[    2.296555] Key type dns_resolver registered
[    2.296824] registered taskstats version 1
[    2.296827] Loading compiled-in X.509 certificates
[    2.297193] Btrfs loaded, crc32c=crc32c-generic
[    2.305035] ff000000.serial: ttyPS0 at MMIO 0xff000000 (irq = 41, base_baud = 6249999) is a xuartps
[    3.550982] printk: console [ttyPS0] enabled
[    3.555561] of-fpga-region fpga-full: FPGA Region probed
[    3.561373] GPIO IRQ not connected
[    3.564765] XGpio: gpio@80010000: registered, base is 509
[    3.570740] xilinx-zynqmp-dma fd500000.dma: ZynqMP DMA driver Probe success
[    3.577819] xilinx-zynqmp-dma fd510000.dma: ZynqMP DMA driver Probe success
[    3.584907] xilinx-zynqmp-dma fd520000.dma: ZynqMP DMA driver Probe success
[    3.591994] xilinx-zynqmp-dma fd530000.dma: ZynqMP DMA driver Probe success
[    3.599081] xilinx-zynqmp-dma fd540000.dma: ZynqMP DMA driver Probe success
[    3.606161] xilinx-zynqmp-dma fd550000.dma: ZynqMP DMA driver Probe success
[    3.613247] xilinx-zynqmp-dma fd560000.dma: ZynqMP DMA driver Probe success
[    3.620336] xilinx-zynqmp-dma fd570000.dma: ZynqMP DMA driver Probe success
[    3.627495] xilinx-zynqmp-dma ffa80000.dma: ZynqMP DMA driver Probe success
[    3.634582] xilinx-zynqmp-dma ffa90000.dma: ZynqMP DMA driver Probe success
[    3.641663] xilinx-zynqmp-dma ffaa0000.dma: ZynqMP DMA driver Probe success
[    3.648749] xilinx-zynqmp-dma ffab0000.dma: ZynqMP DMA driver Probe success
[    3.655835] xilinx-zynqmp-dma ffac0000.dma: ZynqMP DMA driver Probe success
[    3.662924] xilinx-zynqmp-dma ffad0000.dma: ZynqMP DMA driver Probe success
[    3.670015] xilinx-zynqmp-dma ffae0000.dma: ZynqMP DMA driver Probe success
[    3.677106] xilinx-zynqmp-dma ffaf0000.dma: ZynqMP DMA driver Probe success
[    3.684302] zynqmp-qspi ff0f0000.spi: rx bus width not found
[    3.689961] zynqmp-qspi ff0f0000.spi: tx bus width not found
[    3.695768] spi_master spi0: cannot find modalias for /amba/spi@ff0f0000/flash@0
[    3.703156] spi_master spi0: Failed to create SPI device for /amba/spi@ff0f0000/flash@0
[    3.711448] macb ff0b0000.ethernet: Not enabling partial store and forward
[    3.718344] macb ff0b0000.ethernet: invalid hw address, using random
[    3.725150] libphy: MACB_mii_bus: probed
[    3.738311] zynqmp_pll_disable() clock disable failed for dpll_int, ret = -13
[    3.800566] Micrel KSZ9031 Gigabit PHY ff0b0000.ethernet-ffffffff:03: attached PHY driver [Micrel KSZ9031 Gigabit PHY] (mii_bus:phy_addr=ff0b0000.ethernet-ffffffff:03, irq=POLL)
[    3.816387] macb ff0b0000.ethernet eth0: Cadence GEM rev 0x50070106 at 0xff0b0000 irq 29 (46:ee:bc:11:8c:2e)
[    3.826466] macb ff0c0000.ethernet: Not enabling partial store and forward
[    3.833360] macb ff0c0000.ethernet: invalid hw address, using random
[    3.840090] libphy: MACB_mii_bus: probed
[    3.916545] Micrel KSZ9031 Gigabit PHY ff0c0000.ethernet-ffffffff:03: attached PHY driver [Micrel KSZ9031 Gigabit PHY] (mii_bus:phy_addr=ff0c0000.ethernet-ffffffff:03, irq=POLL)
[    3.932355] macb ff0c0000.ethernet eth1: Cadence GEM rev 0x50070106 at 0xff0c0000 irq 30 (fa:44:6e:2e:f7:e8)
[    3.942434] xilinx-axipmon ffa00000.perf-monitor: Probed Xilinx APM
[    3.949010] xilinx-axipmon fd0b0000.perf-monitor: Probed Xilinx APM
[    3.955480] xilinx-axipmon fd490000.perf-monitor: Probed Xilinx APM
[    3.961942] xilinx-axipmon ffa10000.perf-monitor: Probed Xilinx APM
[    3.968413] dwc3-of-simple ff9d0000.usb0: dwc3_simple_set_phydata: Can't find usb3-phy
[    3.976691] dwc3 fe200000.dwc3: Failed to get clk 'ref': -2
[    3.982666] dwc3-of-simple ff9e0000.usb1: dwc3_simple_set_phydata: Can't find usb3-phy
[    3.990886] dwc3 fe300000.dwc3: Failed to get clk 'ref': -2
[    3.997495] i2c i2c-0: Added multiplexed i2c bus 1
[    4.001819] xhci-hcd xhci-hcd.0.auto: xHCI Host Controller
[    4.002383] i2c i2c-0: Added multiplexed i2c bus 2
[    4.007760] xhci-hcd xhci-hcd.0.auto: new USB bus registered, assigned bus number 1
[    4.012641] i2c i2c-0: Added multiplexed i2c bus 3
[    4.020257] xhci-hcd xhci-hcd.0.auto: hcc params 0x0238f625 hci version 0x100 quirks 0x0000000202010010
[    4.025130] i2c i2c-0: Added multiplexed i2c bus 4
[    4.034350] xhci-hcd xhci-hcd.0.auto: irq 46, io mem 0xfe300000
[    4.039293] i2c i2c-0: Added multiplexed i2c bus 5
[    4.045444] xhci-hcd xhci-hcd.1.auto: xHCI Host Controller
[    4.049905] i2c i2c-0: Added multiplexed i2c bus 6
[    4.055327] usb usb1: New USB device found, idVendor=1d6b, idProduct=0002, bcdDevice= 5.04
[    4.060170] i2c i2c-0: Added multiplexed i2c bus 7
[    4.068322] usb usb1: New USB device strings: Mfr=3, Product=2, SerialNumber=1
[    4.068325] usb usb1: Product: xHCI Host Controller
[    4.073316] i2c i2c-0: Added multiplexed i2c bus 8
[    4.080308] usb usb1: Manufacturer: Linux 5.4.0-xilinx-v2020.1 xhci-hcd
[    4.080311] usb usb1: SerialNumber: xhci-hcd.0.auto
[    4.085183] pca954x 0-0070: registered 8 multiplexed busses for I2C switch pca9548
[    4.108992] cdns-i2c ff020000.i2c: 400 kHz mmio ff020000 irq 32
[    4.115074] hub 1-0:1.0: USB hub found
[    4.115262] cpufreq: cpufreq_online: CPU0: Running at unlisted freq: 1333333 KHz
[    4.118835] hub 1-0:1.0: 1 port detected
[    4.126212] cpu cpu0: dev_pm_opp_set_rate: failed to find current OPP for freq 1333333320 (-34)
[    4.130289] xhci-hcd xhci-hcd.0.auto: xHCI Host Controller
[    4.138850] cpufreq: cpufreq_online: CPU0: Unlisted initial frequency changed to: 1199999 KHz
[    4.144287] xhci-hcd xhci-hcd.0.auto: new USB bus registered, assigned bus number 2
[    4.152812] cpu cpu0: dev_pm_opp_set_rate: failed to find current OPP for freq 1333333320 (-34)
[    4.160441] xhci-hcd xhci-hcd.0.auto: Host supports USB 3.0 SuperSpeed
[    4.175682] usb usb2: We don't know the algorithms for LPM for this host, disabling LPM.
[    4.183835] usb usb2: New USB device found, idVendor=1d6b, idProduct=0003, bcdDevice= 5.04
[    4.192096] usb usb2: New USB device strings: Mfr=3, Product=2, SerialNumber=1
[    4.199314] usb usb2: Product: xHCI Host Controller
[    4.200879] mmc0: SDHCI controller on ff160000.mmc [ff160000.mmc] using ADMA 64-bit
[    4.204185] usb usb2: Manufacturer: Linux 5.4.0-xilinx-v2020.1 xhci-hcd
[    4.218434] usb usb2: SerialNumber: xhci-hcd.0.auto
[    4.223564] hub 2-0:1.0: USB hub found
[    4.227376] hub 2-0:1.0: 1 port detected
[    4.231543] xhci-hcd xhci-hcd.1.auto: new USB bus registered, assigned bus number 3
[    4.239291] xhci-hcd xhci-hcd.1.auto: hcc params 0x0238f625 hci version 0x100 quirks 0x0000000202010010
[    4.241223] mmc1: SDHCI controller on ff170000.mmc [ff170000.mmc] using ADMA 64-bit
[    4.248708] xhci-hcd xhci-hcd.1.auto: irq 43, io mem 0xfe200000
[    4.262237] rtc_zynqmp ffa60000.rtc: setting system clock to 1970-01-01T00:23:49 UTC (1429)
[    4.262487] usb usb3: New USB device found, idVendor=1d6b, idProduct=0002, bcdDevice= 5.04
[    4.270581] of_cfs_init
[    4.278835] usb usb3: New USB device strings: Mfr=3, Product=2, SerialNumber=1
[    4.281291] of_cfs_init: OK
[    4.288475] usb usb3: Product: xHCI Host Controller
[    4.291374] cfg80211: Loading compiled-in X.509 certificates for regulatory database
[    4.296122] usb usb3: Manufacturer: Linux 5.4.0-xilinx-v2020.1 xhci-hcd
[    4.296126] usb usb3: SerialNumber: xhci-hcd.1.auto
[    4.315652] hub 3-0:1.0: USB hub found
[    4.319513] hub 3-0:1.0: 1 port detected
[    4.323650] xhci-hcd xhci-hcd.1.auto: xHCI Host Controller
[    4.329144] xhci-hcd xhci-hcd.1.auto: new USB bus registered, assigned bus number 4
[    4.336800] xhci-hcd xhci-hcd.1.auto: Host supports USB 3.0 SuperSpeed
[    4.343507] usb usb4: We don't know the algorithms for LPM for this host, disabling LPM.
[    4.351749] usb usb4: New USB device found, idVendor=1d6b, idProduct=0003, bcdDevice= 5.04
[    4.360019] usb usb4: New USB device strings: Mfr=3, Product=2, SerialNumber=1
[    4.367231] usb usb4: Product: xHCI Host Controller
[    4.372104] usb usb4: Manufacturer: Linux 5.4.0-xilinx-v2020.1 xhci-hcd
[    4.378705] usb usb4: SerialNumber: xhci-hcd.1.auto
[    4.383848] hub 4-0:1.0: USB hub found
[    4.387709] hub 4-0:1.0: 1 port detected
[    4.418086] mmc1: new high speed SDHC card at address 5048
[    4.424201] mmcblk1: mmc1:5048 SD16G 14.4 GiB 
[    4.436391]  mmcblk1: p1 p2
[    4.440068] cfg80211: Loaded X.509 cert 'sforshee: 00b28ddf47aef9cea7'
[    4.446599] clk: Not disabling unused clocks
[    4.450862] ALSA device list:
[    4.453821]   No soundcards found.
[    4.457837] platform regulatory.0: Direct firmware load for regulatory.db failed with error -2
[    4.466452] cfg80211: failed to load regulatory.db
[    4.485773] mmc0: new HS200 MMC card at address 0001
[    4.491067] mmcblk0: mmc0:0001 W52516 14.3 GiB 
[    4.495760] mmcblk0boot0: mmc0:0001 W52516 partition 1 4.00 MiB
[    4.501853] mmcblk0boot1: mmc0:0001 W52516 partition 2 4.00 MiB
[    4.507855] mmcblk0rpmb: mmc0:0001 W52516 partition 3 4.00 MiB, chardev (245:0)
[    4.516269]  mmcblk0: p1
[    4.645697] EXT4-fs (mmcblk1p2): mounted filesystem with ordered data mode. Opts: (null)
[    4.653811] VFS: Mounted root (ext4 filesystem) on device 179:2.
[    4.668242] devtmpfs: mounted
[    4.671364] Freeing unused kernel memory: 704K
[    4.675831] Run /sbin/init as init process
[    4.874241] random: fast init done
[    5.155277] random: systemd: uninitialized urandom read (16 bytes read)
[    5.171267] random: systemd: uninitialized urandom read (16 bytes read)
[    5.195937] systemd[1]: systemd 219 running in system mode. (+PAM +AUDIT +SELINUX +IMA -APPARMOR +SMACK +SYSVINIT +UTMP +LIBCRYPTSETUP +GCRYPT +GNUTLS +ACL +XZ +LZ4 -SECCOMP +BLKID +ELFUTILS +KMOD +IDN)
[    5.214260] systemd[1]: Detected architecture arm64.

Welcome to [0;31mCentOS Linux 7 (AltArch)[0m!

[    5.247427] systemd[1]: Set hostname to <sl-xu5-eth0-01>.
[    5.271674] random: systemd: uninitialized urandom read (16 bytes read)
[    5.848207] systemd[1]: Created slice Root Slice.
[[32m  OK  [0m] Created slice Root Slice.
[    5.863612] systemd[1]: Created slice User and Session Slice.
[[32m  OK  [0m] Created slice User and Session Slice.
[    5.879577] systemd[1]: Created slice System Slice.
[[32m  OK  [0m] Created slice System Slice.
[    5.895410] systemd[1]: Reached target Slices.
[[32m  OK  [0m] Reached target Slices.
[    5.911625] systemd[1]: Created slice system-getty.slice.
[[32m  OK  [0m] Created slice system-getty.slice.
[    5.927456] systemd[1]: Listening on LVM2 poll daemon socket.
[[32m  OK  [0m] Listening on LVM2 poll daemon socket.
[    5.943444] systemd[1]: Listening on udev Kernel Socket.
[[32m  OK  [0m] Listening on udev Kernel Socket.
[[32m  OK  [0m] Created slice system-serial\x2dgetty.slice.
[[32m  OK  [0m] Listening on /dev/initctl Compatibility Named Pipe.
[[32m  OK  [0m] Listening on LVM2 metadata daemon socket.
[[32m  OK  [0m] Created slice system-selinux\x2dpol...grate\x2dlocal\x2dchanges.slice.
[[32m  OK  [0m] Started Forward Password Requests to Wall Directory Watch.
         Starting Collect Read-Ahead Data...
[    6.043782] systemd-readahead[160]: Failed to create fanotify object: Function not implemented
[[32m  OK  [0m] Listening on Journal Socket.
         Mounting Huge Pages File System...
         Starting Journal Service...
         Mounting POSIX Message Queue File System...
         Starting Read and set NIS domainname from /etc/sysconfig/network...
[[32m  OK  [0m] Reached target Swap.
[[32m  OK  [0m] Listening on Device-mapper event daemon FIFOs.
         Starting Monitoring of LVM2 mirrors... dmeventd or progress polling...
[[32m  OK  [0m] Listening on udev Control Socket.
[[32m  OK  [0m] Listening on Delayed Shutdown Socket.
         Mounting Debug File System...
[[32m  OK  [0m] Mounted POSIX Message Queue File System.
[[32m  OK  [0m] Mounted Huge Pages File System.
[[32m  OK  [0m] Mounted Debug File System.
[[32m  OK  [0m] Started Journal Service.
[[1;31mFAILED[0m] Failed to start Collect Read-Ahead Data.
See 'systemctl status systemd-readahead-collect.service' for details.
[[32m  OK  [0m] Started Read and set NIS domainname from /etc/sysconfig/network.
         Starting Setup Virtual Console...
         Starting Create Static Device Nodes in /dev...
         Mounting Configuration File System...
         Starting Apply Kernel Variables...
         Starting Configure read-only root support...
         Starting udev Coldplug all Devices...
         Starting Flush Journal to Persistent Storage...
[[32m  OK  [0m] Mounted Configuration File System.
[[32m  OK  [0m] Started Apply Kernel Variables.
[[32m  OK  [0m] Started LVM2 metadata daemon.
[[32m  OK  [0m] Started Create Static Device Nodes in /dev.
         Starting udev Kernel Device Manager...
[    6.553015] systemd-journald[163]: Received request to flush runtime journal from PID 1
[[32m  OK  [0m] Started udev Coldplug all Devices.
[[32m  OK  [0m] Started Configure read-only root support.
[[32m  OK  [0m] Started Flush Journal to Persistent Storage.
         Starting Load/Save Random Seed...
         Starting udev Wait for Complete Device Initialization...
[[32m  OK  [0m] Started Load/Save Random Seed.
[[32m  OK  [0m] Started udev Kernel Device Manager.
[[32m  OK  [0m] Started Setup Virtual Console.
         Starting Show Plymouth Boot Screen...
[[32m  OK  [0m] Found device /dev/ttyPS0.
[[32m  OK  [0m] Started Show Plymouth Boot Screen.
[[32m  OK  [0m] Started Forward Password Requests to Plymouth Directory Watch.
%G[[32m  OK  [0m] Started udev Wait for Complete Device Initialization.
         Starting Activation of DM RAID sets...
[[32m  OK  [0m] Started Monitoring of LVM2 mirrors,...ng dmeventd or progress polling.
[[32m  OK  [0m] Reached target Local File Systems (Pre).
[[32m  OK  [0m] Started Activation of DM RAID sets.
[[32m  OK  [0m] Reached target Local File Systems.
         Starting Tell Plymouth To Write Out Runtime Data...
         Starting Create Volatile Files and Directories...
[[32m  OK  [0m] Reached target Local Encrypted Volumes.
[[32m  OK  [0m] Started Tell Plymouth To Write Out Runtime Data.
[[32m  OK  [0m] Started Create Volatile Files and Directories.
         Starting Security Auditing Service...
[[32m  OK  [0m] Started Security Auditing Service.
         Starting Update UTMP about System Boot/Shutdown...
[[32m  OK  [0m] Started Update UTMP about System Boot/Shutdown.
[[32m  OK  [0m] Reached target System Initialization.
[[32m  OK  [0m] Listening on Open-iSCSI iscsiuio Socket.
[[32m  OK  [0m] Listening on Open-iSCSI iscsid Socket.
[[32m  OK  [0m] Started Flexible branding.
[[32m  OK  [0m] Reached target Paths.
[[32m  OK  [0m] Listening on D-Bus System Message Bus Socket.
[[32m  OK  [0m] Started Daily Cleanup of Temporary Directories.
[[32m  OK  [0m] Reached target Timers.
[[32m  OK  [0m] Listening on PC/SC Smart Card Daemon Activation Socket.
[[32m  OK  [0m] Reached target Sockets.
[[32m  OK  [0m] Reached target Basic System.
         Starting Authorization Manager...
         Starting Dump dmesg to /var/log/dmesg...
[[32m  OK  [0m] Started D-Bus System Message Bus.
         Starting Login Service...
         Starting NTP client/server...
[[32m  OK  [0m] Started irqbalance daemon.
[[32m  OK  [0m] Started Dump dmesg to /var/log/dmesg.
[[32m  OK  [0m] Started Login Service.
[[32m  OK  [0m] Started Authorization Manager.
         Starting firewalld - dynamic firewall daemon...
[[32m  OK  [0m] Started NTP client/server.
[[32m  OK  [0m] Started firewalld - dynamic firewall daemon.
[[32m  OK  [0m] Reached target Network (Pre).
         Starting Network Manager...
[[32m  OK  [0m] Started Network Manager.
         Starting Network Manager Wait Online...
         Starting Hostname Service...
[[32m  OK  [0m] Started Hostname Service.
         Starting Network Manager Script Dispatcher Service...
[[32m  OK  [0m] Started Network Manager Script Dispatcher Service.
[   11.110491] pps pps0: new PPS source ptp0
[   11.114544] macb ff0b0000.ethernet: gem-ptp-timer ptp clock registered.
[   11.141123] pps pps1: new PPS source ptp1
[   11.145181] macb ff0c0000.ethernet: gem-ptp-timer ptp clock registered.
[   15.199989] macb ff0b0000.ethernet eth0: link up (1000/Full)
[   15.205665] IPv6: ADDRCONF(NETDEV_CHANGE): eth0: link becomes ready
[   15.231994] macb ff0c0000.ethernet eth1: unable to generate target frequency: 125000000 Hz
[   15.240271] macb ff0c0000.ethernet eth1: link up (1000/Full)
[   15.247694] IPv6: ADDRCONF(NETDEV_CHANGE): eth1: link becomes ready
[[0m[31m*     [0m] A start job is running for Network ...ger Wait Online (10s / no limit)[K[[1;31m*[0m[31m*    [0m] A start job is running for Network ...ger Wait Online (10s / no limit)[K[[31m*[1;31m*[0m[31m*   [0m] A start job is running for Network ...ger Wait Online (11s / no limit)[K[ [31m*[1;31m*[0m[31m*  [0m] A start job is running for Network ...ger Wait Online (12s / no limit)[K[  [31m*[1;31m*[0m[31m* [0m] A start job is running for Network ...ger Wait Online (12s / no limit)[K[   [31m*[1;31m*[0m[31m*[0m] A start job is running for Network ...ger Wait Online (13s / no limit)[K[    [31m*[1;31m*[0m] A start job is running for Network ...ger Wait Online (13s / no limit)[K[     [31m*[0m] A start job is running for Network ...ger Wait Online (14s / no limit)[K[    [31m*[1;31m*[0m] A start job is running for Network ...ger Wait Online (15s / no limit)[K[   [31m*[1;31m*[0m[31m*[0m] A start job is running for Network ...ger Wait Online (15s / no limit)[K[  [31m*[1;31m*[0m[31m* [0m] A start job is running for Network ...ger Wait Online (16s / no limit)[K[ [31m*[1;31m*[0m[31m*  [0m] A start job is running for Network ...ger Wait Online (16s / no limit)[K[[31m*[1;31m*[0m[31m*   [0m] A start job is running for Network ...ger Wait Online (17s / no limit)[K[[1;31m*[0m[31m*    [0m] A start job is running for Network ...ger Wait Online (17s / no limit)[K[[0m[31m*     [0m] A start job is running for Network ...ger Wait Online (18s / no limit)[K[[1;31m*[0m[31m*    [0m] A start job is running for Network ...ger Wait Online (19s / no limit)[K[[31m*[1;31m*[0m[31m*   [0m] A start job is running for Network ...ger Wait Online (19s / no limit)[K[ [31m*[1;31m*[0m[31m*  [0m] A start job is running for Network ...ger Wait Online (20s / no limit)[K[  [31m*[1;31m*[0m[31m* [0m] A start job is running for Network ...ger Wait Online (20s / no limit)[K[   [31m*[1;31m*[0m[31m*[0m] A start job is running for Network ...ger Wait Online (21s / no limit)[K[    [31m*[1;31m*[0m] A start job is running for Network ...ger Wait Online (22s / no limit)[K[     [31m*[0m] A start job is running for Network ...ger Wait Online (22s / no limit)[K[    [31m*[1;31m*[0m] A start job is running for Network ...ger Wait Online (23s / no limit)[K[   [31m*[1;31m*[0m[31m*[0m] A start job is running for Network ...ger Wait Online (23s / no limit)[K[  [31m*[1;31m*[0m[31m* [0m] A start job is running for Network ...ger Wait Online (24s / no limit)[K[ [31m*[1;31m*[0m[31m*  [0m] A start job is running for Network ...ger Wait Online (24s / no limit)[K[[31m*[1;31m*[0m[31m*   [0m] A start job is running for Network ...ger Wait Online (25s / no limit)[K[[1;31m*[0m[31m*    [0m] A start job is running for Network ...ger Wait Online (25s / no limit)[K[[0m[31m*     [0m] A start job is running for Network ...ger Wait Online (26s / no limit)[K[[1;31m*[0m[31m*    [0m] A start job is running for Network ...ger Wait Online (26s / no limit)[K[[31m*[1;31m*[0m[31m*   [0m] A start job is running for Network ...ger Wait Online (27s / no limit)[K[ [31m*[1;31m*[0m[31m*  [0m] A start job is running for Network ...ger Wait Online (27s / no limit)[K[  [31m*[1;31m*[0m[31m* [0m] A start job is running for Network ...ger Wait Online (28s / no limit)[K[   [31m*[1;31m*[0m[31m*[0m] A start job is running for Network ...ger Wait Online (28s / no limit)[K[    [31m*[1;31m*[0m] A start job is running for Network ...ger Wait Online (29s / no limit)[K[     [31m*[0m] A start job is running for Network ...ger Wait Online (29s / no limit)[K[    [31m*[1;31m*[0m] A start job is running for Network ...ger Wait Online (30s / no limit)[K[   [31m*[1;31m*[0m[31m*[0m] A start job is running for Network ...ger Wait Online (30s / no limit)[K[  [31m*[1;31m*[0m[31m* [0m] A start job is running for Network ...ger Wait Online (31s / no limit)[K[ [31m*[1;31m*[0m[31m*  [0m] A start job is running for Network ...ger Wait Online (31s / no limit)[K[[31m*[1;31m*[0m[31m*   [0m] A start job is running for Network ...ger Wait Online (32s / no limit)[K[[1;31m*[0m[31m*    [0m] A start job is running for Network ...ger Wait Online (32s / no limit)[K[[0m[31m*     [0m] A start job is running for Network ...ger Wait Online (33s / no limit)[K[[1;31m*[0m[31m*    [0m] A start job is running for Network ...ger Wait Online (33s / no limit)[K[[31m*[1;31m*[0m[31m*   [0m] A start job is running for Network ...ger Wait Online (34s / no limit)[K[ [31m*[1;31m*[0m[31m*  [0m] A start job is running for Network ...ger Wait Online (34s / no limit)[K[[1;31mFAILED[0m] Failed to start Network Manager Wait Online.
See 'systemctl status NetworkManager-wait-online.service' for details.
         Starting LSB: Bring up/down networking...
[[1;31mFAILED[0m] Failed to start LSB: Bring up/down networking.
See 'systemctl status network.service' for details.
[[32m  OK  [0m] Reached target Network.
         Starting OpenSSH server daemon...
         Starting Dynamic System Tuning Daemon...
         Starting Logout off all iSCSI sessions on shutdown...
         Starting Postfix Mail Transport Agent...
[[32m  OK  [0m] Reached target Network is Online.
         Starting System Logging Service...
[[32m  OK  [0m] Started Logout off all iSCSI sessions on shutdown.
[[32m  OK  [0m] Reached target Remote File Systems (Pre).
[[32m  OK  [0m] Reached target Remote File Systems.
         Starting Crash recovery kernel arming...
         Starting Permit User Sessions...
         Starting Availability of block devices...
[[32m  OK  [0m] Started Availability of block devices.
[[32m  OK  [0m] Started Permit User Sessions.
         Starting Wait for Plymouth Boot Screen to Quit...
         Starting Terminate Plymouth Boot Screen...
[[32m  OK  [0m] Started Command Scheduler.

CentOS Linux 7 (AltArch)
Kernel 5.4.0-xilinx-v2020.1 on an aarch64

sl-xu5-eth0-01 login: root
Password: 
Last login: Thu Jan  1 09:22:51 on ttyPS0
[0;33m(sl-xu5-eth0-01)[0m ~ [0;33m#[0m 

[0;33m(sl-xu5-eth0-01)[0m ~ [0;33m#[0m 

[0;33m(sl-xu5-eth0-01)[0m ~ [0;33m#[0m ip a
1: lo: <LOOPBACK,UP,LOWER_UP> mtu 65536 qdisc noqueue state UNKNOWN group default qlen 1000
    link/loopback 00:00:00:00:00:00 brd 00:00:00:00:00:00
    inet 127.0.0.1/8 scope host lo
       valid_lft forever preferred_lft forever
2: sit0@NONE: <NOARP> mtu 1480 qdisc noop state DOWN group default qlen 1000
    link/sit 0.0.0.0 brd 0.0.0.0
3: eth0: <BROADCAST,MULTICAST,UP,LOWER_UP> mtu 1500 qdisc mq state UP group default qlen 1000
    link/ether 46:ee:bc:11:8c:2e brd ff:ff:ff:ff:ff:ff
    inet6 fe80::e6ad:d991:7d7d:4f3f/64 scope link noprefixroute 
       valid_lft forever preferred_lft forever
4: eth1: <BROADCAST,MULTICAST,UP,LOWER_UP> mtu 1500 qdisc mq state UP group default qlen 1000
    link/ether fa:44:6e:2e:f7:e8 brd ff:ff:ff:ff:ff:ff
    inet6 fe80::37d8:1cc6:a835:a09/64 scope link noprefixroute 
       valid_lft forever preferred_lft forever

[0;33m(sl-xu5-eth0-01)[0m ~ [0;33m#[0m exit
logout

CentOS Linux 7 (AltArch)
Kernel 5.4.0-xilinx-v2020.1 on an aarch64

sl-xu5-eth0-01 login: 