Xilinx Zynq MP First Stage Boot Loader 
Release 2020.1   Nov 30 2021  -  13:31:53
NOTICE:  ATF running on XCZU5EV/silicon v4/RTL5.1 at 0xfffea000
NOTICE:  BL31: v2.2(release):xilinx_rebase_v2.2_2020.1
NOTICE:  BL31: Built : 13:29:52, Nov 30 2021


U-Boot 2020.01 (Nov 30 2021 - 13:30:56 +0000)

Model: Enclustra ME-XU5-5EV-2I-D12E SOM
Board: Xilinx ZynqMP
DRAM:  4 GiB
usb dr_mode not found
usb dr_mode not found
PMUFW:	v1.1
EL Level:	EL2
Chip ID:	zu5ev
NAND:  0 MiB
MMC:   mmc@ff160000: 0, mmc@ff170000: 1
In:    serial@ff000000
Out:   serial@ff000000
Err:   serial@ff000000
Bootmode: SD_MODE1
Reset reason:	EXTERNAL 
Net:   
ZYNQ GEM: ff0b0000, mdio bus ff0b0000, phyaddr 3, interface rgmii-id

Warning: ethernet@ff0b0000 (eth0) using random MAC address - fa:d8:0f:9a:84:ae
eth0: ethernet@ff0b0000
Hit any key to stop autoboot:  2  1  0 
switch to partitions #0, OK
mmc1 is current device
Scanning mmc 1:1...
Found U-Boot script /boot.scr
3694 bytes read in 19 ms (189.5 KiB/s)
## Executing script at 20000000
[L0MuESL] Before SD card scanning... 
[L0MuESL] SD card scanning now...
[L0MuESL] Loading uEnv.txt in SD1... 
1272 bytes read in 18 ms (68.4 KiB/s)
[L0MuESL] Loading u-boot environment by uenvcmd... 
[L0MuESL] SD card fatload now ...
8159148 bytes read in 605 ms (12.9 MiB/s)
[L0MuESL] SD card bootm command now...
## Loading kernel from FIT Image at 10000000 ...
   Using 'conf@system-top.dtb' configuration
   Trying 'kernel@1' kernel subimage
     Description:  Linux kernel
     Type:         Kernel Image
     Compression:  gzip compressed
     Data Start:   0x100000e8
     Data Size:    8114710 Bytes = 7.7 MiB
     Architecture: AArch64
     OS:           Linux
     Load Address: 0x00080000
     Entry Point:  0x00080000
     Hash algo:    sha256
     Hash value:   d8dbc87352877e020871a801ceda165f06fa467dc974d45677a3e9058465f51f
   Verifying Hash Integrity ... sha256+ OK
## Loading fdt from FIT Image at 10000000 ...
   Using 'conf@system-top.dtb' configuration
   Trying 'fdt@system-top.dtb' fdt subimage
     Description:  Flattened Device Tree blob
     Type:         Flat Device Tree
     Compression:  uncompressed
     Data Start:   0x107bd410
     Data Size:    42547 Bytes = 41.5 KiB
     Architecture: AArch64
     Hash algo:    sha256
     Hash value:   c2cb860e94d3969dd7865705c3edff938ff4058f8cd3fe6c0a353a4664c16d1c
   Verifying Hash Integrity ... sha256+ OK
   Booting using the fdt blob at 0x107bd410
   Uncompressing Kernel Image
   Loading Device Tree to 000000000fff2000, end 000000000ffff632 ... OK

Starting kernel ...

[    0.000000] Booting Linux on physical CPU 0x0000000000 [0x410fd034]
[    0.000000] Linux version 5.4.0-xilinx-v2020.1 (oe-user@oe-host) (gcc version 9.2.0 (GCC)) #1 SMP Tue Nov 30 13:29:56 UTC 2021
[    0.000000] Machine model: Enclustra ME-XU5-5EV-2I-D12E SOM
[    0.000000] earlycon: cdns0 at MMIO 0x00000000ff000000 (options '115200n8')
[    0.000000] printk: bootconsole [cdns0] enabled
[    0.000000] efi: Getting EFI parameters from FDT:
[    0.000000] efi: UEFI not found.
[    0.000000] cma: Reserved 256 MiB at 0x000000006fc00000
[    0.000000] psci: probing for conduit method from DT.
[    0.000000] psci: PSCIv1.1 detected in firmware.
[    0.000000] psci: Using standard PSCI v0.2 function IDs
[    0.000000] psci: MIGRATE_INFO_TYPE not supported.
[    0.000000] psci: SMC Calling Convention v1.1
[    0.000000] percpu: Embedded 21 pages/cpu s49112 r8192 d28712 u86016
[    0.000000] Detected VIPT I-cache on CPU0
[    0.000000] CPU features: detected: ARM erratum 845719
[    0.000000] Speculative Store Bypass Disable mitigation not required
[    0.000000] Built 1 zonelists, mobility grouping on.  Total pages: 1031940
[    0.000000] Kernel command line: earlycon console=ttyPS0,115200 clk_ignore_unused root=/dev/mmcblk1p2 rootfstype=ext4 rw rootwait earlyprintk uio_pdrv_genirq.of_id=generic-uio cpuidle.off=1 ip=130.87.242.129:130.87.240.1:255.255.252.0:sl-xu5-eth0-01:eth0:off nameserver=130.87.240.2 nameserver=130.87.240.3
[    0.000000] Dentry cache hash table entries: 524288 (order: 10, 4194304 bytes, linear)
[    0.000000] Inode-cache hash table entries: 262144 (order: 9, 2097152 bytes, linear)
[    0.000000] mem auto-init: stack:off, heap alloc:off, heap free:off
[    0.000000] software IO TLB: mapped [mem 0x6bc00000-0x6fc00000] (64MB)
[    0.000000] Memory: 3767708K/4193280K available (11644K kernel code, 670K rwdata, 3624K rodata, 704K init, 321K bss, 163428K reserved, 262144K cma-reserved)
[    0.000000] rcu: Hierarchical RCU implementation.
[    0.000000] rcu: 	RCU event tracing is enabled.
[    0.000000] rcu: 	RCU restricting CPUs from NR_CPUS=8 to nr_cpu_ids=4.
[    0.000000] rcu: RCU calculated value of scheduler-enlistment delay is 25 jiffies.
[    0.000000] rcu: Adjusting geometry for rcu_fanout_leaf=16, nr_cpu_ids=4
[    0.000000] NR_IRQS: 64, nr_irqs: 64, preallocated irqs: 0
[    0.000000] GIC: Adjusting CPU interface base to 0x00000000f902f000
[    0.000000] GIC: Using split EOI/Deactivate mode
[    0.000000] random: get_random_bytes called from start_kernel+0x2a8/0x42c with crng_init=0
[    0.000000] arch_timer: cp15 timer(s) running at 33.33MHz (phys).
[    0.000000] clocksource: arch_sys_counter: mask: 0xffffffffffffff max_cycles: 0x7b0074340, max_idle_ns: 440795202884 ns
[    0.000003] sched_clock: 56 bits at 33MHz, resolution 30ns, wraps every 2199023255543ns
[    0.008261] Console: colour dummy device 80x25
[    0.012390] Calibrating delay loop (skipped), value calculated using timer frequency.. 66.66 BogoMIPS (lpj=133332)
[    0.022667] pid_max: default: 32768 minimum: 301
[    0.027383] Mount-cache hash table entries: 8192 (order: 4, 65536 bytes, linear)
[    0.034614] Mountpoint-cache hash table entries: 8192 (order: 4, 65536 bytes, linear)
[    0.043250] ASID allocator initialised with 32768 entries
[    0.047804] rcu: Hierarchical SRCU implementation.
[    0.052692] EFI services will not be available.
[    0.057130] smp: Bringing up secondary CPUs ...
[    0.061816] Detected VIPT I-cache on CPU1
[    0.061846] CPU1: Booted secondary processor 0x0000000001 [0x410fd034]
[    0.062164] Detected VIPT I-cache on CPU2
[    0.062182] CPU2: Booted secondary processor 0x0000000002 [0x410fd034]
[    0.062481] Detected VIPT I-cache on CPU3
[    0.062498] CPU3: Booted secondary processor 0x0000000003 [0x410fd034]
[    0.062541] smp: Brought up 1 node, 4 CPUs
[    0.096970] SMP: Total of 4 processors activated.
[    0.101643] CPU features: detected: 32-bit EL0 Support
[    0.106746] CPU features: detected: CRC32 instructions
[    0.111876] CPU: All CPU(s) started at EL2
[    0.115926] alternatives: patching kernel code
[    0.121330] devtmpfs: initialized
[    0.127785] clocksource: jiffies: mask: 0xffffffff max_cycles: 0xffffffff, max_idle_ns: 7645041785100000 ns
[    0.133313] futex hash table entries: 1024 (order: 4, 65536 bytes, linear)
[    0.145642] xor: measuring software checksum speed
[    0.184207]    8regs     :  2639.000 MB/sec
[    0.224231]    32regs    :  3027.000 MB/sec
[    0.264260]    arm64_neon:  2628.000 MB/sec
[    0.264296] xor: using function: 32regs (3027.000 MB/sec)
[    0.268167] pinctrl core: initialized pinctrl subsystem
[    0.273923] NET: Registered protocol family 16
[    0.278759] DMA: preallocated 256 KiB pool for atomic allocations
[    0.283842] audit: initializing netlink subsys (disabled)
[    0.289291] audit: type=2000 audit(0.228:1): state=initialized audit_enabled=0 res=1
[    0.289740] hw-breakpoint: found 6 breakpoint and 4 watchpoint registers.
[    0.314348] HugeTLB registered 1.00 GiB page size, pre-allocated 0 pages
[    0.315400] HugeTLB registered 32.0 MiB page size, pre-allocated 0 pages
[    0.322068] HugeTLB registered 2.00 MiB page size, pre-allocated 0 pages
[    0.328725] HugeTLB registered 64.0 KiB page size, pre-allocated 0 pages
[    1.301439] DRBG: Continuing without Jitter RNG
[    1.377998] raid6: neonx8   gen()  1717 MB/s
[    1.446019] raid6: neonx8   xor()  1624 MB/s
[    1.514061] raid6: neonx4   gen()  1640 MB/s
[    1.582097] raid6: neonx4   xor()  1577 MB/s
[    1.650149] raid6: neonx2   gen()  1248 MB/s
[    1.718190] raid6: neonx2   xor()  1304 MB/s
[    1.786255] raid6: neonx1   gen()   809 MB/s
[    1.854244] raid6: neonx1   xor()   978 MB/s
[    1.922310] raid6: int64x8  gen()  1291 MB/s
[    1.990359] raid6: int64x8  xor()   844 MB/s
[    2.058392] raid6: int64x4  gen()  1085 MB/s
[    2.126412] raid6: int64x4  xor()   814 MB/s
[    2.194510] raid6: int64x2  gen()   753 MB/s
[    2.262491] raid6: int64x2  xor()   657 MB/s
[    2.330641] raid6: int64x1  gen()   500 MB/s
[    2.398567] raid6: int64x1  xor()   499 MB/s
[    2.398603] raid6: using algorithm neonx8 gen() 1717 MB/s
[    2.402556] raid6: .... xor() 1624 MB/s, rmw enabled
[    2.407486] raid6: using neon recovery algorithm
[    2.412376] iommu: Default domain type: Translated 
[    2.417103] SCSI subsystem initialized
[    2.420756] usbcore: registered new interface driver usbfs
[    2.426110] usbcore: registered new interface driver hub
[    2.431381] usbcore: registered new device driver usb
[    2.436417] mc: Linux media interface: v0.10
[    2.440631] videodev: Linux video capture interface: v2.00
[    2.446079] pps_core: LinuxPPS API ver. 1 registered
[    2.450996] pps_core: Software ver. 5.3.6 - Copyright 2005-2007 Rodolfo Giometti <giometti@linux.it>
[    2.460089] PTP clock support registered
[    2.463983] EDAC MC: Ver: 3.0.0
[    2.467427] zynqmp-ipi-mbox mailbox@ff990400: Registered ZynqMP IPI mbox with TX/RX channels.
[    2.475715] FPGA manager framework
[    2.479044] Advanced Linux Sound Architecture Driver Initialized.
[    2.485228] Bluetooth: Core ver 2.22
[    2.488553] NET: Registered protocol family 31
[    2.492951] Bluetooth: HCI device and connection manager initialized
[    2.499267] Bluetooth: HCI socket layer initialized
[    2.504109] Bluetooth: L2CAP socket layer initialized
[    2.509132] Bluetooth: SCO socket layer initialized
[    2.514374] clocksource: Switched to clocksource arch_sys_counter
[    2.520116] VFS: Disk quotas dquot_6.6.0
[    2.523955] VFS: Dquot-cache hash table entries: 512 (order 0, 4096 bytes)
[    2.534429] NET: Registered protocol family 2
[    2.535378] tcp_listen_portaddr_hash hash table entries: 2048 (order: 3, 32768 bytes, linear)
[    2.543594] TCP established hash table entries: 32768 (order: 6, 262144 bytes, linear)
[    2.551605] TCP bind hash table entries: 32768 (order: 7, 524288 bytes, linear)
[    2.559037] TCP: Hash tables configured (established 32768 bind 32768)
[    2.565239] UDP hash table entries: 2048 (order: 4, 65536 bytes, linear)
[    2.571903] UDP-Lite hash table entries: 2048 (order: 4, 65536 bytes, linear)
[    2.579074] NET: Registered protocol family 1
[    2.583500] RPC: Registered named UNIX socket transport module.
[    2.589145] RPC: Registered udp transport module.
[    2.593811] RPC: Registered tcp transport module.
[    2.598481] RPC: Registered tcp NFSv4.1 backchannel transport module.
[    2.605119] PCI: CLS 0 bytes, default 64
[    2.609286] hw perfevents: no interrupt-affinity property for /pmu, guessing.
[    2.616007] hw perfevents: enabled with armv8_pmuv3 PMU driver, 7 counters available
[    2.624260] Initialise system trusted keyrings
[    2.628057] workingset: timestamp_bits=46 max_order=20 bucket_order=0
[    2.635059] NFS: Registering the id_resolver key type
[    2.639409] Key type id_resolver registered
[    2.643548] Key type id_legacy registered
[    2.647533] nfs4filelayout_init: NFSv4 File Layout Driver Registering...
[    2.654201] jffs2: version 2.2. (NAND) Â© 2001-2006 Red Hat, Inc.
[    2.671906] NET: Registered protocol family 38
[    2.671946] Key type asymmetric registered
[    2.674778] Asymmetric key parser 'x509' registered
[    2.679639] Block layer SCSI generic (bsg) driver version 0.4 loaded (major 247)
[    2.686975] io scheduler mq-deadline registered
[    2.691470] io scheduler kyber registered
[    2.719102] Serial: 8250/16550 driver, 4 ports, IRQ sharing disabled
[    2.722623] cacheinfo: Unable to detect cache hierarchy for CPU 0
[    2.729634] brd: module loaded
[    2.733683] loop: module loaded
[    2.734290] mtdoops: mtd device (mtddev=name/number) must be supplied
[    2.739380] libphy: Fixed MDIO Bus: probed
[    2.743316] tun: Universal TUN/TAP device driver, 1.6
[    2.747568] CAN device driver interface
[    2.752006] usbcore: registered new interface driver asix
[    2.756705] usbcore: registered new interface driver ax88179_178a
[    2.762739] usbcore: registered new interface driver cdc_ether
[    2.768532] usbcore: registered new interface driver net1080
[    2.774158] usbcore: registered new interface driver cdc_subset
[    2.780038] usbcore: registered new interface driver zaurus
[    2.785582] usbcore: registered new interface driver cdc_ncm
[    2.791270] uio_pdrv_genirq 80020000.debug_bridge: IRQ index 0 not found
[    2.798638] usbcore: registered new interface driver uas
[    2.803153] usbcore: registered new interface driver usb-storage
[    2.809569] rtc_zynqmp ffa60000.rtc: registered as rtc0
[    2.814315] i2c /dev entries driver
[    2.819007] usbcore: registered new interface driver uvcvideo
[    2.823449] USB Video Class driver (1.1.1)
[    2.827810] Bluetooth: HCI UART driver ver 2.3
[    2.831928] Bluetooth: HCI UART protocol H4 registered
[    2.837027] Bluetooth: HCI UART protocol BCSP registered
[    2.842314] Bluetooth: HCI UART protocol LL registered
[    2.847405] Bluetooth: HCI UART protocol ATH3K registered
[    2.852779] Bluetooth: HCI UART protocol Three-wire (H5) registered
[    2.859025] Bluetooth: HCI UART protocol Intel registered
[    2.864372] Bluetooth: HCI UART protocol QCA registered
[    2.869571] usbcore: registered new interface driver bcm203x
[    2.875193] usbcore: registered new interface driver bpa10x
[    2.880727] usbcore: registered new interface driver bfusb
[    2.886180] usbcore: registered new interface driver btusb
[    2.891640] usbcore: registered new interface driver ath3k
[    2.897196] EDAC MC0: 13 UE BankGroup Number 0 Block Number 0 on mc#0csrow#0channel#0 (csrow:0 channel:0 page:0x0 offset:0x0 grain:1)
[    2.909079] EDAC MC0: Giving out device to module 1 controller synps_ddr_controller: DEV synps_edac (INTERRUPT)
[    2.919145] EDAC DEVICE0: Giving out device to module edac controller cache_err: DEV edac (POLLED)
[    2.928083] EDAC DEVICE1: Giving out device to module zynqmp-ocm-edac controller zynqmp_ocm: DEV ff960000.memory-controller (INTERRUPT)
[    2.940368] sdhci: Secure Digital Host Controller Interface driver
[    2.946191] sdhci: Copyright(c) Pierre Ossman
[    2.950513] sdhci-pltfm: SDHCI platform and OF driver helper
[    2.956447] ledtrig-cpu: registered to indicate activity on CPUs
[    2.962143] zynqmp_firmware_probe Platform Management API v1.1
[    2.967904] zynqmp_firmware_probe Trustzone version v1.0
[    2.995811] alg: No test for xilinx-zynqmp-aes (zynqmp-aes)
[    2.995983] zynqmp_aes zynqmp_aes: AES Successfully Registered
[    2.995983] 
[    3.003231] alg: No test for xilinx-keccak-384 (zynqmp-keccak-384)
[    3.009440] alg: No test for xilinx-zynqmp-rsa (zynqmp-rsa)
[    3.015000] usbcore: registered new interface driver usbhid
[    3.020306] usbhid: USB HID core driver
[    3.026214] fpga_manager fpga0: Xilinx ZynqMP FPGA Manager registered
[    3.030774] usbcore: registered new interface driver snd-usb-audio
[    3.037345] pktgen: Packet Generator for packet performance testing. Version: 2.75
[    3.044659] Initializing XFRM netlink socket
[    3.048491] NET: Registered protocol family 10
[    3.053194] Segment Routing with IPv6
[    3.056565] sit: IPv6, IPv4 and MPLS over IPv4 tunneling driver
[    3.062653] NET: Registered protocol family 17
[    3.066765] NET: Registered protocol family 15
[    3.071179] bridge: filtering via arp/ip/ip6tables is no longer available by default. Update your scripts to load br_netfilter if you need this.
[    3.084054] can: controller area network core (rev 20170425 abi 9)
[    3.090218] NET: Registered protocol family 29
[    3.094608] can: raw protocol (rev 20170425)
[    3.098846] can: broadcast manager protocol (rev 20170425 t)
[    3.104470] can: netlink gateway (rev 20190810) max_hops=1
[    3.109978] Bluetooth: RFCOMM TTY layer initialized
[    3.114768] Bluetooth: RFCOMM socket layer initialized
[    3.119877] Bluetooth: RFCOMM ver 1.11
[    3.123588] Bluetooth: BNEP (Ethernet Emulation) ver 1.3
[    3.128862] Bluetooth: BNEP filters: protocol multicast
[    3.134052] Bluetooth: BNEP socket layer initialized
[    3.138982] Bluetooth: HIDP (Human Interface Emulation) ver 1.2
[    3.144868] Bluetooth: HIDP socket layer initialized
[    3.149892] 9pnet: Installing 9P2000 support
[    3.154051] Key type dns_resolver registered
[    3.158628] registered taskstats version 1
[    3.162332] Loading compiled-in X.509 certificates
[    3.167461] Btrfs loaded, crc32c=crc32c-generic
[    3.179423] ff000000.serial: ttyPS0 at MMIO 0xff000000 (irq = 41, base_baud = 6249999) is a xuartps
[    3.188436] printk: console [ttyPS0] enabled
[    3.188436] printk: console [ttyPS0] enabled
[    3.192731] printk: bootconsole [cdns0] disabled
[    3.192731] printk: bootconsole [cdns0] disabled
[    3.201885] of-fpga-region fpga-full: FPGA Region probed
[    3.211942] GPIO IRQ not connected
[    3.215339] XGpio: gpio@80010000: registered, base is 509
[    3.221304] xilinx-zynqmp-dma fd500000.dma: ZynqMP DMA driver Probe success
[    3.228391] xilinx-zynqmp-dma fd510000.dma: ZynqMP DMA driver Probe success
[    3.235479] xilinx-zynqmp-dma fd520000.dma: ZynqMP DMA driver Probe success
[    3.242566] xilinx-zynqmp-dma fd530000.dma: ZynqMP DMA driver Probe success
[    3.249657] xilinx-zynqmp-dma fd540000.dma: ZynqMP DMA driver Probe success
[    3.256746] xilinx-zynqmp-dma fd550000.dma: ZynqMP DMA driver Probe success
[    3.263838] xilinx-zynqmp-dma fd560000.dma: ZynqMP DMA driver Probe success
[    3.270933] xilinx-zynqmp-dma fd570000.dma: ZynqMP DMA driver Probe success
[    3.278090] xilinx-zynqmp-dma ffa80000.dma: ZynqMP DMA driver Probe success
[    3.285174] xilinx-zynqmp-dma ffa90000.dma: ZynqMP DMA driver Probe success
[    3.292264] xilinx-zynqmp-dma ffaa0000.dma: ZynqMP DMA driver Probe success
[    3.299347] xilinx-zynqmp-dma ffab0000.dma: ZynqMP DMA driver Probe success
[    3.306437] xilinx-zynqmp-dma ffac0000.dma: ZynqMP DMA driver Probe success
[    3.313523] xilinx-zynqmp-dma ffad0000.dma: ZynqMP DMA driver Probe success
[    3.320612] xilinx-zynqmp-dma ffae0000.dma: ZynqMP DMA driver Probe success
[    3.327696] xilinx-zynqmp-dma ffaf0000.dma: ZynqMP DMA driver Probe success
[    3.334887] zynqmp-qspi ff0f0000.spi: rx bus width not found
[    3.340542] zynqmp-qspi ff0f0000.spi: tx bus width not found
[    3.346343] spi_master spi0: cannot find modalias for /amba/spi@ff0f0000/flash@0
[    3.353737] spi_master spi0: Failed to create SPI device for /amba/spi@ff0f0000/flash@0
[    3.362028] macb ff0b0000.ethernet: Not enabling partial store and forward
[    3.369376] libphy: MACB_mii_bus: probed
[    3.395992] zynqmp_pll_disable() clock disable failed for dpll_int, ret = -13
[    3.443540] Micrel KSZ9031 Gigabit PHY ff0b0000.ethernet-ffffffff:03: attached PHY driver [Micrel KSZ9031 Gigabit PHY] (mii_bus:phy_addr=ff0b0000.ethernet-ffffffff:03, irq=POLL)
[    3.459352] macb ff0b0000.ethernet eth0: Cadence GEM rev 0x50070106 at 0xff0b0000 irq 29 (ca:9f:1e:3a:b6:24)
[    3.469434] macb ff0c0000.ethernet: Not enabling partial store and forward
[    3.476695] libphy: MACB_mii_bus: probed
[    3.551537] Micrel KSZ9031 Gigabit PHY ff0c0000.ethernet-ffffffff:03: attached PHY driver [Micrel KSZ9031 Gigabit PHY] (mii_bus:phy_addr=ff0c0000.ethernet-ffffffff:03, irq=POLL)
[    3.567347] macb ff0c0000.ethernet eth1: Cadence GEM rev 0x50070106 at 0xff0c0000 irq 30 (ca:9f:1e:3a:b6:25)
[    3.577419] xilinx-axipmon ffa00000.perf-monitor: Probed Xilinx APM
[    3.583920] xilinx-axipmon fd0b0000.perf-monitor: Probed Xilinx APM
[    3.590391] xilinx-axipmon fd490000.perf-monitor: Probed Xilinx APM
[    3.596919] xilinx-axipmon ffa10000.perf-monitor: Probed Xilinx APM
[    3.603398] dwc3-of-simple ff9d0000.usb0: dwc3_simple_set_phydata: Can't find usb3-phy
[    3.611681] dwc3 fe200000.dwc3: Failed to get clk 'ref': -2
[    3.617651] dwc3-of-simple ff9e0000.usb1: dwc3_simple_set_phydata: Can't find usb3-phy
[    3.625874] dwc3 fe300000.dwc3: Failed to get clk 'ref': -2
[    3.632483] i2c i2c-0: Added multiplexed i2c bus 1
[    3.637589] xhci-hcd xhci-hcd.0.auto: xHCI Host Controller
[    3.643079] xhci-hcd xhci-hcd.0.auto: new USB bus registered, assigned bus number 1
[    3.650814] xhci-hcd xhci-hcd.0.auto: hcc params 0x0238f625 hci version 0x100 quirks 0x0000000202010010
[    3.660222] xhci-hcd xhci-hcd.0.auto: irq 43, io mem 0xfe200000
[    3.666295] i2c i2c-0: Added multiplexed i2c bus 2
[    3.671378] xhci-hcd xhci-hcd.1.auto: xHCI Host Controller
[    3.676910] i2c i2c-0: Added multiplexed i2c bus 3
[    3.681886] i2c i2c-0: Added multiplexed i2c bus 4
[    3.686860] i2c i2c-0: Added multiplexed i2c bus 5
[    3.691749] i2c i2c-0: Added multiplexed i2c bus 6
[    3.696641] usb usb1: New USB device found, idVendor=1d6b, idProduct=0002, bcdDevice= 5.04
[    3.704900] usb usb1: New USB device strings: Mfr=3, Product=2, SerialNumber=1
[    3.712117] usb usb1: Product: xHCI Host Controller
[    3.716986] usb usb1: Manufacturer: Linux 5.4.0-xilinx-v2020.1 xhci-hcd
[    3.723591] usb usb1: SerialNumber: xhci-hcd.0.auto
[    3.728685] i2c i2c-0: Added multiplexed i2c bus 7
[    3.733617] i2c i2c-0: Added multiplexed i2c bus 8
[    3.738408] pca954x 0-0070: registered 8 multiplexed busses for I2C switch pca9548
[    3.745991] cdns-i2c ff020000.i2c: 400 kHz mmio ff020000 irq 32
[    3.752263] cpufreq: cpufreq_online: CPU0: Running at unlisted freq: 1333333 KHz
[    3.759661] cpu cpu0: dev_pm_opp_set_rate: failed to find current OPP for freq 1333333320 (-34)
[    3.768391] cpufreq: cpufreq_online: CPU0: Unlisted initial frequency changed to: 1199999 KHz
[    3.776919] cpu cpu0: dev_pm_opp_set_rate: failed to find current OPP for freq 1333333320 (-34)
[    3.786653] hub 1-0:1.0: USB hub found
[    3.790421] hub 1-0:1.0: 1 port detected
[    3.794507] xhci-hcd xhci-hcd.0.auto: xHCI Host Controller
[    3.799993] xhci-hcd xhci-hcd.0.auto: new USB bus registered, assigned bus number 2
[    3.807652] xhci-hcd xhci-hcd.0.auto: Host supports USB 3.0 SuperSpeed
[    3.814223] usb usb2: We don't know the algorithms for LPM for this host, disabling LPM.
[    3.822374] usb usb2: New USB device found, idVendor=1d6b, idProduct=0003, bcdDevice= 5.04
[    3.830627] usb usb2: New USB device strings: Mfr=3, Product=2, SerialNumber=1
[    3.837839] usb usb2: Product: xHCI Host Controller
[    3.842709] usb usb2: Manufacturer: Linux 5.4.0-xilinx-v2020.1 xhci-hcd
[    3.849313] usb usb2: SerialNumber: xhci-hcd.0.auto
[    3.854552] hub 2-0:1.0: USB hub found
[    3.858309] hub 2-0:1.0: 1 port detected
[    3.862411] xhci-hcd xhci-hcd.1.auto: new USB bus registered, assigned bus number 3
[    3.870146] xhci-hcd xhci-hcd.1.auto: hcc params 0x0238f625 hci version 0x100 quirks 0x0000000202010010
[    3.879552] xhci-hcd xhci-hcd.1.auto: irq 46, io mem 0xfe300000
[    3.885691] usb usb3: New USB device found, idVendor=1d6b, idProduct=0002, bcdDevice= 5.04
[    3.893952] usb usb3: New USB device strings: Mfr=3, Product=2, SerialNumber=1
[    3.901174] usb usb3: Product: xHCI Host Controller
[    3.906057] usb usb3: Manufacturer: Linux 5.4.0-xilinx-v2020.1 xhci-hcd
[    3.912664] usb usb3: SerialNumber: xhci-hcd.1.auto
[    3.917618] mmc0: SDHCI controller on ff160000.mmc [ff160000.mmc] using ADMA 64-bit
[    3.926560] hub 3-0:1.0: USB hub found
[    3.930371] hub 3-0:1.0: 1 port detected
[    3.934525] xhci-hcd xhci-hcd.1.auto: xHCI Host Controller
[    3.940015] xhci-hcd xhci-hcd.1.auto: new USB bus registered, assigned bus number 4
[    3.947667] xhci-hcd xhci-hcd.1.auto: Host supports USB 3.0 SuperSpeed
[    3.954279] usb usb4: We don't know the algorithms for LPM for this host, disabling LPM.
[    3.962502] usb usb4: New USB device found, idVendor=1d6b, idProduct=0003, bcdDevice= 5.04
[    3.970762] usb usb4: New USB device strings: Mfr=3, Product=2, SerialNumber=1
[    3.977979] usb usb4: Product: xHCI Host Controller
[    3.982849] usb usb4: Manufacturer: Linux 5.4.0-xilinx-v2020.1 xhci-hcd
[    3.989453] usb usb4: SerialNumber: xhci-hcd.1.auto
[    3.994447] mmc1: SDHCI controller on ff170000.mmc [ff170000.mmc] using ADMA 64-bit
[    4.004398] rtc_zynqmp ffa60000.rtc: setting system clock to 1970-01-01T00:00:08 UTC (8)
[    4.012487] of_cfs_init
[    4.014944] of_cfs_init: OK
[    4.018101] hub 4-0:1.0: USB hub found
[    4.021970] hub 4-0:1.0: 1 port detected
[    4.061962] mmc1: new high speed SDHC card at address aaaa
[    4.067806] mmcblk1: mmc1:aaaa SL16G 14.8 GiB 
[    4.077362]  mmcblk1: p1 p2
[    4.102318] mmc0: new HS200 MMC card at address 0001
[    4.107589] mmcblk0: mmc0:0001 W52516 14.3 GiB 
[    4.112283] mmcblk0boot0: mmc0:0001 W52516 partition 1 4.00 MiB
[    4.118372] mmcblk0boot1: mmc0:0001 W52516 partition 2 4.00 MiB
[    4.124347] mmcblk0rpmb: mmc0:0001 W52516 partition 3 4.00 MiB, chardev (245:0)
[    4.133591]  mmcblk0: p1
[   16.286388] cfg80211: Loading compiled-in X.509 certificates for regulatory database
[   16.410085] cfg80211: Loaded X.509 cert 'sforshee: 00b28ddf47aef9cea7'
[   16.416609] clk: Not disabling unused clocks
[   16.420875] ALSA device list:
[   16.423833]   No soundcards found.
[   16.427496] platform regulatory.0: Direct firmware load for regulatory.db failed with error -2
[   16.436106] cfg80211: failed to load regulatory.db
[   16.449058] EXT4-fs (mmcblk1p2): mounted filesystem with ordered data mode. Opts: (null)
[   16.457169] VFS: Mounted root (ext4 filesystem) on device 179:2.
[   16.467946] devtmpfs: mounted
[   16.471067] Freeing unused kernel memory: 704K
[   16.490396] Run /sbin/init as init process
INIT: version 2.88 booting
[   16.684965] random: fast init done
Starting udev
[   16.865829] udevd[167]: starting version 3.2.8
[   16.875583] random: udevd: uninitialized urandom read (16 bytes read)
[   16.885593] random: udevd: uninitialized urandom read (16 bytes read)
[   16.892793] random: udevd: uninitialized urandom read (16 bytes read)
[   16.924467] udevd[168]: starting eudev-3.2.8
[   17.375048] dmaproxy: loading out-of-tree module taints kernel.
[   17.394043] EXT4-fs (mmcblk1p2): re-mounted. Opts: (null)
Tue Nov 30 15:44:35 UTC 2021
Configuring packages on first boot....
 (This may take several minutes. Please do not power off the machine.)
Running postinst /etc/rpm-postinsts/100-sysvinit-inittab...
update-rc.d: /etc/init.d/run-postinsts exists during rc.d purge (continuing)
 Removing any system startup links for run-postinsts ...
 INIT: Entering runlevel: 5
Configuring network interfaces... [   17.857470] pps pps0: new PPS source ptp0
[   17.861497] macb ff0b0000.ethernet: gem-ptp-timer ptp clock registered.
done.
Starting haveged: haveged: listening socket at 3
haveged: haveged starting up


Starting Dropbear SSH server: [   17.939064] urandom_read: 5 callbacks suppressed
[   17.939068] random: dropbearkey: uninitialized urandom read (32 bytes read)
[   17.953080] random: dropbearkey: uninitialized urandom read (32 bytes read)
Generating 2048 bit rsa key, this may take a while...
haveged: haveged: ver: 1.9.5; arch: generic; vend: ; build: (gcc 9.2.0 CTV); collect: 128K

haveged: haveged: cpu: (VC); data: 16K (D); inst: 16K (D); idx: 11/40; sz: 15456/64452

haveged: haveged: tot tests(BA8): A:1/1 B:1/1 continuous tests(B):  last entropy estimate 7.99615

haveged: haveged: fills: 0, generated: 0 

[   18.600675] random: crng init done
Public key portion is:
ssh-rsa AAAAB3NzaC1yc2EAAAADAQABAAABAQCck7aCXV3ap99YCo1zP1urhOXf6lebSDpMzedZ5irPR9Kjo2UE7LLMBXvNFfz0PZ/5vqvPZhK1R7PLk+3YF4/D3iqcGdhZLBMovDYAxnRZHyJxdB20sUtUFnGPntXqnaPq+68WgXlMIPySkDPUMJ7voXPqfSG2ZcBlzac9nCmP23PTvyZUNOi5Bw485RR9rAQ/Dj8YmHekjpyItb+ydQPB+OE6BqCLp3huayZ4HXiXJEIu+7AJnXHzwxBW3CvIx+1+OwRkYZO5selxvNYYa5sNQUWigwKGcYU8VhKK4H6qGYE8hgkt9xdHJ4NzsX12fy2XklU23A0wthzNgN9oAekV root@plnx_MercuryXU5_EndcapSL
Fingerprint: sha1!! 94:7d:35:b9:0d:75:18:c1:d5:b2:98:10:68:c9:f5:6d:66:bd:e6:80
dropbear.
Starting internet superserver: inetd.
Starting syslogd/klogd: done
Starting tcf-agent: OK

PetaLinux 2020.1 plnx_MercuryXU5_EndcapSL /dev/ttyPS0

plnx_MercuryXU5_EndcapSL login: [   21.950944] macb ff0b0000.ethernet eth0: link up (1000/Full)
[   21.956613] IPv6: ADDRCONF(NETDEV_CHANGE): eth0: link becomes ready

PetaLinux 2020.1 plnx_MercuryXU5_EndcapSL /dev/ttyPS0

plnx_MercuryXU5_EndcapSL login: 
PetaLinux 2020.1 plnx_MercuryXU5_EndcapSL /dev/ttyPS0

plnx_MercuryXU5_EndcapSL login: root
Password: 
7[r[999;999H[6n8root@plnx_MercuryXU5_EndcapSL:~# 
root@plnx_MercuryXU5_EndcapSL:~# 
root@plnx_MercuryXU5_EndcapSL:~# ip a
1: lo: <LOOPBACK,UP,LOWER_UP> mtu 65536 qdisc noqueue state UNKNOWN group default qlen 1000
    link/loopback 00:00:00:00:00:00 brd 00:00:00:00:00:00
    inet 127.0.0.1/8 scope host lo
       valid_lft forever preferred_lft forever
    inet6 ::1/128 scope host 
       valid_lft forever preferred_lft forever
2: sit0@NONE: <NOARP> mtu 1480 qdisc noop state DOWN group default qlen 1000
    link/sit 0.0.0.0 brd 0.0.0.0
3: eth0: <BROADCAST,MULTICAST,UP,LOWER_UP> mtu 1500 qdisc mq state UP group default qlen 1000
    link/ether ca:9f:1e:3a:b6:24 brd ff:ff:ff:ff:ff:ff
    inet 130.87.242.129/22 scope global eth0
       valid_lft forever preferred_lft forever
    inet6 fe80::c89f:1eff:fe3a:b624/64 scope link 
       valid_lft forever preferred_lft forever
4: eth1: <BROADCAST,MULTICAST> mtu 1500 qdisc noop state DOWN group default qlen 1000
    link/ether ca:9f:1e:3a:b6:25 brd ff:ff:ff:ff:ff:ff
root@plnx_MercuryXU5_EndcapSL:~# ping www/ .go  google.com
ping: bad address 'www.google.com'
root@plnx_MercuryXU5_EndcapSL:~# ping tkyice.icepp.s.u-tolyp.ac.jp
ping: bad address 'tkyice.icepp.s.u-tolyp.ac.jp'
root@plnx_MercuryXU5_EndcapSL:~# 
root@plnx_MercuryXU5_EndcapSL:~# 
root@plnx_MercuryXU5_EndcapSL:~# cat /syts  s/class/uio/uio
uio0/ uio1/ uio2/ uio3/ uio4/ 
root@plnx_MercuryXU5_EndcapSL:~# cat /sys/class/uio/uio*/name
debug_bridge
axi-pmon
axi-pmon
axi-pmon
axi-pmon
root@plnx_MercuryXU5_EndcapSL:~# xvcserver 
[  328.730631] TCP: request_sock_TCP: Possible SYN flooding on port 2542. Sending cookies.  Check SNMP counters.
connection accepted - fd 3
setting TCP_NODELAY to 1
invalid cmd 'E'
connection accepted - fd 3
setting TCP_NODELAY to 1
invalid cmd 'E'
^[[A^[[A^[[A^[[A^[[A^[[A^[[B^[[B^[[B^[[B^[[B^[[B^[[B^[[B^[[B^[[B^[[B^[[B^[[B^[[B^[[B^[[B^[[B^[[B^[[B^[[B^[[B


^C
root@plnx_MercuryXU5_EndcapSL:~# xvcserver cat /sys/class/uio/uio*/nameping tkyice.icepp.s.u-tolyp.ac.jp[P[P[P[P[P[P[P[P[P[P[P[P[P[Pwww.google.comip a[K
1: lo: <LOOPBACK,UP,LOWER_UP> mtu 65536 qdisc noqueue state UNKNOWN group default qlen 1000
    link/loopback 00:00:00:00:00:00 brd 00:00:00:00:00:00
    inet 127.0.0.1/8 scope host lo
       valid_lft forever preferred_lft forever
    inet6 ::1/128 scope host 
       valid_lft forever preferred_lft forever
2: sit0@NONE: <NOARP> mtu 1480 qdisc noop state DOWN group default qlen 1000
    link/sit 0.0.0.0 brd 0.0.0.0
3: eth0: <BROADCAST,MULTICAST,UP,LOWER_UP> mtu 1500 qdisc mq state UP group default qlen 1000
    link/ether ca:9f:1e:3a:b6:24 brd ff:ff:ff:ff:ff:ff
    inet 130.87.242.129/22 scope global eth0
       valid_lft forever preferred_lft forever
    inet6 fe80::c89f:1eff:fe3a:b624/64 scope link 
       valid_lft forever preferred_lft forever
4: eth1: <BROADCAST,MULTICAST> mtu 1500 qdisc noop state DOWN group default qlen 1000
    link/ether ca:9f:1e:3a:b6:25 brd ff:ff:ff:ff:ff:ff
root@plnx_MercuryXU5_EndcapSL:~# ip axvcserver 



^C
root@plnx_MercuryXU5_EndcapSL:~# find / name      -name ""x"v"c"s"e"r"v"e"r"
/media/sd-mmcblk1p2/usr/bin/xvcserver
/media/sd-mmcblk1p2/usr/share/licenses/xvcserver
/usr/bin/xvcserver
/usr/share/licenses/xvcserver
root@plnx_MercuryXU5_EndcapSL:~# 
root@plnx_MercuryXU5_EndcapSL:~# Xilinx Zynq MP First Stage Boot Loader 
Release 2020.1   Nov 30 2021  -  13:31:53
NOTICE:  ATF running on XCZU5EV/silicon v4/RTL5.1 at 0xfffea000
NOTICE:  BL31: v2.2(release):xilinx_rebase_v2.2_2020.1
NOTICE:  BL31: Built : 13:29:52, Nov 30 2021


U-Boot 2020.01 (Nov 30 2021 - 13:30:56 +0000)

Model: Enclustra ME-XU5-5EV-2I-D12E SOM
Board: Xilinx ZynqMP
DRAM:  4 GiB
usb dr_mode not found
usb dr_mode not found
PMUFW:	v1.1
EL Level:	EL2
Chip ID:	zu5ev
NAND:  0 MiB
MMC:   mmc@ff160000: 0, mmc@ff170000: 1
In:    serial@ff000000
Out:   serial@ff000000
Err:   serial@ff000000
Bootmode: SD_MODE1
Reset reason:	EXTERNAL 
Net:   
ZYNQ GEM: ff0b0000, mdio bus ff0b0000, phyaddr 3, interface rgmii-id

Warning: ethernet@ff0b0000 (eth0) using random MAC address - ca:fd:e6:f8:b3:2c
eth0: ethernet@ff0b0000
Hit any key to stop autoboot:  2  1  0 
switch to partitions #0, OK
mmc1 is current device
Scanning mmc 1:1...
Found U-Boot script /boot.scr
3694 bytes read in 19 ms (189.5 KiB/s)
## Executing script at 20000000
[L0MuESL] Before SD card scanning... 
[L0MuESL] SD card scanning now...
[L0MuESL] Loading uEnv.txt in SD1... 
1272 bytes read in 18 ms (68.4 KiB/s)
[L0MuESL] Loading u-boot environment by uenvcmd... 
[L0MuESL] SD card fatload now ...
8159148 bytes read in 609 ms (12.8 MiB/s)
[L0MuESL] SD card bootm command now...
## Loading kernel from FIT Image at 10000000 ...
   Using 'conf@system-top.dtb' configuration
   Trying 'kernel@1' kernel subimage
     Description:  Linux kernel
     Type:         Kernel Image
     Compression:  gzip compressed
     Data Start:   0x100000e8
     Data Size:    8114710 Bytes = 7.7 MiB
     Architecture: AArch64
     OS:           Linux
     Load Address: 0x00080000
     Entry Point:  0x00080000
     Hash algo:    sha256
     Hash value:   d8dbc87352877e020871a801ceda165f06fa467dc974d45677a3e9058465f51f
   Verifying Hash Integrity ... sha256+ OK
## Loading fdt from FIT Image at 10000000 ...
   Using 'conf@system-top.dtb' configuration
   Trying 'fdt@system-top.dtb' fdt subimage
     Description:  Flattened Device Tree blob
     Type:         Flat Device Tree
     Compression:  uncompressed
     Data Start:   0x107bd410
     Data Size:    42547 Bytes = 41.5 KiB
     Architecture: AArch64
     Hash algo:    sha256
     Hash value:   c2cb860e94d3969dd7865705c3edff938ff4058f8cd3fe6c0a353a4664c16d1c
   Verifying Hash Integrity ... sha256+ OK
   Booting using the fdt blob at 0x107bd410
   Uncompressing Kernel Image
   Loading Device Tree to 000000000fff2000, end 000000000ffff632 ... OK

Starting kernel ...

[    0.000000] Booting Linux on physical CPU 0x0000000000 [0x410fd034]
[    0.000000] Linux version 5.4.0-xilinx-v2020.1 (oe-user@oe-host) (gcc version 9.2.0 (GCC)) #1 SMP Tue Nov 30 13:29:56 UTC 2021
[    0.000000] Machine model: Enclustra ME-XU5-5EV-2I-D12E SOM
[    0.000000] earlycon: cdns0 at MMIO 0x00000000ff000000 (options '115200n8')
[    0.000000] printk: bootconsole [cdns0] enabled
[    0.000000] efi: Getting EFI parameters from FDT:
[    0.000000] efi: UEFI not found.
[    0.000000] cma: Reserved 256 MiB at 0x000000006fc00000
[    0.000000] psci: probing for conduit method from DT.
[    0.000000] psci: PSCIv1.1 detected in firmware.
[    0.000000] psci: Using standard PSCI v0.2 function IDs
[    0.000000] psci: MIGRATE_INFO_TYPE not supported.
[    0.000000] psci: SMC Calling Convention v1.1
[    0.000000] percpu: Embedded 21 pages/cpu s49112 r8192 d28712 u86016
[    0.000000] Detected VIPT I-cache on CPU0
[    0.000000] CPU features: detected: ARM erratum 845719
[    0.000000] Speculative Store Bypass Disable mitigation not required
[    0.000000] Built 1 zonelists, mobility grouping on.  Total pages: 1031940
[    0.000000] Kernel command line: earlycon console=ttyPS0,115200 clk_ignore_unused root=/dev/mmcblk1p2 rootfstype=ext4 rw rootwait earlyprintk uio_pdrv_genirq.of_id=generic-uio cpuidle.off=1 ip=130.87.242.129:130.87.240.1:255.255.252.0:sl-xu5-eth0-01:eth0:off nameserver=130.87.240.2 nameserver=130.87.240.3
[    0.000000] Dentry cache hash table entries: 524288 (order: 10, 4194304 bytes, linear)
[    0.000000] Inode-cache hash table entries: 262144 (order: 9, 2097152 bytes, linear)
[    0.000000] mem auto-init: stack:off, heap alloc:off, heap free:off
[    0.000000] software IO TLB: mapped [mem 0x6bc00000-0x6fc00000] (64MB)
[    0.000000] Memory: 3767708K/4193280K available (11644K kernel code, 670K rwdata, 3624K rodata, 704K init, 321K bss, 163428K reserved, 262144K cma-reserved)
[    0.000000] rcu: Hierarchical RCU implementation.
[    0.000000] rcu: 	RCU event tracing is enabled.
[    0.000000] rcu: 	RCU restricting CPUs from NR_CPUS=8 to nr_cpu_ids=4.
[    0.000000] rcu: RCU calculated value of scheduler-enlistment delay is 25 jiffies.
[    0.000000] rcu: Adjusting geometry for rcu_fanout_leaf=16, nr_cpu_ids=4
[    0.000000] NR_IRQS: 64, nr_irqs: 64, preallocated irqs: 0
[    0.000000] GIC: Adjusting CPU interface base to 0x00000000f902f000
[    0.000000] GIC: Using split EOI/Deactivate mode
[    0.000000] random: get_random_bytes called from start_kernel+0x2a8/0x42c with crng_init=0
[    0.000000] arch_timer: cp15 timer(s) running at 33.33MHz (phys).
[    0.000000] clocksource: arch_sys_counter: mask: 0xffffffffffffff max_cycles: 0x7b0074340, max_idle_ns: 440795202884 ns
[    0.000003] sched_clock: 56 bits at 33MHz, resolution 30ns, wraps every 2199023255543ns
[    0.008259] Console: colour dummy device 80x25
[    0.012390] Calibrating delay loop (skipped), value calculated using timer frequency.. 66.66 BogoMIPS (lpj=133332)
[    0.022667] pid_max: default: 32768 minimum: 301
[    0.027382] Mount-cache hash table entries: 8192 (order: 4, 65536 bytes, linear)
[    0.034614] Mountpoint-cache hash table entries: 8192 (order: 4, 65536 bytes, linear)
[    0.043261] ASID allocator initialised with 32768 entries
[    0.047805] rcu: Hierarchical SRCU implementation.
[    0.052693] EFI services will not be available.
[    0.057132] smp: Bringing up secondary CPUs ...
[    0.061816] Detected VIPT I-cache on CPU1
[    0.061845] CPU1: Booted secondary processor 0x0000000001 [0x410fd034]
[    0.062163] Detected VIPT I-cache on CPU2
[    0.062181] CPU2: Booted secondary processor 0x0000000002 [0x410fd034]
[    0.062477] Detected VIPT I-cache on CPU3
[    0.062494] CPU3: Booted secondary processor 0x0000000003 [0x410fd034]
[    0.062537] smp: Brought up 1 node, 4 CPUs
[    0.096970] SMP: Total of 4 processors activated.
[    0.101643] CPU features: detected: 32-bit EL0 Support
[    0.106746] CPU features: detected: CRC32 instructions
[    0.111876] CPU: All CPU(s) started at EL2
[    0.115925] alternatives: patching kernel code
[    0.121333] devtmpfs: initialized
[    0.127794] clocksource: jiffies: mask: 0xffffffff max_cycles: 0xffffffff, max_idle_ns: 7645041785100000 ns
[    0.133313] futex hash table entries: 1024 (order: 4, 65536 bytes, linear)
[    0.145622] xor: measuring software checksum speed
[    0.184206]    8regs     :  2639.000 MB/sec
[    0.224230]    32regs    :  3027.000 MB/sec
[    0.264259]    arm64_neon:  2628.000 MB/sec
[    0.264295] xor: using function: 32regs (3027.000 MB/sec)
[    0.268168] pinctrl core: initialized pinctrl subsystem
[    0.273930] NET: Registered protocol family 16
[    0.278754] DMA: preallocated 256 KiB pool for atomic allocations
[    0.283843] audit: initializing netlink subsys (disabled)
[    0.289294] audit: type=2000 audit(0.228:1): state=initialized audit_enabled=0 res=1
[    0.289745] hw-breakpoint: found 6 breakpoint and 4 watchpoint registers.
[    0.314331] HugeTLB registered 1.00 GiB page size, pre-allocated 0 pages
[    0.315383] HugeTLB registered 32.0 MiB page size, pre-allocated 0 pages
[    0.322050] HugeTLB registered 2.00 MiB page size, pre-allocated 0 pages
[    0.328707] HugeTLB registered 64.0 KiB page size, pre-allocated 0 pages
[    1.301719] DRBG: Continuing without Jitter RNG
[    1.378097] raid6: neonx8   gen()  1717 MB/s
[    1.446141] raid6: neonx8   xor()  1624 MB/s
[    1.514192] raid6: neonx4   gen()  1644 MB/s
[    1.582197] raid6: neonx4   xor()  1577 MB/s
[    1.650282] raid6: neonx2   gen()  1249 MB/s
[    1.718291] raid6: neonx2   xor()  1303 MB/s
[    1.786317] raid6: neonx1   gen()   808 MB/s
[    1.854369] raid6: neonx1   xor()   979 MB/s
[    1.922408] raid6: int64x8  gen()  1291 MB/s
[    1.990429] raid6: int64x8  xor()   840 MB/s
[    2.058498] raid6: int64x4  gen()  1085 MB/s
[    2.126521] raid6: int64x4  xor()   814 MB/s
[    2.194580] raid6: int64x2  gen()   753 MB/s
[    2.262615] raid6: int64x2  xor()   657 MB/s
[    2.330654] raid6: int64x1  gen()   499 MB/s
[    2.398700] raid6: int64x1  xor()   500 MB/s
[    2.398736] raid6: using algorithm neonx8 gen() 1717 MB/s
[    2.402694] raid6: .... xor() 1624 MB/s, rmw enabled
[    2.407624] raid6: using neon recovery algorithm
[    2.412511] iommu: Default domain type: Translated 
[    2.417243] SCSI subsystem initialized
[    2.420896] usbcore: registered new interface driver usbfs
[    2.426248] usbcore: registered new interface driver hub
[    2.431520] usbcore: registered new device driver usb
[    2.436554] mc: Linux media interface: v0.10
[    2.440770] videodev: Linux video capture interface: v2.00
[    2.446218] pps_core: LinuxPPS API ver. 1 registered
[    2.451135] pps_core: Software ver. 5.3.6 - Copyright 2005-2007 Rodolfo Giometti <giometti@linux.it>
[    2.460227] PTP clock support registered
[    2.464118] EDAC MC: Ver: 3.0.0
[    2.467569] zynqmp-ipi-mbox mailbox@ff990400: Registered ZynqMP IPI mbox with TX/RX channels.
[    2.475855] FPGA manager framework
[    2.479183] Advanced Linux Sound Architecture Driver Initialized.
[    2.485369] Bluetooth: Core ver 2.22
[    2.488690] NET: Registered protocol family 31
[    2.493089] Bluetooth: HCI device and connection manager initialized
[    2.499405] Bluetooth: HCI socket layer initialized
[    2.504248] Bluetooth: L2CAP socket layer initialized
[    2.509269] Bluetooth: SCO socket layer initialized
[    2.514507] clocksource: Switched to clocksource arch_sys_counter
[    2.520263] VFS: Disk quotas dquot_6.6.0
[    2.524102] VFS: Dquot-cache hash table entries: 512 (order 0, 4096 bytes)
[    2.534602] NET: Registered protocol family 2
[    2.535511] tcp_listen_portaddr_hash hash table entries: 2048 (order: 3, 32768 bytes, linear)
[    2.543734] TCP established hash table entries: 32768 (order: 6, 262144 bytes, linear)
[    2.551746] TCP bind hash table entries: 32768 (order: 7, 524288 bytes, linear)
[    2.559176] TCP: Hash tables configured (established 32768 bind 32768)
[    2.565375] UDP hash table entries: 2048 (order: 4, 65536 bytes, linear)
[    2.572042] UDP-Lite hash table entries: 2048 (order: 4, 65536 bytes, linear)
[    2.579211] NET: Registered protocol family 1
[    2.583642] RPC: Registered named UNIX socket transport module.
[    2.589283] RPC: Registered udp transport module.
[    2.593950] RPC: Registered tcp transport module.
[    2.598622] RPC: Registered tcp NFSv4.1 backchannel transport module.
[    2.605247] PCI: CLS 0 bytes, default 64
[    2.609429] hw perfevents: no interrupt-affinity property for /pmu, guessing.
[    2.616148] hw perfevents: enabled with armv8_pmuv3 PMU driver, 7 counters available
[    2.624388] Initialise system trusted keyrings
[    2.628189] workingset: timestamp_bits=46 max_order=20 bucket_order=0
[    2.635201] NFS: Registering the id_resolver key type
[    2.639548] Key type id_resolver registered
[    2.643687] Key type id_legacy registered
[    2.647671] nfs4filelayout_init: NFSv4 File Layout Driver Registering...
[    2.654340] jffs2: version 2.2. (NAND) Â© 2001-2006 Red Hat, Inc.
[    2.671745] NET: Registered protocol family 38
[    2.671784] Key type asymmetric registered
[    2.674614] Asymmetric key parser 'x509' registered
[    2.679473] Block layer SCSI generic (bsg) driver version 0.4 loaded (major 247)
[    2.686809] io scheduler mq-deadline registered
[    2.691306] io scheduler kyber registered
[    2.719642] Serial: 8250/16550 driver, 4 ports, IRQ sharing disabled
[    2.723169] cacheinfo: Unable to detect cache hierarchy for CPU 0
[    2.730169] brd: module loaded
[    2.734205] loop: module loaded
[    2.734834] mtdoops: mtd device (mtddev=name/number) must be supplied
[    2.739909] libphy: Fixed MDIO Bus: probed
[    2.743858] tun: Universal TUN/TAP device driver, 1.6
[    2.748110] CAN device driver interface
[    2.752548] usbcore: registered new interface driver asix
[    2.757236] usbcore: registered new interface driver ax88179_178a
[    2.763275] usbcore: registered new interface driver cdc_ether
[    2.769069] usbcore: registered new interface driver net1080
[    2.774693] usbcore: registered new interface driver cdc_subset
[    2.780574] usbcore: registered new interface driver zaurus
[    2.786118] usbcore: registered new interface driver cdc_ncm
[    2.791806] uio_pdrv_genirq 80020000.debug_bridge: IRQ index 0 not found
[    2.799173] usbcore: registered new interface driver uas
[    2.803681] usbcore: registered new interface driver usb-storage
[    2.810106] rtc_zynqmp ffa60000.rtc: registered as rtc0
[    2.814848] i2c /dev entries driver
[    2.819542] usbcore: registered new interface driver uvcvideo
[    2.823984] USB Video Class driver (1.1.1)
[    2.828350] Bluetooth: HCI UART driver ver 2.3
[    2.832462] Bluetooth: HCI UART protocol H4 registered
[    2.837562] Bluetooth: HCI UART protocol BCSP registered
[    2.842851] Bluetooth: HCI UART protocol LL registered
[    2.847941] Bluetooth: HCI UART protocol ATH3K registered
[    2.853315] Bluetooth: HCI UART protocol Three-wire (H5) registered
[    2.859561] Bluetooth: HCI UART protocol Intel registered
[    2.864908] Bluetooth: HCI UART protocol QCA registered
[    2.870109] usbcore: registered new interface driver bcm203x
[    2.875729] usbcore: registered new interface driver bpa10x
[    2.881263] usbcore: registered new interface driver bfusb
[    2.886715] usbcore: registered new interface driver btusb
[    2.892177] usbcore: registered new interface driver ath3k
[    2.897734] EDAC MC0: 13 UE BankGroup Number 0 Block Number 0 on mc#0csrow#0channel#0 (csrow:0 channel:0 page:0x0 offset:0x0 grain:1)
[    2.909620] EDAC MC0: Giving out device to module 1 controller synps_ddr_controller: DEV synps_edac (INTERRUPT)
[    2.919684] EDAC DEVICE0: Giving out device to module edac controller cache_err: DEV edac (POLLED)
[    2.928617] EDAC DEVICE1: Giving out device to module zynqmp-ocm-edac controller zynqmp_ocm: DEV ff960000.memory-controller (INTERRUPT)
[    2.940903] sdhci: Secure Digital Host Controller Interface driver
[    2.946729] sdhci: Copyright(c) Pierre Ossman
[    2.951050] sdhci-pltfm: SDHCI platform and OF driver helper
[    2.956981] ledtrig-cpu: registered to indicate activity on CPUs
[    2.962684] zynqmp_firmware_probe Platform Management API v1.1
[    2.968440] zynqmp_firmware_probe Trustzone version v1.0
[    2.996261] alg: No test for xilinx-zynqmp-aes (zynqmp-aes)
[    2.996425] zynqmp_aes zynqmp_aes: AES Successfully Registered
[    2.996425] 
[    3.003677] alg: No test for xilinx-keccak-384 (zynqmp-keccak-384)
[    3.009887] alg: No test for xilinx-zynqmp-rsa (zynqmp-rsa)
[    3.015440] usbcore: registered new interface driver usbhid
[    3.020755] usbhid: USB HID core driver
[    3.026675] fpga_manager fpga0: Xilinx ZynqMP FPGA Manager registered
[    3.031221] usbcore: registered new interface driver snd-usb-audio
[    3.037790] pktgen: Packet Generator for packet performance testing. Version: 2.75
[    3.045108] Initializing XFRM netlink socket
[    3.048941] NET: Registered protocol family 10
[    3.053641] Segment Routing with IPv6
[    3.057013] sit: IPv6, IPv4 and MPLS over IPv4 tunneling driver
[    3.063098] NET: Registered protocol family 17
[    3.067215] NET: Registered protocol family 15
[    3.071629] bridge: filtering via arp/ip/ip6tables is no longer available by default. Update your scripts to load br_netfilter if you need this.
[    3.084507] can: controller area network core (rev 20170425 abi 9)
[    3.090667] NET: Registered protocol family 29
[    3.095059] can: raw protocol (rev 20170425)
[    3.099296] can: broadcast manager protocol (rev 20170425 t)
[    3.104920] can: netlink gateway (rev 20190810) max_hops=1
[    3.110438] Bluetooth: RFCOMM TTY layer initialized
[    3.115218] Bluetooth: RFCOMM socket layer initialized
[    3.120323] Bluetooth: RFCOMM ver 1.11
[    3.124040] Bluetooth: BNEP (Ethernet Emulation) ver 1.3
[    3.129310] Bluetooth: BNEP filters: protocol multicast
[    3.134505] Bluetooth: BNEP socket layer initialized
[    3.139432] Bluetooth: HIDP (Human Interface Emulation) ver 1.2
[    3.145316] Bluetooth: HIDP socket layer initialized
[    3.150344] 9pnet: Installing 9P2000 support
[    3.154506] Key type dns_resolver registered
[    3.159074] registered taskstats version 1
[    3.162790] Loading compiled-in X.509 certificates
[    3.167908] Btrfs loaded, crc32c=crc32c-generic
[    3.179809] ff000000.serial: ttyPS0 at MMIO 0xff000000 (irq = 41, base_baud = 6249999) is a xuartps
[    3.188826] printk: console [ttyPS0] enabled
[    3.188826] printk: console [ttyPS0] enabled
[    3.193120] printk: bootconsole [cdns0] disabled
[    3.193120] printk: bootconsole [cdns0] disabled
[    3.202279] of-fpga-region fpga-full: FPGA Region probed
[    3.212335] GPIO IRQ not connected
[    3.215729] XGpio: gpio@80010000: registered, base is 509
[    3.221698] xilinx-zynqmp-dma fd500000.dma: ZynqMP DMA driver Probe success
[    3.228785] xilinx-zynqmp-dma fd510000.dma: ZynqMP DMA driver Probe success
[    3.235878] xilinx-zynqmp-dma fd520000.dma: ZynqMP DMA driver Probe success
[    3.242966] xilinx-zynqmp-dma fd530000.dma: ZynqMP DMA driver Probe success
[    3.250052] xilinx-zynqmp-dma fd540000.dma: ZynqMP DMA driver Probe success
[    3.257135] xilinx-zynqmp-dma fd550000.dma: ZynqMP DMA driver Probe success
[    3.264220] xilinx-zynqmp-dma fd560000.dma: ZynqMP DMA driver Probe success
[    3.271310] xilinx-zynqmp-dma fd570000.dma: ZynqMP DMA driver Probe success
[    3.278461] xilinx-zynqmp-dma ffa80000.dma: ZynqMP DMA driver Probe success
[    3.285546] xilinx-zynqmp-dma ffa90000.dma: ZynqMP DMA driver Probe success
[    3.292637] xilinx-zynqmp-dma ffaa0000.dma: ZynqMP DMA driver Probe success
[    3.299720] xilinx-zynqmp-dma ffab0000.dma: ZynqMP DMA driver Probe success
[    3.306807] xilinx-zynqmp-dma ffac0000.dma: ZynqMP DMA driver Probe success
[    3.313896] xilinx-zynqmp-dma ffad0000.dma: ZynqMP DMA driver Probe success
[    3.320985] xilinx-zynqmp-dma ffae0000.dma: ZynqMP DMA driver Probe success
[    3.328068] xilinx-zynqmp-dma ffaf0000.dma: ZynqMP DMA driver Probe success
[    3.335270] zynqmp-qspi ff0f0000.spi: rx bus width not found
[    3.340926] zynqmp-qspi ff0f0000.spi: tx bus width not found
[    3.346735] spi_master spi0: cannot find modalias for /amba/spi@ff0f0000/flash@0
[    3.354127] spi_master spi0: Failed to create SPI device for /amba/spi@ff0f0000/flash@0
[    3.362416] macb ff0b0000.ethernet: Not enabling partial store and forward
[    3.369771] libphy: MACB_mii_bus: probed
[    3.375121] zynqmp_pll_disable() clock disable failed for dpll_int, ret = -13
[    3.443684] Micrel KSZ9031 Gigabit PHY ff0b0000.ethernet-ffffffff:03: attached PHY driver [Micrel KSZ9031 Gigabit PHY] (mii_bus:phy_addr=ff0b0000.ethernet-ffffffff:03, irq=POLL)
[    3.459498] macb ff0b0000.ethernet eth0: Cadence GEM rev 0x50070106 at 0xff0b0000 irq 29 (ca:9f:1e:3a:b6:24)
[    3.469578] macb ff0c0000.ethernet: Not enabling partial store and forward
[    3.476841] libphy: MACB_mii_bus: probed
[    3.551678] Micrel KSZ9031 Gigabit PHY ff0c0000.ethernet-ffffffff:03: attached PHY driver [Micrel KSZ9031 Gigabit PHY] (mii_bus:phy_addr=ff0c0000.ethernet-ffffffff:03, irq=POLL)
[    3.567494] macb ff0c0000.ethernet eth1: Cadence GEM rev 0x50070106 at 0xff0c0000 irq 30 (ca:9f:1e:3a:b6:25)
[    3.577569] xilinx-axipmon ffa00000.perf-monitor: Probed Xilinx APM
[    3.584066] xilinx-axipmon fd0b0000.perf-monitor: Probed Xilinx APM
[    3.590618] xilinx-axipmon fd490000.perf-monitor: Probed Xilinx APM
[    3.597088] xilinx-axipmon ffa10000.perf-monitor: Probed Xilinx APM
[    3.603565] dwc3-of-simple ff9d0000.usb0: dwc3_simple_set_phydata: Can't find usb3-phy
[    3.611845] dwc3 fe200000.dwc3: Failed to get clk 'ref': -2
[    3.617807] dwc3-of-simple ff9e0000.usb1: dwc3_simple_set_phydata: Can't find usb3-phy
[    3.626026] dwc3 fe300000.dwc3: Failed to get clk 'ref': -2
[    3.632646] i2c i2c-0: Added multiplexed i2c bus 1
[    3.637759] xhci-hcd xhci-hcd.0.auto: xHCI Host Controller
[    3.643252] xhci-hcd xhci-hcd.0.auto: new USB bus registered, assigned bus number 1
[    3.650994] xhci-hcd xhci-hcd.0.auto: hcc params 0x0238f625 hci version 0x100 quirks 0x0000000202010010
[    3.660402] xhci-hcd xhci-hcd.0.auto: irq 43, io mem 0xfe200000
[    3.666475] i2c i2c-0: Added multiplexed i2c bus 2
[    3.671563] xhci-hcd xhci-hcd.1.auto: xHCI Host Controller
[    3.677093] i2c i2c-0: Added multiplexed i2c bus 3
[    3.682068] i2c i2c-0: Added multiplexed i2c bus 4
[    3.687046] i2c i2c-0: Added multiplexed i2c bus 5
[    3.691942] i2c i2c-0: Added multiplexed i2c bus 6
[    3.696815] usb usb1: New USB device found, idVendor=1d6b, idProduct=0002, bcdDevice= 5.04
[    3.705072] usb usb1: New USB device strings: Mfr=3, Product=2, SerialNumber=1
[    3.712290] usb usb1: Product: xHCI Host Controller
[    3.717158] usb usb1: Manufacturer: Linux 5.4.0-xilinx-v2020.1 xhci-hcd
[    3.723764] usb usb1: SerialNumber: xhci-hcd.0.auto
[    3.728858] i2c i2c-0: Added multiplexed i2c bus 7
[    3.733792] i2c i2c-0: Added multiplexed i2c bus 8
[    3.738581] pca954x 0-0070: registered 8 multiplexed busses for I2C switch pca9548
[    3.746164] cdns-i2c ff020000.i2c: 400 kHz mmio ff020000 irq 32
[    3.752428] cpufreq: cpufreq_online: CPU0: Running at unlisted freq: 1333333 KHz
[    3.759823] cpu cpu0: dev_pm_opp_set_rate: failed to find current OPP for freq 1333333320 (-34)
[    3.768556] cpufreq: cpufreq_online: CPU0: Unlisted initial frequency changed to: 1199999 KHz
[    3.777082] cpu cpu0: dev_pm_opp_set_rate: failed to find current OPP for freq 1333333320 (-34)
[    3.786810] hub 1-0:1.0: USB hub found
[    3.790577] hub 1-0:1.0: 1 port detected
[    3.794660] xhci-hcd xhci-hcd.0.auto: xHCI Host Controller
[    3.800148] xhci-hcd xhci-hcd.0.auto: new USB bus registered, assigned bus number 2
[    3.807807] xhci-hcd xhci-hcd.0.auto: Host supports USB 3.0 SuperSpeed
[    3.814375] usb usb2: We don't know the algorithms for LPM for this host, disabling LPM.
[    3.822530] usb usb2: New USB device found, idVendor=1d6b, idProduct=0003, bcdDevice= 5.04
[    3.830791] usb usb2: New USB device strings: Mfr=3, Product=2, SerialNumber=1
[    3.838003] usb usb2: Product: xHCI Host Controller
[    3.842872] usb usb2: Manufacturer: Linux 5.4.0-xilinx-v2020.1 xhci-hcd
[    3.849477] usb usb2: SerialNumber: xhci-hcd.0.auto
[    3.854716] hub 2-0:1.0: USB hub found
[    3.858470] hub 2-0:1.0: 1 port detected
[    3.862578] xhci-hcd xhci-hcd.1.auto: new USB bus registered, assigned bus number 3
[    3.870312] xhci-hcd xhci-hcd.1.auto: hcc params 0x0238f625 hci version 0x100 quirks 0x0000000202010010
[    3.879716] xhci-hcd xhci-hcd.1.auto: irq 46, io mem 0xfe300000
[    3.885854] usb usb3: New USB device found, idVendor=1d6b, idProduct=0002, bcdDevice= 5.04
[    3.894115] usb usb3: New USB device strings: Mfr=3, Product=2, SerialNumber=1
[    3.901338] usb usb3: Product: xHCI Host Controller
[    3.906219] usb usb3: Manufacturer: Linux 5.4.0-xilinx-v2020.1 xhci-hcd
[    3.912826] usb usb3: SerialNumber: xhci-hcd.1.auto
[    3.917785] mmc0: SDHCI controller on ff160000.mmc [ff160000.mmc] using ADMA 64-bit
[    3.926735] hub 3-0:1.0: USB hub found
[    3.930551] hub 3-0:1.0: 1 port detected
[    3.934714] xhci-hcd xhci-hcd.1.auto: xHCI Host Controller
[    3.940203] xhci-hcd xhci-hcd.1.auto: new USB bus registered, assigned bus number 4
[    3.947856] xhci-hcd xhci-hcd.1.auto: Host supports USB 3.0 SuperSpeed
[    3.954468] usb usb4: We don't know the algorithms for LPM for this host, disabling LPM.
[    3.962684] usb usb4: New USB device found, idVendor=1d6b, idProduct=0003, bcdDevice= 5.04
[    3.970943] usb usb4: New USB device strings: Mfr=3, Product=2, SerialNumber=1
[    3.978160] usb usb4: Product: xHCI Host Controller
[    3.983030] usb usb4: Manufacturer: Linux 5.4.0-xilinx-v2020.1 xhci-hcd
[    3.989635] usb usb4: SerialNumber: xhci-hcd.1.auto
[    3.994621] mmc1: SDHCI controller on ff170000.mmc [ff170000.mmc] using ADMA 64-bit
[    4.004574] rtc_zynqmp ffa60000.rtc: setting system clock to 1970-01-01T00:00:09 UTC (9)
[    4.012658] of_cfs_init
[    4.015107] of_cfs_init: OK
[    4.018264] hub 4-0:1.0: USB hub found
[    4.022136] hub 4-0:1.0: 1 port detected
[    4.059816] mmc1: new high speed SDHC card at address 5048
[    4.065686] mmcblk1: mmc1:5048 SD16G 14.4 GiB 
[    4.071496]  mmcblk1: p1 p2
[    4.103195] mmc0: new HS200 MMC card at address 0001
[    4.108463] mmcblk0: mmc0:0001 W52516 14.3 GiB 
[    4.113163] mmcblk0boot0: mmc0:0001 W52516 partition 1 4.00 MiB
[    4.119241] mmcblk0boot1: mmc0:0001 W52516 partition 2 4.00 MiB
[    4.125212] mmcblk0rpmb: mmc0:0001 W52516 partition 3 4.00 MiB, chardev (245:0)
[    4.134455]  mmcblk0: p1
[   16.286523] cfg80211: Loading compiled-in X.509 certificates for regulatory database
[   16.410199] cfg80211: Loaded X.509 cert 'sforshee: 00b28ddf47aef9cea7'
[   16.416721] clk: Not disabling unused clocks
[   16.420986] ALSA device list:
[   16.423944]   No soundcards found.
[   16.427609] platform regulatory.0: Direct firmware load for regulatory.db failed with error -2
[   16.436217] cfg80211: failed to load regulatory.db
[   16.713240] random: fast init done
[   17.368192] EXT4-fs (mmcblk1p2): recovery complete
[   17.377041] EXT4-fs (mmcblk1p2): mounted filesystem with ordered data mode. Opts: (null)
[   17.385161] VFS: Mounted root (ext4 filesystem) on device 179:2.
[   17.399455] devtmpfs: mounted
[   17.402571] Freeing unused kernel memory: 704K
[   17.407039] Run /sbin/init as init process
[   17.890412] random: systemd: uninitialized urandom read (16 bytes read)
[   17.906428] random: systemd: uninitialized urandom read (16 bytes read)
[   17.943502] systemd[1]: systemd 219 running in system mode. (+PAM +AUDIT +SELINUX +IMA -APPARMOR +SMACK +SYSVINIT +UTMP +LIBCRYPTSETUP +GCRYPT +GNUTLS +ACL +XZ +LZ4 -SECCOMP +BLKID +ELFUTILS +KMOD +IDN)
[   17.961807] systemd[1]: Detected architecture arm64.

Welcome to [0;31mCentOS Linux 7 (AltArch)[0m!

[   17.987530] systemd[1]: Set hostname to <sl-xu5-01>.
[   18.011577] random: systemd: uninitialized urandom read (16 bytes read)
[   18.583340] systemd[1]: Reached target Swap.
[[32m  OK  [0m] Reached target Swap.
[   18.599198] systemd[1]: Created slice Root Slice.
[[32m  OK  [0m] Created slice Root Slice.
[   18.614622] systemd[1]: Listening on Device-mapper event daemon FIFOs.
[[32m  OK  [0m] Listening on Device-mapper event daemon FIFOs.
[   18.638608] systemd[1]: Listening on LVM2 metadata daemon socket.
[[32m  OK  [0m] Listening on LVM2 metadata daemon socket.
[   18.654609] systemd[1]: Listening on /dev/initctl Compatibility Named Pipe.
[[32m  OK  [0m] Listening on /dev/initctl Compatibility Named Pipe.
[   18.678616] systemd[1]: Listening on udev Control Socket.
[[32m  OK  [0m] Listening on udev Control Socket.
[   18.694667] systemd[1]: Listening on Journal Socket.
[[32m  OK  [0m] Listening on Journal Socket.
[[32m  OK  [0m] Listening on udev Kernel Socket.
[[32m  OK  [0m] Created slice System Slice.
         Starting Monitoring of LVM2 mirrors... dmeventd or progress polling...
         Starting Read and set NIS domainname from /etc/sysconfig/network...
         Starting Journal Service...
[[32m  OK  [0m] Created slice system-selinux\x2dpol...grate\x2dlocal\x2dchanges.slice.
[[32m  OK  [0m] Created slice system-serial\x2dgetty.slice.
         Mounting Huge Pages File System...
         Mounting Debug File System...
[[32m  OK  [0m] Listening on LVM2 poll daemon socket.
[[32m  OK  [0m] Created slice User and Session Slice.
[[32m  OK  [0m] Reached target Slices.
[[32m  OK  [0m] Created slice system-getty.slice.
         Mounting POSIX Message Queue File System...
[[32m  OK  [0m] Started Forward Password Requests to Wall Directory Watch.
[[32m  OK  [0m] Listening on Delayed Shutdown Socket.
         Starting Collect Read-Ahead Data...
[[32m  OK  [0m] Mounted POSIX Message Queue File System.
[[32m  OK  [0m] Mounted Huge Pages File System.
[   18.992485] systemd-readahead[170]: Failed to create fanotify object: Function not implemented
[[32m  OK  [0m] Mounted Debug File System.
[[32m  OK  [0m] Started Journal Service.
[[32m  OK  [0m] Started Read and set NIS domainname from /etc/sysconfig/network.
[[1;31mFAILED[0m] Failed to start Collect Read-Ahead Data.
See 'systemctl status systemd-readahead-collect.service' for details.
[[32m  OK  [0m] Started LVM2 metadata daemon.
         Starting Create Static Device Nodes in /dev...
         Starting Setup Virtual Console...
         Starting Configure read-only root support...
         Starting udev Coldplug all Devices...
         Mounting Configuration File System...
         Starting Apply Kernel Variables...
         Starting Flush Journal to Persistent Storage...
[[32m  OK  [0m] Mounted Configuration File System.
[[32m  OK  [0m] Started Configure read-only root support.
         Starting Load/Save Random Seed...
[[32m  OK  [0m] Started Create Static Device Nodes in /dev.
         Starting udev Kernel Device Manager...
[[32m  OK  [0m] Started Apply Kernel Variables.
[   19.306760] systemd-journald[160]: Received request to flush runtime journal from PID 1
[[32m  OK  [0m] Started udev Coldplug all Devices.
[[32m  OK  [0m] Started Load/Save Random Seed.
[[32m  OK  [0m] Started Flush Journal to Persistent Storage.
         Starting udev Wait for Complete Device Initialization...
[[32m  OK  [0m] Started udev Kernel Device Manager.
[[32m  OK  [0m] Started Setup Virtual Console.
         Starting Show Plymouth Boot Screen...
[[32m  OK  [0m] Found device /dev/ttyPS0.
[[32m  OK  [0m] Started Show Plymouth Boot Screen.
[[32m  OK  [0m] Started Forward Password Requests to Plymouth Directory Watch.
%G[[32m  OK  [0m] Started udev Wait for Complete Device Initialization.
         Starting Activation of DM RAID sets...
[[32m  OK  [0m] Started Monitoring of LVM2 mirrors,...ng dmeventd or progress polling.
[[32m  OK  [0m] Reached target Local File Systems (Pre).
[[32m  OK  [0m] Started Activation of DM RAID sets.
[[32m  OK  [0m] Reached target Local File Systems.
         Starting Create Volatile Files and Directories...
         Starting Tell Plymouth To Write Out Runtime Data...
[[32m  OK  [0m] Reached target Local Encrypted Volumes.
[[32m  OK  [0m] Started Tell Plymouth To Write Out Runtime Data.
[[32m  OK  [0m] Started Create Volatile Files and Directories.
         Starting Security Auditing Service...
[[32m  OK  [0m] Started Security Auditing Service.
         Starting Update UTMP about System Boot/Shutdown...
[[32m  OK  [0m] Started Update UTMP about System Boot/Shutdown.
[[32m  OK  [0m] Reached target System Initialization.
[[32m  OK  [0m] Listening on D-Bus System Message Bus Socket.
[[32m  OK  [0m] Listening on PC/SC Smart Card Daemon Activation Socket.
[[32m  OK  [0m] Listening on Open-iSCSI iscsid Socket.
[[32m  OK  [0m] Started Flexible branding.
[[32m  OK  [0m] Reached target Paths.
[[32m  OK  [0m] Listening on Open-iSCSI iscsiuio Socket.
[[32m  OK  [0m] Reached target Sockets.
[[32m  OK  [0m] Reached target Basic System.
         Starting NTP client/server...
[[32m  OK  [0m] Started irqbalance daemon.
[[32m  OK  [0m] Started D-Bus System Message Bus.
         Starting Login Service...
         Starting Authorization Manager...
         Starting Dump dmesg to /var/log/dmesg...
[[32m  OK  [0m] Started Daily Cleanup of Temporary Directories.
[[32m  OK  [0m] Reached target Timers.
[[32m  OK  [0m] Started NTP client/server.
[[32m  OK  [0m] Started Login Service.
[[32m  OK  [0m] Started Dump dmesg to /var/log/dmesg.
[[32m  OK  [0m] Started Authorization Manager.
         Starting firewalld - dynamic firewall daemon...
[[32m  OK  [0m] Started firewalld - dynamic firewall daemon.
[[32m  OK  [0m] Reached target Network (Pre).
         Starting Network Manager...
[[32m  OK  [0m] Started Network Manager.
         Starting Network Manager Wait Online...
         Starting Hostname Service...
[[32m  OK  [0m] Started Hostname Service.
         Starting Network Manager Script Dispatcher Service...
[[32m  OK  [0m] Started Network Manager Script Dispatcher Service.
[   25.046415] pps pps0: new PPS source ptp0
[   25.050461] macb ff0b0000.ethernet: gem-ptp-timer ptp clock registered.
[   25.093148] pps pps1: new PPS source ptp1
[   25.097199] macb ff0c0000.ethernet: gem-ptp-timer ptp clock registered.
[   29.119157] macb ff0b0000.ethernet eth0: link up (1000/Full)
[   29.124828] IPv6: ADDRCONF(NETDEV_CHANGE): eth0: link becomes ready
[   29.182815] macb ff0c0000.ethernet eth1: unable to generate target frequency: 125000000 Hz
[   29.191084] macb ff0c0000.ethernet eth1: link up (1000/Full)
[   29.196758] IPv6: ADDRCONF(NETDEV_CHANGE): eth1: link becomes ready
[[0m[31m*     [0m] A start job is running for Network ...ger Wait Online (11s / no limit)[K[[1;31m*[0m[31m*    [0m] A start job is running for Network ...ger Wait Online (12s / no limit)[K[[31m*[1;31m*[0m[31m*   [0m] A start job is running for Network ...ger Wait Online (12s / no limit)[K[ [31m*[1;31m*[0m[31m*  [0m] A start job is running for Network ...ger Wait Online (13s / no limit)[K[  [31m*[1;31m*[0m[31m* [0m] A start job is running for Network ...ger Wait Online (13s / no limit)[K[   [31m*[1;31m*[0m[31m*[0m] A start job is running for Network ...ger Wait Online (14s / no limit)[K[    [31m*[1;31m*[0m] A start job is running for Network ...ger Wait Online (15s / no limit)[K[     [31m*[0m] A start job is running for Network ...ger Wait Online (15s / no limit)[K[    [31m*[1;31m*[0m] A start job is running for Network ...ger Wait Online (16s / no limit)[K[   [31m*[1;31m*[0m[31m*[0m] A start job is running for Network ...ger Wait Online (16s / no limit)[K[  [31m*[1;31m*[0m[31m* [0m] A start job is running for Network ...ger Wait Online (17s / no limit)[K[ [31m*[1;31m*[0m[31m*  [0m] A start job is running for Network ...ger Wait Online (17s / no limit)[K[[31m*[1;31m*[0m[31m*   [0m] A start job is running for Network ...ger Wait Online (18s / no limit)[K         Starting Network Manager Script Dispatcher Service...
[[32m  OK  [0m] Started Network Manager Script Dispatcher Service.
[[1;31m*[0m[31m*    [0m] A start job is running for Network ...ger Wait Online (23s / no limit)[K[[0m[31m*     [0m] A start job is running for Network ...ger Wait Online (24s / no limit)[K[[1;31m*[0m[31m*    [0m] A start job is running for Network ...ger Wait Online (25s / no limit)[K[[31m*[1;31m*[0m[31m*   [0m] A start job is running for Network ...ger Wait Online (25s / no limit)[K[ [31m*[1;31m*[0m[31m*  [0m] A start job is running for Network ...ger Wait Online (26s / no limit)[K[  [31m*[1;31m*[0m[31m* [0m] A start job is running for Network ...ger Wait Online (26s / no limit)[K[   [31m*[1;31m*[0m[31m*[0m] A start job is running for Network ...ger Wait Online (27s / no limit)[K[    [31m*[1;31m*[0m] A start job is running for Network ...ger Wait Online (28s / no limit)[K[     [31m*[0m] A start job is running for Network ...ger Wait Online (28s / no limit)[K[    [31m*[1;31m*[0m] A start job is running for Network ...ger Wait Online (29s / no limit)[K[   [31m*[1;31m*[0m[31m*[0m] A start job is running for Network ...ger Wait Online (29s / no limit)[K[  [31m*[1;31m*[0m[31m* [0m] A start job is running for Network ...ger Wait Online (30s / no limit)[K[ [31m*[1;31m*[0m[31m*  [0m] A start job is running for Network ...ger Wait Online (30s / no limit)[K[[31m*[1;31m*[0m[31m*   [0m] A start job is running for Network ...ger Wait Online (31s / no limit)[K[[1;31m*[0m[31m*    [0m] A start job is running for Network ...ger Wait Online (31s / no limit)[K[[0m[31m*     [0m] A start job is running for Network ...ger Wait Online (32s / no limit)[K[[1;31m*[0m[31m*    [0m] A start job is running for Network ...ger Wait Online (33s / no limit)[K[[31m*[1;31m*[0m[31m*   [0m] A start job is running for Network ...ger Wait Online (33s / no limit)[K[ [31m*[1;31m*[0m[31m*  [0m] A start job is running for Network ...ger Wait Online (34s / no limit)[K[  [31m*[1;31m*[0m[31m* [0m] A start job is running for Network ...ger Wait Online (34s / no limit)[K[   [31m*[1;31m*[0m[31m*[0m] A start job is running for Network ...ger Wait Online (35s / no limit)[K[    [31m*[1;31m*[0m] A start job is running for Network ...ger Wait Online (35s / no limit)[K[     [31m*[0m] A start job is running for Network ...ger Wait Online (36s / no limit)[K[[1;31mFAILED[0m] Failed to start Network Manager Wait Online.
See 'systemctl status NetworkManager-wait-online.service' for details.
         Starting LSB: Bring up/down networking...
[[1;31mFAILED[0m] Failed to start LSB: Bring up/down networking.
See 'systemctl status network.service' for details.
[[32m  OK  [0m] Reached target Network.
         Starting Logout off all iSCSI sessions on shutdown...
[[32m  OK  [0m] Reached target Network is Online.
         Starting System Logging Service...
         Starting Dynamic System Tuning Daemon...
         Starting OpenSSH server daemon...
         Starting Postfix Mail Transport Agent...
[[32m  OK  [0m] Started Logout off all iSCSI sessions on shutdown.
         Starting Availability of block devices...
[[32m  OK  [0m] Reached target Remote File Systems (Pre).
[[32m  OK  [0m] Reached target Remote File Systems.
         Starting Crash recovery kernel arming...
         Starting Permit User Sessions...
[[32m  OK  [0m] Started Availability of block devices.
[[32m  OK  [0m] Started Permit User Sessions.
         Starting Wait for Plymouth Boot Screen to Quit...
[[32m  OK  [0m] Started Command Scheduler.
         Starting Terminate Plymouth Boot Screen...

CentOS Linux 7 (AltArch)
Kernel 5.4.0-xilinx-v2020.1 on an aarch64

sl-xu5-01 login: [  104.212118] random: crng init done
[  104.215512] random: 7 urandom warning(s) missed due to ratelimiting
Xilinx Zynq MP First Stage Boot Loader 
Release 2020.1   Nov 30 2021  -  13:31:53
Xilinx Zynq MP First Stage Boot Loader 
Release 2020.1   Nov 30 2021  -  13:31:53
NOTICE:  ATF running on XCZU5EV/silicon v4/RTL5.1 at 0xfffea000
NOTICE:  BL31: v2.2(release):xilinx_rebase_v2.2_2020.1
NOTICE:  BL31: Built : 13:29:52, Nov 30 2021


U-Boot 2020.01 (Nov 30 2021 - 13:30:56 +0000)

Model: Enclustra ME-XU5-5EV-2I-D12E SOM
Board: Xilinx ZynqMP
DRAM:  4 GiB
usb dr_mode not found
usb dr_mode not found
PMUFW:	v1.1
EL Level:	EL2
Chip ID:	zu5ev
NAND:  0 MiB
MMC:   mmc@ff160000: 0, mmc@ff170000: 1
In:    serial@ff000000
Out:   serial@ff000000
Err:   serial@ff000000
Bootmode: SD_MODE1
Reset reason:	EXTERNAL 
Net:   
ZYNQ GEM: ff0b0000, mdio bus ff0b0000, phyaddr 3, interface rgmii-id

Warning: ethernet@ff0b0000 (eth0) using random MAC address - de:b5:ba:41:23:d1
eth0: ethernet@ff0b0000
Hit any key to stop autoboot:  2  1  0 
switch to partitions #0, OK
mmc1 is current device
Scanning mmc 1:1...
Found U-Boot script /boot.scr
3694 bytes read in 18 ms (200.2 KiB/s)
## Executing script at 20000000
[L0MuESL] Before SD card scanning... 
[L0MuESL] SD card scanning now...
[L0MuESL] Loading uEnv.txt in SD1... 
1272 bytes read in 18 ms (68.4 KiB/s)
[L0MuESL] Loading u-boot environment by uenvcmd... 
[L0MuESL] SD card fatload now ...
8159148 bytes read in 611 ms (12.7 MiB/s)
[L0MuESL] SD card bootm command now...
## Loading kernel from FIT Image at 10000000 ...
   Using 'conf@system-top.dtb' configuration
   Trying 'kernel@1' kernel subimage
     Description:  Linux kernel
     Type:         Kernel Image
     Compression:  gzip compressed
     Data Start:   0x100000e8
     Data Size:    8114710 Bytes = 7.7 MiB
     Architecture: AArch64
     OS:           Linux
     Load Address: 0x00080000
     Entry Point:  0x00080000
     Hash algo:    sha256
     Hash value:   d8dbc87352877e020871a801ceda165f06fa467dc974d45677a3e9058465f51f
   Verifying Hash Integrity ... sha256+ OK
## Loading fdt from FIT Image at 10000000 ...
   Using 'conf@system-top.dtb' configuration
   Trying 'fdt@system-top.dtb' fdt subimage
     Description:  Flattened Device Tree blob
     Type:         Flat Device Tree
     Compression:  uncompressed
     Data Start:   0x107bd410
     Data Size:    42547 Bytes = 41.5 KiB
     Architecture: AArch64
     Hash algo:    sha256
     Hash value:   c2cb860e94d3969dd7865705c3edff938ff4058f8cd3fe6c0a353a4664c16d1c
   Verifying Hash Integrity ... sha256+ OK
   Booting using the fdt blob at 0x107bd410
   Uncompressing Kernel Image
   Loading Device Tree to 000000000fff2000, end 000000000ffff632 ... OK

Starting kernel ...

[    0.000000] Booting Linux on physical CPU 0x0000000000 [0x410fd034]
[    0.000000] Linux version 5.4.0-xilinx-v2020.1 (oe-user@oe-host) (gcc version 9.2.0 (GCC)) #1 SMP Tue Nov 30 13:29:56 UTC 2021
[    0.000000] Machine model: Enclustra ME-XU5-5EV-2I-D12E SOM
[    0.000000] earlycon: cdns0 at MMIO 0x00000000ff000000 (options '115200n8')
[    0.000000] printk: bootconsole [cdns0] enabled
[    0.000000] efi: Getting EFI parameters from FDT:
[    0.000000] efi: UEFI not found.
[    0.000000] cma: Reserved 256 MiB at 0x000000006fc00000
[    0.000000] psci: probing for conduit method from DT.
[    0.000000] psci: PSCIv1.1 detected in firmware.
[    0.000000] psci: Using standard PSCI v0.2 function IDs
[    0.000000] psci: MIGRATE_INFO_TYPE not supported.
[    0.000000] psci: SMC Calling Convention v1.1
[    0.000000] percpu: Embedded 21 pages/cpu s49112 r8192 d28712 u86016
[    0.000000] Detected VIPT I-cache on CPU0
[    0.000000] CPU features: detected: ARM erratum 845719
[    0.000000] Speculative Store Bypass Disable mitigation not required
[    0.000000] Built 1 zonelists, mobility grouping on.  Total pages: 1031940
[    0.000000] Kernel command line: earlycon console=ttyPS0,115200 clk_ignore_unused root=/dev/mmcblk1p2 rootfstype=ext4 rw rootwait earlyprintk uio_pdrv_genirq.of_id=generic-uio cpuidle.off=1 ip=130.87.242.129:130.87.240.1:255.255.252.0:sl-xu5-eth0-01:eth0:off nameserver=130.87.240.2 nameserver=130.87.240.3
[    0.000000] Dentry cache hash table entries: 524288 (order: 10, 4194304 bytes, linear)
[    0.000000] Inode-cache hash table entries: 262144 (order: 9, 2097152 bytes, linear)
[    0.000000] mem auto-init: stack:off, heap alloc:off, heap free:off
[    0.000000] software IO TLB: mapped [mem 0x6bc00000-0x6fc00000] (64MB)
[    0.000000] Memory: 3767708K/4193280K available (11644K kernel code, 670K rwdata, 3624K rodata, 704K init, 321K bss, 163428K reserved, 262144K cma-reserved)
[    0.000000] rcu: Hierarchical RCU implementation.
[    0.000000] rcu: 	RCU event tracing is enabled.
[    0.000000] rcu: 	RCU restricting CPUs from NR_CPUS=8 to nr_cpu_ids=4.
[    0.000000] rcu: RCU calculated value of scheduler-enlistment delay is 25 jiffies.
[    0.000000] rcu: Adjusting geometry for rcu_fanout_leaf=16, nr_cpu_ids=4
[    0.000000] NR_IRQS: 64, nr_irqs: 64, preallocated irqs: 0
[    0.000000] GIC: Adjusting CPU interface base to 0x00000000f902f000
[    0.000000] GIC: Using split EOI/Deactivate mode
[    0.000000] random: get_random_bytes called from start_kernel+0x2a8/0x42c with crng_init=0
[    0.000000] arch_timer: cp15 timer(s) running at 33.33MHz (phys).
[    0.000000] clocksource: arch_sys_counter: mask: 0xffffffffffffff max_cycles: 0x7b0074340, max_idle_ns: 440795202884 ns
[    0.000003] sched_clock: 56 bits at 33MHz, resolution 30ns, wraps every 2199023255543ns
[    0.008261] Console: colour dummy device 80x25
[    0.012389] Calibrating delay loop (skipped), value calculated using timer frequency.. 66.66 BogoMIPS (lpj=133332)
[    0.022667] pid_max: default: 32768 minimum: 301
[    0.027382] Mount-cache hash table entries: 8192 (order: 4, 65536 bytes, linear)
[    0.034614] Mountpoint-cache hash table entries: 8192 (order: 4, 65536 bytes, linear)
[    0.043251] ASID allocator initialised with 32768 entries
[    0.047806] rcu: Hierarchical SRCU implementation.
[    0.052694] EFI services will not be available.
[    0.057130] smp: Bringing up secondary CPUs ...
[    0.061817] Detected VIPT I-cache on CPU1
[    0.061845] CPU1: Booted secondary processor 0x0000000001 [0x410fd034]
[    0.062162] Detected VIPT I-cache on CPU2
[    0.062180] CPU2: Booted secondary processor 0x0000000002 [0x410fd034]
[    0.062478] Detected VIPT I-cache on CPU3
[    0.062495] CPU3: Booted secondary processor 0x0000000003 [0x410fd034]
[    0.062538] smp: Brought up 1 node, 4 CPUs
[    0.096970] SMP: Total of 4 processors activated.
[    0.101643] CPU features: detected: 32-bit EL0 Support
[    0.106746] CPU features: detected: CRC32 instructions
[    0.111877] CPU: All CPU(s) started at EL2
[    0.115926] alternatives: patching kernel code
[    0.121331] devtmpfs: initialized
[    0.127785] clocksource: jiffies: mask: 0xffffffff max_cycles: 0xffffffff, max_idle_ns: 7645041785100000 ns
[    0.133314] futex hash table entries: 1024 (order: 4, 65536 bytes, linear)
[    0.145648] xor: measuring software checksum speed
[    0.184207]    8regs     :  2639.000 MB/sec
[    0.224231]    32regs    :  3027.000 MB/sec
[    0.264260]    arm64_neon:  2628.000 MB/sec
[    0.264296] xor: using function: 32regs (3027.000 MB/sec)
[    0.268167] pinctrl core: initialized pinctrl subsystem
[    0.273935] NET: Registered protocol family 16
[    0.278755] DMA: preallocated 256 KiB pool for atomic allocations
[    0.283842] audit: initializing netlink subsys (disabled)
[    0.289291] audit: type=2000 audit(0.228:1): state=initialized audit_enabled=0 res=1
[    0.289743] hw-breakpoint: found 6 breakpoint and 4 watchpoint registers.
[    0.314340] HugeTLB registered 1.00 GiB page size, pre-allocated 0 pages
[    0.315392] HugeTLB registered 32.0 MiB page size, pre-allocated 0 pages
[    0.322059] HugeTLB registered 2.00 MiB page size, pre-allocated 0 pages
[    0.328716] HugeTLB registered 64.0 KiB page size, pre-allocated 0 pages
[    1.301684] DRBG: Continuing without Jitter RNG
[    1.378106] raid6: neonx8   gen()  1714 MB/s
[    1.446134] raid6: neonx8   xor()  1624 MB/s
[    1.514190] raid6: neonx4   gen()  1642 MB/s
[    1.582200] raid6: neonx4   xor()  1577 MB/s
[    1.650264] raid6: neonx2   gen()  1248 MB/s
[    1.718269] raid6: neonx2   xor()  1303 MB/s
[    1.786346] raid6: neonx1   gen()   807 MB/s
[    1.854357] raid6: neonx1   xor()   978 MB/s
[    1.922403] raid6: int64x8  gen()  1291 MB/s
[    1.990424] raid6: int64x8  xor()   844 MB/s
[    2.058500] raid6: int64x4  gen()  1085 MB/s
[    2.126505] raid6: int64x4  xor()   814 MB/s
[    2.194624] raid6: int64x2  gen()   753 MB/s
[    2.262615] raid6: int64x2  xor()   657 MB/s
[    2.330722] raid6: int64x1  gen()   500 MB/s
[    2.398679] raid6: int64x1  xor()   500 MB/s
[    2.398715] raid6: using algorithm neonx8 gen() 1714 MB/s
[    2.402668] raid6: .... xor() 1624 MB/s, rmw enabled
[    2.407599] raid6: using neon recovery algorithm
[    2.412480] iommu: Default domain type: Translated 
[    2.417216] SCSI subsystem initialized
[    2.420870] usbcore: registered new interface driver usbfs
[    2.426222] usbcore: registered new interface driver hub
[    2.431495] usbcore: registered new device driver usb
[    2.436530] mc: Linux media interface: v0.10
[    2.440743] videodev: Linux video capture interface: v2.00
[    2.446193] pps_core: LinuxPPS API ver. 1 registered
[    2.451109] pps_core: Software ver. 5.3.6 - Copyright 2005-2007 Rodolfo Giometti <giometti@linux.it>
[    2.460201] PTP clock support registered
[    2.464094] EDAC MC: Ver: 3.0.0
[    2.467535] zynqmp-ipi-mbox mailbox@ff990400: Registered ZynqMP IPI mbox with TX/RX channels.
[    2.475830] FPGA manager framework
[    2.479155] Advanced Linux Sound Architecture Driver Initialized.
[    2.485345] Bluetooth: Core ver 2.22
[    2.488664] NET: Registered protocol family 31
[    2.493063] Bluetooth: HCI device and connection manager initialized
[    2.499379] Bluetooth: HCI socket layer initialized
[    2.504222] Bluetooth: L2CAP socket layer initialized
[    2.509243] Bluetooth: SCO socket layer initialized
[    2.514482] clocksource: Switched to clocksource arch_sys_counter
[    2.520226] VFS: Disk quotas dquot_6.6.0
[    2.524075] VFS: Dquot-cache hash table entries: 512 (order 0, 4096 bytes)
[    2.534577] NET: Registered protocol family 2
[    2.535484] tcp_listen_portaddr_hash hash table entries: 2048 (order: 3, 32768 bytes, linear)
[    2.543707] TCP established hash table entries: 32768 (order: 6, 262144 bytes, linear)
[    2.551719] TCP bind hash table entries: 32768 (order: 7, 524288 bytes, linear)
[    2.559151] TCP: Hash tables configured (established 32768 bind 32768)
[    2.565352] UDP hash table entries: 2048 (order: 4, 65536 bytes, linear)
[    2.572015] UDP-Lite hash table entries: 2048 (order: 4, 65536 bytes, linear)
[    2.579185] NET: Registered protocol family 1
[    2.583618] RPC: Registered named UNIX socket transport module.
[    2.589257] RPC: Registered udp transport module.
[    2.593924] RPC: Registered tcp transport module.
[    2.598596] RPC: Registered tcp NFSv4.1 backchannel transport module.
[    2.605230] PCI: CLS 0 bytes, default 64
[    2.609402] hw perfevents: no interrupt-affinity property for /pmu, guessing.
[    2.616122] hw perfevents: enabled with armv8_pmuv3 PMU driver, 7 counters available
[    2.624368] Initialise system trusted keyrings
[    2.628164] workingset: timestamp_bits=46 max_order=20 bucket_order=0
[    2.635179] NFS: Registering the id_resolver key type
[    2.639523] Key type id_resolver registered
[    2.643661] Key type id_legacy registered
[    2.647645] nfs4filelayout_init: NFSv4 File Layout Driver Registering...
[    2.654314] jffs2: version 2.2. (NAND) Â© 2001-2006 Red Hat, Inc.
[    2.672691] NET: Registered protocol family 38
[    2.672731] Key type asymmetric registered
[    2.675565] Asymmetric key parser 'x509' registered
[    2.680425] Block layer SCSI generic (bsg) driver version 0.4 loaded (major 247)
[    2.687761] io scheduler mq-deadline registered
[    2.692257] io scheduler kyber registered
[    2.720738] Serial: 8250/16550 driver, 4 ports, IRQ sharing disabled
[    2.724264] cacheinfo: Unable to detect cache hierarchy for CPU 0
[    2.731289] brd: module loaded
[    2.735338] loop: module loaded
[    2.735950] mtdoops: mtd device (mtddev=name/number) must be supplied
[    2.741018] libphy: Fixed MDIO Bus: probed
[    2.744947] tun: Universal TUN/TAP device driver, 1.6
[    2.749209] CAN device driver interface
[    2.753649] usbcore: registered new interface driver asix
[    2.758334] usbcore: registered new interface driver ax88179_178a
[    2.764373] usbcore: registered new interface driver cdc_ether
[    2.770167] usbcore: registered new interface driver net1080
[    2.775792] usbcore: registered new interface driver cdc_subset
[    2.781672] usbcore: registered new interface driver zaurus
[    2.787220] usbcore: registered new interface driver cdc_ncm
[    2.792906] uio_pdrv_genirq 80020000.debug_bridge: IRQ index 0 not found
[    2.800262] usbcore: registered new interface driver uas
[    2.804785] usbcore: registered new interface driver usb-storage
[    2.811203] rtc_zynqmp ffa60000.rtc: registered as rtc0
[    2.815948] i2c /dev entries driver
[    2.820636] usbcore: registered new interface driver uvcvideo
[    2.825083] USB Video Class driver (1.1.1)
[    2.829452] Bluetooth: HCI UART driver ver 2.3
[    2.833560] Bluetooth: HCI UART protocol H4 registered
[    2.838661] Bluetooth: HCI UART protocol BCSP registered
[    2.843949] Bluetooth: HCI UART protocol LL registered
[    2.849041] Bluetooth: HCI UART protocol ATH3K registered
[    2.854414] Bluetooth: HCI UART protocol Three-wire (H5) registered
[    2.860660] Bluetooth: HCI UART protocol Intel registered
[    2.866009] Bluetooth: HCI UART protocol QCA registered
[    2.871206] usbcore: registered new interface driver bcm203x
[    2.876827] usbcore: registered new interface driver bpa10x
[    2.882363] usbcore: registered new interface driver bfusb
[    2.887817] usbcore: registered new interface driver btusb
[    2.893275] usbcore: registered new interface driver ath3k
[    2.898832] EDAC MC0: 13 UE BankGroup Number 0 Block Number 0 on mc#0csrow#0channel#0 (csrow:0 channel:0 page:0x0 offset:0x0 grain:1)
[    2.910718] EDAC MC0: Giving out device to module 1 controller synps_ddr_controller: DEV synps_edac (INTERRUPT)
[    2.920779] EDAC DEVICE0: Giving out device to module edac controller cache_err: DEV edac (POLLED)
[    2.929719] EDAC DEVICE1: Giving out device to module zynqmp-ocm-edac controller zynqmp_ocm: DEV ff960000.memory-controller (INTERRUPT)
[    2.942000] sdhci: Secure Digital Host Controller Interface driver
[    2.947826] sdhci: Copyright(c) Pierre Ossman
[    2.952150] sdhci-pltfm: SDHCI platform and OF driver helper
[    2.958110] ledtrig-cpu: registered to indicate activity on CPUs
[    2.963780] zynqmp_firmware_probe Platform Management API v1.1
[    2.969539] zynqmp_firmware_probe Trustzone version v1.0
[    2.997368] alg: No test for xilinx-zynqmp-aes (zynqmp-aes)
[    2.997535] zynqmp_aes zynqmp_aes: AES Successfully Registered
[    2.997535] 
[    3.004791] alg: No test for xilinx-keccak-384 (zynqmp-keccak-384)
[    3.010990] alg: No test for xilinx-zynqmp-rsa (zynqmp-rsa)
[    3.016546] usbcore: registered new interface driver usbhid
[    3.021863] usbhid: USB HID core driver
[    3.027782] fpga_manager fpga0: Xilinx ZynqMP FPGA Manager registered
[    3.032331] usbcore: registered new interface driver snd-usb-audio
[    3.038905] pktgen: Packet Generator for packet performance testing. Version: 2.75
[    3.046231] Initializing XFRM netlink socket
[    3.050047] NET: Registered protocol family 10
[    3.054752] Segment Routing with IPv6
[    3.058109] sit: IPv6, IPv4 and MPLS over IPv4 tunneling driver
[    3.064201] NET: Registered protocol family 17
[    3.068324] NET: Registered protocol family 15
[    3.072736] bridge: filtering via arp/ip/ip6tables is no longer available by default. Update your scripts to load br_netfilter if you need this.
[    3.085617] can: controller area network core (rev 20170425 abi 9)
[    3.091775] NET: Registered protocol family 29
[    3.096166] can: raw protocol (rev 20170425)
[    3.100404] can: broadcast manager protocol (rev 20170425 t)
[    3.106027] can: netlink gateway (rev 20190810) max_hops=1
[    3.111544] Bluetooth: RFCOMM TTY layer initialized
[    3.116326] Bluetooth: RFCOMM socket layer initialized
[    3.121448] Bluetooth: RFCOMM ver 1.11
[    3.125146] Bluetooth: BNEP (Ethernet Emulation) ver 1.3
[    3.130418] Bluetooth: BNEP filters: protocol multicast
[    3.135610] Bluetooth: BNEP socket layer initialized
[    3.140539] Bluetooth: HIDP (Human Interface Emulation) ver 1.2
[    3.146422] Bluetooth: HIDP socket layer initialized
[    3.151457] 9pnet: Installing 9P2000 support
[    3.155608] Key type dns_resolver registered
[    3.160184] registered taskstats version 1
[    3.163897] Loading compiled-in X.509 certificates
[    3.169015] Btrfs loaded, crc32c=crc32c-generic
[    3.180952] ff000000.serial: ttyPS0 at MMIO 0xff000000 (irq = 41, base_baud = 6249999) is a xuartps
[    3.189968] printk: console [ttyPS0] enabled
[    3.189968] printk: console [ttyPS0] enabled
[    3.194262] printk: bootconsole [cdns0] disabled
[    3.194262] printk: bootconsole [cdns0] disabled
[    3.203475] of-fpga-region fpga-full: FPGA Region probed
[    3.213478] GPIO IRQ not connected
[    3.216871] XGpio: gpio@80010000: registered, base is 509
[    3.222851] xilinx-zynqmp-dma fd500000.dma: ZynqMP DMA driver Probe success
[    3.229940] xilinx-zynqmp-dma fd510000.dma: ZynqMP DMA driver Probe success
[    3.237027] xilinx-zynqmp-dma fd520000.dma: ZynqMP DMA driver Probe success
[    3.244116] xilinx-zynqmp-dma fd530000.dma: ZynqMP DMA driver Probe success
[    3.251198] xilinx-zynqmp-dma fd540000.dma: ZynqMP DMA driver Probe success
[    3.258286] xilinx-zynqmp-dma fd550000.dma: ZynqMP DMA driver Probe success
[    3.265377] xilinx-zynqmp-dma fd560000.dma: ZynqMP DMA driver Probe success
[    3.272461] xilinx-zynqmp-dma fd570000.dma: ZynqMP DMA driver Probe success
[    3.279623] xilinx-zynqmp-dma ffa80000.dma: ZynqMP DMA driver Probe success
[    3.286711] xilinx-zynqmp-dma ffa90000.dma: ZynqMP DMA driver Probe success
[    3.293797] xilinx-zynqmp-dma ffaa0000.dma: ZynqMP DMA driver Probe success
[    3.300888] xilinx-zynqmp-dma ffab0000.dma: ZynqMP DMA driver Probe success
[    3.307979] xilinx-zynqmp-dma ffac0000.dma: ZynqMP DMA driver Probe success
[    3.315065] xilinx-zynqmp-dma ffad0000.dma: ZynqMP DMA driver Probe success
[    3.322157] xilinx-zynqmp-dma ffae0000.dma: ZynqMP DMA driver Probe success
[    3.329244] xilinx-zynqmp-dma ffaf0000.dma: ZynqMP DMA driver Probe success
[    3.336439] zynqmp-qspi ff0f0000.spi: rx bus width not found
[    3.342091] zynqmp-qspi ff0f0000.spi: tx bus width not found
[    3.347928] spi_master spi0: cannot find modalias for /amba/spi@ff0f0000/flash@0
[    3.355320] spi_master spi0: Failed to create SPI device for /amba/spi@ff0f0000/flash@0
[    3.363602] macb ff0b0000.ethernet: Not enabling partial store and forward
[    3.370973] libphy: MACB_mii_bus: probed
[    3.394539] zynqmp_pll_disable() clock disable failed for dpll_int, ret = -13
[    3.447718] Micrel KSZ9031 Gigabit PHY ff0b0000.ethernet-ffffffff:03: attached PHY driver [Micrel KSZ9031 Gigabit PHY] (mii_bus:phy_addr=ff0b0000.ethernet-ffffffff:03, irq=POLL)
[    3.463532] macb ff0b0000.ethernet eth0: Cadence GEM rev 0x50070106 at 0xff0b0000 irq 29 (ca:9f:1e:3a:b6:24)
[    3.473615] macb ff0c0000.ethernet: Not enabling partial store and forward
[    3.480884] libphy: MACB_mii_bus: probed
[    3.555659] Micrel KSZ9031 Gigabit PHY ff0c0000.ethernet-ffffffff:03: attached PHY driver [Micrel KSZ9031 Gigabit PHY] (mii_bus:phy_addr=ff0c0000.ethernet-ffffffff:03, irq=POLL)
[    3.571474] macb ff0c0000.ethernet eth1: Cadence GEM rev 0x50070106 at 0xff0c0000 irq 30 (ca:9f:1e:3a:b6:25)
[    3.581541] xilinx-axipmon ffa00000.perf-monitor: Probed Xilinx APM
[    3.588049] xilinx-axipmon fd0b0000.perf-monitor: Probed Xilinx APM
[    3.594506] xilinx-axipmon fd490000.perf-monitor: Probed Xilinx APM
[    3.601043] xilinx-axipmon ffa10000.perf-monitor: Probed Xilinx APM
[    3.607518] dwc3-of-simple ff9d0000.usb0: dwc3_simple_set_phydata: Can't find usb3-phy
[    3.615801] dwc3 fe200000.dwc3: Failed to get clk 'ref': -2
[    3.621774] dwc3-of-simple ff9e0000.usb1: dwc3_simple_set_phydata: Can't find usb3-phy
[    3.630000] dwc3 fe300000.dwc3: Failed to get clk 'ref': -2
[    3.636638] i2c i2c-0: Added multiplexed i2c bus 1
[    3.640928] xhci-hcd xhci-hcd.0.auto: xHCI Host Controller
[    3.641532] i2c i2c-0: Added multiplexed i2c bus 2
[    3.646908] xhci-hcd xhci-hcd.0.auto: new USB bus registered, assigned bus number 1
[    3.651782] i2c i2c-0: Added multiplexed i2c bus 3
[    3.659414] xhci-hcd xhci-hcd.0.auto: hcc params 0x0238f625 hci version 0x100 quirks 0x0000000202010010
[    3.664286] i2c i2c-0: Added multiplexed i2c bus 4
[    3.673512] xhci-hcd xhci-hcd.0.auto: irq 46, io mem 0xfe300000
[    3.678452] i2c i2c-0: Added multiplexed i2c bus 5
[    3.684603] xhci-hcd xhci-hcd.1.auto: xHCI Host Controller
[    3.689067] i2c i2c-0: Added multiplexed i2c bus 6
[    3.694545] usb usb1: New USB device found, idVendor=1d6b, idProduct=0002, bcdDevice= 5.04
[    3.699339] i2c i2c-0: Added multiplexed i2c bus 7
[    3.707486] usb usb1: New USB device strings: Mfr=3, Product=2, SerialNumber=1
[    3.707490] usb usb1: Product: xHCI Host Controller
[    3.712465] i2c i2c-0: Added multiplexed i2c bus 8
[    3.719482] usb usb1: Manufacturer: Linux 5.4.0-xilinx-v2020.1 xhci-hcd
[    3.724353] pca954x 0-0070: registered 8 multiplexed busses for I2C switch pca9548
[    3.729124] usb usb1: SerialNumber: xhci-hcd.0.auto
[    3.735747] cdns-i2c ff020000.i2c: 400 kHz mmio ff020000 irq 32
[    3.743532] hub 1-0:1.0: USB hub found
[    3.748498] cpufreq: cpufreq_online: CPU0: Running at unlisted freq: 1333333 KHz
[    3.754073] hub 1-0:1.0: 1 port detected
[    3.757802] cpu cpu0: dev_pm_opp_set_rate: failed to find current OPP for freq 1333333320 (-34)
[    3.765355] xhci-hcd xhci-hcd.0.auto: xHCI Host Controller
[    3.769131] cpufreq: cpufreq_online: CPU0: Unlisted initial frequency changed to: 1199999 KHz
[    3.777786] xhci-hcd xhci-hcd.0.auto: new USB bus registered, assigned bus number 2
[    3.783258] cpu cpu0: dev_pm_opp_set_rate: failed to find current OPP for freq 1333333320 (-34)
[    3.791769] xhci-hcd xhci-hcd.0.auto: Host supports USB 3.0 SuperSpeed
[    3.814659] usb usb2: We don't know the algorithms for LPM for this host, disabling LPM.
[    3.822810] usb usb2: New USB device found, idVendor=1d6b, idProduct=0003, bcdDevice= 5.04
[    3.831066] usb usb2: New USB device strings: Mfr=3, Product=2, SerialNumber=1
[    3.831190] mmc0: SDHCI controller on ff160000.mmc [ff160000.mmc] using ADMA 64-bit
[    3.838276] usb usb2: Product: xHCI Host Controller
[    3.838281] usb usb2: Manufacturer: Linux 5.4.0-xilinx-v2020.1 xhci-hcd
[    3.857407] usb usb2: SerialNumber: xhci-hcd.0.auto
[    3.862533] hub 2-0:1.0: USB hub found
[    3.866342] hub 2-0:1.0: 1 port detected
[    3.871023] xhci-hcd xhci-hcd.1.auto: new USB bus registered, assigned bus number 3
[    3.877581] mmc1: SDHCI controller on ff170000.mmc [ff170000.mmc] using ADMA 64-bit
[    3.878774] xhci-hcd xhci-hcd.1.auto: hcc params 0x0238f625 hci version 0x100 quirks 0x0000000202010010
[    3.895706] rtc_zynqmp ffa60000.rtc: setting system clock to 1970-01-01T00:00:08 UTC (8)
[    3.895710] of_cfs_init
[    3.895731] of_cfs_init: OK
[    3.903831] xhci-hcd xhci-hcd.1.auto: irq 43, io mem 0xfe200000
[    3.915262] usb usb3: New USB device found, idVendor=1d6b, idProduct=0002, bcdDevice= 5.04
[    3.923531] usb usb3: New USB device strings: Mfr=3, Product=2, SerialNumber=1
[    3.930747] usb usb3: Product: xHCI Host Controller
[    3.935615] usb usb3: Manufacturer: Linux 5.4.0-xilinx-v2020.1 xhci-hcd
[    3.942222] usb usb3: SerialNumber: xhci-hcd.1.auto
[    3.947407] hub 3-0:1.0: USB hub found
[    3.951226] hub 3-0:1.0: 1 port detected
[    3.955368] xhci-hcd xhci-hcd.1.auto: xHCI Host Controller
[    3.960863] xhci-hcd xhci-hcd.1.auto: new USB bus registered, assigned bus number 4
[    3.968520] xhci-hcd xhci-hcd.1.auto: Host supports USB 3.0 SuperSpeed
[    3.975226] usb usb4: We don't know the algorithms for LPM for this host, disabling LPM.
[    3.983468] usb usb4: New USB device found, idVendor=1d6b, idProduct=0003, bcdDevice= 5.04
[    3.991732] usb usb4: New USB device strings: Mfr=3, Product=2, SerialNumber=1
[    3.998945] usb usb4: Product: xHCI Host Controller
[    4.003814] usb usb4: Manufacturer: Linux 5.4.0-xilinx-v2020.1 xhci-hcd
[    4.010420] usb usb4: SerialNumber: xhci-hcd.1.auto
[    4.015564] hub 4-0:1.0: USB hub found
[    4.019425] hub 4-0:1.0: 1 port detected
[    4.053350] mmc1: new high speed SDHC card at address aaaa
[    4.059206] mmcblk1: mmc1:aaaa SL16G 14.8 GiB 
[    4.068814]  mmcblk1: p1 p2
[    4.104575] mmc0: new HS200 MMC card at address 0001
[    4.109830] mmcblk0: mmc0:0001 W52516 14.3 GiB 
[    4.114540] mmcblk0boot0: mmc0:0001 W52516 partition 1 4.00 MiB
[    4.120622] mmcblk0boot1: mmc0:0001 W52516 partition 2 4.00 MiB
[    4.126598] mmcblk0rpmb: mmc0:0001 W52516 partition 3 4.00 MiB, chardev (245:0)
[    4.134725]  mmcblk0: p1
[   16.190500] cfg80211: Loading compiled-in X.509 certificates for regulatory database
[   16.314183] cfg80211: Loaded X.509 cert 'sforshee: 00b28ddf47aef9cea7'
[   16.320709] clk: Not disabling unused clocks
[   16.324971] ALSA device list:
[   16.327930]   No soundcards found.
[   16.331588] platform regulatory.0: Direct firmware load for regulatory.db failed with error -2
[   16.340194] cfg80211: failed to load regulatory.db
[   16.464523] random: fast init done
[   16.469989] EXT4-fs (mmcblk1p2): recovery complete
[   16.475825] EXT4-fs (mmcblk1p2): mounted filesystem with ordered data mode. Opts: (null)
[   16.483946] VFS: Mounted root (ext4 filesystem) on device 179:2.
[   16.489993] devtmpfs: mounted
[   16.493108] Freeing unused kernel memory: 704K
[   16.497580] Run /sbin/init as init process
INIT: version 2.88 booting
Starting udev
[   16.852601] udevd[168]: starting version 3.2.8
[   16.862314] random: udevd: uninitialized urandom read (16 bytes read)
[   16.872197] random: udevd: uninitialized urandom read (16 bytes read)
[   16.879253] random: udevd: uninitialized urandom read (16 bytes read)
[   16.910365] udevd[169]: starting eudev-3.2.8
[   17.253744] FAT-fs (mmcblk1p1): Volume was not properly unmounted. Some data may be corrupt. Please run fsck.
[   17.330870] dmaproxy: loading out-of-tree module taints kernel.
[   17.350412] EXT4-fs (mmcblk1p2): re-mounted. Opts: (null)
Tue Nov 30 15:44:35 UTC 2021
INIT: Entering runlevel: 5
Configuring network interfaces... [   17.633003] pps pps0: new PPS source ptp0
