Xilinx Zynq MP First Stage Boot Loader 
Release 2020.1   Dec  1 2021  -  08:33:16
NOTICE:  ATF running on XCZU5EV/silicon v4/RTL5.1 at 0xfffea000
NOTICE:  BL31: v2.2(release):xilinx_rebase_v2.2_2020.1
NOTICE:  BL31: Built : 08:31:10, Dec  1 2021


U-Boot 2020.01 (Dec 01 2021 - 12:11:09 +0000)

Model: Enclustra ME-XU5-5EV-2I-D12E SOM
Board: Xilinx ZynqMP
DRAM:  4 GiB
usb dr_mode not found
usb dr_mode not found
PMUFW:	v1.1
EL Level:	EL2
Chip ID:	zu5ev
NAND:  0 MiB
MMC:   mmc@ff160000: 0, mmc@ff170000: 1
In:    serial@ff000000
Out:   serial@ff000000
Err:   serial@ff000000
Bootmode: SD_MODE1
Reset reason:	SRST 
Net:   
ZYNQ GEM: ff0b0000, mdio bus ff0b0000, phyaddr 3, interface rgmii-id

Warning: ethernet@ff0b0000 (eth0) using random MAC address - ea:46:bf:90:27:62
eth0: ethernet@ff0b0000
Hit any key to stop autoboot:  2  1  0 
switch to partitions #0, OK
mmc1 is current device
Scanning mmc 1:1...
Found U-Boot script /boot.scr
3694 bytes read in 18 ms (200.2 KiB/s)
## Executing script at 20000000
[L0MuESL] Before SD card scanning... 
[L0MuESL] SD card scanning now...
[L0MuESL] Loading uEnv.txt in SD1... 
1533 bytes read in 19 ms (78.1 KiB/s)
[L0MuESL] Loading u-boot environment by uenvcmd... 
[L0MuESL] SD card fatload now ...
8159244 bytes read in 613 ms (12.7 MiB/s)
[L0MuESL] SD card bootm command now...
## Loading kernel from FIT Image at 10000000 ...
   Using 'conf@system-top.dtb' configuration
   Trying 'kernel@1' kernel subimage
     Description:  Linux kernel
     Type:         Kernel Image
     Compression:  gzip compressed
     Data Start:   0x100000e8
     Data Size:    8114783 Bytes = 7.7 MiB
     Architecture: AArch64
     OS:           Linux
     Load Address: 0x00080000
     Entry Point:  0x00080000
     Hash algo:    sha256
     Hash value:   df5a00768f3595a82560e0b9e811676fecb9f0a89d38b1bb194ba1237252b800
   Verifying Hash Integrity ... sha256+ OK
## Loading fdt from FIT Image at 10000000 ...
   Using 'conf@system-top.dtb' configuration
   Trying 'fdt@system-top.dtb' fdt subimage
     Description:  Flattened Device Tree blob
     Type:         Flat Device Tree
     Compression:  uncompressed
     Data Start:   0x107bd458
     Data Size:    42571 Bytes = 41.6 KiB
     Architecture: AArch64
     Hash algo:    sha256
     Hash value:   ff2bc0d14c9a27fca5a6f68dc5baeb280bd0bee76c14de7080d59a967b2cbb05
   Verifying Hash Integrity ... sha256+ OK
   Booting using the fdt blob at 0x107bd458
   Uncompressing Kernel Image
   Loading Device Tree to 000000000fff2000, end 000000000ffff64a ... OK

Starting kernel ...

[    0.000000] Booting Linux on physical CPU 0x0000000000 [0x410fd034]
[    0.000000] Linux version 5.4.0-xilinx-v2020.1 (oe-user@oe-host) (gcc version 9.2.0 (GCC)) #1 SMP Wed Dec 1 08:31:15 UTC 2021
[    0.000000] Machine model: Enclustra ME-XU5-5EV-2I-D12E SOM
[    0.000000] earlycon: cdns0 at MMIO 0x00000000ff000000 (options '115200n8')
[    0.000000] printk: bootconsole [cdns0] enabled
[    0.000000] efi: Getting EFI parameters from FDT:
[    0.000000] efi: UEFI not found.
[    0.000000] cma: Reserved 256 MiB at 0x000000006fc00000
[    0.000000] psci: probing for conduit method from DT.
[    0.000000] psci: PSCIv1.1 detected in firmware.
[    0.000000] psci: Using standard PSCI v0.2 function IDs
[    0.000000] psci: MIGRATE_INFO_TYPE not supported.
[    0.000000] psci: SMC Calling Convention v1.1
[    0.000000] percpu: Embedded 21 pages/cpu s49112 r8192 d28712 u86016
[    0.000000] Detected VIPT I-cache on CPU0
[    0.000000] CPU features: detected: ARM erratum 845719
[    0.000000] Speculative Store Bypass Disable mitigation not required
[    0.000000] Built 1 zonelists, mobility grouping on.  Total pages: 1031940
[    0.000000] Kernel command line: earlycon console=ttyPS0,115200 clk_ignore_unused root=/dev/mmcblk1p2 rootfstype=ext4 rw rootwait earlyprintk uio_pdrv_genirq.of_id=generic-uio cpuidle.off=1 ip=130.87.242.129:130.87.240.1:255.255.252.0:sl-xu5-eth0-01:eth0:off nameserver=130.87.240.2 nameserver=130.87.240.3
[    0.000000] Dentry cache hash table entries: 524288 (order: 10, 4194304 bytes, linear)
[    0.000000] Inode-cache hash table entries: 262144 (order: 9, 2097152 bytes, linear)
[    0.000000] mem auto-init: stack:off, heap alloc:off, heap free:off
[    0.000000] software IO TLB: mapped [mem 0x6bc00000-0x6fc00000] (64MB)
[    0.000000] Memory: 3767772K/4193280K available (11580K kernel code, 670K rwdata, 3620K rodata, 704K init, 320K bss, 163364K reserved, 262144K cma-reserved)
[    0.000000] rcu: Hierarchical RCU implementation.
[    0.000000] rcu: 	RCU event tracing is enabled.
[    0.000000] rcu: 	RCU restricting CPUs from NR_CPUS=8 to nr_cpu_ids=4.
[    0.000000] rcu: RCU calculated value of scheduler-enlistment delay is 25 jiffies.
[    0.000000] rcu: Adjusting geometry for rcu_fanout_leaf=16, nr_cpu_ids=4
[    0.000000] NR_IRQS: 64, nr_irqs: 64, preallocated irqs: 0
[    0.000000] GIC: Adjusting CPU interface base to 0x00000000f902f000
[    0.000000] GIC: Using split EOI/Deactivate mode
[    0.000000] random: get_random_bytes called from start_kernel+0x2a8/0x42c with crng_init=0
[    0.000000] arch_timer: cp15 timer(s) running at 33.33MHz (phys).
[    0.000000] clocksource: arch_sys_counter: mask: 0xffffffffffffff max_cycles: 0x7b0074340, max_idle_ns: 440795202884 ns
[    0.000003] sched_clock: 56 bits at 33MHz, resolution 30ns, wraps every 2199023255543ns
[    0.008254] Console: colour dummy device 80x25
[    0.012389] Calibrating delay loop (skipped), value calculated using timer frequency.. 66.66 BogoMIPS (lpj=133332)
[    0.022667] pid_max: default: 32768 minimum: 301
[    0.027380] Mount-cache hash table entries: 8192 (order: 4, 65536 bytes, linear)
[    0.034613] Mountpoint-cache hash table entries: 8192 (order: 4, 65536 bytes, linear)
[    0.043246] ASID allocator initialised with 32768 entries
[    0.047804] rcu: Hierarchical SRCU implementation.
[    0.052692] EFI services will not be available.
[    0.057130] smp: Bringing up secondary CPUs ...
[    0.061813] Detected VIPT I-cache on CPU1
[    0.061840] CPU1: Booted secondary processor 0x0000000001 [0x410fd034]
[    0.062154] Detected VIPT I-cache on CPU2
[    0.062171] CPU2: Booted secondary processor 0x0000000002 [0x410fd034]
[    0.062469] Detected VIPT I-cache on CPU3
[    0.062486] CPU3: Booted secondary processor 0x0000000003 [0x410fd034]
[    0.062528] smp: Brought up 1 node, 4 CPUs
[    0.096970] SMP: Total of 4 processors activated.
[    0.101643] CPU features: detected: 32-bit EL0 Support
[    0.106746] CPU features: detected: CRC32 instructions
[    0.111876] CPU: All CPU(s) started at EL2
[    0.115925] alternatives: patching kernel code
[    0.121326] devtmpfs: initialized
[    0.127820] clocksource: jiffies: mask: 0xffffffff max_cycles: 0xffffffff, max_idle_ns: 7645041785100000 ns
[    0.133313] futex hash table entries: 1024 (order: 4, 65536 bytes, linear)
[    0.145661] xor: measuring software checksum speed
[    0.184208]    8regs     :  2639.000 MB/sec
[    0.224231]    32regs    :  3027.000 MB/sec
[    0.264259]    arm64_neon:  2628.000 MB/sec
[    0.264295] xor: using function: 32regs (3027.000 MB/sec)
[    0.268167] pinctrl core: initialized pinctrl subsystem
[    0.273929] NET: Registered protocol family 16
[    0.278762] DMA: preallocated 256 KiB pool for atomic allocations
[    0.283843] audit: initializing netlink subsys (disabled)
[    0.289289] audit: type=2000 audit(0.228:1): state=initialized audit_enabled=0 res=1
[    0.289742] hw-breakpoint: found 6 breakpoint and 4 watchpoint registers.
[    0.314175] HugeTLB registered 1.00 GiB page size, pre-allocated 0 pages
[    0.315227] HugeTLB registered 32.0 MiB page size, pre-allocated 0 pages
[    0.321894] HugeTLB registered 2.00 MiB page size, pre-allocated 0 pages
[    0.328551] HugeTLB registered 64.0 KiB page size, pre-allocated 0 pages
[    1.301549] DRBG: Continuing without Jitter RNG
[    1.378078] raid6: neonx8   gen()  1715 MB/s
[    1.446110] raid6: neonx8   xor()  1624 MB/s
[    1.514174] raid6: neonx4   gen()  1644 MB/s
[    1.582182] raid6: neonx4   xor()  1576 MB/s
[    1.650262] raid6: neonx2   gen()  1249 MB/s
[    1.718257] raid6: neonx2   xor()  1303 MB/s
[    1.786314] raid6: neonx1   gen()   808 MB/s
[    1.854357] raid6: neonx1   xor()   978 MB/s
[    1.922392] raid6: int64x8  gen()  1291 MB/s
[    1.990442] raid6: int64x8  xor()   844 MB/s
[    2.058484] raid6: int64x4  gen()  1085 MB/s
[    2.126522] raid6: int64x4  xor()   815 MB/s
[    2.194553] raid6: int64x2  gen()   753 MB/s
[    2.262584] raid6: int64x2  xor()   657 MB/s
[    2.330673] raid6: int64x1  gen()   499 MB/s
[    2.398669] raid6: int64x1  xor()   500 MB/s
[    2.398705] raid6: using algorithm neonx8 gen() 1715 MB/s
[    2.402659] raid6: .... xor() 1624 MB/s, rmw enabled
[    2.407589] raid6: using neon recovery algorithm
[    2.412472] iommu: Default domain type: Translated 
[    2.417207] SCSI subsystem initialized
[    2.420858] usbcore: registered new interface driver usbfs
[    2.426213] usbcore: registered new interface driver hub
[    2.431485] usbcore: registered new device driver usb
[    2.436518] mc: Linux media interface: v0.10
[    2.440735] videodev: Linux video capture interface: v2.00
[    2.446183] pps_core: LinuxPPS API ver. 1 registered
[    2.451100] pps_core: Software ver. 5.3.6 - Copyright 2005-2007 Rodolfo Giometti <giometti@linux.it>
[    2.460192] PTP clock support registered
[    2.464083] EDAC MC: Ver: 3.0.0
[    2.467531] zynqmp-ipi-mbox mailbox@ff990400: Registered ZynqMP IPI mbox with TX/RX channels.
[    2.475819] FPGA manager framework
[    2.479146] Advanced Linux Sound Architecture Driver Initialized.
[    2.485339] Bluetooth: Core ver 2.22
[    2.488655] NET: Registered protocol family 31
[    2.493054] Bluetooth: HCI device and connection manager initialized
[    2.499370] Bluetooth: HCI socket layer initialized
[    2.504213] Bluetooth: L2CAP socket layer initialized
[    2.509234] Bluetooth: SCO socket layer initialized
[    2.514480] clocksource: Switched to clocksource arch_sys_counter
[    2.520220] VFS: Disk quotas dquot_6.6.0
[    2.524067] VFS: Dquot-cache hash table entries: 512 (order 0, 4096 bytes)
[    2.534451] NET: Registered protocol family 2
[    2.535490] tcp_listen_portaddr_hash hash table entries: 2048 (order: 3, 32768 bytes, linear)
[    2.543698] TCP established hash table entries: 32768 (order: 6, 262144 bytes, linear)
[    2.551711] TCP bind hash table entries: 32768 (order: 7, 524288 bytes, linear)
[    2.559142] TCP: Hash tables configured (established 32768 bind 32768)
[    2.565343] UDP hash table entries: 2048 (order: 4, 65536 bytes, linear)
[    2.572006] UDP-Lite hash table entries: 2048 (order: 4, 65536 bytes, linear)
[    2.579174] NET: Registered protocol family 1
[    2.583607] RPC: Registered named UNIX socket transport module.
[    2.589248] RPC: Registered udp transport module.
[    2.593915] RPC: Registered tcp transport module.
[    2.598587] RPC: Registered tcp NFSv4.1 backchannel transport module.
[    2.605210] PCI: CLS 0 bytes, default 64
[    2.609400] hw perfevents: no interrupt-affinity property for /pmu, guessing.
[    2.616113] hw perfevents: enabled with armv8_pmuv3 PMU driver, 7 counters available
[    2.624342] Initialise system trusted keyrings
[    2.628153] workingset: timestamp_bits=46 max_order=20 bucket_order=0
[    2.635161] NFS: Registering the id_resolver key type
[    2.639513] Key type id_resolver registered
[    2.643652] Key type id_legacy registered
[    2.647636] nfs4filelayout_init: NFSv4 File Layout Driver Registering...
[    2.654305] jffs2: version 2.2. (NAND) Â© 2001-2006 Red Hat, Inc.
[    2.672072] NET: Registered protocol family 38
[    2.672112] Key type asymmetric registered
[    2.674942] Asymmetric key parser 'x509' registered
[    2.679802] Block layer SCSI generic (bsg) driver version 0.4 loaded (major 247)
[    2.687138] io scheduler mq-deadline registered
[    2.691634] io scheduler kyber registered
[    2.718635] Serial: 8250/16550 driver, 4 ports, IRQ sharing disabled
[    2.722139] cacheinfo: Unable to detect cache hierarchy for CPU 0
[    2.729138] brd: module loaded
[    2.733127] loop: module loaded
[    2.733746] mtdoops: mtd device (mtddev=name/number) must be supplied
[    2.738915] libphy: Fixed MDIO Bus: probed
[    2.742839] tun: Universal TUN/TAP device driver, 1.6
[    2.747105] CAN device driver interface
[    2.751539] usbcore: registered new interface driver asix
[    2.756233] usbcore: registered new interface driver ax88179_178a
[    2.762270] usbcore: registered new interface driver cdc_ether
[    2.768067] usbcore: registered new interface driver net1080
[    2.773689] usbcore: registered new interface driver cdc_subset
[    2.779570] usbcore: registered new interface driver zaurus
[    2.785115] usbcore: registered new interface driver cdc_ncm
[    2.791362] usbcore: registered new interface driver uas
[    2.796018] usbcore: registered new interface driver usb-storage
[    2.802442] rtc_zynqmp ffa60000.rtc: registered as rtc0
[    2.807194] i2c /dev entries driver
[    2.811862] usbcore: registered new interface driver uvcvideo
[    2.816316] USB Video Class driver (1.1.1)
[    2.820680] Bluetooth: HCI UART driver ver 2.3
[    2.824797] Bluetooth: HCI UART protocol H4 registered
[    2.829898] Bluetooth: HCI UART protocol BCSP registered
[    2.835189] Bluetooth: HCI UART protocol LL registered
[    2.840278] Bluetooth: HCI UART protocol ATH3K registered
[    2.845651] Bluetooth: HCI UART protocol Three-wire (H5) registered
[    2.851899] Bluetooth: HCI UART protocol Intel registered
[    2.857243] Bluetooth: HCI UART protocol QCA registered
[    2.862442] usbcore: registered new interface driver bcm203x
[    2.868067] usbcore: registered new interface driver bpa10x
[    2.873602] usbcore: registered new interface driver bfusb
[    2.879050] usbcore: registered new interface driver btusb
[    2.884508] usbcore: registered new interface driver ath3k
[    2.890074] EDAC MC0: 13 UE BankGroup Number 0 Block Number 0 on mc#0csrow#0channel#0 (csrow:0 channel:0 page:0x0 offset:0x0 grain:1)
[    2.890139] EDAC MC0: Giving out device to module 1 controller synps_ddr_controller: DEV synps_edac (INTERRUPT)
[    2.912012] EDAC DEVICE0: Giving out device to module edac controller cache_err: DEV edac (POLLED)
[    2.920954] EDAC DEVICE1: Giving out device to module zynqmp-ocm-edac controller zynqmp_ocm: DEV ff960000.memory-controller (INTERRUPT)
[    2.933236] sdhci: Secure Digital Host Controller Interface driver
[    2.939062] sdhci: Copyright(c) Pierre Ossman
[    2.943386] sdhci-pltfm: SDHCI platform and OF driver helper
[    2.949300] ledtrig-cpu: registered to indicate activity on CPUs
[    2.955017] zynqmp_firmware_probe Platform Management API v1.1
[    2.960775] zynqmp_firmware_probe Trustzone version v1.0
[    2.988760] alg: No test for xilinx-zynqmp-aes (zynqmp-aes)
[    2.988940] zynqmp_aes zynqmp_aes: AES Successfully Registered
[    2.988940] 
[    2.996183] alg: No test for xilinx-keccak-384 (zynqmp-keccak-384)
[    3.002384] alg: No test for xilinx-zynqmp-rsa (zynqmp-rsa)
[    3.007940] usbcore: registered new interface driver usbhid
[    3.013256] usbhid: USB HID core driver
[    3.019113] fpga_manager fpga0: Xilinx ZynqMP FPGA Manager registered
[    3.023720] usbcore: registered new interface driver snd-usb-audio
[    3.030287] pktgen: Packet Generator for packet performance testing. Version: 2.75
[    3.037611] Initializing XFRM netlink socket
[    3.041441] NET: Registered protocol family 10
[    3.046144] Segment Routing with IPv6
[    3.049513] sit: IPv6, IPv4 and MPLS over IPv4 tunneling driver
[    3.055586] NET: Registered protocol family 17
[    3.059720] NET: Registered protocol family 15
[    3.064130] bridge: filtering via arp/ip/ip6tables is no longer available by default. Update your scripts to load br_netfilter if you need this.
[    3.077006] can: controller area network core (rev 20170425 abi 9)
[    3.083168] NET: Registered protocol family 29
[    3.087559] can: raw protocol (rev 20170425)
[    3.091797] can: broadcast manager protocol (rev 20170425 t)
[    3.097420] can: netlink gateway (rev 20190810) max_hops=1
[    3.102930] Bluetooth: RFCOMM TTY layer initialized
[    3.107720] Bluetooth: RFCOMM socket layer initialized
[    3.112827] Bluetooth: RFCOMM ver 1.11
[    3.116538] Bluetooth: BNEP (Ethernet Emulation) ver 1.3
[    3.121812] Bluetooth: BNEP filters: protocol multicast
[    3.127003] Bluetooth: BNEP socket layer initialized
[    3.131931] Bluetooth: HIDP (Human Interface Emulation) ver 1.2
[    3.137816] Bluetooth: HIDP socket layer initialized
[    3.142845] 9pnet: Installing 9P2000 support
[    3.147000] Key type dns_resolver registered
[    3.151584] registered taskstats version 1
[    3.155291] Loading compiled-in X.509 certificates
[    3.160402] Btrfs loaded, crc32c=crc32c-generic
[    3.172294] ff000000.serial: ttyPS0 at MMIO 0xff000000 (irq = 41, base_baud = 6249999) is a xuartps
[    3.181309] printk: console [ttyPS0] enabled
[    3.181309] printk: console [ttyPS0] enabled
[    3.185603] printk: bootconsole [cdns0] disabled
[    3.185603] printk: bootconsole [cdns0] disabled
[    3.194761] of-fpga-region fpga-full: FPGA Region probed
[    3.204809] GPIO IRQ not connected
[    3.208204] XGpio: gpio@80010000: registered, base is 509
[    3.214162] xilinx-zynqmp-dma fd500000.dma: ZynqMP DMA driver Probe success
[    3.221251] xilinx-zynqmp-dma fd510000.dma: ZynqMP DMA driver Probe success
[    3.228335] xilinx-zynqmp-dma fd520000.dma: ZynqMP DMA driver Probe success
[    3.235429] xilinx-zynqmp-dma fd530000.dma: ZynqMP DMA driver Probe success
[    3.242521] xilinx-zynqmp-dma fd540000.dma: ZynqMP DMA driver Probe success
[    3.249606] xilinx-zynqmp-dma fd550000.dma: ZynqMP DMA driver Probe success
[    3.256693] xilinx-zynqmp-dma fd560000.dma: ZynqMP DMA driver Probe success
[    3.263781] xilinx-zynqmp-dma fd570000.dma: ZynqMP DMA driver Probe success
[    3.270934] xilinx-zynqmp-dma ffa80000.dma: ZynqMP DMA driver Probe success
[    3.278017] xilinx-zynqmp-dma ffa90000.dma: ZynqMP DMA driver Probe success
[    3.285101] xilinx-zynqmp-dma ffaa0000.dma: ZynqMP DMA driver Probe success
[    3.292184] xilinx-zynqmp-dma ffab0000.dma: ZynqMP DMA driver Probe success
[    3.299266] xilinx-zynqmp-dma ffac0000.dma: ZynqMP DMA driver Probe success
[    3.306350] xilinx-zynqmp-dma ffad0000.dma: ZynqMP DMA driver Probe success
[    3.313432] xilinx-zynqmp-dma ffae0000.dma: ZynqMP DMA driver Probe success
[    3.320514] xilinx-zynqmp-dma ffaf0000.dma: ZynqMP DMA driver Probe success
[    3.327716] zynqmp-qspi ff0f0000.spi: rx bus width not found
[    3.333371] zynqmp-qspi ff0f0000.spi: tx bus width not found
[    3.339176] spi_master spi0: cannot find modalias for /amba/spi@ff0f0000/flash@0
[    3.346565] spi_master spi0: Failed to create SPI device for /amba/spi@ff0f0000/flash@0
[    3.354847] macb ff0b0000.ethernet: Not enabling partial store and forward
[    3.362190] libphy: MACB_mii_bus: probed
[    3.374672] zynqmp_pll_disable() clock disable failed for dpll_int, ret = -13
[    3.439688] Micrel KSZ9031 Gigabit PHY ff0b0000.ethernet-ffffffff:03: attached PHY driver [Micrel KSZ9031 Gigabit PHY] (mii_bus:phy_addr=ff0b0000.ethernet-ffffffff:03, irq=POLL)
[    3.455507] macb ff0b0000.ethernet eth0: Cadence GEM rev 0x50070106 at 0xff0b0000 irq 29 (ca:9f:1e:3a:b6:24)
[    3.465581] macb ff0c0000.ethernet: Not enabling partial store and forward
[    3.472848] libphy: MACB_mii_bus: probed
[    3.547678] Micrel KSZ9031 Gigabit PHY ff0c0000.ethernet-ffffffff:03: attached PHY driver [Micrel KSZ9031 Gigabit PHY] (mii_bus:phy_addr=ff0c0000.ethernet-ffffffff:03, irq=POLL)
[    3.563492] macb ff0c0000.ethernet eth1: Cadence GEM rev 0x50070106 at 0xff0c0000 irq 30 (ca:9f:1e:3a:b6:25)
[    3.573562] xilinx-axipmon ffa00000.perf-monitor: Probed Xilinx APM
[    3.580067] xilinx-axipmon fd0b0000.perf-monitor: Probed Xilinx APM
[    3.586600] xilinx-axipmon fd490000.perf-monitor: Probed Xilinx APM
[    3.593061] xilinx-axipmon ffa10000.perf-monitor: Probed Xilinx APM
[    3.599532] dwc3-of-simple ff9d0000.usb0: dwc3_simple_set_phydata: Can't find usb3-phy
[    3.607819] dwc3 fe200000.dwc3: Failed to get clk 'ref': -2
[    3.613777] dwc3-of-simple ff9e0000.usb1: dwc3_simple_set_phydata: Can't find usb3-phy
[    3.621999] dwc3 fe300000.dwc3: Failed to get clk 'ref': -2
[    3.628586] i2c i2c-0: Added multiplexed i2c bus 1
[    3.632930] xhci-hcd xhci-hcd.0.auto: xHCI Host Controller
[    3.633476] i2c i2c-0: Added multiplexed i2c bus 2
[    3.638853] xhci-hcd xhci-hcd.0.auto: new USB bus registered, assigned bus number 1
[    3.643727] i2c i2c-0: Added multiplexed i2c bus 3
[    3.651358] xhci-hcd xhci-hcd.0.auto: hcc params 0x0238f625 hci version 0x100 quirks 0x0000000202010010
[    3.656234] i2c i2c-0: Added multiplexed i2c bus 4
[    3.665459] xhci-hcd xhci-hcd.0.auto: irq 46, io mem 0xfe300000
[    3.670395] i2c i2c-0: Added multiplexed i2c bus 5
[    3.676534] xhci-hcd xhci-hcd.1.auto: xHCI Host Controller
[    3.681015] i2c i2c-0: Added multiplexed i2c bus 6
[    3.686465] usb usb1: New USB device found, idVendor=1d6b, idProduct=0002, bcdDevice= 5.04
[    3.691279] i2c i2c-0: Added multiplexed i2c bus 7
[    3.699435] usb usb1: New USB device strings: Mfr=3, Product=2, SerialNumber=1
[    3.699438] usb usb1: Product: xHCI Host Controller
[    3.704412] i2c i2c-0: Added multiplexed i2c bus 8
[    3.711422] usb usb1: Manufacturer: Linux 5.4.0-xilinx-v2020.1 xhci-hcd
[    3.716293] pca954x 0-0070: registered 8 multiplexed busses for I2C switch pca9548
[    3.721064] usb usb1: SerialNumber: xhci-hcd.0.auto
[    3.727686] cdns-i2c ff020000.i2c: 400 kHz mmio ff020000 irq 32
[    3.735471] hub 1-0:1.0: USB hub found
[    3.740440] cpufreq: cpufreq_online: CPU0: Running at unlisted freq: 1333333 KHz
[    3.746013] hub 1-0:1.0: 1 port detected
[    3.749744] cpu cpu0: dev_pm_opp_set_rate: failed to find current OPP for freq 1333333320 (-34)
[    3.757292] xhci-hcd xhci-hcd.0.auto: xHCI Host Controller
[    3.761072] cpufreq: cpufreq_online: CPU0: Unlisted initial frequency changed to: 1199999 KHz
[    3.769723] xhci-hcd xhci-hcd.0.auto: new USB bus registered, assigned bus number 2
[    3.775200] cpu cpu0: dev_pm_opp_set_rate: failed to find current OPP for freq 1333333320 (-34)
[    3.783708] xhci-hcd xhci-hcd.0.auto: Host supports USB 3.0 SuperSpeed
[    3.806584] usb usb2: We don't know the algorithms for LPM for this host, disabling LPM.
[    3.814734] usb usb2: New USB device found, idVendor=1d6b, idProduct=0003, bcdDevice= 5.04
[    3.822988] usb usb2: New USB device strings: Mfr=3, Product=2, SerialNumber=1
[    3.823093] mmc0: SDHCI controller on ff160000.mmc [ff160000.mmc] using ADMA 64-bit
[    3.830199] usb usb2: Product: xHCI Host Controller
[    3.830203] usb usb2: Manufacturer: Linux 5.4.0-xilinx-v2020.1 xhci-hcd
[    3.849313] usb usb2: SerialNumber: xhci-hcd.0.auto
[    3.854430] hub 2-0:1.0: USB hub found
[    3.858243] hub 2-0:1.0: 1 port detected
[    3.862923] xhci-hcd xhci-hcd.1.auto: new USB bus registered, assigned bus number 3
[    3.869448] mmc1: SDHCI controller on ff170000.mmc [ff170000.mmc] using ADMA 64-bit
[    3.870675] xhci-hcd xhci-hcd.1.auto: hcc params 0x0238f625 hci version 0x100 quirks 0x0000000202010010
[    3.887611] rtc_zynqmp ffa60000.rtc: setting system clock to 1970-01-01T00:00:08 UTC (8)
[    3.887615] of_cfs_init
[    3.887640] of_cfs_init: OK
[    3.895730] xhci-hcd xhci-hcd.1.auto: irq 43, io mem 0xfe200000
[    3.907162] usb usb3: New USB device found, idVendor=1d6b, idProduct=0002, bcdDevice= 5.04
[    3.915433] usb usb3: New USB device strings: Mfr=3, Product=2, SerialNumber=1
[    3.922643] usb usb3: Product: xHCI Host Controller
[    3.927512] usb usb3: Manufacturer: Linux 5.4.0-xilinx-v2020.1 xhci-hcd
[    3.934117] usb usb3: SerialNumber: xhci-hcd.1.auto
[    3.939304] hub 3-0:1.0: USB hub found
[    3.943120] hub 3-0:1.0: 1 port detected
[    3.947251] xhci-hcd xhci-hcd.1.auto: xHCI Host Controller
[    3.952741] xhci-hcd xhci-hcd.1.auto: new USB bus registered, assigned bus number 4
[    3.960398] xhci-hcd xhci-hcd.1.auto: Host supports USB 3.0 SuperSpeed
[    3.967104] usb usb4: We don't know the algorithms for LPM for this host, disabling LPM.
[    3.975348] usb usb4: New USB device found, idVendor=1d6b, idProduct=0003, bcdDevice= 5.04
[    3.983612] usb usb4: New USB device strings: Mfr=3, Product=2, SerialNumber=1
[    3.990825] usb usb4: Product: xHCI Host Controller
[    3.995693] usb usb4: Manufacturer: Linux 5.4.0-xilinx-v2020.1 xhci-hcd
[    4.002299] usb usb4: SerialNumber: xhci-hcd.1.auto
[    4.007442] hub 4-0:1.0: USB hub found
[    4.011294] hub 4-0:1.0: 1 port detected
[    4.042910] mmc1: new high speed SDHC card at address 5048
[    4.048785] mmcblk1: mmc1:5048 SD16G 14.4 GiB 
[    4.054629]  mmcblk1: p1 p2
[    4.099938] mmc0: new HS200 MMC card at address 0001
[    4.105203] mmcblk0: mmc0:0001 W52516 14.3 GiB 
[    4.109900] mmcblk0boot0: mmc0:0001 W52516 partition 1 4.00 MiB
[    4.115975] mmcblk0boot1: mmc0:0001 W52516 partition 2 4.00 MiB
[    4.121950] mmcblk0rpmb: mmc0:0001 W52516 partition 3 4.00 MiB, chardev (245:0)
[    4.130062]  mmcblk0: p1
[   16.190496] cfg80211: Loading compiled-in X.509 certificates for regulatory database
[   16.314181] cfg80211: Loaded X.509 cert 'sforshee: 00b28ddf47aef9cea7'
[   16.320702] clk: Not disabling unused clocks
[   16.324967] ALSA device list:
[   16.327925]   No soundcards found.
[   16.331584] platform regulatory.0: Direct firmware load for regulatory.db failed with error -2
[   16.340190] cfg80211: failed to load regulatory.db
[   16.372057] EXT4-fs (mmcblk1p2): mounted filesystem with ordered data mode. Opts: (null)
[   16.380169] VFS: Mounted root (ext4 filesystem) on device 179:2.
[   16.394967] devtmpfs: mounted
[   16.398074] Freeing unused kernel memory: 704K
[   16.402547] Run /sbin/init as init process
[   16.591887] random: fast init done
[   16.874434] random: systemd: uninitialized urandom read (16 bytes read)
[   16.890461] random: systemd: uninitialized urandom read (16 bytes read)
[   16.916160] systemd[1]: systemd 219 running in system mode. (+PAM +AUDIT +SELINUX +IMA -APPARMOR +SMACK +SYSVINIT +UTMP +LIBCRYPTSETUP +GCRYPT +GNUTLS +ACL +XZ +LZ4 -SECCOMP +BLKID +ELFUTILS +KMOD +IDN)
[   16.934460] systemd[1]: Detected architecture arm64.

Welcome to [0;31mCentOS Linux 7 (AltArch)[0m!

[   16.959505] systemd[1]: Set hostname to <sl-xu5-01>.
[   16.989754] random: systemd: uninitialized urandom read (16 bytes read)
[   17.567274] systemd[1]: Started Forward Password Requests to Wall Directory Watch.
[[32m  OK  [0m] Started Forward Password Requests to Wall Directory Watch.
[   17.591165] systemd[1]: Created slice Root Slice.
[[32m  OK  [0m] Created slice Root Slice.
[   17.606593] systemd[1]: Listening on Device-mapper event daemon FIFOs.
[[32m  OK  [0m] Listening on Device-mapper event daemon FIFOs.
[   17.630723] systemd[1]: Created slice User and Session Slice.
[[32m  OK  [0m] Created slice User and Session Slice.
[   17.646715] systemd[1]: Created slice System Slice.
[[32m  OK  [0m] Created slice System Slice.
[   17.662783] systemd[1]: Created slice system-selinux\x2dpolicy\x2dmigrate\x2dlocal\x2dchanges.slice.
[[32m  OK  [0m] Created slice system-selinux\x2dpol...grate\x2dlocal\x2dchanges.slice.
[   17.686604] systemd[1]: Listening on /dev/initctl Compatibility Named Pipe.
[[32m  OK  [0m] Listening on /dev/initctl Compatibility Named Pipe.
[[32m  OK  [0m] Reached target Slices.
[[32m  OK  [0m] Listening on Delayed Shutdown Socket.
         Starting Collect Read-Ahead Data...
[[32m  OK  [0m] Listening on LVM2 metadata daemon socket.
[   17.747000] systemd-readahead[158]: Failed to create fanotify object: Function not implemented
[[32m  OK  [0m] Listening on udev Kernel Socket.
[[32m  OK  [0m] Listening on LVM2 poll daemon socket.
[[32m  OK  [0m] Listening on Journal Socket.
         Starting Journal Service...
         Mounting Debug File System...
         Starting Monitoring of LVM2 mirrors... dmeventd or progress polling...
         Mounting Huge Pages File System...
         Starting Read and set NIS domainname from /etc/sysconfig/network...
         Mounting POSIX Message Queue File System...
[[32m  OK  [0m] Listening on udev Control Socket.
[[32m  OK  [0m] Reached target Swap.
[[32m  OK  [0m] Created slice system-getty.slice.
[[32m  OK  [0m] Created slice system-serial\x2dgetty.slice.
[[1;31mFAILED[0m] Failed to start Collect Read-Ahead Data.
See 'systemctl status systemd-readahead-collect.service' for details.
[[32m  OK  [0m] Mounted Debug File System.
[[32m  OK  [0m] Mounted Huge Pages File System.
[[32m  OK  [0m] Mounted POSIX Message Queue File System.
[[32m  OK  [0m] Started Journal Service.
         Starting Create Static Device Nodes in /dev...
         Starting Setup Virtual Console...
         Starting Apply Kernel Variables...
         Mounting Configuration File System...
         Starting Configure read-only root support...
         Starting Flush Journal to Persistent Storage...
         Starting udev Coldplug all Devices...
[[32m  OK  [0m] Mounted Configuration File System.
[[32m  OK  [0m] Started Read and set NIS domainname from /etc/sysconfig/network.
[[32m  OK  [0m] Started Apply Kernel Variables.
[[32m  OK  [0m] Started LVM2 metadata daemon.
[   18.252154] systemd-journald[160]: Received request to flush runtime journal from PID 1
[[32m  OK  [0m] Started Create Static Device Nodes in /dev.
[[32m  OK  [0m] Started Configure read-only root support.
[[32m  OK  [0m] Started Flush Journal to Persistent Storage.
         Starting Load/Save Random Seed...
         Starting udev Kernel Device Manager...
[[32m  OK  [0m] Started udev Coldplug all Devices.
[[32m  OK  [0m] Started Load/Save Random Seed.
         Starting udev Wait for Complete Device Initialization...
[[32m  OK  [0m] Started Setup Virtual Console.
[[32m  OK  [0m] Started udev Kernel Device Manager.
         Starting Show Plymouth Boot Screen...
[[32m  OK  [0m] Found device /dev/ttyPS0.
[[32m  OK  [0m] Started Show Plymouth Boot Screen.
[[32m  OK  [0m] Started Forward Password Requests to Plymouth Directory Watch.
%G[[32m  OK  [0m] Started udev Wait for Complete Device Initialization.
         Starting Activation of DM RAID sets...
[[32m  OK  [0m] Started Monitoring of LVM2 mirrors,...ng dmeventd or progress polling.
[[32m  OK  [0m] Reached target Local File Systems (Pre).
[[32m  OK  [0m] Started Activation of DM RAID sets.
[[32m  OK  [0m] Reached target Local Encrypted Volumes.
[[32m  OK  [0m] Reached target Local File Systems.
         Starting Tell Plymouth To Write Out Runtime Data...
         Starting Create Volatile Files and Directories...
[[32m  OK  [0m] Started Tell Plymouth To Write Out Runtime Data.
[[32m  OK  [0m] Started Create Volatile Files and Directories.
         Starting Security Auditing Service...
[[32m  OK  [0m] Started Security Auditing Service.
         Starting Update UTMP about System Boot/Shutdown...
[[32m  OK  [0m] Started Update UTMP about System Boot/Shutdown.
[[32m  OK  [0m] Reached target System Initialization.
[[32m  OK  [0m] Listening on Open-iSCSI iscsiuio Socket.
[[32m  OK  [0m] Started Flexible branding.
[[32m  OK  [0m] Reached target Paths.
[[32m  OK  [0m] Listening on Open-iSCSI iscsid Socket.
[[32m  OK  [0m] Listening on D-Bus System Message Bus Socket.
[[32m  OK  [0m] Started Daily Cleanup of Temporary Directories.
[[32m  OK  [0m] Reached target Timers.
[[32m  OK  [0m] Listening on PC/SC Smart Card Daemon Activation Socket.
[[32m  OK  [0m] Reached target Sockets.
[[32m  OK  [0m] Reached target Basic System.
[[32m  OK  [0m] Started irqbalance daemon.
         Starting Authorization Manager...
         Starting Dump dmesg to /var/log/dmesg...
         Starting NTP client/server...
[[32m  OK  [0m] Started D-Bus System Message Bus.
         Starting Login Service...
[[32m  OK  [0m] Started Dump dmesg to /var/log/dmesg.
[[32m  OK  [0m] Started NTP client/server.
[[32m  OK  [0m] Started Login Service.
[[32m  OK  [0m] Started Authorization Manager.
         Starting firewalld - dynamic firewall daemon...
[[32m  OK  [0m] Started firewalld - dynamic firewall daemon.
[[32m  OK  [0m] Reached target Network (Pre).
         Starting Network Manager...
[[32m  OK  [0m] Started Network Manager.
         Starting Network Manager Wait Online...
         Starting Hostname Service...
[[32m  OK  [0m] Started Hostname Service.
         Starting Network Manager Script Dispatcher Service...
[[32m  OK  [0m] Started Network Manager Script Dispatcher Service.
[   23.269134] pps pps0: new PPS source ptp0
[   23.273167] macb ff0b0000.ethernet: gem-ptp-timer ptp clock registered.
[   23.310294] pps pps1: new PPS source ptp1
[   23.314332] macb ff0c0000.ethernet: gem-ptp-timer ptp clock registered.
[   27.359143] macb ff0b0000.ethernet eth0: link up (1000/Full)
[   27.364825] IPv6: ADDRCONF(NETDEV_CHANGE): eth0: link becomes ready
[   27.390808] macb ff0c0000.ethernet eth1: unable to generate target frequency: 125000000 Hz
[   27.399101] macb ff0c0000.ethernet eth1: link up (1000/Full)
[   27.404802] IPv6: ADDRCONF(NETDEV_CHANGE): eth1: link becomes ready
[[0m[31m*     [0m] A start job is running for Network ...ger Wait Online (10s / no limit)[K[[1;31m*[0m[31m*    [0m] A start job is running for Network ...ger Wait Online (11s / no limit)[K[[31m*[1;31m*[0m[31m*   [0m] A start job is running for Network ...ger Wait Online (11s / no limit)[K[ [31m*[1;31m*[0m[31m*  [0m] A start job is running for Network ...ger Wait Online (12s / no limit)[K[  [31m*[1;31m*[0m[31m* [0m] A start job is running for Network ...ger Wait Online (13s / no limit)[K[   [31m*[1;31m*[0m[31m*[0m] A start job is running for Network ...ger Wait Online (13s / no limit)[K[    [31m*[1;31m*[0m] A start job is running for Network ...ger Wait Online (14s / no limit)[K[     [31m*[0m] A start job is running for Network ...ger Wait Online (14s / no limit)[K[    [31m*[1;31m*[0m] A start job is running for Network ...ger Wait Online (15s / no limit)[K[   [31m*[1;31m*[0m[31m*[0m] A start job is running for Network ...ger Wait Online (15s / no limit)[K[  [31m*[1;31m*[0m[31m* [0m] A start job is running for Network ...ger Wait Online (16s / no limit)[K[ [31m*[1;31m*[0m[31m*  [0m] A start job is running for Network ...ger Wait Online (16s / no limit)[K[[31m*[1;31m*[0m[31m*   [0m] A start job is running for Network ...ger Wait Online (16s / no limit)[K[[1;31m*[0m[31m*    [0m] A start job is running for Network ...ger Wait Online (17s / no limit)[K[[0m[31m*     [0m] A start job is running for Network ...ger Wait Online (17s / no limit)[K[[1;31m*[0m[31m*    [0m] A start job is running for Network ...ger Wait Online (18s / no limit)[K         Starting Network Manager Script Dispatcher Service...
[[32m  OK  [0m] Started Network Manager Script Dispatcher Service.
[[31m*[1;31m*[0m[31m*   [0m] A start job is running for Network ...ger Wait Online (23s / no limit)[K[ [31m*[1;31m*[0m[31m*  [0m] A start job is running for Network ...ger Wait Online (23s / no limit)[K[  [31m*[1;31m*[0m[31m* [0m] A start job is running for Network ...ger Wait Online (24s / no limit)[K[   [31m*[1;31m*[0m[31m*[0m] A start job is running for Network ...ger Wait Online (24s / no limit)[K[    [31m*[1;31m*[0m] A start job is running for Network ...ger Wait Online (25s / no limit)[K[     [31m*[0m] A start job is running for Network ...ger Wait Online (25s / no limit)[K[    [31m*[1;31m*[0m] A start job is running for Network ...ger Wait Online (26s / no limit)[K[   [31m*[1;31m*[0m[31m*[0m] A start job is running for Network ...ger Wait Online (26s / no limit)[K[  [31m*[1;31m*[0m[31m* [0m] A start job is running for Network ...ger Wait Online (27s / no limit)[K[ [31m*[1;31m*[0m[31m*  [0m] A start job is running for Network ...ger Wait Online (27s / no limit)[K[[31m*[1;31m*[0m[31m*   [0m] A start job is running for Network ...ger Wait Online (28s / no limit)[K[[1;31m*[0m[31m*    [0m] A start job is running for Network ...ger Wait Online (28s / no limit)[K[[0m[31m*     [0m] A start job is running for Network ...ger Wait Online (29s / no limit)[K[[1;31m*[0m[31m*    [0m] A start job is running for Network ...ger Wait Online (29s / no limit)[K[[31m*[1;31m*[0m[31m*   [0m] A start job is running for Network ...ger Wait Online (30s / no limit)[K[ [31m*[1;31m*[0m[31m*  [0m] A start job is running for Network ...ger Wait Online (30s / no limit)[K[  [31m*[1;31m*[0m[31m* [0m] A start job is running for Network ...ger Wait Online (31s / no limit)[K[   [31m*[1;31m*[0m[31m*[0m] A start job is running for Network ...ger Wait Online (31s / no limit)[K[    [31m*[1;31m*[0m] A start job is running for Network ...ger Wait Online (32s / no limit)[K[     [31m*[0m] A start job is running for Network ...ger Wait Online (32s / no limit)[K[    [31m*[1;31m*[0m] A start job is running for Network ...ger Wait Online (33s / no limit)[K[   [31m*[1;31m*[0m[31m*[0m] A start job is running for Network ...ger Wait Online (33s / no limit)[K[  [31m*[1;31m*[0m[31m* [0m] A start job is running for Network ...ger Wait Online (34s / no limit)[K[ [31m*[1;31m*[0m[31m*  [0m] A start job is running for Network ...ger Wait Online (34s / no limit)[K[[31m*[1;31m*[0m[31m*   [0m] A start job is running for Network ...ger Wait Online (35s / no limit)[K[[1;31mFAILED[0m] Failed to start Network Manager Wait Online.
See 'systemctl status NetworkManager-wait-online.service' for details.
         Starting LSB: Bring up/down networking...
[[1;31mFAILED[0m] Failed to start LSB: Bring up/down networking.
See 'systemctl status network.service' for details.
[[32m  OK  [0m] Reached target Network.
         Starting OpenSSH server daemon...
         Starting Dynamic System Tuning Daemon...
[[32m  OK  [0m] Reached target Network is Online.
         Starting Logout off all iSCSI sessions on shutdown...
         Starting System Logging Service...
         Starting Postfix Mail Transport Agent...
[[32m  OK  [0m] Started Logout off all iSCSI sessions on shutdown.
[[32m  OK  [0m] Reached target Remote File Systems (Pre).
[[32m  OK  [0m] Reached target Remote File Systems.
         Starting Crash recovery kernel arming...
         Starting Permit User Sessions...
         Starting Availability of block devices...
[[32m  OK  [0m] Started Availability of block devices.
[[32m  OK  [0m] Started Permit User Sessions.
[[32m  OK  [0m] Started Command Scheduler.
         Starting Wait for Plymouth Boot Screen to Quit...
         Starting Terminate Plymouth Boot Screen...

CentOS Linux 7 (AltArch)
Kernel 5.4.0-xilinx-v2020.1 on an aarch64

sl-xu5-01 login: okazaki