
CentOS Linux 7 (AltArch)
Kernel 5.4.0-xilinx-v2020.1 on an aarch64

sl-xu5-01 login: sudo      okazaki
Password: 
Last login: Tue Nov 30 23:09:54 from atlas-muon-r01.kek.jp
[0;33m(sl-xu5-01)[0m ~ [0;33m$[0m sudo reboot
[sudo] password for okazaki: 
[[32m  OK  [0m] Started Show Plymouth Reboot Screen.
[[32m  OK  [0m] Stopped Availability of block devices.
         Stopping Logout off all iSCSI sessions on shutdown...
[[32m  OK  [0m] Stopped Logout off all iSCSI sessions on shutdown.
[[32m  OK  [0m] Stopped Dynamic System Tuning Daemon.
[[32m  OK  [0m] Stopped target Network.
         Stopping Network Manager...
[[32m  OK  [0m] Stopped Network Manager.
[[32m  OK  [0m] Stopped target Network (Pre).
         Stopping firewalld - dynamic firewall daemon...
[[32m  OK  [0m] Stopped firewalld - dynamic firewall daemon.
         Stopping Authorization Manager...
         Stopping D-Bus System Message Bus...
[[32m  OK  [0m] Stopped D-Bus System Message Bus.
[[32m  OK  [0m] Stopped Authorization Manager.
[[32m  OK  [0m] Stopped target Basic System.
[[32m  OK  [0m] Stopped target Sockets.
[[32m  OK  [0m] Closed Open-iSCSI iscsiuio Socket.
[[32m  OK  [0m] Closed Open-iSCSI iscsid Socket.
[[32m  OK  [0m] Closed D-Bus System Message Bus Socket.
[[32m  OK  [0m] Closed PC/SC Smart Card Daemon Activation Socket.
[[32m  OK  [0m] Stopped target Slices.
[[32m  OK  [0m] Removed s[  622.763700] audit: type=1305 audit(1638281918.427:119): op=set audit_pid=0 old=268 auid=4294967295 ses=4294967295 res=1
lice User and Session Slice.
[[32m  OK  [0m] Stopped target Paths.
[[32m  O[  622.779138] audit: type=1131 audit(1638281918.443:120): pid=1 uid=0 auid=4294967295 ses=4294967295 msg='unit=auditd comm="systemd" exe="/usr/lib/systemd/systemd" hostname=? addr=? terminal=? res=success'
K  [0m] Stopped Forward Password Requests to Wall Directory Watch[  622.802837] audit: type=1131 audit(1638281918.467:121): pid=1 uid=0 auid=4294967295 ses=4294967295 msg='unit=systemd-random-seed comm="systemd" exe="/usr/lib/systemd/systemd" hostname=? addr=? terminal=? res=success'
.
[[32m  OK  [0m] Stopped Flexible branding.
[[32m  OK  [0[  622.827711] audit: type=1131 audit(1638281918.491:122): pid=1 uid=0 auid=4294967295 ses=4294967295 msg='unit=systemd-tmpfiles-setup comm="systemd" exe="/usr/lib/systemd/systemd" hostname=? addr=? terminal=? res=success'
m] Stopped target System Initialization.
[[32m  OK  [0m] Stopped Read an[  622.853796] audit: type=1131 audit(1638281918.519:123): pid=1 uid=0 auid=4294967295 ses=4294967295 msg='unit=rhel-readonly comm="systemd" exe="/usr/lib/systemd/systemd" hostname=? addr=? terminal=? res=success'
d set NIS domainname from /etc/sysconfig/network.
[[32m  OK  [0m] Stopped target Local Encrypted Volumes.
         Stopping Se[  622.883952] audit: type=1131 audit(1638281918.547:124): pid=1 uid=0 auid=4294967295 ses=4294967295 msg='unit=systemd-tmpfiles-setup-dev comm="systemd" exe="/usr/lib/systemd/systemd" hostname=? addr=? terminal=? res=success'
curity Auditing Service...
[[32m  OK  [0m] Stopped Setup Virtual Console.
[[32m  OK  [0m] Stopped Apply Kernel Variables.
         Stopping Load/Save Random Seed...
[[32m  OK  [0m] Stopped Forward Password Requests to Plymouth Directory Watch.
[[32m  OK  [0m] Stopped Security Auditing Service.
[[32m  OK  [0m] Stopped Load/Save Random Seed.
[[32m  OK  [0m] Stopped Create Volatile Files and Directories.
[[32m  OK  [0m] Stopped target Local File Systems.
[[32m  OK  [0m] Stopped Configure read-only root support.
         Unmounting /run/user/1000...
[[32m  OK  [0m] Unmounted /run/user/1000.
[[32m  OK  [0m] Reached target Unmount Al[  622.962645] audit: type=1131 audit(1638281918.627:125): pid=1 uid=0 auid=4294967295 ses=4294967295 msg='unit=lvm2-monitor comm="systemd" exe="/usr/lib/systemd/systemd" hostname=? addr=? terminal=? res=success'
l Filesystems.
[[32m  OK  [0m] Stopped target Swap.
[[32m  OK  [0m] St[  622.987977] audit: type=1131 audit(1638281918.651:126): pid=1 uid=0 auid=4294967295 ses=4294967295 msg='unit=lvm2-lvmetad comm="systemd" exe="/usr/lib/systemd/systemd" hostname=? addr=? terminal=? res=success'
opped target Local File Systems (Pre).
         Stopping Monitoring of LVM2 mirrors... dmeventd or progress polling...
[[32m  OK  [0m] Stopped Create Static Device Nodes in /dev.
[[32m  OK  [0m] Stopped Monitoring of LVM2 mirrors,...ng dmeventd or progress polling.
         Stopping LVM2 metadata daemon...
[[32m  OK  [0m] Stopped LVM2 metadata daemon.
[[32m  OK  [0m] Reached target Shutdown.
[  623.073486] printk: systemd-shutdow: 33 output lines suppressed due to ratelimiting
[  623.091492] systemd-shutdown[1]: Syncing filesystems and block devices.
[  625.652220] systemd-shutdown[1]: Sending SIGTERM to remaining processes...
[  625.679268] systemd-journald[170]: Received SIGTERM from PID 1 (systemd-shutdow).
[  625.695501] systemd-shutdown[1]: Sending SIGKILL to remaining processes...
[  625.720705] systemd-shutdown[1]: Unmounting file systems.
[  625.727009] systemd-shutdown[958]: Remounting '/' read-only in with options ''.
[  626.402579] EXT4-fs (mmcblk1p2): re-mounted. Opts: 
[  626.414280] systemd-shutdown[1]: All filesystems unmounted.
[  626.419893] systemd-shutdown[1]: Deactivating swaps.
[  626.425047] systemd-shutdown[1]: All swaps deactivated.
[  626.430281] systemd-shutdown[1]: Detaching loop devices.
[  626.440029] systemd-shutdown[1]: All loop devices detached.
[  626.526557] reboot: Restarting system
Xilinx Zynq MP First Stage Boot Loader 
Release 2020.1   Nov 30 2021  -  13:31:53
NOTICE:  ATF running on XCZU5EV/silicon v4/RTL5.1 at 0xfffea000
NOTICE:  BL31: v2.2(release):xilinx_rebase_v2.2_2020.1
NOTICE:  BL31: Built : 13:29:52, Nov 30 2021


U-Boot 2020.01 (Nov 30 2021 - 13:30:56 +0000)

Model: Enclustra ME-XU5-5EV-2I-D12E SOM
Board: Xilinx ZynqMP
DRAM:  4 GiB
usb dr_mode not found
usb dr_mode not found
PMUFW:	v1.1
EL Level:	EL2
Chip ID:	zu5ev
NAND:  0 MiB
MMC:   mmc@ff160000: 0, mmc@ff170000: 1
In:    serial@ff000000
Out:   serial@ff000000
Err:   serial@ff000000
Bootmode: SD_MODE1
Reset reason:	SOFT 
Net:   
ZYNQ GEM: ff0b0000, mdio bus ff0b0000, phyaddr 3, interface rgmii-id

Warning: ethernet@ff0b0000 (eth0) using random MAC address - 06:a4:b4:83:4f:89
eth0: ethernet@ff0b0000
Hit any key to stop autoboot:  2  1  0 
switch to partitions #0, OK
mmc1 is current device
Scanning mmc 1:1...
Found U-Boot script /boot.scr
3694 bytes read in 18 ms (200.2 KiB/s)
## Executing script at 20000000
[L0MuESL] Before SD card scanning... 
[L0MuESL] SD card scanning now...
[L0MuESL] Loading uEnv.txt in SD1... 
1215 bytes read in 19 ms (61.5 KiB/s)
[L0MuESL] Loading u-boot environment by uenvcmd... 
[L0MuESL] SD card fatload now ...
8159148 bytes read in 614 ms (12.7 MiB/s)
[L0MuESL] SD card bootm command now...
## Loading kernel from FIT Image at 10000000 ...
   Using 'conf@system-top.dtb' configuration
   Trying 'kernel@1' kernel subimage
     Description:  Linux kernel
     Type:         Kernel Image
     Compression:  gzip compressed
     Data Start:   0x100000e8
     Data Size:    8114710 Bytes = 7.7 MiB
     Architecture: AArch64
     OS:           Linux
     Load Address: 0x00080000
     Entry Point:  0x00080000
     Hash algo:    sha256
     Hash value:   d8dbc87352877e020871a801ceda165f06fa467dc974d45677a3e9058465f51f
   Verifying Hash Integrity ... sha256+ OK
## Loading fdt from FIT Image at 10000000 ...
   Using 'conf@system-top.dtb' configuration
   Trying 'fdt@system-top.dtb' fdt subimage
     Description:  Flattened Device Tree blob
     Type:         Flat Device Tree
     Compression:  uncompressed
     Data Start:   0x107bd410
     Data Size:    42547 Bytes = 41.5 KiB
     Architecture: AArch64
     Hash algo:    sha256
     Hash value:   c2cb860e94d3969dd7865705c3edff938ff4058f8cd3fe6c0a353a4664c16d1c
   Verifying Hash Integrity ... sha256+ OK
   Booting using the fdt blob at 0x107bd410
   Uncompressing Kernel Image
   Loading Device Tree to 000000000fff2000, end 000000000ffff632 ... OK

Starting kernel ...

[    0.000000] Booting Linux on physical CPU 0x0000000000 [0x410fd034]
[    0.000000] Linux version 5.4.0-xilinx-v2020.1 (oe-user@oe-host) (gcc version 9.2.0 (GCC)) #1 SMP Tue Nov 30 13:29:56 UTC 2021
[    0.000000] Machine model: Enclustra ME-XU5-5EV-2I-D12E SOM
[    0.000000] efi: Getting EFI parameters from FDT:
[    0.000000] efi: UEFI not found.
[    0.000000] cma: Reserved 256 MiB at 0x000000006fc00000
[    0.000000] psci: probing for conduit method from DT.
[    0.000000] psci: PSCIv1.1 detected in firmware.
[    0.000000] psci: Using standard PSCI v0.2 function IDs
[    0.000000] psci: MIGRATE_INFO_TYPE not supported.
[    0.000000] psci: SMC Calling Convention v1.1
[    0.000000] percpu: Embedded 21 pages/cpu s49112 r8192 d28712 u86016
[    0.000000] Detected VIPT I-cache on CPU0
[    0.000000] CPU features: detected: ARM erratum 845719
[    0.000000] Speculative Store Bypass Disable mitigation not required
[    0.000000] Built 1 zonelists, mobility grouping on.  Total pages: 1031940
[    0.000000] Kernel command line: console=ttyPS0,115200 clk_ignore_unused root=/dev/mmcblk1p2 rootfstype=ext4 rw rootwait earlyprintk ip=130.87.242.129:130.87.240.1:255.255.252.0:sl-xu5-eth0-01:eth0:off nameserver=130.87.240.2 nameserver=130.87.240.3
[    0.000000] Dentry cache hash table entries: 524288 (order: 10, 4194304 bytes, linear)
[    0.000000] Inode-cache hash table entries: 262144 (order: 9, 2097152 bytes, linear)
[    0.000000] mem auto-init: stack:off, heap alloc:off, heap free:off
[    0.000000] software IO TLB: mapped [mem 0x6bc00000-0x6fc00000] (64MB)
[    0.000000] Memory: 3767708K/4193280K available (11644K kernel code, 670K rwdata, 3624K rodata, 704K init, 321K bss, 163428K reserved, 262144K cma-reserved)
[    0.000000] rcu: Hierarchical RCU implementation.
[    0.000000] rcu: 	RCU event tracing is enabled.
[    0.000000] rcu: 	RCU restricting CPUs from NR_CPUS=8 to nr_cpu_ids=4.
[    0.000000] rcu: RCU calculated value of scheduler-enlistment delay is 25 jiffies.
[    0.000000] rcu: Adjusting geometry for rcu_fanout_leaf=16, nr_cpu_ids=4
[    0.000000] NR_IRQS: 64, nr_irqs: 64, preallocated irqs: 0
[    0.000000] GIC: Adjusting CPU interface base to 0x00000000f902f000
[    0.000000] GIC: Using split EOI/Deactivate mode
[    0.000000] random: get_random_bytes called from start_kernel+0x2a8/0x42c with crng_init=0
[    0.000000] arch_timer: cp15 timer(s) running at 33.33MHz (phys).
[    0.000000] clocksource: arch_sys_counter: mask: 0xffffffffffffff max_cycles: 0x7b0074340, max_idle_ns: 440795202884 ns
[    0.000003] sched_clock: 56 bits at 33MHz, resolution 30ns, wraps every 2199023255543ns
[    0.000287] Console: colour dummy device 80x25
[    0.000307] Calibrating delay loop (skipped), value calculated using timer frequency.. 66.66 BogoMIPS (lpj=133332)
[    0.000314] pid_max: default: 32768 minimum: 301
[    0.000448] Mount-cache hash table entries: 8192 (order: 4, 65536 bytes, linear)
[    0.000462] Mountpoint-cache hash table entries: 8192 (order: 4, 65536 bytes, linear)
[    0.001333] ASID allocator initialised with 32768 entries
[    0.001383] rcu: Hierarchical SRCU implementation.
[    0.001564] EFI services will not be available.
[    0.001677] smp: Bringing up secondary CPUs ...
[    0.001975] Detected VIPT I-cache on CPU1
[    0.002003] CPU1: Booted secondary processor 0x0000000001 [0x410fd034]
[    0.002320] Detected VIPT I-cache on CPU2
[    0.002338] CPU2: Booted secondary processor 0x0000000002 [0x410fd034]
[    0.002636] Detected VIPT I-cache on CPU3
[    0.002653] CPU3: Booted secondary processor 0x0000000003 [0x410fd034]
[    0.002696] smp: Brought up 1 node, 4 CPUs
[    0.002708] SMP: Total of 4 processors activated.
[    0.002712] CPU features: detected: 32-bit EL0 Support
[    0.002717] CPU features: detected: CRC32 instructions
[    0.002744] CPU: All CPU(s) started at EL2
[    0.002756] alternatives: patching kernel code
[    0.003754] devtmpfs: initialized
[    0.007851] clocksource: jiffies: mask: 0xffffffff max_cycles: 0xffffffff, max_idle_ns: 7645041785100000 ns
[    0.007862] futex hash table entries: 1024 (order: 4, 65536 bytes, linear)
[    0.013390] xor: measuring software checksum speed
[    0.052028]    8regs     :  2639.000 MB/sec
[    0.092053]    32regs    :  3027.000 MB/sec
[    0.132081]    arm64_neon:  2628.000 MB/sec
[    0.132086] xor: using function: 32regs (3027.000 MB/sec)
[    0.132096] pinctrl core: initialized pinctrl subsystem
[    0.132668] NET: Registered protocol family 16
[    0.133619] DMA: preallocated 256 KiB pool for atomic allocations
[    0.133640] audit: initializing netlink subsys (disabled)
[    0.133750] audit: type=2000 audit(0.132:1): state=initialized audit_enabled=0 res=1
[    0.134169] hw-breakpoint: found 6 breakpoint and 4 watchpoint registers.
[    0.144842] HugeTLB registered 1.00 GiB page size, pre-allocated 0 pages
[    0.144849] HugeTLB registered 32.0 MiB page size, pre-allocated 0 pages
[    0.144854] HugeTLB registered 2.00 MiB page size, pre-allocated 0 pages
[    0.144858] HugeTLB registered 64.0 KiB page size, pre-allocated 0 pages
[    1.110915] DRBG: Continuing without Jitter RNG
[    1.184719] raid6: neonx8   gen()  1718 MB/s
[    1.252747] raid6: neonx8   xor()  1624 MB/s
[    1.320792] raid6: neonx4   gen()  1642 MB/s
[    1.388828] raid6: neonx4   xor()  1577 MB/s
[    1.456868] raid6: neonx2   gen()  1248 MB/s
[    1.524920] raid6: neonx2   xor()  1303 MB/s
[    1.592974] raid6: neonx1   gen()   808 MB/s
[    1.660998] raid6: neonx1   xor()   978 MB/s
[    1.729057] raid6: int64x8  gen()  1291 MB/s
[    1.797096] raid6: int64x8  xor()   844 MB/s
[    1.865151] raid6: int64x4  gen()  1085 MB/s
[    1.933186] raid6: int64x4  xor()   815 MB/s
[    2.001243] raid6: int64x2  gen()   753 MB/s
[    2.069250] raid6: int64x2  xor()   657 MB/s
[    2.137350] raid6: int64x1  gen()   499 MB/s
[    2.205392] raid6: int64x1  xor()   500 MB/s
[    2.205396] raid6: using algorithm neonx8 gen() 1718 MB/s
[    2.205399] raid6: .... xor() 1624 MB/s, rmw enabled
[    2.205403] raid6: using neon recovery algorithm
[    2.205712] iommu: Default domain type: Translated 
[    2.205902] SCSI subsystem initialized
[    2.206030] usbcore: registered new interface driver usbfs
[    2.206057] usbcore: registered new interface driver hub
[    2.206085] usbcore: registered new device driver usb
[    2.206127] mc: Linux media interface: v0.10
[    2.206144] videodev: Linux video capture interface: v2.00
[    2.206160] pps_core: LinuxPPS API ver. 1 registered
[    2.206164] pps_core: Software ver. 5.3.6 - Copyright 2005-2007 Rodolfo Giometti <giometti@linux.it>
[    2.206174] PTP clock support registered
[    2.206193] EDAC MC: Ver: 3.0.0
[    2.206540] zynqmp-ipi-mbox mailbox@ff990400: Registered ZynqMP IPI mbox with TX/RX channels.
[    2.206695] FPGA manager framework
[    2.206811] Advanced Linux Sound Architecture Driver Initialized.
[    2.207054] Bluetooth: Core ver 2.22
[    2.207078] NET: Registered protocol family 31
[    2.207082] Bluetooth: HCI device and connection manager initialized
[    2.207088] Bluetooth: HCI socket layer initialized
[    2.207094] Bluetooth: L2CAP socket layer initialized
[    2.207104] Bluetooth: SCO socket layer initialized
[    2.207459] clocksource: Switched to clocksource arch_sys_counter
[    2.207545] VFS: Disk quotas dquot_6.6.0
[    2.207584] VFS: Dquot-cache hash table entries: 512 (order 0, 4096 bytes)
[    2.211253] NET: Registered protocol family 2
[    2.211575] tcp_listen_portaddr_hash hash table entries: 2048 (order: 3, 32768 bytes, linear)
[    2.211615] TCP established hash table entries: 32768 (order: 6, 262144 bytes, linear)
[    2.211800] TCP bind hash table entries: 32768 (order: 7, 524288 bytes, linear)
[    2.212150] TCP: Hash tables configured (established 32768 bind 32768)
[    2.212216] UDP hash table entries: 2048 (order: 4, 65536 bytes, linear)
[    2.212283] UDP-Lite hash table entries: 2048 (order: 4, 65536 bytes, linear)
[    2.212426] NET: Registered protocol family 1
[    2.212671] RPC: Registered named UNIX socket transport module.
[    2.212675] RPC: Registered udp transport module.
[    2.212678] RPC: Registered tcp transport module.
[    2.212681] RPC: Registered tcp NFSv4.1 backchannel transport module.
[    2.212912] PCI: CLS 0 bytes, default 64
[    2.213391] hw perfevents: no interrupt-affinity property for /pmu, guessing.
[    2.213527] hw perfevents: enabled with armv8_pmuv3 PMU driver, 7 counters available
[    2.214222] Initialise system trusted keyrings
[    2.214295] workingset: timestamp_bits=46 max_order=20 bucket_order=0
[    2.214973] NFS: Registering the id_resolver key type
[    2.214988] Key type id_resolver registered
[    2.214991] Key type id_legacy registered
[    2.215000] nfs4filelayout_init: NFSv4 File Layout Driver Registering...
[    2.215015] jffs2: version 2.2. (NAND) Â© 2001-2006 Red Hat, Inc.
[    2.227356] NET: Registered protocol family 38
[    2.227362] Key type asymmetric registered
[    2.227366] Asymmetric key parser 'x509' registered
[    2.227387] Block layer SCSI generic (bsg) driver version 0.4 loaded (major 247)
[    2.227393] io scheduler mq-deadline registered
[    2.227397] io scheduler kyber registered
[    2.250854] Serial: 8250/16550 driver, 4 ports, IRQ sharing disabled
[    2.253684] cacheinfo: Unable to detect cache hierarchy for CPU 0
[    2.257491] brd: module loaded
[    2.261499] loop: module loaded
[    2.262092] mtdoops: mtd device (mtddev=name/number) must be supplied
[    2.263051] libphy: Fixed MDIO Bus: probed
[    2.263905] tun: Universal TUN/TAP device driver, 1.6
[    2.263980] CAN device driver interface
[    2.264686] usbcore: registered new interface driver asix
[    2.264720] usbcore: registered new interface driver ax88179_178a
[    2.264740] usbcore: registered new interface driver cdc_ether
[    2.264761] usbcore: registered new interface driver net1080
[    2.264780] usbcore: registered new interface driver cdc_subset
[    2.264799] usbcore: registered new interface driver zaurus
[    2.264828] usbcore: registered new interface driver cdc_ncm
[    2.265547] usbcore: registered new interface driver uas
[    2.265575] usbcore: registered new interface driver usb-storage
[    2.266075] rtc_zynqmp ffa60000.rtc: registered as rtc0
[    2.266117] i2c /dev entries driver
[    2.267391] usbcore: registered new interface driver uvcvideo
[    2.267395] USB Video Class driver (1.1.1)
[    2.267710] Bluetooth: HCI UART driver ver 2.3
[    2.267716] Bluetooth: HCI UART protocol H4 registered
[    2.267719] Bluetooth: HCI UART protocol BCSP registered
[    2.267738] Bluetooth: HCI UART protocol LL registered
[    2.267742] Bluetooth: HCI UART protocol ATH3K registered
[    2.267755] Bluetooth: HCI UART protocol Three-wire (H5) registered
[    2.267787] Bluetooth: HCI UART protocol Intel registered
[    2.267801] Bluetooth: HCI UART protocol QCA registered
[    2.267825] usbcore: registered new interface driver bcm203x
[    2.267849] usbcore: registered new interface driver bpa10x
[    2.267872] usbcore: registered new interface driver bfusb
[    2.267896] usbcore: registered new interface driver btusb
[    2.267931] usbcore: registered new interface driver ath3k
[    2.268079] EDAC MC0: 13 UE BankGroup Number 0 Block Number 0 on mc#0csrow#0channel#0 (csrow:0 channel:0 page:0x0 offset:0x0 grain:1)
[    2.268145] EDAC MC0: Giving out device to module 1 controller synps_ddr_controller: DEV synps_edac (INTERRUPT)
[    2.268264] EDAC DEVICE0: Giving out device to module edac controller cache_err: DEV edac (POLLED)
[    2.268408] EDAC DEVICE1: Giving out device to module zynqmp-ocm-edac controller zynqmp_ocm: DEV ff960000.memory-controller (INTERRUPT)
[    2.268722] sdhci: Secure Digital Host Controller Interface driver
[    2.268725] sdhci: Copyright(c) Pierre Ossman
[    2.268729] sdhci-pltfm: SDHCI platform and OF driver helper
[    2.269027] ledtrig-cpu: registered to indicate activity on CPUs
[    2.269067] zynqmp_firmware_probe Platform Management API v1.1
[    2.269072] zynqmp_firmware_probe Trustzone version v1.0
[    2.291735] alg: No test for xilinx-zynqmp-aes (zynqmp-aes)
[    2.291872] zynqmp_aes zynqmp_aes: AES Successfully Registered
[    2.291872] 
[    2.292014] alg: No test for xilinx-keccak-384 (zynqmp-keccak-384)
[    2.292229] alg: No test for xilinx-zynqmp-rsa (zynqmp-rsa)
[    2.292450] usbcore: registered new interface driver usbhid
[    2.292453] usbhid: USB HID core driver
[    2.294568] fpga_manager fpga0: Xilinx ZynqMP FPGA Manager registered
[    2.294832] usbcore: registered new interface driver snd-usb-audio
[    2.295560] pktgen: Packet Generator for packet performance testing. Version: 2.75
[    2.296048] Initializing XFRM netlink socket
[    2.296124] NET: Registered protocol family 10
[    2.296483] Segment Routing with IPv6
[    2.296584] sit: IPv6, IPv4 and MPLS over IPv4 tunneling driver
[    2.296878] NET: Registered protocol family 17
[    2.296892] NET: Registered protocol family 15
[    2.296909] bridge: filtering via arp/ip/ip6tables is no longer available by default. Update your scripts to load br_netfilter if you need this.
[    2.296913] can: controller area network core (rev 20170425 abi 9)
[    2.296937] NET: Registered protocol family 29
[    2.296942] can: raw protocol (rev 20170425)
[    2.296946] can: broadcast manager protocol (rev 20170425 t)
[    2.296952] can: netlink gateway (rev 20190810) max_hops=1
[    2.297026] Bluetooth: RFCOMM TTY layer initialized
[    2.297033] Bluetooth: RFCOMM socket layer initialized
[    2.297045] Bluetooth: RFCOMM ver 1.11
[    2.297053] Bluetooth: BNEP (Ethernet Emulation) ver 1.3
[    2.297057] Bluetooth: BNEP filters: protocol multicast
[    2.297062] Bluetooth: BNEP socket layer initialized
[    2.297065] Bluetooth: HIDP (Human Interface Emulation) ver 1.2
[    2.297070] Bluetooth: HIDP socket layer initialized
[    2.297164] 9pnet: Installing 9P2000 support
[    2.297182] Key type dns_resolver registered
[    2.297487] registered taskstats version 1
[    2.297491] Loading compiled-in X.509 certificates
[    2.297863] Btrfs loaded, crc32c=crc32c-generic
[    2.305698] ff000000.serial: ttyPS0 at MMIO 0xff000000 (irq = 41, base_baud = 6249999) is a xuartps
[    3.567006] printk: console [ttyPS0] enabled
[    3.571583] of-fpga-region fpga-full: FPGA Region probed
[    3.577397] GPIO IRQ not connected
[    3.580793] XGpio: gpio@80010000: registered, base is 509
[    3.586767] xilinx-zynqmp-dma fd500000.dma: ZynqMP DMA driver Probe success
[    3.593852] xilinx-zynqmp-dma fd510000.dma: ZynqMP DMA driver Probe success
[    3.600941] xilinx-zynqmp-dma fd520000.dma: ZynqMP DMA driver Probe success
[    3.608025] xilinx-zynqmp-dma fd530000.dma: ZynqMP DMA driver Probe success
[    3.615116] xilinx-zynqmp-dma fd540000.dma: ZynqMP DMA driver Probe success
[    3.622215] xilinx-zynqmp-dma fd550000.dma: ZynqMP DMA driver Probe success
[    3.629298] xilinx-zynqmp-dma fd560000.dma: ZynqMP DMA driver Probe success
[    3.636383] xilinx-zynqmp-dma fd570000.dma: ZynqMP DMA driver Probe success
[    3.643552] xilinx-zynqmp-dma ffa80000.dma: ZynqMP DMA driver Probe success
[    3.650634] xilinx-zynqmp-dma ffa90000.dma: ZynqMP DMA driver Probe success
[    3.657720] xilinx-zynqmp-dma ffaa0000.dma: ZynqMP DMA driver Probe success
[    3.664808] xilinx-zynqmp-dma ffab0000.dma: ZynqMP DMA driver Probe success
[    3.671896] xilinx-zynqmp-dma ffac0000.dma: ZynqMP DMA driver Probe success
[    3.678982] xilinx-zynqmp-dma ffad0000.dma: ZynqMP DMA driver Probe success
[    3.686071] xilinx-zynqmp-dma ffae0000.dma: ZynqMP DMA driver Probe success
[    3.693155] xilinx-zynqmp-dma ffaf0000.dma: ZynqMP DMA driver Probe success
[    3.700358] zynqmp-qspi ff0f0000.spi: rx bus width not found
[    3.706015] zynqmp-qspi ff0f0000.spi: tx bus width not found
[    3.711823] spi_master spi0: cannot find modalias for /amba/spi@ff0f0000/flash@0
[    3.719217] spi_master spi0: Failed to create SPI device for /amba/spi@ff0f0000/flash@0
[    3.727515] macb ff0b0000.ethernet: Not enabling partial store and forward
[    3.734863] libphy: MACB_mii_bus: probed
[    3.740184] zynqmp_pll_disable() clock disable failed for dpll_int, ret = -13
[    3.808714] Micrel KSZ9031 Gigabit PHY ff0b0000.ethernet-ffffffff:03: attached PHY driver [Micrel KSZ9031 Gigabit PHY] (mii_bus:phy_addr=ff0b0000.ethernet-ffffffff:03, irq=POLL)
[    3.824529] macb ff0b0000.ethernet eth0: Cadence GEM rev 0x50070106 at 0xff0b0000 irq 29 (ca:9f:1e:3a:b6:24)
[    3.834608] macb ff0c0000.ethernet: Not enabling partial store and forward
[    3.841881] libphy: MACB_mii_bus: probed
[    3.916631] Micrel KSZ9031 Gigabit PHY ff0c0000.ethernet-ffffffff:03: attached PHY driver [Micrel KSZ9031 Gigabit PHY] (mii_bus:phy_addr=ff0c0000.ethernet-ffffffff:03, irq=POLL)
[    3.932446] macb ff0c0000.ethernet eth1: Cadence GEM rev 0x50070106 at 0xff0c0000 irq 30 (ca:9f:1e:3a:b6:25)
[    3.942529] xilinx-axipmon ffa00000.perf-monitor: Probed Xilinx APM
[    3.949043] xilinx-axipmon fd0b0000.perf-monitor: Probed Xilinx APM
[    3.955593] xilinx-axipmon fd490000.perf-monitor: Probed Xilinx APM
[    3.962058] xilinx-axipmon ffa10000.perf-monitor: Probed Xilinx APM
[    3.968530] dwc3-of-simple ff9d0000.usb0: dwc3_simple_set_phydata: Can't find usb3-phy
[    3.976816] dwc3 fe200000.dwc3: Failed to get clk 'ref': -2
[    3.982773] dwc3-of-simple ff9e0000.usb1: dwc3_simple_set_phydata: Can't find usb3-phy
[    3.990998] dwc3 fe300000.dwc3: Failed to get clk 'ref': -2
[    3.997609] i2c i2c-0: Added multiplexed i2c bus 1
[    4.001928] xhci-hcd xhci-hcd.0.auto: xHCI Host Controller
[    4.002500] i2c i2c-0: Added multiplexed i2c bus 2
[    4.007876] xhci-hcd xhci-hcd.0.auto: new USB bus registered, assigned bus number 1
[    4.012758] i2c i2c-0: Added multiplexed i2c bus 3
[    4.020382] xhci-hcd xhci-hcd.0.auto: hcc params 0x0238f625 hci version 0x100 quirks 0x0000000202010010
[    4.025262] i2c i2c-0: Added multiplexed i2c bus 4
[    4.034476] xhci-hcd xhci-hcd.0.auto: irq 46, io mem 0xfe300000
[    4.039419] i2c i2c-0: Added multiplexed i2c bus 5
[    4.045564] xhci-hcd xhci-hcd.1.auto: xHCI Host Controller
[    4.050041] i2c i2c-0: Added multiplexed i2c bus 6
[    4.055477] usb usb1: New USB device found, idVendor=1d6b, idProduct=0002, bcdDevice= 5.04
[    4.060305] i2c i2c-0: Added multiplexed i2c bus 7
[    4.068451] usb usb1: New USB device strings: Mfr=3, Product=2, SerialNumber=1
[    4.073443] i2c i2c-0: Added multiplexed i2c bus 8
[    4.080434] usb usb1: Product: xHCI Host Controller
[    4.080437] usb usb1: Manufacturer: Linux 5.4.0-xilinx-v2020.1 xhci-hcd
[    4.085221] pca954x 0-0070: registered 8 multiplexed busses for I2C switch pca9548
[    4.090078] usb usb1: SerialNumber: xhci-hcd.0.auto
[    4.096709] cdns-i2c ff020000.i2c: 400 kHz mmio ff020000 irq 32
[    4.115370] cpufreq: cpufreq_online: CPU0: Running at unlisted freq: 1333333 KHz
[    4.122769] cpu cpu0: dev_pm_opp_set_rate: failed to find current OPP for freq 1333333320 (-34)
[    4.131505] cpufreq: cpufreq_online: CPU0: Unlisted initial frequency changed to: 1199999 KHz
[    4.131634] hub 1-0:1.0: USB hub found
[    4.140042] cpu cpu0: dev_pm_opp_set_rate: failed to find current OPP for freq 1333333320 (-34)
[    4.143783] hub 1-0:1.0: 1 port detected
[    4.156547] xhci-hcd xhci-hcd.0.auto: xHCI Host Controller
[    4.162035] xhci-hcd xhci-hcd.0.auto: new USB bus registered, assigned bus number 2
[    4.169691] xhci-hcd xhci-hcd.0.auto: Host supports USB 3.0 SuperSpeed
[    4.176250] usb usb2: We don't know the algorithms for LPM for this host, disabling LPM.
[    4.184203] mmc0: SDHCI controller on ff160000.mmc [ff160000.mmc] using ADMA 64-bit
[    4.184408] usb usb2: New USB device found, idVendor=1d6b, idProduct=0003, bcdDevice= 5.04
[    4.200238] usb usb2: New USB device strings: Mfr=3, Product=2, SerialNumber=1
[    4.207451] usb usb2: Product: xHCI Host Controller
[    4.212329] usb usb2: Manufacturer: Linux 5.4.0-xilinx-v2020.1 xhci-hcd
[    4.218934] usb usb2: SerialNumber: xhci-hcd.0.auto
[    4.223584] mmc1: SDHCI controller on ff170000.mmc [ff170000.mmc] using ADMA 64-bit
[    4.224057] hub 2-0:1.0: USB hub found
[    4.235186] rtc_zynqmp ffa60000.rtc: setting system clock to 2021-11-30T14:18:58 UTC (1638281938)
[    4.235190] of_cfs_init
[    4.235216] of_cfs_init: OK
[    4.244126] hub 2-0:1.0: 1 port detected
[    4.253512] xhci-hcd xhci-hcd.1.auto: new USB bus registered, assigned bus number 3
[    4.261274] xhci-hcd xhci-hcd.1.auto: hcc params 0x0238f625 hci version 0x100 quirks 0x0000000202010010
[    4.270685] xhci-hcd xhci-hcd.1.auto: irq 43, io mem 0xfe200000
[    4.276916] usb usb3: New USB device found, idVendor=1d6b, idProduct=0002, bcdDevice= 5.04
[    4.285187] usb usb3: New USB device strings: Mfr=3, Product=2, SerialNumber=1
[    4.292407] usb usb3: Product: xHCI Host Controller
[    4.297284] usb usb3: Manufacturer: Linux 5.4.0-xilinx-v2020.1 xhci-hcd
[    4.303886] usb usb3: SerialNumber: xhci-hcd.1.auto
[    4.309061] hub 3-0:1.0: USB hub found
[    4.312915] hub 3-0:1.0: 1 port detected
[    4.317084] xhci-hcd xhci-hcd.1.auto: xHCI Host Controller
[    4.322580] xhci-hcd xhci-hcd.1.auto: new USB bus registered, assigned bus number 4
[    4.330238] xhci-hcd xhci-hcd.1.auto: Host supports USB 3.0 SuperSpeed
[    4.336903] usb usb4: We don't know the algorithms for LPM for this host, disabling LPM.
[    4.345106] usb usb4: New USB device found, idVendor=1d6b, idProduct=0003, bcdDevice= 5.04
[    4.353373] usb usb4: New USB device strings: Mfr=3, Product=2, SerialNumber=1
[    4.360589] usb usb4: Product: xHCI Host Controller
[    4.365467] usb usb4: Manufacturer: Linux 5.4.0-xilinx-v2020.1 xhci-hcd
[    4.372073] usb usb4: SerialNumber: xhci-hcd.1.auto
[    4.377222] hub 4-0:1.0: USB hub found
[    4.381032] hub 4-0:1.0: 1 port detected
[    4.399508] mmc1: new high speed SDHC card at address 5048
[    4.405352] mmcblk1: mmc1:5048 SD16G 14.4 GiB 
[    4.411188]  mmcblk1: p1 p2
[    4.456487] mmc0: new HS200 MMC card at address 0001
[    4.461759] mmcblk0: mmc0:0001 W52516 14.3 GiB 
[    4.466457] mmcblk0boot0: mmc0:0001 W52516 partition 1 4.00 MiB
[    4.472538] mmcblk0boot1: mmc0:0001 W52516 partition 2 4.00 MiB
[    4.478516] mmcblk0rpmb: mmc0:0001 W52516 partition 3 4.00 MiB, chardev (245:0)
[    4.486919]  mmcblk0: p1
[   16.543473] cfg80211: Loading compiled-in X.509 certificates for regulatory database
[   16.667193] cfg80211: Loaded X.509 cert 'sforshee: 00b28ddf47aef9cea7'
[   16.673718] clk: Not disabling unused clocks
[   16.677983] ALSA device list:
[   16.680941]   No soundcards found.
[   16.684628] platform regulatory.0: Direct firmware load for regulatory.db failed with error -2
[   16.693241] cfg80211: failed to load regulatory.db
[   16.874021] EXT4-fs (mmcblk1p2): mounted filesystem with ordered data mode. Opts: (null)
[   16.882126] VFS: Mounted root (ext4 filesystem) on device 179:2.
[   16.896511] devtmpfs: mounted
[   16.899625] Freeing unused kernel memory: 704K
[   16.904094] Run /sbin/init as init process
[   17.104106] random: fast init done
[   17.386437] random: systemd: uninitialized urandom read (16 bytes read)
[   17.402441] random: systemd: uninitialized urandom read (16 bytes read)
[   17.428643] systemd[1]: systemd 219 running in system mode. (+PAM +AUDIT +SELINUX +IMA -APPARMOR +SMACK +SYSVINIT +UTMP +LIBCRYPTSETUP +GCRYPT +GNUTLS +ACL +XZ +LZ4 -SECCOMP +BLKID +ELFUTILS +KMOD +IDN)
[   17.446944] systemd[1]: Detected architecture arm64.

Welcome to [0;31mCentOS Linux 7 (AltArch)[0m!

[   17.472483] systemd[1]: Set hostname to <sl-xu5-01>.
[   17.504193] random: systemd: uninitialized urandom read (16 bytes read)
[   18.083795] systemd[1]: Reached target Swap.
[[32m  OK  [0m] Reached target Swap.
[   18.099622] systemd[1]: Started Forward Password Requests to Wall Directory Watch.
[[32m  OK  [0m] Started Forward Password Requests to Wall Directory Watch.
[   18.124121] systemd[1]: Created slice Root Slice.
[[32m  OK  [0m] Created slice Root Slice.
[   18.139703] systemd[1]: Created slice User and Session Slice.
[[32m  OK  [0m] Created slice User and Session Slice.
[   18.155575] systemd[1]: Listening on udev Kernel Socket.
[[32m  OK  [0m] Listening on udev Kernel Socket.
[   18.171570] systemd[1]: Listening on /dev/initctl Compatibility Named Pipe.
[[32m  OK  [0m] Listening on /dev/initctl Compatibility Named Pipe.
[   18.195561] systemd[1]: Listening on LVM2 metadata daemon socket.
[[32m  OK  [0m] Listening on LVM2 metadata daemon socket.
[[32m  OK  [0m] Listening on Delayed Shutdown Socket.
[[32m  OK  [0m] Listening on Device-mapper event daemon FIFOs.
[[32m  OK  [0m] Listening on Journal Socket.
[[32m  OK  [0m] Listening on udev Control Socket.
[[32m  OK  [0m] Listening on LVM2 poll daemon socket.
[[32m  OK  [0m] Created slice System Slice.
[[32m  OK  [0m] Created slice system-getty.slice.
[[32m  OK  [0m] Reached target Slices.
         Mounting POSIX Message Queue File System...
[[32m  OK  [0m] Created slice system-selinux\x2dpol...grate\x2dlocal\x2dchanges.slice.
         Starting Journal Service...
         Mounting Debug File System...
         Starting Read and set NIS domainname from /etc/sysconfig/network...
         Starting Collect Read-Ahead Data...
[[32m  OK  [0m] Created slice system-serial\x2dgetty.slice.
[   18.406784] systemd-readahead[166]: Failed to create fanotify object: Function not implemented
         Mounting Huge Pages File System...
         Starting Monitoring of LVM2 mirrors... dmeventd or progress polling...
[[32m  OK  [0m] Mounted POSIX Message Queue File System.
[[32m  OK  [0m] Mounted Huge Pages File System.
[[32m  OK  [0m] Mounted Debug File System.
[[1;31mFAILED[0m] Failed to start Collect Read-Ahead Data.
See 'systemctl status systemd-readahead-collect.service' for details.
[[32m  OK  [0m] Started Read and set NIS domainname from /etc/sysconfig/network.
[[32m  OK  [0m] Started Journal Service.
         Mounting Configuration File System...
         Starting Create Static Device Nodes in /dev...
         Starting Setup Virtual Console...
         Starting Apply Kernel Variables...
         Starting Flush Journal to Persistent Storage...
         Starting Configure read-only root support...
         Starting udev Coldplug all Devices...
[[32m  OK  [0m] Mounted Configuration File System.
[[32m  OK  [0m] Started Apply Kernel Variables.
[[32m  OK  [0m] Started LVM2 metadata daemon.
[   18.745658] systemd-journald[159]: Received request to flush runtime journal from PID 1
[[32m  OK  [0m] Started Flush Journal to Persistent Storage.
[[32m  OK  [0m] Started Configure read-only root support.
[[32m  OK  [0m] Started Create Static Device Nodes in /dev.
[[32m  OK  [0m] Started udev Coldplug all Devices.
         Starting udev Wait for Complete Device Initialization...
         Starting udev Kernel Device Manager...
         Starting Load/Save Random Seed...
[[32m  OK  [0m] Started Load/Save Random Seed.
[[32m  OK  [0m] Started Setup Virtual Console.
[[32m  OK  [0m] Started udev Kernel Device Manager.
         Starting Show Plymouth Boot Screen...
[[32m  OK  [0m] Started Show Plymouth Boot Screen.
[[32m  OK  [0m] Started Forward Password Requests to Plymouth Directory Watch.
[[32m  OK  [0m] Found device /dev/ttyPS0.
%G[[32m  OK  [0m] Started udev Wait for Complete Device Initialization.
         Starting Activation of DM RAID sets...
[[32m  OK  [0m] Started Activation of DM RAID sets.
[[32m  OK  [0m] Reached target Local Encrypted Volumes.
[[32m  OK  [0m] Started Monitoring of LVM2 mirrors,...ng dmeventd or progress polling.
[[32m  OK  [0m] Reached target Local File Systems (Pre).
[[32m  OK  [0m] Reached target Local File Systems.
         Starting Create Volatile Files and Directories...
         Starting Tell Plymouth To Write Out Runtime Data...
[[32m  OK  [0m] Started Tell Plymouth To Write Out Runtime Data.
[[32m  OK  [0m] Started Create Volatile Files and Directories.
         Starting Security Auditing Service...
[[32m  OK  [0m] Started Security Auditing Service.
         Starting Update UTMP about System Boot/Shutdown...
[[32m  OK  [0m] Started Update UTMP about System Boot/Shutdown.
[[32m  OK  [0m] Reached target System Initialization.
[[32m  OK  [0m] Listening on PC/SC Smart Card Daemon Activation Socket.
[[32m  OK  [0m] Started Daily Cleanup of Temporary Directories.
[[32m  OK  [0m] Reached target Timers.
[[32m  OK  [0m] Listening on D-Bus System Message Bus Socket.
[[32m  OK  [0m] Started Flexible branding.
[[32m  OK  [0m] Reached target Paths.
[[32m  OK  [0m] Listening on Open-iSCSI iscsid Socket.
[[32m  OK  [0m] Listening on Open-iSCSI iscsiuio Socket.
[[32m  OK  [0m] Reached target Sockets.
[[32m  OK  [0m] Reached target Basic System.
[[32m  OK  [0m] Started irqbalance daemon.
         Starting NTP client/server...
[[32m  OK  [0m] Started D-Bus System Message Bus.
         Starting Authorization Manager...
         Starting Dump dmesg to /var/log/dmesg...
         Starting Login Service...
[[32m  OK  [0m] Started NTP client/server.
[[32m  OK  [0m] Started Login Service.
[[32m  OK  [0m] Started Dump dmesg to /var/log/dmesg.
[[32m  OK  [0m] Started Authorization Manager.
         Starting firewalld - dynamic firewall daemon...
[[32m  OK  [0m] Started firewalld - dynamic firewall daemon.
[[32m  OK  [0m] Reached target Network (Pre).
         Starting Network Manager...
[[32m  OK  [0m] Started Network Manager.
         Starting Network Manager Wait Online...
         Starting Hostname Service...
[[32m  OK  [0m] Started Hostname Service.
         Starting Network Manager Script Dispatcher Service...
[[32m  OK  [0m] Started Network Manager Script Dispatcher Service.
[   23.456864] pps pps0: new PPS source ptp0
[   23.460907] macb ff0b0000.ethernet: gem-ptp-timer ptp clock registered.
[   23.507483] pps pps1: new PPS source ptp1
[   23.511527] macb ff0c0000.ethernet: gem-ptp-timer ptp clock registered.
[   27.552091] macb ff0b0000.ethernet eth0: link up (1000/Full)
[   27.557763] IPv6: ADDRCONF(NETDEV_CHANGE): eth0: link becomes ready
[   27.583759] macb ff0c0000.ethernet eth1: unable to generate target frequency: 125000000 Hz
[   27.592051] macb ff0c0000.ethernet eth1: link up (1000/Full)
[   27.598422] IPv6: ADDRCONF(NETDEV_CHANGE): eth1: link becomes ready
[[0m[31m*     [0m] A start job is running for Network ...ger Wait Online (10s / no limit)[K[[1;31m*[0m[31m*    [0m] A start job is running for Network ...ger Wait Online (10s / no limit)[K[[31m*[1;31m*[0m[31m*   [0m] A start job is running for Network ...ger Wait Online (11s / no limit)[K[ [31m*[1;31m*[0m[31m*  [0m] A start job is running for Network ...ger Wait Online (11s / no limit)[K[  [31m*[1;31m*[0m[31m* [0m] A start job is running for Network ...ger Wait Online (12s / no limit)[K[   [31m*[1;31m*[0m[31m*[0m] A start job is running for Network ...ger Wait Online (12s / no limit)[K[    [31m*[1;31m*[0m] A start job is running for Network ...ger Wait Online (13s / no limit)[K[     [31m*[0m] A start job is running for Network ...ger Wait Online (13s / no limit)[K[    [31m*[1;31m*[0m] A start job is running for Network ...ger Wait Online (14s / no limit)[K[   [31m*[1;31m*[0m[31m*[0m] A start job is running for Network ...ger Wait Online (14s / no limit)[K[  [31m*[1;31m*[0m[31m* [0m] A start job is running for Network ...ger Wait Online (15s / no limit)[K[ [31m*[1;31m*[0m[31m*  [0m] A start job is running for Network ...ger Wait Online (15s / no limit)[K[[31m*[1;31m*[0m[31m*   [0m] A start job is running for Network ...ger Wait Online (16s / no limit)[K[[1;31m*[0m[31m*    [0m] A start job is running for Network ...ger Wait Online (16s / no limit)[K         Starting Network Manager Script Dispatcher Service...
[[32m  OK  [0m] Started Network Manager Script Dispatcher Service.
[[0m[31m*     [0m] A start job is running for Network ...ger Wait Online (22s / no limit)[K[[1;31m*[0m[31m*    [0m] A start job is running for Network ...ger Wait Online (22s / no limit)[K[[31m*[1;31m*[0m[31m*   [0m] A start job is running for Network ...ger Wait Online (23s / no limit)[K[ [31m*[1;31m*[0m[31m*  [0m] A start job is running for Network ...ger Wait Online (23s / no limit)[K[  [31m*[1;31m*[0m[31m* [0m] A start job is running for Network ...ger Wait Online (24s / no limit)[K[   [31m*[1;31m*[0m[31m*[0m] A start job is running for Network ...ger Wait Online (24s / no limit)[K[    [31m*[1;31m*[0m] A start job is running for Network ...ger Wait Online (25s / no limit)[K[     [31m*[0m] A start job is running for Network ...ger Wait Online (25s / no limit)[K[    [31m*[1;31m*[0m] A start job is running for Network ...ger Wait Online (26s / no limit)[K[   [31m*[1;31m*[0m[31m*[0m] A start job is running for Network ...ger Wait Online (26s / no limit)[K[  [31m*[1;31m*[0m[31m* [0m] A start job is running for Network ...ger Wait Online (27s / no limit)[K[ [31m*[1;31m*[0m[31m*  [0m] A start job is running for Network ...ger Wait Online (27s / no limit)[K[[31m*[1;31m*[0m[31m*   [0m] A start job is running for Network ...ger Wait Online (28s / no limit)[K[[1;31m*[0m[31m*    [0m] A start job is running for Network ...ger Wait Online (28s / no limit)[K[[0m[31m*     [0m] A start job is running for Network ...ger Wait Online (29s / no limit)[K[[1;31m*[0m[31m*    [0m] A start job is running for Network ...ger Wait Online (29s / no limit)[K[[31m*[1;31m*[0m[31m*   [0m] A start job is running for Network ...ger Wait Online (30s / no limit)[K[ [31m*[1;31m*[0m[31m*  [0m] A start job is running for Network ...ger Wait Online (30s / no limit)[K[  [31m*[1;31m*[0m[31m* [0m] A start job is running for Network ...ger Wait Online (31s / no limit)[K[   [31m*[1;31m*[0m[31m*[0m] A start job is running for Network ...ger Wait Online (31s / no limit)[K[    [31m*[1;31m*[0m] A start job is running for Network ...ger Wait Online (32s / no limit)[K[     [31m*[0m] A start job is running for Network ...ger Wait Online (32s / no limit)[K[    [31m*[1;31m*[0m] A start job is running for Network ...ger Wait Online (33s / no limit)[K[   [31m*[1;31m*[0m[31m*[0m] A start job is running for Network ...ger Wait Online (33s / no limit)[K[  [31m*[1;31m*[0m[31m* [0m] A start job is running for Network ...ger Wait Online (34s / no limit)[K[ [31m*[1;31m*[0m[31m*  [0m] A start job is running for Network ...ger Wait Online (34s / no limit)[K[[1;31mFAILED[0m] Failed to start Network Manager Wait Online.
See 'systemctl status NetworkManager-wait-online.service' for details.
         Starting LSB: Bring up/down networking...
[[1;31mFAILED[0m] Failed to start LSB: Bring up/down networking.
See 'systemctl status network.service' for details.
[[32m  OK  [0m] Reached target Network.
         Starting Dynamic System Tuning Daemon...
         Starting Postfix Mail Transport Agent...
         Starting OpenSSH server daemon...
         Starting Logout off all iSCSI sessions on shutdown...
[[32m  OK  [0m] Reached target Network is Online.
         Starting System Logging Service...
[[32m  OK  [0m] Started Logout off all iSCSI sessions on shutdown.
         Starting Availability of block devices...
[[32m  OK  [0m] Reached target Remote File Systems (Pre).
[[32m  OK  [0m] Reached target Remote File Systems.
         Starting Permit User Sessions...
         Starting Crash recovery kernel arming...
[[32m  OK  [0m] Started Availability of block devices.
[[32m  OK  [0m] Started Permit User Sessions.
[[32m  OK  [0m] Started Command Scheduler.
         Starting Wait for Plymouth Boot Screen to Quit...
         Starting Terminate Plymouth Boot Screen...

CentOS Linux 7 (AltArch)
Kernel 5.4.0-xilinx-v2020.1 on an aarch64

sl-xu5-01 login: okazaki
Password: 
Last login: Tue Nov 30 23:18:30 on ttyPS0
[0;33m(sl-xu5-01)[0m ~ [0;33m$[0m 

[0;33m(sl-xu5-01)[0m ~ [0;33m$[0m cat /etc/sys
sysconfig/          sysctl.d/           system-release
sysctl.conf         systemd/            system-release-cpe
[0;33m(sl-xu5-01)[0m ~ [0;33m$[0m cat /etc/sys/uio[K[K[K[K[K[K[K[K[K[K[Ksys/class/uio/uio4/name 3[C[C[C[C[C[C2[C[C[C[C[C[C3[C[C[C[C[C[C4[C[C[C[C[C[C[C[C[C[C[C[C[C[C[C[C[C[C[C[C[C[C[C[C[C[C[C[Ksys/class/uio/uio4/name 3[C[C[C[C[C[C2[C[C[C[C[C[C0[C[C[C[C[C[C[C[C[C[C[C[C[C[C[C[C[C[C[C[C[C[C[13Pdmesg | grep uio"uio"[C[C[C[C[C[C[C[C[C[C[C[C[C[C[C[Ccat /sys/class/uio/uio1/name 
axi-pmon

[0;33m(sl-xu5-01)[0m ~ [0;33m$[0m cat /sys/class/uio/uio1/name 4[C[C[C[C[C[C3[C[C[C[C[C[C2[C[C[C[C[C[C0[C[C[C[C[C[C[C[C[C[C[C[C[C[C[C[C[C[C[C[C[C[C[13Pdmesg | grep uio

[0;33m(sl-xu5-01)[0m ~ [0;33m$[0m exit
logout

CentOS Linux 7 (AltArch)
Kernel 5.4.0-xilinx-v2020.1 on an aarch64

sl-xu5-01 login: 