Xilinx Zynq MP First Stage Boot Loader 
Release 2020.1   Nov 30 2021  -  13:31:53
Xilinx Zynq MP First Stage Boot Loader 
Release 2020.1   Nov 30 2021  -  13:31:53
NOTICE:  ATF running on XCZU5EV/silicon v4/RTL5.1 at 0xfffea000
NOTICE:  BL31: v2.2(release):xilinx_rebase_v2.2_2020.1
NOTICE:  BL31: Built : 13:29:52, Nov 30 2021


U-Boot 2020.01 (Nov 30 2021 - 13:30:56 +0000)

Model: Enclustra ME-XU5-5EV-2I-D12E SOM
Board: Xilinx ZynqMP
DRAM:  4 GiB
usb dr_mode not found
usb dr_mode not found
PMUFW:	v1.1
EL Level:	EL2
Chip ID:	zu5ev
NAND:  0 MiB
MMC:   mmc@ff160000: 0, mmc@ff170000: 1
In:    serial@ff000000
Out:   serial@ff000000
Err:   serial@ff000000
Bootmode: SD_MODE1
Reset reason:	EXTERNAL 
Net:   
ZYNQ GEM: ff0b0000, mdio bus ff0b0000, phyaddr 3, interface rgmii-id

Warning: ethernet@ff0b0000 (eth0) using random MAC address - 7e:f3:c6:5d:d5:4f
eth0: ethernet@ff0b0000
Hit any key to stop autoboot:  2  1  0 
switch to partitions #0, OK
mmc1 is current device
Scanning mmc 1:1...
Found U-Boot script /boot.scr
3694 bytes read in 19 ms (189.5 KiB/s)
## Executing script at 20000000
[L0MuESL] Before SD card scanning... 
[L0MuESL] SD card scanning now...
[L0MuESL] Loading uEnv.txt in SD1... 
1215 bytes read in 19 ms (61.5 KiB/s)
[L0MuESL] Loading u-boot environment by uenvcmd... 
[L0MuESL] SD card fatload now ...
8159148 bytes read in 613 ms (12.7 MiB/s)
[L0MuESL] SD card bootm command now...
## Loading kernel from FIT Image at 10000000 ...
   Using 'conf@system-top.dtb' configuration
   Trying 'kernel@1' kernel subimage
     Description:  Linux kernel
     Type:         Kernel Image
     Compression:  gzip compressed
     Data Start:   0x100000e8
     Data Size:    8114710 Bytes = 7.7 MiB
     Architecture: AArch64
     OS:           Linux
     Load Address: 0x00080000
     Entry Point:  0x00080000
     Hash algo:    sha256
     Hash value:   d8dbc87352877e020871a801ceda165f06fa467dc974d45677a3e9058465f51f
   Verifying Hash Integrity ... sha256+ OK
## Loading fdt from FIT Image at 10000000 ...
   Using 'conf@system-top.dtb' configuration
   Trying 'fdt@system-top.dtb' fdt subimage
     Description:  Flattened Device Tree blob
     Type:         Flat Device Tree
     Compression:  uncompressed
     Data Start:   0x107bd410
     Data Size:    42547 Bytes = 41.5 KiB
     Architecture: AArch64
     Hash algo:    sha256
     Hash value:   c2cb860e94d3969dd7865705c3edff938ff4058f8cd3fe6c0a353a4664c16d1c
   Verifying Hash Integrity ... sha256+ OK
   Booting using the fdt blob at 0x107bd410
   Uncompressing Kernel Image
   Loading Device Tree to 000000000fff2000, end 000000000ffff632 ... OK

Starting kernel ...

[    0.000000] Booting Linux on physical CPU 0x0000000000 [0x410fd034]
[    0.000000] Linux version 5.4.0-xilinx-v2020.1 (oe-user@oe-host) (gcc version 9.2.0 (GCC)) #1 SMP Tue Nov 30 13:29:56 UTC 2021
[    0.000000] Machine model: Enclustra ME-XU5-5EV-2I-D12E SOM
[    0.000000] efi: Getting EFI parameters from FDT:
[    0.000000] efi: UEFI not found.
[    0.000000] cma: Reserved 256 MiB at 0x000000006fc00000
[    0.000000] psci: probing for conduit method from DT.
[    0.000000] psci: PSCIv1.1 detected in firmware.
[    0.000000] psci: Using standard PSCI v0.2 function IDs
[    0.000000] psci: MIGRATE_INFO_TYPE not supported.
[    0.000000] psci: SMC Calling Convention v1.1
[    0.000000] percpu: Embedded 21 pages/cpu s49112 r8192 d28712 u86016
[    0.000000] Detected VIPT I-cache on CPU0
[    0.000000] CPU features: detected: ARM erratum 845719
[    0.000000] Speculative Store Bypass Disable mitigation not required
[    0.000000] Built 1 zonelists, mobility grouping on.  Total pages: 1031940
[    0.000000] Kernel command line: console=ttyPS0,115200 clk_ignore_unused root=/dev/mmcblk1p2 rootfstype=ext4 rw rootwait earlyprintk ip=130.87.242.129:130.87.240.1:255.255.252.0:sl-xu5-eth0-01:eth0:off nameserver=130.87.240.2 nameserver=130.87.240.3
[    0.000000] Dentry cache hash table entries: 524288 (order: 10, 4194304 bytes, linear)
[    0.000000] Inode-cache hash table entries: 262144 (order: 9, 2097152 bytes, linear)
[    0.000000] mem auto-init: stack:off, heap alloc:off, heap free:off
[    0.000000] software IO TLB: mapped [mem 0x6bc00000-0x6fc00000] (64MB)
[    0.000000] Memory: 3767708K/4193280K available (11644K kernel code, 670K rwdata, 3624K rodata, 704K init, 321K bss, 163428K reserved, 262144K cma-reserved)
[    0.000000] rcu: Hierarchical RCU implementation.
[    0.000000] rcu: 	RCU event tracing is enabled.
[    0.000000] rcu: 	RCU restricting CPUs from NR_CPUS=8 to nr_cpu_ids=4.
[    0.000000] rcu: RCU calculated value of scheduler-enlistment delay is 25 jiffies.
[    0.000000] rcu: Adjusting geometry for rcu_fanout_leaf=16, nr_cpu_ids=4
[    0.000000] NR_IRQS: 64, nr_irqs: 64, preallocated irqs: 0
[    0.000000] GIC: Adjusting CPU interface base to 0x00000000f902f000
[    0.000000] GIC: Using split EOI/Deactivate mode
[    0.000000] random: get_random_bytes called from start_kernel+0x2a8/0x42c with crng_init=0
[    0.000000] arch_timer: cp15 timer(s) running at 33.33MHz (phys).
[    0.000000] clocksource: arch_sys_counter: mask: 0xffffffffffffff max_cycles: 0x7b0074340, max_idle_ns: 440795202884 ns
[    0.000003] sched_clock: 56 bits at 33MHz, resolution 30ns, wraps every 2199023255543ns
[    0.000288] Console: colour dummy device 80x25
[    0.000308] Calibrating delay loop (skipped), value calculated using timer frequency.. 66.66 BogoMIPS (lpj=133332)
[    0.000315] pid_max: default: 32768 minimum: 301
[    0.000450] Mount-cache hash table entries: 8192 (order: 4, 65536 bytes, linear)
[    0.000464] Mountpoint-cache hash table entries: 8192 (order: 4, 65536 bytes, linear)
[    0.001336] ASID allocator initialised with 32768 entries
[    0.001385] rcu: Hierarchical SRCU implementation.
[    0.001565] EFI services will not be available.
[    0.001680] smp: Bringing up secondary CPUs ...
[    0.001984] Detected VIPT I-cache on CPU1
[    0.002012] CPU1: Booted secondary processor 0x0000000001 [0x410fd034]
[    0.002331] Detected VIPT I-cache on CPU2
[    0.002348] CPU2: Booted secondary processor 0x0000000002 [0x410fd034]
[    0.002647] Detected VIPT I-cache on CPU3
[    0.002664] CPU3: Booted secondary processor 0x0000000003 [0x410fd034]
[    0.002708] smp: Brought up 1 node, 4 CPUs
[    0.002719] SMP: Total of 4 processors activated.
[    0.002724] CPU features: detected: 32-bit EL0 Support
[    0.002728] CPU features: detected: CRC32 instructions
[    0.002757] CPU: All CPU(s) started at EL2
[    0.002770] alternatives: patching kernel code
[    0.003767] devtmpfs: initialized
[    0.007872] clocksource: jiffies: mask: 0xffffffff max_cycles: 0xffffffff, max_idle_ns: 7645041785100000 ns
[    0.007884] futex hash table entries: 1024 (order: 4, 65536 bytes, linear)
[    0.013376] xor: measuring software checksum speed
[    0.052030]    8regs     :  2639.000 MB/sec
[    0.092054]    32regs    :  3027.000 MB/sec
[    0.132083]    arm64_neon:  2628.000 MB/sec
[    0.132087] xor: using function: 32regs (3027.000 MB/sec)
[    0.132098] pinctrl core: initialized pinctrl subsystem
[    0.132670] NET: Registered protocol family 16
[    0.133621] DMA: preallocated 256 KiB pool for atomic allocations
[    0.133643] audit: initializing netlink subsys (disabled)
[    0.133755] audit: type=2000 audit(0.132:1): state=initialized audit_enabled=0 res=1
[    0.134172] hw-breakpoint: found 6 breakpoint and 4 watchpoint registers.
[    0.144841] HugeTLB registered 1.00 GiB page size, pre-allocated 0 pages
[    0.144847] HugeTLB registered 32.0 MiB page size, pre-allocated 0 pages
[    0.144851] HugeTLB registered 2.00 MiB page size, pre-allocated 0 pages
[    0.144856] HugeTLB registered 64.0 KiB page size, pre-allocated 0 pages
[    1.110929] DRBG: Continuing without Jitter RNG
[    1.184714] raid6: neonx8   gen()  1714 MB/s
[    1.252746] raid6: neonx8   xor()  1624 MB/s
[    1.320796] raid6: neonx4   gen()  1644 MB/s
[    1.388821] raid6: neonx4   xor()  1577 MB/s
[    1.456870] raid6: neonx2   gen()  1248 MB/s
[    1.524916] raid6: neonx2   xor()  1303 MB/s
[    1.593000] raid6: neonx1   gen()   809 MB/s
[    1.661010] raid6: neonx1   xor()   978 MB/s
[    1.729036] raid6: int64x8  gen()  1291 MB/s
[    1.797104] raid6: int64x8  xor()   844 MB/s
[    1.865156] raid6: int64x4  gen()  1085 MB/s
[    1.933196] raid6: int64x4  xor()   815 MB/s
[    2.001264] raid6: int64x2  gen()   754 MB/s
[    2.069264] raid6: int64x2  xor()   657 MB/s
[    2.137344] raid6: int64x1  gen()   499 MB/s
[    2.205397] raid6: int64x1  xor()   500 MB/s
[    2.205400] raid6: using algorithm neonx8 gen() 1714 MB/s
[    2.205403] raid6: .... xor() 1624 MB/s, rmw enabled
[    2.205407] raid6: using neon recovery algorithm
[    2.205715] iommu: Default domain type: Translated 
[    2.205905] SCSI subsystem initialized
[    2.206034] usbcore: registered new interface driver usbfs
[    2.206061] usbcore: registered new interface driver hub
[    2.206089] usbcore: registered new device driver usb
[    2.206131] mc: Linux media interface: v0.10
[    2.206149] videodev: Linux video capture interface: v2.00
[    2.206166] pps_core: LinuxPPS API ver. 1 registered
[    2.206169] pps_core: Software ver. 5.3.6 - Copyright 2005-2007 Rodolfo Giometti <giometti@linux.it>
[    2.206179] PTP clock support registered
[    2.206197] EDAC MC: Ver: 3.0.0
[    2.206543] zynqmp-ipi-mbox mailbox@ff990400: Registered ZynqMP IPI mbox with TX/RX channels.
[    2.206699] FPGA manager framework
[    2.206816] Advanced Linux Sound Architecture Driver Initialized.
[    2.207057] Bluetooth: Core ver 2.22
[    2.207081] NET: Registered protocol family 31
[    2.207085] Bluetooth: HCI device and connection manager initialized
[    2.207091] Bluetooth: HCI socket layer initialized
[    2.207097] Bluetooth: L2CAP socket layer initialized
[    2.207107] Bluetooth: SCO socket layer initialized
[    2.207472] clocksource: Switched to clocksource arch_sys_counter
[    2.207557] VFS: Disk quotas dquot_6.6.0
[    2.207598] VFS: Dquot-cache hash table entries: 512 (order 0, 4096 bytes)
[    2.211276] NET: Registered protocol family 2
[    2.211594] tcp_listen_portaddr_hash hash table entries: 2048 (order: 3, 32768 bytes, linear)
[    2.211634] TCP established hash table entries: 32768 (order: 6, 262144 bytes, linear)
[    2.211819] TCP bind hash table entries: 32768 (order: 7, 524288 bytes, linear)
[    2.212169] TCP: Hash tables configured (established 32768 bind 32768)
[    2.212233] UDP hash table entries: 2048 (order: 4, 65536 bytes, linear)
[    2.212300] UDP-Lite hash table entries: 2048 (order: 4, 65536 bytes, linear)
[    2.212445] NET: Registered protocol family 1
[    2.212695] RPC: Registered named UNIX socket transport module.
[    2.212699] RPC: Registered udp transport module.
[    2.212702] RPC: Registered tcp transport module.
[    2.212705] RPC: Registered tcp NFSv4.1 backchannel transport module.
[    2.212938] PCI: CLS 0 bytes, default 64
[    2.213418] hw perfevents: no interrupt-affinity property for /pmu, guessing.
[    2.213555] hw perfevents: enabled with armv8_pmuv3 PMU driver, 7 counters available
[    2.214247] Initialise system trusted keyrings
[    2.214321] workingset: timestamp_bits=46 max_order=20 bucket_order=0
[    2.215004] NFS: Registering the id_resolver key type
[    2.215014] Key type id_resolver registered
[    2.215018] Key type id_legacy registered
[    2.215026] nfs4filelayout_init: NFSv4 File Layout Driver Registering...
[    2.215041] jffs2: version 2.2. (NAND) Â© 2001-2006 Red Hat, Inc.
[    2.226672] NET: Registered protocol family 38
[    2.226679] Key type asymmetric registered
[    2.226683] Asymmetric key parser 'x509' registered
[    2.226704] Block layer SCSI generic (bsg) driver version 0.4 loaded (major 247)
[    2.226709] io scheduler mq-deadline registered
[    2.226713] io scheduler kyber registered
[    2.250138] Serial: 8250/16550 driver, 4 ports, IRQ sharing disabled
[    2.252956] cacheinfo: Unable to detect cache hierarchy for CPU 0
[    2.256763] brd: module loaded
[    2.260772] loop: module loaded
[    2.261362] mtdoops: mtd device (mtddev=name/number) must be supplied
[    2.262320] libphy: Fixed MDIO Bus: probed
[    2.263162] tun: Universal TUN/TAP device driver, 1.6
[    2.263238] CAN device driver interface
[    2.263957] usbcore: registered new interface driver asix
[    2.263992] usbcore: registered new interface driver ax88179_178a
[    2.264011] usbcore: registered new interface driver cdc_ether
[    2.264033] usbcore: registered new interface driver net1080
[    2.264052] usbcore: registered new interface driver cdc_subset
[    2.264071] usbcore: registered new interface driver zaurus
[    2.264098] usbcore: registered new interface driver cdc_ncm
[    2.264822] usbcore: registered new interface driver uas
[    2.264850] usbcore: registered new interface driver usb-storage
[    2.265350] rtc_zynqmp ffa60000.rtc: registered as rtc0
[    2.265392] i2c /dev entries driver
[    2.266668] usbcore: registered new interface driver uvcvideo
[    2.266671] USB Video Class driver (1.1.1)
[    2.266971] Bluetooth: HCI UART driver ver 2.3
[    2.266976] Bluetooth: HCI UART protocol H4 registered
[    2.266980] Bluetooth: HCI UART protocol BCSP registered
[    2.266998] Bluetooth: HCI UART protocol LL registered
[    2.267002] Bluetooth: HCI UART protocol ATH3K registered
[    2.267016] Bluetooth: HCI UART protocol Three-wire (H5) registered
[    2.267047] Bluetooth: HCI UART protocol Intel registered
[    2.267061] Bluetooth: HCI UART protocol QCA registered
[    2.267085] usbcore: registered new interface driver bcm203x
[    2.267111] usbcore: registered new interface driver bpa10x
[    2.267134] usbcore: registered new interface driver bfusb
[    2.267157] usbcore: registered new interface driver btusb
[    2.267191] usbcore: registered new interface driver ath3k
[    2.267338] EDAC MC0: 13 UE BankGroup Number 0 Block Number 0 on mc#0csrow#0channel#0 (csrow:0 channel:0 page:0x0 offset:0x0 grain:1)
[    2.267403] EDAC MC0: Giving out device to module 1 controller synps_ddr_controller: DEV synps_edac (INTERRUPT)
[    2.267538] EDAC DEVICE0: Giving out device to module edac controller cache_err: DEV edac (POLLED)
[    2.267684] EDAC DEVICE1: Giving out device to module zynqmp-ocm-edac controller zynqmp_ocm: DEV ff960000.memory-controller (INTERRUPT)
[    2.267996] sdhci: Secure Digital Host Controller Interface driver
[    2.268000] sdhci: Copyright(c) Pierre Ossman
[    2.268003] sdhci-pltfm: SDHCI platform and OF driver helper
[    2.268297] ledtrig-cpu: registered to indicate activity on CPUs
[    2.268339] zynqmp_firmware_probe Platform Management API v1.1
[    2.268344] zynqmp_firmware_probe Trustzone version v1.0
[    2.291006] alg: No test for xilinx-zynqmp-aes (zynqmp-aes)
[    2.291141] zynqmp_aes zynqmp_aes: AES Successfully Registered
[    2.291141] 
[    2.291282] alg: No test for xilinx-keccak-384 (zynqmp-keccak-384)
[    2.291500] alg: No test for xilinx-zynqmp-rsa (zynqmp-rsa)
[    2.291721] usbcore: registered new interface driver usbhid
[    2.291725] usbhid: USB HID core driver
[    2.293835] fpga_manager fpga0: Xilinx ZynqMP FPGA Manager registered
[    2.294100] usbcore: registered new interface driver snd-usb-audio
[    2.294808] pktgen: Packet Generator for packet performance testing. Version: 2.75
[    2.295294] Initializing XFRM netlink socket
[    2.295370] NET: Registered protocol family 10
[    2.295750] Segment Routing with IPv6
[    2.295851] sit: IPv6, IPv4 and MPLS over IPv4 tunneling driver
[    2.296148] NET: Registered protocol family 17
[    2.296162] NET: Registered protocol family 15
[    2.296180] bridge: filtering via arp/ip/ip6tables is no longer available by default. Update your scripts to load br_netfilter if you need this.
[    2.296184] can: controller area network core (rev 20170425 abi 9)
[    2.296208] NET: Registered protocol family 29
[    2.296213] can: raw protocol (rev 20170425)
[    2.296217] can: broadcast manager protocol (rev 20170425 t)
[    2.296223] can: netlink gateway (rev 20190810) max_hops=1
[    2.296296] Bluetooth: RFCOMM TTY layer initialized
[    2.296303] Bluetooth: RFCOMM socket layer initialized
[    2.296315] Bluetooth: RFCOMM ver 1.11
[    2.296323] Bluetooth: BNEP (Ethernet Emulation) ver 1.3
[    2.296326] Bluetooth: BNEP filters: protocol multicast
[    2.296331] Bluetooth: BNEP socket layer initialized
[    2.296335] Bluetooth: HIDP (Human Interface Emulation) ver 1.2
[    2.296340] Bluetooth: HIDP socket layer initialized
[    2.296436] 9pnet: Installing 9P2000 support
[    2.296454] Key type dns_resolver registered
[    2.296761] registered taskstats version 1
[    2.296765] Loading compiled-in X.509 certificates
[    2.297140] Btrfs loaded, crc32c=crc32c-generic
[    2.304987] ff000000.serial: ttyPS0 at MMIO 0xff000000 (irq = 41, base_baud = 6249999) is a xuartps
[    3.566271] printk: console [ttyPS0] enabled
[    3.570840] of-fpga-region fpga-full: FPGA Region probed
[    3.576663] GPIO IRQ not connected
[    3.580056] XGpio: gpio@80010000: registered, base is 509
[    3.586032] xilinx-zynqmp-dma fd500000.dma: ZynqMP DMA driver Probe success
[    3.593121] xilinx-zynqmp-dma fd510000.dma: ZynqMP DMA driver Probe success
[    3.600213] xilinx-zynqmp-dma fd520000.dma: ZynqMP DMA driver Probe success
[    3.607303] xilinx-zynqmp-dma fd530000.dma: ZynqMP DMA driver Probe success
[    3.614386] xilinx-zynqmp-dma fd540000.dma: ZynqMP DMA driver Probe success
[    3.621485] xilinx-zynqmp-dma fd550000.dma: ZynqMP DMA driver Probe success
[    3.628567] xilinx-zynqmp-dma fd560000.dma: ZynqMP DMA driver Probe success
[    3.635654] xilinx-zynqmp-dma fd570000.dma: ZynqMP DMA driver Probe success
[    3.642815] xilinx-zynqmp-dma ffa80000.dma: ZynqMP DMA driver Probe success
[    3.649905] xilinx-zynqmp-dma ffa90000.dma: ZynqMP DMA driver Probe success
[    3.656991] xilinx-zynqmp-dma ffaa0000.dma: ZynqMP DMA driver Probe success
[    3.664077] xilinx-zynqmp-dma ffab0000.dma: ZynqMP DMA driver Probe success
[    3.671165] xilinx-zynqmp-dma ffac0000.dma: ZynqMP DMA driver Probe success
[    3.678252] xilinx-zynqmp-dma ffad0000.dma: ZynqMP DMA driver Probe success
[    3.685341] xilinx-zynqmp-dma ffae0000.dma: ZynqMP DMA driver Probe success
[    3.692428] xilinx-zynqmp-dma ffaf0000.dma: ZynqMP DMA driver Probe success
[    3.699636] zynqmp-qspi ff0f0000.spi: rx bus width not found
[    3.705293] zynqmp-qspi ff0f0000.spi: tx bus width not found
[    3.711102] spi_master spi0: cannot find modalias for /amba/spi@ff0f0000/flash@0
[    3.718497] spi_master spi0: Failed to create SPI device for /amba/spi@ff0f0000/flash@0
[    3.726789] macb ff0b0000.ethernet: Not enabling partial store and forward
[    3.734134] libphy: MACB_mii_bus: probed
[    3.746550] zynqmp_pll_disable() clock disable failed for dpll_int, ret = -13
[    3.808736] Micrel KSZ9031 Gigabit PHY ff0b0000.ethernet-ffffffff:03: attached PHY driver [Micrel KSZ9031 Gigabit PHY] (mii_bus:phy_addr=ff0b0000.ethernet-ffffffff:03, irq=POLL)
[    3.824555] macb ff0b0000.ethernet eth0: Cadence GEM rev 0x50070106 at 0xff0b0000 irq 29 (ca:9f:1e:3a:b6:24)
[    3.834635] macb ff0c0000.ethernet: Not enabling partial store and forward
[    3.841905] libphy: MACB_mii_bus: probed
[    3.916647] Micrel KSZ9031 Gigabit PHY ff0c0000.ethernet-ffffffff:03: attached PHY driver [Micrel KSZ9031 Gigabit PHY] (mii_bus:phy_addr=ff0c0000.ethernet-ffffffff:03, irq=POLL)
[    3.932464] macb ff0c0000.ethernet eth1: Cadence GEM rev 0x50070106 at 0xff0c0000 irq 30 (ca:9f:1e:3a:b6:25)
[    3.942548] xilinx-axipmon ffa00000.perf-monitor: Probed Xilinx APM
[    3.949073] xilinx-axipmon fd0b0000.perf-monitor: Probed Xilinx APM
[    3.955619] xilinx-axipmon fd490000.perf-monitor: Probed Xilinx APM
[    3.962085] xilinx-axipmon ffa10000.perf-monitor: Probed Xilinx APM
[    3.968557] dwc3-of-simple ff9d0000.usb0: dwc3_simple_set_phydata: Can't find usb3-phy
[    3.976843] dwc3 fe200000.dwc3: Failed to get clk 'ref': -2
[    3.982807] dwc3-of-simple ff9e0000.usb1: dwc3_simple_set_phydata: Can't find usb3-phy
[    3.991032] dwc3 fe300000.dwc3: Failed to get clk 'ref': -2
[    3.997648] i2c i2c-0: Added multiplexed i2c bus 1
[    4.001961] xhci-hcd xhci-hcd.0.auto: xHCI Host Controller
[    4.002534] i2c i2c-0: Added multiplexed i2c bus 2
[    4.007911] xhci-hcd xhci-hcd.0.auto: new USB bus registered, assigned bus number 1
[    4.012791] i2c i2c-0: Added multiplexed i2c bus 3
[    4.020416] xhci-hcd xhci-hcd.0.auto: hcc params 0x0238f625 hci version 0x100 quirks 0x0000000202010010
[    4.025296] i2c i2c-0: Added multiplexed i2c bus 4
[    4.034512] xhci-hcd xhci-hcd.0.auto: irq 46, io mem 0xfe300000
[    4.039453] i2c i2c-0: Added multiplexed i2c bus 5
[    4.045599] xhci-hcd xhci-hcd.1.auto: xHCI Host Controller
[    4.050074] i2c i2c-0: Added multiplexed i2c bus 6
[    4.055512] usb usb1: New USB device found, idVendor=1d6b, idProduct=0002, bcdDevice= 5.04
[    4.060338] i2c i2c-0: Added multiplexed i2c bus 7
[    4.068482] usb usb1: New USB device strings: Mfr=3, Product=2, SerialNumber=1
[    4.068486] usb usb1: Product: xHCI Host Controller
[    4.073477] i2c i2c-0: Added multiplexed i2c bus 8
[    4.080468] usb usb1: Manufacturer: Linux 5.4.0-xilinx-v2020.1 xhci-hcd
[    4.080471] usb usb1: SerialNumber: xhci-hcd.0.auto
[    4.085342] pca954x 0-0070: registered 8 multiplexed busses for I2C switch pca9548
[    4.101772] hub 1-0:1.0: USB hub found
[    4.109183] cdns-i2c ff020000.i2c: 400 kHz mmio ff020000 irq 32
[    4.112916] hub 1-0:1.0: 1 port detected
[    4.119166] cpufreq: cpufreq_online: CPU0: Running at unlisted freq: 1333333 KHz
[    4.122898] xhci-hcd xhci-hcd.0.auto: xHCI Host Controller
[    4.130120] cpu cpu0: dev_pm_opp_set_rate: failed to find current OPP for freq 1333333320 (-34)
[    4.135594] xhci-hcd xhci-hcd.0.auto: new USB bus registered, assigned bus number 2
[    4.144321] cpufreq: cpufreq_online: CPU0: Unlisted initial frequency changed to: 1199999 KHz
[    4.151920] xhci-hcd xhci-hcd.0.auto: Host supports USB 3.0 SuperSpeed
[    4.160446] cpu cpu0: dev_pm_opp_set_rate: failed to find current OPP for freq 1333333320 (-34)
[    4.166992] usb usb2: We don't know the algorithms for LPM for this host, disabling LPM.
[    4.183792] usb usb2: New USB device found, idVendor=1d6b, idProduct=0003, bcdDevice= 5.04
[    4.192051] usb usb2: New USB device strings: Mfr=3, Product=2, SerialNumber=1
[    4.199266] usb usb2: Product: xHCI Host Controller
[    4.204135] usb usb2: Manufacturer: Linux 5.4.0-xilinx-v2020.1 xhci-hcd
[    4.207406] mmc0: SDHCI controller on ff160000.mmc [ff160000.mmc] using ADMA 64-bit
[    4.210741] usb usb2: SerialNumber: xhci-hcd.0.auto
[    4.223522] hub 2-0:1.0: USB hub found
[    4.227375] hub 2-0:1.0: 1 port detected
[    4.231497] xhci-hcd xhci-hcd.1.auto: new USB bus registered, assigned bus number 3
[    4.239234] xhci-hcd xhci-hcd.1.auto: hcc params 0x0238f625 hci version 0x100 quirks 0x0000000202010010
[    4.248641] xhci-hcd xhci-hcd.1.auto: irq 43, io mem 0xfe200000
[    4.249978] mmc1: SDHCI controller on ff170000.mmc [ff170000.mmc] using ADMA 64-bit
[    4.254788] usb usb3: New USB device found, idVendor=1d6b, idProduct=0002, bcdDevice= 5.04
[    4.270452] rtc_zynqmp ffa60000.rtc: setting system clock to 1970-01-01T00:00:08 UTC (8)
[    4.270456] of_cfs_init
[    4.278533] usb usb3: New USB device strings: Mfr=3, Product=2, SerialNumber=1
[    4.280996] of_cfs_init: OK
[    4.288184] usb usb3: Product: xHCI Host Controller
[    4.295836] usb usb3: Manufacturer: Linux 5.4.0-xilinx-v2020.1 xhci-hcd
[    4.302445] usb usb3: SerialNumber: xhci-hcd.1.auto
[    4.307632] hub 3-0:1.0: USB hub found
[    4.311496] hub 3-0:1.0: 1 port detected
[    4.315634] xhci-hcd xhci-hcd.1.auto: xHCI Host Controller
[    4.321133] xhci-hcd xhci-hcd.1.auto: new USB bus registered, assigned bus number 4
[    4.328792] xhci-hcd xhci-hcd.1.auto: Host supports USB 3.0 SuperSpeed
[    4.335510] usb usb4: We don't know the algorithms for LPM for this host, disabling LPM.
[    4.343754] usb usb4: New USB device found, idVendor=1d6b, idProduct=0003, bcdDevice= 5.04
[    4.352017] usb usb4: New USB device strings: Mfr=3, Product=2, SerialNumber=1
[    4.359234] usb usb4: Product: xHCI Host Controller
[    4.364100] usb usb4: Manufacturer: Linux 5.4.0-xilinx-v2020.1 xhci-hcd
[    4.370705] usb usb4: SerialNumber: xhci-hcd.1.auto
[    4.375854] hub 4-0:1.0: USB hub found
[    4.379709] hub 4-0:1.0: 1 port detected
[    4.411320] mmc1: new high speed SDHC card at address 5048
[    4.417171] mmcblk1: mmc1:5048 SD16G 14.4 GiB 
[    4.423004]  mmcblk1: p1 p2
[    4.468335] mmc0: new HS200 MMC card at address 0001
[    4.473607] mmcblk0: mmc0:0001 W52516 14.3 GiB 
[    4.478308] mmcblk0boot0: mmc0:0001 W52516 partition 1 4.00 MiB
[    4.484391] mmcblk0boot1: mmc0:0001 W52516 partition 2 4.00 MiB
[    4.490361] mmcblk0rpmb: mmc0:0001 W52516 partition 3 4.00 MiB, chardev (245:0)
[    4.498488]  mmcblk0: p1
[   16.575488] cfg80211: Loading compiled-in X.509 certificates for regulatory database
[   16.699200] cfg80211: Loaded X.509 cert 'sforshee: 00b28ddf47aef9cea7'
[   16.705722] clk: Not disabling unused clocks
[   16.709986] ALSA device list:
[   16.712944]   No soundcards found.
[   16.716637] platform regulatory.0: Direct firmware load for regulatory.db failed with error -2
[   16.725244] cfg80211: failed to load regulatory.db
[   18.223569] random: fast init done
[   18.927796] EXT4-fs (mmcblk1p2): recovery complete
[   18.935622] EXT4-fs (mmcblk1p2): mounted filesystem with ordered data mode. Opts: (null)
[   18.943741] VFS: Mounted root (ext4 filesystem) on device 179:2.
[   18.958027] devtmpfs: mounted
[   18.961145] Freeing unused kernel memory: 704K
[   18.965613] Run /sbin/init as init process
[   19.435666] random: systemd: uninitialized urandom read (16 bytes read)
[   19.451729] random: systemd: uninitialized urandom read (16 bytes read)
[   19.484276] systemd[1]: systemd 219 running in system mode. (+PAM +AUDIT +SELINUX +IMA -APPARMOR +SMACK +SYSVINIT +UTMP +LIBCRYPTSETUP +GCRYPT +GNUTLS +ACL +XZ +LZ4 -SECCOMP +BLKID +ELFUTILS +KMOD +IDN)
[   19.502575] systemd[1]: Detected architecture arm64.

Welcome to [0;31mCentOS Linux 7 (AltArch)[0m!

[   19.528497] systemd[1]: Set hostname to <sl-xu5-01>.
[   19.552544] random: systemd: uninitialized urandom read (16 bytes read)
[   20.125767] systemd[1]: Reached target Swap.
[[32m  OK  [0m] Reached target Swap.
[   20.139637] systemd[1]: Started Forward Password Requests to Wall Directory Watch.
[[32m  OK  [0m] Started Forward Password Requests to Wall Directory Watch.
[   20.164193] systemd[1]: Created slice Root Slice.
[[32m  OK  [0m] Created slice Root Slice.
[   20.179595] systemd[1]: Listening on LVM2 metadata daemon socket.
[[32m  OK  [0m] Listening on LVM2 metadata daemon socket.
[   20.195581] systemd[1]: Listening on /dev/initctl Compatibility Named Pipe.
[[32m  OK  [0m] Listening on /dev/initctl Compatibility Named Pipe.
[   20.219638] systemd[1]: Listening on Journal Socket.
[[32m  OK  [0m] Listening on Journal Socket.
[   20.235768] systemd[1]: Created slice System Slice.
[[32m  OK  [0m] Created slice System Slice.
[[32m  OK  [0m] Created slice system-serial\x2dgetty.slice.
         Mounting POSIX Message Queue File System...
         Starting Read and set NIS domainname from /etc/sysconfig/network...
         Mounting Huge Pages File System...
         Starting Journal Service...
[[32m  OK  [0m] Created slice system-getty.slice.
[[32m  OK  [0m] Listening on udev Control Socket.
[[32m  OK  [0m] Listening on LVM2 poll daemon socket.
[[32m  OK  [0m] Listening on udev Kernel Socket.
[[32m  OK  [0m] Listening on Device-mapper event daemon FIFOs.
         Starting Monitoring of LVM2 mirrors... dmeventd or progress polling...
         Starting Collect Read-Ahead Data...
[[32m  OK  [0m] Created slice User and Session Slice.
[[32m  OK  [0m] Reached target Slices.
[   20.427628] systemd-readahead[167]: Failed to create fanotify object: Function not implemented
[[32m  OK  [0m] Created slice system-selinux\x2dpol...grate\x2dlocal\x2dchanges.slice.
[[32m  OK  [0m] Listening on Delayed Shutdown Socket.
         Mounting Debug File System...
[[32m  OK  [0m] Mounted POSIX Message Queue File System.
[[32m  OK  [0m] Mounted Huge Pages File System.
[[32m  OK  [0m] Mounted Debug File System.
[[32m  OK  [0m] Started Journal Service.
[[32m  OK  [0m] Started Read and set NIS domainname from /etc/sysconfig/network.
[[1;31mFAILED[0m] Failed to start Collect Read-Ahead Data.
See 'systemctl status systemd-readahead-collect.service' for details.
[[32m  OK  [0m] Started LVM2 metadata daemon.
         Starting Create Static Device Nodes in /dev...
         Starting Configure read-only root support...
         Starting udev Coldplug all Devices...
         Mounting Configuration File System...
         Starting Apply Kernel Variables...
         Starting Setup Virtual Console...
         Starting Flush Journal to Persistent Storage...
[[32m  OK  [0m] Mounted Configuration File System.
[[32m  OK  [0m] Started Configure read-only root support.
[[32m  OK  [0m] Started Create Static Device Nodes in /dev.
[[32m  OK  [0m] Started Apply Kernel Variables.
         Starting udev Kernel Device Manager...
         Starting Load/Save Random Seed...
[   20.816764] systemd-journald[162]: Received request to flush runtime journal from PID 1
[[32m  OK  [0m] Started udev Coldplug all Devices.
[[32m  OK  [0m] Started Flush Journal to Persistent Storage.
         Starting udev Wait for Complete Device Initialization...
[[32m  OK  [0m] Started Load/Save Random Seed.
[[32m  OK  [0m] Started udev Kernel Device Manager.
[[32m  OK  [0m] Started Setup Virtual Console.
         Starting Show Plymouth Boot Screen...
[[32m  OK  [0m] Found device /dev/ttyPS0.
[[32m  OK  [0m] Started Show Plymouth Boot Screen.
[[32m  OK  [0m] Started Forward Password Requests to Plymouth Directory Watch.
%G[[32m  OK  [0m] Started udev Wait for Complete Device Initialization.
         Starting Activation of DM RAID sets...
[[32m  OK  [0m] Started Monitoring of LVM2 mirrors,...ng dmeventd or progress polling.
[[32m  OK  [0m] Reached target Local File Systems (Pre).
[[32m  OK  [0m] Started Activation of DM RAID sets.
[[32m  OK  [0m] Reached target Local File Systems.
         Starting Tell Plymouth To Write Out Runtime Data...
         Starting Create Volatile Files and Directories...
[[32m  OK  [0m] Reached target Local Encrypted Volumes.
[[32m  OK  [0m] Started Tell Plymouth To Write Out Runtime Data.
[[32m  OK  [0m] Started Create Volatile Files and Directories.
         Starting Security Auditing Service...
[[32m  OK  [0m] Started Security Auditing Service.
         Starting Update UTMP about System Boot/Shutdown...
[[32m  OK  [0m] Started Update UTMP about System Boot/Shutdown.
[[32m  OK  [0m] Reached target System Initialization.
[[32m  OK  [0m] Listening on Open-iSCSI iscsiuio Socket.
[[32m  OK  [0m] Started Flexible branding.
[[32m  OK  [0m] Reached target Paths.
[[32m  OK  [0m] Listening on D-Bus System Message Bus Socket.
[[32m  OK  [0m] Started Daily Cleanup of Temporary Directories.
[[32m  OK  [0m] Reached target Timers.
[[32m  OK  [0m] Listening on PC/SC Smart Card Daemon Activation Socket.
[[32m  OK  [0m] Listening on Open-iSCSI iscsid Socket.
[[32m  OK  [0m] Reached target Sockets.
[[32m  OK  [0m] Reached target Basic System.
         Starting NTP client/server...
[[32m  OK  [0m] Started irqbalance daemon.
         Starting Authorization Manager...
         Starting Login Service...
[[32m  OK  [0m] Started D-Bus System Message Bus.
         Starting Dump dmesg to /var/log/dmesg...
[[32m  OK  [0m] Started Login Service.
[[32m  OK  [0m] Started NTP client/server.
[[32m  OK  [0m] Started Dump dmesg to /var/log/dmesg.
[[32m  OK  [0m] Started Authorization Manager.
         Starting firewalld - dynamic firewall daemon...
[[32m  OK  [0m] Started firewalld - dynamic firewall daemon.
[[32m  OK  [0m] Reached target Network (Pre).
         Starting Network Manager...
[[32m  OK  [0m] Started Network Manager.
         Starting Network Manager Wait Online...
         Starting Hostname Service...
[[32m  OK  [0m] Started Hostname Service.
         Starting Network Manager Script Dispatcher Service...
[[32m  OK  [0m] Started Network Manager Script Dispatcher Service.
[   26.521707] pps pps0: new PPS source ptp0
[   26.525761] macb ff0b0000.ethernet: gem-ptp-timer ptp clock registered.
[   26.551943] pps pps1: new PPS source ptp1
[   26.556004] macb ff0c0000.ethernet: gem-ptp-timer ptp clock registered.
[   30.624107] macb ff0b0000.ethernet eth0: link up (1000/Full)
[   30.629785] IPv6: ADDRCONF(NETDEV_CHANGE): eth0: link becomes ready
[   30.657736] macb ff0c0000.ethernet eth1: unable to generate target frequency: 125000000 Hz
[   30.666020] macb ff0c0000.ethernet eth1: link up (1000/Full)
[   30.671697] IPv6: ADDRCONF(NETDEV_CHANGE): eth1: link becomes ready
[[0m[31m*     [0m] A start job is running for Network ...ger Wait Online (11s / no limit)[K[[1;31m*[0m[31m*    [0m] A start job is running for Network ...ger Wait Online (11s / no limit)[K[[31m*[1;31m*[0m[31m*   [0m] A start job is running for Network ...ger Wait Online (12s / no limit)[K[ [31m*[1;31m*[0m[31m*  [0m] A start job is running for Network ...ger Wait Online (12s / no limit)[K[  [31m*[1;31m*[0m[31m* [0m] A start job is running for Network ...ger Wait Online (13s / no limit)[K[   [31m*[1;31m*[0m[31m*[0m] A start job is running for Network ...ger Wait Online (13s / no limit)[K[    [31m*[1;31m*[0m] A start job is running for Network ...ger Wait Online (14s / no limit)[K[     [31m*[0m] A start job is running for Network ...ger Wait Online (14s / no limit)[K[    [31m*[1;31m*[0m] A start job is running for Network ...ger Wait Online (15s / no limit)[K[   [31m*[1;31m*[0m[31m*[0m] A start job is running for Network ...ger Wait Online (15s / no limit)[K[  [31m*[1;31m*[0m[31m* [0m] A start job is running for Network ...ger Wait Online (16s / no limit)[K[ [31m*[1;31m*[0m[31m*  [0m] A start job is running for Network ...ger Wait Online (16s / no limit)[K[[31m*[1;31m*[0m[31m*   [0m] A start job is running for Network ...ger Wait Online (17s / no limit)[K[[1;31m*[0m[31m*    [0m] A start job is running for Network ...ger Wait Online (17s / no limit)[K[[0m[31m*     [0m] A start job is running for Network ...ger Wait Online (18s / no limit)[K[[1;31m*[0m[31m*    [0m] A start job is running for Network ...ger Wait Online (18s / no limit)[K[[31m*[1;31m*[0m[31m*   [0m] A start job is running for Network ...ger Wait Online (19s / no limit)[K[ [31m*[1;31m*[0m[31m*  [0m] A start job is running for Network ...ger Wait Online (19s / no limit)[K[  [31m*[1;31m*[0m[31m* [0m] A start job is running for Network ...ger Wait Online (20s / no limit)[K[   [31m*[1;31m*[0m[31m*[0m] A start job is running for Network ...ger Wait Online (20s / no limit)[K[    [31m*[1;31m*[0m] A start job is running for Network ...ger Wait Online (21s / no limit)[K[     [31m*[0m] A start job is running for Network ...ger Wait Online (21s / no limit)[K[    [31m*[1;31m*[0m] A start job is running for Network ...ger Wait Online (22s / no limit)[K[   [31m*[1;31m*[0m[31m*[0m] A start job is running for Network ...ger Wait Online (22s / no limit)[K[  [31m*[1;31m*[0m[31m* [0m] A start job is running for Network ...ger Wait Online (23s / no limit)[K[ [31m*[1;31m*[0m[31m*  [0m] A start job is running for Network ...ger Wait Online (23s / no limit)[K[[31m*[1;31m*[0m[31m*   [0m] A start job is running for Network ...ger Wait Online (24s / no limit)[K[[1;31m*[0m[31m*    [0m] A start job is running for Network ...ger Wait Online (24s / no limit)[K[[0m[31m*     [0m] A start job is running for Network ...ger Wait Online (25s / no limit)[K[[1;31m*[0m[31m*    [0m] A start job is running for Network ...ger Wait Online (25s / no limit)[K[[31m*[1;31m*[0m[31m*   [0m] A start job is running for Network ...ger Wait Online (26s / no limit)[K[ [31m*[1;31m*[0m[31m*  [0m] A start job is running for Network ...ger Wait Online (26s / no limit)[K[  [31m*[1;31m*[0m[31m* [0m] A start job is running for Network ...ger Wait Online (27s / no limit)[K[   [31m*[1;31m*[0m[31m*[0m] A start job is running for Network ...ger Wait Online (27s / no limit)[K[    [31m*[1;31m*[0m] A start job is running for Network ...ger Wait Online (28s / no limit)[K[     [31m*[0m] A start job is running for Network ...ger Wait Online (28s / no limit)[K[    [31m*[1;31m*[0m] A start job is running for Network ...ger Wait Online (29s / no limit)[K[   [31m*[1;31m*[0m[31m*[0m] A start job is running for Network ...ger Wait Online (29s / no limit)[K[  [31m*[1;31m*[0m[31m* [0m] A start job is running for Network ...ger Wait Online (30s / no limit)[K[ [31m*[1;31m*[0m[31m*  [0m] A start job is running for Network ...ger Wait Online (30s / no limit)[K[[31m*[1;31m*[0m[31m*   [0m] A start job is running for Network ...ger Wait Online (31s / no limit)[K[[1;31m*[0m[31m*    [0m] A start job is running for Network ...ger Wait Online (31s / no limit)[K[[0m[31m*     [0m] A start job is running for Network ...ger Wait Online (32s / no limit)[K[[1;31m*[0m[31m*    [0m] A start job is running for Network ...ger Wait Online (32s / no limit)[K[[31m*[1;31m*[0m[31m*   [0m] A start job is running for Network ...ger Wait Online (33s / no limit)[K[ [31m*[1;31m*[0m[31m*  [0m] A start job is running for Network ...ger Wait Online (33s / no limit)[K[  [31m*[1;31m*[0m[31m* [0m] A start job is running for Network ...ger Wait Online (34s / no limit)[K[   [31m*[1;31m*[0m[31m*[0m] A start job is running for Network ...ger Wait Online (34s / no limit)[K[    [31m*[1;31m*[0m] A start job is running for Network ...ger Wait Online (35s / no limit)[K[     [31m*[0m] A start job is running for Network ...ger Wait Online (35s / no limit)[K[[1;31mFAILED[0m] Failed to start Network Manager Wait Online.
See 'systemctl status NetworkManager-wait-online.service' for details.
         Starting LSB: Bring up/down networking...
[[1;31mFAILED[0m] Failed to start LSB: Bring up/down networking.
See 'systemctl status network.service' for details.
[[32m  OK  [0m] Reached target Network.
         Starting Postfix Mail Transport Agent...
         Starting OpenSSH server daemon...
         Starting Dynamic System Tuning Daemon...
         Starting Logout off all iSCSI sessions on shutdown...
[[32m  OK  [0m] Reached target Network is Online.
         Starting System Logging Service...
[[32m  OK  [0m] Started Logout off all iSCSI sessions on shutdown.
         Starting Availability of block devices...
[[32m  OK  [0m] Reached target Remote File Systems (Pre).
[[32m  OK  [0m] Reached target Remote File Systems.
         Starting Crash recovery kernel arming...
         Starting Permit User Sessions...
[[32m  OK  [0m] Started Availability of block devices.
[[32m  OK  [0m] Started Permit User Sessions.
         Starting Terminate Plymouth Boot Screen...
         Starting Wait for Plymouth Boot Screen to Quit...
[[32m  OK  [0m] Started Command Scheduler.

CentOS Linux 7 (AltArch)
Kernel 5.4.0-xilinx-v2020.1 on an aarch64

sl-xu5-01 login: okazaki
Password: 
Last login: Tue Nov 30 23:44:39 from atlas-muon-r01.kek.jp
[0;33m(sl-xu5-01)[0m ~ [0;33m$[0m 

[0;33m(sl-xu5-01)[0m ~ [0;33m$[0m cat /sys/class/uio/uio*/name
axi-pmon
axi-pmon
axi-pmon
axi-pmon

[0;33m(sl-xu5-01)[0m ~ [0;33m$[0m sudo mount /:d
[sudo] password for okazaki: 

[0;33m(sl-xu5-01)[0m ~ [0;33m$[0m sudo mount /:d[K[Kdev/mmcblk1p
mmcblk1p1  mmcblk1p2  
[0;33m(sl-xu5-01)[0m ~ [0;33m$[0m sudo mount /dev/mmcblk1p1 /mnt/
[sudo] password for okazaki: 

[0;33m(sl-xu5-01)[0m ~ [0;33m$[0m nano [K[K[K[K[Ksudo nano /mnt/
BOOT.BIN  boot.scr  image.ub  uEnv.txt  
[0;33m(sl-xu5-01)[0m ~ [0;33m$[0m sudo nano /mnt/uEnv.txt 
)0[1;24r[m(B[4l[?7h[H[J[0;7m(B  GNU nano 2.3.1             File: /mnt/uEnv.txt                                [3;1H[m(Bbootargs=console=ttyPS0,115200 clk_ignore_unused root=/dev/mmcblk1p2 rootfstype$[5;1H# ---- ETH0 ---- #[1Beth0_macaddr=ca:9f:1e:3a:b6:24[2Beth0_ipaddr=130.87.242.129[1Beth0_gatewayip=130.87.240.1[1Beth0_netmask=255.255.252.0[1Beth0_hostname=sl-xu5-eth0-01[1Beth0_interface=eth0[1Beth0_autoconf=off[2Beth0_nameserver_1=130.87.240.2[1Beth0_nameserver_2=130.87.240.3[2B# ---- ETH1 ---- #[1Beth1_macaddr=ca:9f:1e:3a:b6:25[2B# How can I set eth1 IP address as well with uEnv.txt?[22;32H[0;7m(B[ Read 38 lines ][1B^G[m(B Get Help  [0;7m(B^O[m(B WriteOut  [0;7m(B^R[m(B Read File [0;7m(B^Y[m(B Prev Page [0;7m(B^K[m(B Cut Text  [0;7m(B^C[m(B Cur Pos[1B[0;7m(B^X[m(B Exit[6C[0;7m(B^J[m(B Justify   [0;7m(B^W[m(B Where Is  [0;7m(B^V[m(B Next Page [0;7m(B^U[m(B UnCut Text[0;7m(B^T[m(B To Spell[21A[1B[1B[1B[1B[1B[1B[1B[A[A[A[A[A[A[Aboota[19B[K[3;7Hg	=consol	=ttyPS0	115200 	lk_igno	e_unuse	 root=/	ev/mmcb	k1p2 ro	tfstyp$fstype=ext4 rw rootwait earlyprintk[K[29D	ext4 rw	rootwai	 earlyp	intkbootargs=console=ttyPS0,115200 clk_ignore_unused root=/dev/mmcblk1p2 rootfstype$[4;1H[1B# ---- 	TH0 ---	 [A[A$fstype=ext4 rw rootwait earlyprintk[Kyp	intk[1;71H[0;7m(BModified[3;38H[m(Buio_pdrv_genirq.of_id=generic-uio[19B[0;7m(BSave modified buffer (ANSWERING "No" WILL DESTROY CHANGES) ?                    [23;1H Y[m(B Yes[K[1B[0;7m(B N[m(B No  [6C   [0;7m(B^C[m(B Cancel[K[22;62H[  175.328817] random: crng init done
[  175.332206] random: 7 urandom warning(s) missed due to ratelimiting
[0;7m(BFile Name to Write: /mnt/uEnv.txt                           [1B^G[m(B Get Help[23;21H[0;7m(BM-D[m(B DOS Format	[0;7m(BM-A[m(B Append[23;61H[0;7m(BM-B[m(B Backup File[1B[0;7m(B^C[m(B Cancel	    [0;7m(BM-M[m(B Mac Format	[0;7m(BM-P[m(B Prepend[22;34H[0;7m(By[m(B[0;7m(B][m(B[0;7m(B [m(B[0;7m(B [m(B[0;7m(B [m(B[0;7m(B [m(B[0;7m(BSave file under DIFFERENT NAME ?[1B Y[m(B Yes[K[1B[0;7m(B N[m(B No    	[0;7m(B^C[m(B Cancel[K[22;34H[0;7m(BFile Name to Write: /mnt/uEnv.t [1B^G[m(B Get Help[23;21H[0;7m(BM-D[m(B DOS Format	[0;7m(BM-A[m(B Append[23;61H[0;7m(BM-B[m(B Backup File[1B[0;7m(B^C[m(B Cancel	    [0;7m(BM-M[m(B Mac Format	[0;7m(BM-P[m(B Prepend[22;32H[0;7m(BSave file under DIFFERENT NAME ?[1B Y[m(B Yes[K[1B[0;7m(B N[m(B No    	[0;7m(B^C[m(B Cancel[K[22;34H[0;7m(BFile Name to Write: /mnt/uEnv.t [1B^G[m(B Get Help[23;21H[0;7m(BM-D[m(B DOS Format	[0;7m(BM-A[m(B Append[23;61H[0;7m(BM-B[m(B Backup File[1B[0;7m(B^C[m(B Cancel	    [0;7m(BM-M[m(B Mac Format	[0;7m(BM-P[m(B Prepend[22;32H[0;7m(Bn[m(B[0;7m(Bn[m(B[0;7m(Bn[m(B[0;7m(B [m(B[0;7m(B [m(B[0;7m(B [m(B[0;7m(Bx[m(B[0;7m(By[m(B[0;7m(BSave file under DIFFERENT NAME ? [1B Y[m(B Yes[K[1B[0;7m(B N[m(B No    	[0;7m(B^C[m(B Cancel[K[22;34H[1B[J[1;48H[0;7m(By[1;71H        [22;31H[m(B[1K [0;7m(B[ Wrote 38 lines ][m(B[K[24;80H[24;1H
[0;33m(sl-xu5-01)[0m ~ [0;33m$[0m 

[0;33m(sl-xu5-01)[0m ~ [0;33m$[0m ls /mnt/
BOOT.BIN  boot.scr  image.ub  uEnv.txt  uEnv.txy  
[0;33m(sl-xu5-01)[0m ~ [0;33m$[0m ls /mnt/[C[C[1P /mnt/[1P /mnt/r /mnt/m /mnt/[C[C[C[C[C[CuEnv.txy [1@s[1@u[1@d[1@o[1@ 

[0;33m(sl-xu5-01)[0m ~ [0;33m$[0m sudo nano /mnt/uEnv.txt 
)0[1;24r[m(B[4l[?7h[H[J[0;7m(B  GNU nano 2.3.1             File: /mnt/uEnv.txt                                [3;1H[m(Bbootargs=console=ttyPS0,115200 clk_ignore_unused root=/dev/mmcblk1p2 rootfstype$[5;1H# ---- ETH0 ---- #[1Beth0_macaddr=ca:9f:1e:3a:b6:24[2Beth0_ipaddr=130.87.242.129[1Beth0_gatewayip=130.87.240.1[1Beth0_netmask=255.255.252.0[1Beth0_hostname=sl-xu5-eth0-01[1Beth0_interface=eth0[1Beth0_autoconf=off[2Beth0_nameserver_1=130.87.240.2[1Beth0_nameserver_2=130.87.240.3[2B# ---- ETH1 ---- #[1Beth1_macaddr=ca:9f:1e:3a:b6:25[2B# How can I set eth1 IP address as well with uEnv.txt?[22;32H[0;7m(B[ Read 38 lines ][1B^G[m(B Get Help  [0;7m(B^O[m(B WriteOut  [0;7m(B^R[m(B Read File [0;7m(B^Y[m(B Prev Page [0;7m(B^K[m(B Cut Text  [0;7m(B^C[m(B Cur Pos[1B[0;7m(B^X[m(B Exit[6C[0;7m(B^J[m(B Justify   [0;7m(B^W[m(B Where Is  [0;7m(B^V[m(B Next Page [0;7m(B^U[m(B UnCut Text[0;7m(B^T[m(B To Spell[21Abootarg	=consol	=ttyPS0[19B[K[3;25H115200 	lk_igno	e_unuse	 root=/	ev/mmcb	k1p2 ro	tfstyp$fstype=ext4 rw rootwait earlyprintk[K[29D	ext4 rw	rootwai	 earlyp	intk[1;71H[0;7m(BModified[3;38H[m(Buiop _pdrv_genirq.of_id=generic-uio[19B[0;7m(BSave modified buffer (ANSWERING "No" WILL DESTROY CHANGES) ?                    [23;1H Y[m(B Yes[K[1B[0;7m(B N[m(B No  [6C   [0;7m(B^C[m(B Cancel[K[22;62H[0;7m(BFile Name to Write: /mnt/uEnv.txt                           [1B^G[m(B Get Help[23;21H[0;7m(BM-D[m(B DOS Format	[0;7m(BM-A[m(B Append[23;61H[0;7m(BM-B[m(B Backup File[1B[0;7m(B^C[m(B Cancel	    [0;7m(BM-M[m(B Mac Format	[0;7m(BM-P[m(B Prepend[22;34H[1B[J[1;71H[0;7m(B        [22;31H[m(B[1K [0;7m(B[ Wrote 38 lines ][m(B[K[24;80H[24;1H
[0;33m(sl-xu5-01)[0m ~ [0;33m$[0m 

[0;33m(sl-xu5-01)[0m ~ [0;33m$[0m 

[0;33m(sl-xu5-01)[0m ~ [0;33m$[0m cat /mnt/uEnv.txt 
bootargs=console=ttyPS0,115200 clk_ignore_unused root=/dev/mmcblk1p2 rootfstype=ext4 rw rootwait earlyprintk uio_pdrv_genirq.of_id=generic-uio

# ---- ETH0 ---- #
eth0_macaddr=ca:9f:1e:3a:b6:24

eth0_ipaddr=130.87.242.129
eth0_gatewayip=130.87.240.1
eth0_netmask=255.255.252.0
eth0_hostname=sl-xu5-eth0-01
eth0_interface=eth0
eth0_autoconf=off

eth0_nameserver_1=130.87.240.2
eth0_nameserver_2=130.87.240.3

# ---- ETH1 ---- #
eth1_macaddr=ca:9f:1e:3a:b6:25

# How can I set eth1 IP address as well with uEnv.txt?
# I was able to set it with 'nmtui' command in CentOS 7 anyway...

# eth1_ipaddr=192.168.10.5
# # eth1_gatewayip=
# eth1_netmask=255.255.255.0
# eth1_hostname=sl-xu5-eth1-01
# eth1_interface=eth1
# eth1_autoconf=off

# eth1_nameserver_1=
# eth1_nameserver_2=

# -------- #

eth0_setting=setenv ethaddr ${eth0_macaddr} && setenv bootargs ${bootargs} ip=${eth0_ipaddr}:${eth0_gatewayip}:${eth0_netmask}:${eth0_hostname}:${eth0_interface}:${eth0_autoconf} nameserver=${eth0_nameserver_1} nameserver=${eth0_nameserver_2}

eth1_setting=setenv eth1addr ${eth1_macaddr} # && setenv bootargs ${bootargs} ip=${eth1_ipaddr}::${eth1_netmask}:${eth1_hostname}:${eth1_interface}:${eth1_autoconf} # Can

uenvcmd=run eth0_setting && run eth1_setting

[0;33m(sl-xu5-01)[0m ~ [0;33m$[0m ud[K[Ksudo umount /dev/mmcblk1p1 

[0;33m(sl-xu5-01)[0m ~ [0;33m$[0m sudo reboot
[[32m  OK  [0m] Started Show Plymouth Reboot Screen.
[[32m  OK  [0m] Stopped Availability of block devices.
         Stopping Logout off all iSCSI sessions on shutdown...
[[32m  OK  [0m] Stopped Logout off all iSCSI sessions on shutdown.
[[32m  OK  [0m] Stopped Dynamic System Tuning Daemon.
[[32m  OK  [0m] Stopped target Network.
         Stopping Network Manager...
[[32m  OK  [0m] Stopped Network Manager.
[[32m  OK  [0m] Stopped target Network (Pre).
         Stopping firewalld - dynamic firewall daemon...
[[32m  OK  [0m] Stopped firewalld - dynamic firewall daemon.
         Stopping D-Bus System Message Bus...
         Stopping Authorization Manager...
[[32m  OK  [0m] Stopped D-Bus System Message Bus.
[[32m  OK  [0m] Stopped Authorization Manager.
[[32m  OK  [0m] Stopped target Basic System.
[[32m  OK  [0m] Stopped target Sockets.
[[32m  OK  [0m] Closed PC/SC Smart Card Daemon Activation Socket.
[[32m  OK  [0m] Closed Open-iSCSI iscsiuio Socket.
[[32m  OK  [0m] Closed Open-iSCSI iscsid Socket.
[[32m  OK  [0m] Closed D-Bus System Message Bus Socket.
[[32m  OK  [0m] Stopped Forward Password Requests to Plymouth Directory Watch.
[[32m  OK  [0m] Stopped target Slices.
[[32m  OK [  309.895563] audit: type=1305 audit(1638284912.029:126): op=set audit_pid=0 old=267 auid=4294967295 ses=4294967295 res=1
 [0m] Removed slice User and Session Slice.
[[32m  OK  [0m] S[  309.907804] audit: type=1131 audit(1638284912.041:127): pid=1 uid=0 auid=4294967295 ses=4294967295 msg='unit=auditd comm="systemd" exe="/usr/lib/systemd/systemd" hostname=? addr=? terminal=? res=success'
topped target Paths.
[[32m  OK  [0m] Stopped Flexible brandi[  309.933640] audit: type=1131 audit(1638284912.065:128): pid=1 uid=0 auid=4294967295 ses=4294967295 msg='unit=systemd-tmpfiles-setup comm="systemd" exe="/usr/lib/systemd/systemd" hostname=? addr=? terminal=? res=success'
ng.
[[32m  OK  [0m] Stopped target System Initialization.
[  309.955807] audit: type=1131 audit(1638284912.065:129): pid=1 uid=0 auid=4294967295 ses=4294967295 msg='unit=rhel-readonly comm="systemd" exe="/usr/lib/systemd/systemd" hostname=? addr=? terminal=? res=success'
[[32m  OK  [0m] Stopped Read and set NIS domainname from /etc/sysconfig/network.
[[32m  OK  [  309.983941] audit: type=1131 audit(1638284912.117:130): pid=1 uid=0 auid=4294967295 ses=4294967295 msg='unit=systemd-tmpfiles-setup-dev comm="systemd" exe="/usr/lib/systemd/systemd" hostname=? addr=? terminal=? res=success'
[0m] Stopped target Local Encrypted Volumes.
[[32m  OK  [0m] Stopped Apply Kernel Variables.
         Stopping Update UTMP about System Boot/Shutdown...
         Stopping Load/Save Random Seed...
[[32m  OK  [0m] Stopped Setup Virtual Console.
[[32m  OK  [0m] Stopped Forward Password Requests to Wall Directory Watch.
[[32m  OK  [0m] Stopped Update UTMP about System Boot/Shutdown.
[[32m  OK  [0m] Stopped Load/Save Random Seed.
         Stopping Security Auditing Service...
[[32m  OK  [0m] Stopped Security Auditin[  310.050542] audit: type=1131 audit(1638284912.185:131): pid=1 uid=0 auid=4294967295 ses=4294967295 msg='unit=lvm2-monitor comm="systemd" exe="/usr/lib/systemd/systemd" hostname=? addr=? terminal=? res=success'
g Service.
[[32m  OK  [0m] Stopped Create Volatile Files and Directories.
[[32m [  310.076310] audit: type=1131 audit(1638284912.209:132): pid=1 uid=0 auid=4294967295 ses=4294967295 msg='unit=lvm2-lvmetad comm="systemd" exe="/usr/lib/systemd/systemd" hostname=? addr=? terminal=? res=success'
 OK  [0m] Stopped target Local File Systems.
[[32m  OK  [0m] Stopped Configure read-only root support.
         Unmounting /run/user/1000...
[[32m  OK  [0m] Unmounted /run/user/1000.
[[32m  OK  [0m] Reached target Unmount All Filesystems.
[[32m  OK  [0m] Stopped target Swap.
[[32m  OK  [0m] Stopped target Local File Systems (Pre).
[[32m  OK  [0m] Stopped Create Static Device Nodes in /dev.
         Stopping Monitoring of LVM2 mirrors... dmeventd or progress polling...
[[32m  OK  [0m] Stopped Monitoring of LVM2 mirrors,...ng dmeventd or progress polling.
         Stopping LVM2 metadata daemon...
[[[  310.153168] printk: systemd-shutdow: 21 output lines suppressed due to ratelimiting
32m  OK  [0m] Stopped LVM2 metadata daemon.
[[32m  OK  [0m] Reached target Shutdown.
[  310.174224] systemd-shutdown[1]: Syncing filesystems and block devices.
[  310.284094] systemd-shutdown[1]: Sending SIGTERM to remaining processes...
[  310.312290] systemd-journald[162]: Received SIGTERM from PID 1 (systemd-shutdow).
[  310.327072] systemd-shutdown[1]: Sending SIGKILL to remaining processes...
[  310.353818] systemd-shutdown[1]: Unmounting file systems.
[  310.360038] systemd-shutdown[1033]: Remounting '/' read-only in with options ''.
[  310.410879] EXT4-fs (mmcblk1p2): re-mounted. Opts: 
[  310.424329] systemd-shutdown[1]: All filesystems unmounted.
[  310.429905] systemd-shutdown[1]: Deactivating swaps.
[  310.435055] systemd-shutdown[1]: All swaps deactivated.
[  310.440281] systemd-shutdown[1]: Detaching loop devices.
[  310.450044] systemd-shutdown[1]: All loop devices detached.
[  310.537740] reboot: Restarting system
Xilinx Zynq MP First Stage Boot Loader 
Release 2020.1   Nov 30 2021  -  13:31:53
NOTICE:  ATF running on XCZU5EV/silicon v4/RTL5.1 at 0xfffea000
NOTICE:  BL31: v2.2(release):xilinx_rebase_v2.2_2020.1
NOTICE:  BL31: Built : 13:29:52, Nov 30 2021


U-Boot 2020.01 (Nov 30 2021 - 13:30:56 +0000)

Model: Enclustra ME-XU5-5EV-2I-D12E SOM
Board: Xilinx ZynqMP
DRAM:  4 GiB
usb dr_mode not found
usb dr_mode not found
PMUFW:	v1.1
EL Level:	EL2
Chip ID:	zu5ev
NAND:  0 MiB
MMC:   mmc@ff160000: 0, mmc@ff170000: 1
In:    serial@ff000000
Out:   serial@ff000000
Err:   serial@ff000000
Bootmode: SD_MODE1
Reset reason:	SOFT 
Net:   
ZYNQ GEM: ff0b0000, mdio bus ff0b0000, phyaddr 3, interface rgmii-id

Warning: ethernet@ff0b0000 (eth0) using random MAC address - 5a:0d:38:1a:c8:0e
eth0: ethernet@ff0b0000
Hit any key to stop autoboot:  2  1  0 
switch to partitions #0, OK
mmc1 is current device
Scanning mmc 1:1...
Found U-Boot script /boot.scr
3694 bytes read in 18 ms (200.2 KiB/s)
## Executing script at 20000000
[L0MuESL] Before SD card scanning... 
[L0MuESL] SD card scanning now...
[L0MuESL] Loading uEnv.txt in SD1... 
1249 bytes read in 19 ms (63.5 KiB/s)
[L0MuESL] Loading u-boot environment by uenvcmd... 
[L0MuESL] SD card fatload now ...
8159148 bytes read in 613 ms (12.7 MiB/s)
[L0MuESL] SD card bootm command now...
## Loading kernel from FIT Image at 10000000 ...
   Using 'conf@system-top.dtb' configuration
   Trying 'kernel@1' kernel subimage
     Description:  Linux kernel
     Type:         Kernel Image
     Compression:  gzip compressed
     Data Start:   0x100000e8
     Data Size:    8114710 Bytes = 7.7 MiB
     Architecture: AArch64
     OS:           Linux
     Load Address: 0x00080000
     Entry Point:  0x00080000
     Hash algo:    sha256
     Hash value:   d8dbc87352877e020871a801ceda165f06fa467dc974d45677a3e9058465f51f
   Verifying Hash Integrity ... sha256+ OK
## Loading fdt from FIT Image at 10000000 ...
   Using 'conf@system-top.dtb' configuration
   Trying 'fdt@system-top.dtb' fdt subimage
     Description:  Flattened Device Tree blob
     Type:         Flat Device Tree
     Compression:  uncompressed
     Data Start:   0x107bd410
     Data Size:    42547 Bytes = 41.5 KiB
     Architecture: AArch64
     Hash algo:    sha256
     Hash value:   c2cb860e94d3969dd7865705c3edff938ff4058f8cd3fe6c0a353a4664c16d1c
   Verifying Hash Integrity ... sha256+ OK
   Booting using the fdt blob at 0x107bd410
   Uncompressing Kernel Image
   Loading Device Tree to 000000000fff2000, end 000000000ffff632 ... OK

Starting kernel ...

[    0.000000] Booting Linux on physical CPU 0x0000000000 [0x410fd034]
[    0.000000] Linux version 5.4.0-xilinx-v2020.1 (oe-user@oe-host) (gcc version 9.2.0 (GCC)) #1 SMP Tue Nov 30 13:29:56 UTC 2021
[    0.000000] Machine model: Enclustra ME-XU5-5EV-2I-D12E SOM
[    0.000000] efi: Getting EFI parameters from FDT:
[    0.000000] efi: UEFI not found.
[    0.000000] cma: Reserved 256 MiB at 0x000000006fc00000
[    0.000000] psci: probing for conduit method from DT.
[    0.000000] psci: PSCIv1.1 detected in firmware.
[    0.000000] psci: Using standard PSCI v0.2 function IDs
[    0.000000] psci: MIGRATE_INFO_TYPE not supported.
[    0.000000] psci: SMC Calling Convention v1.1
[    0.000000] percpu: Embedded 21 pages/cpu s49112 r8192 d28712 u86016
[    0.000000] Detected VIPT I-cache on CPU0
[    0.000000] CPU features: detected: ARM erratum 845719
[    0.000000] Speculative Store Bypass Disable mitigation not required
[    0.000000] Built 1 zonelists, mobility grouping on.  Total pages: 1031940
[    0.000000] Kernel command line: console=ttyPS0,115200 clk_ignore_unused root=/dev/mmcblk1p2 rootfstype=ext4 rw rootwait earlyprintk uio_pdrv_genirq.of_id=generic-uio ip=130.87.242.129:130.87.240.1:255.255.252.0:sl-xu5-eth0-01:eth0:off nameserver=130.87.240.2 nameserver=130.87.240.3
[    0.000000] Dentry cache hash table entries: 524288 (order: 10, 4194304 bytes, linear)
[    0.000000] Inode-cache hash table entries: 262144 (order: 9, 2097152 bytes, linear)
[    0.000000] mem auto-init: stack:off, heap alloc:off, heap free:off
[    0.000000] software IO TLB: mapped [mem 0x6bc00000-0x6fc00000] (64MB)
[    0.000000] Memory: 3767708K/4193280K available (11644K kernel code, 670K rwdata, 3624K rodata, 704K init, 321K bss, 163428K reserved, 262144K cma-reserved)
[    0.000000] rcu: Hierarchical RCU implementation.
[    0.000000] rcu: 	RCU event tracing is enabled.
[    0.000000] rcu: 	RCU restricting CPUs from NR_CPUS=8 to nr_cpu_ids=4.
[    0.000000] rcu: RCU calculated value of scheduler-enlistment delay is 25 jiffies.
[    0.000000] rcu: Adjusting geometry for rcu_fanout_leaf=16, nr_cpu_ids=4
[    0.000000] NR_IRQS: 64, nr_irqs: 64, preallocated irqs: 0
[    0.000000] GIC: Adjusting CPU interface base to 0x00000000f902f000
[    0.000000] GIC: Using split EOI/Deactivate mode
[    0.000000] random: get_random_bytes called from start_kernel+0x2a8/0x42c with crng_init=0
[    0.000000] arch_timer: cp15 timer(s) running at 33.33MHz (phys).
[    0.000000] clocksource: arch_sys_counter: mask: 0xffffffffffffff max_cycles: 0x7b0074340, max_idle_ns: 440795202884 ns
[    0.000003] sched_clock: 56 bits at 33MHz, resolution 30ns, wraps every 2199023255543ns
[    0.000287] Console: colour dummy device 80x25
[    0.000307] Calibrating delay loop (skipped), value calculated using timer frequency.. 66.66 BogoMIPS (lpj=133332)
[    0.000314] pid_max: default: 32768 minimum: 301
[    0.000449] Mount-cache hash table entries: 8192 (order: 4, 65536 bytes, linear)
[    0.000463] Mountpoint-cache hash table entries: 8192 (order: 4, 65536 bytes, linear)
[    0.001334] ASID allocator initialised with 32768 entries
[    0.001384] rcu: Hierarchical SRCU implementation.
[    0.001565] EFI services will not be available.
[    0.001679] smp: Bringing up secondary CPUs ...
[    0.001979] Detected VIPT I-cache on CPU1
[    0.002010] CPU1: Booted secondary processor 0x0000000001 [0x410fd034]
[    0.002327] Detected VIPT I-cache on CPU2
[    0.002344] CPU2: Booted secondary processor 0x0000000002 [0x410fd034]
[    0.002640] Detected VIPT I-cache on CPU3
[    0.002657] CPU3: Booted secondary processor 0x0000000003 [0x410fd034]
[    0.002699] smp: Brought up 1 node, 4 CPUs
[    0.002710] SMP: Total of 4 processors activated.
[    0.002715] CPU features: detected: 32-bit EL0 Support
[    0.002720] CPU features: detected: CRC32 instructions
[    0.002749] CPU: All CPU(s) started at EL2
[    0.002761] alternatives: patching kernel code
[    0.003760] devtmpfs: initialized
[    0.007873] clocksource: jiffies: mask: 0xffffffff max_cycles: 0xffffffff, max_idle_ns: 7645041785100000 ns
[    0.007883] futex hash table entries: 1024 (order: 4, 65536 bytes, linear)
[    0.013398] xor: measuring software checksum speed
[    0.052033]    8regs     :  2639.000 MB/sec
[    0.092057]    32regs    :  3027.000 MB/sec
[    0.132085]    arm64_neon:  2628.000 MB/sec
[    0.132089] xor: using function: 32regs (3027.000 MB/sec)
[    0.132099] pinctrl core: initialized pinctrl subsystem
[    0.132670] NET: Registered protocol family 16
[    0.133630] DMA: preallocated 256 KiB pool for atomic allocations
[    0.133651] audit: initializing netlink subsys (disabled)
[    0.133763] audit: type=2000 audit(0.132:1): state=initialized audit_enabled=0 res=1
[    0.134195] hw-breakpoint: found 6 breakpoint and 4 watchpoint registers.
[    0.144884] HugeTLB registered 1.00 GiB page size, pre-allocated 0 pages
[    0.144891] HugeTLB registered 32.0 MiB page size, pre-allocated 0 pages
[    0.144895] HugeTLB registered 2.00 MiB page size, pre-allocated 0 pages
[    0.144900] HugeTLB registered 64.0 KiB page size, pre-allocated 0 pages
[    1.110942] DRBG: Continuing without Jitter RNG
[    1.184696] raid6: neonx8   gen()  1717 MB/s
[    1.252740] raid6: neonx8   xor()  1624 MB/s
[    1.320790] raid6: neonx4   gen()  1645 MB/s
[    1.388832] raid6: neonx4   xor()  1577 MB/s
[    1.456901] raid6: neonx2   gen()  1249 MB/s
[    1.524923] raid6: neonx2   xor()  1303 MB/s
[    1.592995] raid6: neonx1   gen()   809 MB/s
[    1.660982] raid6: neonx1   xor()   978 MB/s
[    1.729047] raid6: int64x8  gen()  1291 MB/s
[    1.797097] raid6: int64x8  xor()   844 MB/s
[    1.865150] raid6: int64x4  gen()  1085 MB/s
[    1.933157] raid6: int64x4  xor()   814 MB/s
[    2.001203] raid6: int64x2  gen()   752 MB/s
[    2.069275] raid6: int64x2  xor()   657 MB/s
[    2.137364] raid6: int64x1  gen()   499 MB/s
[    2.205351] raid6: int64x1  xor()   500 MB/s
[    2.205355] raid6: using algorithm neonx8 gen() 1717 MB/s
[    2.205358] raid6: .... xor() 1624 MB/s, rmw enabled
[    2.205361] raid6: using neon recovery algorithm
[    2.205672] iommu: Default domain type: Translated 
[    2.205862] SCSI subsystem initialized
[    2.205992] usbcore: registered new interface driver usbfs
[    2.206019] usbcore: registered new interface driver hub
[    2.206047] usbcore: registered new device driver usb
[    2.206089] mc: Linux media interface: v0.10
[    2.206106] videodev: Linux video capture interface: v2.00
[    2.206123] pps_core: LinuxPPS API ver. 1 registered
[    2.206127] pps_core: Software ver. 5.3.6 - Copyright 2005-2007 Rodolfo Giometti <giometti@linux.it>
[    2.206137] PTP clock support registered
[    2.206155] EDAC MC: Ver: 3.0.0
[    2.206502] zynqmp-ipi-mbox mailbox@ff990400: Registered ZynqMP IPI mbox with TX/RX channels.
[    2.206655] FPGA manager framework
[    2.206772] Advanced Linux Sound Architecture Driver Initialized.
[    2.207014] Bluetooth: Core ver 2.22
[    2.207038] NET: Registered protocol family 31
[    2.207041] Bluetooth: HCI device and connection manager initialized
[    2.207048] Bluetooth: HCI socket layer initialized
[    2.207053] Bluetooth: L2CAP socket layer initialized
[    2.207064] Bluetooth: SCO socket layer initialized
[    2.207443] clocksource: Switched to clocksource arch_sys_counter
[    2.207528] VFS: Disk quotas dquot_6.6.0
[    2.207568] VFS: Dquot-cache hash table entries: 512 (order 0, 4096 bytes)
[    2.211248] NET: Registered protocol family 2
[    2.211568] tcp_listen_portaddr_hash hash table entries: 2048 (order: 3, 32768 bytes, linear)
[    2.211608] TCP established hash table entries: 32768 (order: 6, 262144 bytes, linear)
[    2.211792] TCP bind hash table entries: 32768 (order: 7, 524288 bytes, linear)
[    2.212142] TCP: Hash tables configured (established 32768 bind 32768)
[    2.212206] UDP hash table entries: 2048 (order: 4, 65536 bytes, linear)
[    2.212272] UDP-Lite hash table entries: 2048 (order: 4, 65536 bytes, linear)
[    2.212417] NET: Registered protocol family 1
[    2.212661] RPC: Registered named UNIX socket transport module.
[    2.212665] RPC: Registered udp transport module.
[    2.212668] RPC: Registered tcp transport module.
[    2.212671] RPC: Registered tcp NFSv4.1 backchannel transport module.
[    2.212902] PCI: CLS 0 bytes, default 64
[    2.213393] hw perfevents: no interrupt-affinity property for /pmu, guessing.
[    2.213527] hw perfevents: enabled with armv8_pmuv3 PMU driver, 7 counters available
[    2.214222] Initialise system trusted keyrings
[    2.214297] workingset: timestamp_bits=46 max_order=20 bucket_order=0
[    2.214975] NFS: Registering the id_resolver key type
[    2.214987] Key type id_resolver registered
[    2.214990] Key type id_legacy registered
[    2.214998] nfs4filelayout_init: NFSv4 File Layout Driver Registering...
[    2.215013] jffs2: version 2.2. (NAND) Â© 2001-2006 Red Hat, Inc.
[    2.226664] NET: Registered protocol family 38
[    2.226671] Key type asymmetric registered
[    2.226675] Asymmetric key parser 'x509' registered
[    2.226694] Block layer SCSI generic (bsg) driver version 0.4 loaded (major 247)
[    2.226699] io scheduler mq-deadline registered
[    2.226703] io scheduler kyber registered
[    2.250159] Serial: 8250/16550 driver, 4 ports, IRQ sharing disabled
[    2.252988] cacheinfo: Unable to detect cache hierarchy for CPU 0
[    2.256802] brd: module loaded
[    2.260824] loop: module loaded
[    2.261416] mtdoops: mtd device (mtddev=name/number) must be supplied
[    2.262371] libphy: Fixed MDIO Bus: probed
[    2.263209] tun: Universal TUN/TAP device driver, 1.6
[    2.263285] CAN device driver interface
[    2.263997] usbcore: registered new interface driver asix
[    2.264032] usbcore: registered new interface driver ax88179_178a
[    2.264051] usbcore: registered new interface driver cdc_ether
[    2.264072] usbcore: registered new interface driver net1080
[    2.264091] usbcore: registered new interface driver cdc_subset
[    2.264111] usbcore: registered new interface driver zaurus
[    2.264139] usbcore: registered new interface driver cdc_ncm
[    2.264232] uio_pdrv_genirq 80020000.debug_bridge: IRQ index 0 not found
[    2.265029] usbcore: registered new interface driver uas
[    2.265057] usbcore: registered new interface driver usb-storage
[    2.265550] rtc_zynqmp ffa60000.rtc: registered as rtc0
[    2.265587] i2c /dev entries driver
[    2.266847] usbcore: registered new interface driver uvcvideo
[    2.266850] USB Video Class driver (1.1.1)
[    2.267149] Bluetooth: HCI UART driver ver 2.3
[    2.267154] Bluetooth: HCI UART protocol H4 registered
[    2.267158] Bluetooth: HCI UART protocol BCSP registered
[    2.267175] Bluetooth: HCI UART protocol LL registered
[    2.267178] Bluetooth: HCI UART protocol ATH3K registered
[    2.267192] Bluetooth: HCI UART protocol Three-wire (H5) registered
[    2.267225] Bluetooth: HCI UART protocol Intel registered
[    2.267239] Bluetooth: HCI UART protocol QCA registered
[    2.267263] usbcore: registered new interface driver bcm203x
[    2.267285] usbcore: registered new interface driver bpa10x
[    2.267310] usbcore: registered new interface driver bfusb
[    2.267332] usbcore: registered new interface driver btusb
[    2.267366] usbcore: registered new interface driver ath3k
[    2.267529] EDAC MC0: 13 UE BankGroup Number 0 Block Number 0 on mc#0csrow#0channel#0 (csrow:0 channel:0 page:0x0 offset:0x0 grain:1)
[    2.267596] EDAC MC0: Giving out device to module 1 controller synps_ddr_controller: DEV synps_edac (INTERRUPT)
[    2.267713] EDAC DEVICE0: Giving out device to module edac controller cache_err: DEV edac (POLLED)
[    2.267858] EDAC DEVICE1: Giving out device to module zynqmp-ocm-edac controller zynqmp_ocm: DEV ff960000.memory-controller (INTERRUPT)
[    2.268173] sdhci: Secure Digital Host Controller Interface driver
[    2.268176] sdhci: Copyright(c) Pierre Ossman
[    2.268180] sdhci-pltfm: SDHCI platform and OF driver helper
[    2.268468] ledtrig-cpu: registered to indicate activity on CPUs
[    2.268509] zynqmp_firmware_probe Platform Management API v1.1
[    2.268514] zynqmp_firmware_probe Trustzone version v1.0
[    2.291142] alg: No test for xilinx-zynqmp-aes (zynqmp-aes)
[    2.291290] zynqmp_aes zynqmp_aes: AES Successfully Registered
[    2.291290] 
[    2.291425] alg: No test for xilinx-keccak-384 (zynqmp-keccak-384)
[    2.291635] alg: No test for xilinx-zynqmp-rsa (zynqmp-rsa)
[    2.291856] usbcore: registered new interface driver usbhid
[    2.291859] usbhid: USB HID core driver
[    2.293978] fpga_manager fpga0: Xilinx ZynqMP FPGA Manager registered
[    2.294240] usbcore: registered new interface driver snd-usb-audio
[    2.294933] pktgen: Packet Generator for packet performance testing. Version: 2.75
[    2.295424] Initializing XFRM netlink socket
[    2.295524] NET: Registered protocol family 10
[    2.295891] Segment Routing with IPv6
[    2.295990] sit: IPv6, IPv4 and MPLS over IPv4 tunneling driver
[    2.296283] NET: Registered protocol family 17
[    2.296297] NET: Registered protocol family 15
[    2.296314] bridge: filtering via arp/ip/ip6tables is no longer available by default. Update your scripts to load br_netfilter if you need this.
[    2.296318] can: controller area network core (rev 20170425 abi 9)
[    2.296342] NET: Registered protocol family 29
[    2.296347] can: raw protocol (rev 20170425)
[    2.296351] can: broadcast manager protocol (rev 20170425 t)
[    2.296357] can: netlink gateway (rev 20190810) max_hops=1
[    2.296420] Bluetooth: RFCOMM TTY layer initialized
[    2.296427] Bluetooth: RFCOMM socket layer initialized
[    2.296439] Bluetooth: RFCOMM ver 1.11
[    2.296446] Bluetooth: BNEP (Ethernet Emulation) ver 1.3
[    2.296450] Bluetooth: BNEP filters: protocol multicast
[    2.296455] Bluetooth: BNEP socket layer initialized
[    2.296459] Bluetooth: HIDP (Human Interface Emulation) ver 1.2
[    2.296464] Bluetooth: HIDP socket layer initialized
[    2.296563] 9pnet: Installing 9P2000 support
[    2.296582] Key type dns_resolver registered
[    2.296901] registered taskstats version 1
[    2.296904] Loading compiled-in X.509 certificates
[    2.297275] Btrfs loaded, crc32c=crc32c-generic
[    2.305121] ff000000.serial: ttyPS0 at MMIO 0xff000000 (irq = 41, base_baud = 6249999) is a xuartps
[    3.576019] printk: console [ttyPS0] enabled
[    3.580600] of-fpga-region fpga-full: FPGA Region probed
[    3.586425] GPIO IRQ not connected
[    3.589823] XGpio: gpio@80010000: registered, base is 509
[    3.595810] xilinx-zynqmp-dma fd500000.dma: ZynqMP DMA driver Probe success
[    3.602897] xilinx-zynqmp-dma fd510000.dma: ZynqMP DMA driver Probe success
[    3.609987] xilinx-zynqmp-dma fd520000.dma: ZynqMP DMA driver Probe success
[    3.617070] xilinx-zynqmp-dma fd530000.dma: ZynqMP DMA driver Probe success
[    3.624156] xilinx-zynqmp-dma fd540000.dma: ZynqMP DMA driver Probe success
[    3.631239] xilinx-zynqmp-dma fd550000.dma: ZynqMP DMA driver Probe success
[    3.638321] xilinx-zynqmp-dma fd560000.dma: ZynqMP DMA driver Probe success
[    3.645404] xilinx-zynqmp-dma fd570000.dma: ZynqMP DMA driver Probe success
[    3.652555] xilinx-zynqmp-dma ffa80000.dma: ZynqMP DMA driver Probe success
[    3.659642] xilinx-zynqmp-dma ffa90000.dma: ZynqMP DMA driver Probe success
[    3.666730] xilinx-zynqmp-dma ffaa0000.dma: ZynqMP DMA driver Probe success
[    3.673814] xilinx-zynqmp-dma ffab0000.dma: ZynqMP DMA driver Probe success
[    3.680898] xilinx-zynqmp-dma ffac0000.dma: ZynqMP DMA driver Probe success
[    3.687987] xilinx-zynqmp-dma ffad0000.dma: ZynqMP DMA driver Probe success
[    3.695075] xilinx-zynqmp-dma ffae0000.dma: ZynqMP DMA driver Probe success
[    3.702159] xilinx-zynqmp-dma ffaf0000.dma: ZynqMP DMA driver Probe success
[    3.709359] zynqmp-qspi ff0f0000.spi: rx bus width not found
[    3.715010] zynqmp-qspi ff0f0000.spi: tx bus width not found
[    3.720820] spi_master spi0: cannot find modalias for /amba/spi@ff0f0000/flash@0
[    3.728214] spi_master spi0: Failed to create SPI device for /amba/spi@ff0f0000/flash@0
[    3.736500] macb ff0b0000.ethernet: Not enabling partial store and forward
[    3.743861] libphy: MACB_mii_bus: probed
[    3.756305] zynqmp_pll_disable() clock disable failed for dpll_int, ret = -13
[    3.820639] Micrel KSZ9031 Gigabit PHY ff0b0000.ethernet-ffffffff:03: attached PHY driver [Micrel KSZ9031 Gigabit PHY] (mii_bus:phy_addr=ff0b0000.ethernet-ffffffff:03, irq=POLL)
[    3.836459] macb ff0b0000.ethernet eth0: Cadence GEM rev 0x50070106 at 0xff0b0000 irq 29 (ca:9f:1e:3a:b6:24)
[    3.846538] macb ff0c0000.ethernet: Not enabling partial store and forward
[    3.853808] libphy: MACB_mii_bus: probed
[    3.928629] Micrel KSZ9031 Gigabit PHY ff0c0000.ethernet-ffffffff:03: attached PHY driver [Micrel KSZ9031 Gigabit PHY] (mii_bus:phy_addr=ff0c0000.ethernet-ffffffff:03, irq=POLL)
[    3.944444] macb ff0c0000.ethernet eth1: Cadence GEM rev 0x50070106 at 0xff0c0000 irq 30 (ca:9f:1e:3a:b6:25)
[    3.954524] xilinx-axipmon ffa00000.perf-monitor: Probed Xilinx APM
[    3.961026] xilinx-axipmon fd0b0000.perf-monitor: Probed Xilinx APM
[    3.967576] xilinx-axipmon fd490000.perf-monitor: Probed Xilinx APM
[    3.974044] xilinx-axipmon ffa10000.perf-monitor: Probed Xilinx APM
[    3.980525] dwc3-of-simple ff9d0000.usb0: dwc3_simple_set_phydata: Can't find usb3-phy
[    3.988806] dwc3 fe200000.dwc3: Failed to get clk 'ref': -2
[    3.994761] dwc3-of-simple ff9e0000.usb1: dwc3_simple_set_phydata: Can't find usb3-phy
[    4.002988] dwc3 fe300000.dwc3: Failed to get clk 'ref': -2
[    4.009604] i2c i2c-0: Added multiplexed i2c bus 1
[    4.013917] xhci-hcd xhci-hcd.0.auto: xHCI Host Controller
[    4.014501] i2c i2c-0: Added multiplexed i2c bus 2
[    4.019875] xhci-hcd xhci-hcd.0.auto: new USB bus registered, assigned bus number 1
[    4.024748] i2c i2c-0: Added multiplexed i2c bus 3
[    4.032379] xhci-hcd xhci-hcd.0.auto: hcc params 0x0238f625 hci version 0x100 quirks 0x0000000202010010
[    4.037255] i2c i2c-0: Added multiplexed i2c bus 4
[    4.046474] xhci-hcd xhci-hcd.0.auto: irq 46, io mem 0xfe300000
[    4.051425] i2c i2c-0: Added multiplexed i2c bus 5
[    4.057570] xhci-hcd xhci-hcd.1.auto: xHCI Host Controller
[    4.062034] i2c i2c-0: Added multiplexed i2c bus 6
[    4.067514] usb usb1: New USB device found, idVendor=1d6b, idProduct=0002, bcdDevice= 5.04
[    4.072315] i2c i2c-0: Added multiplexed i2c bus 7
[    4.080455] usb usb1: New USB device strings: Mfr=3, Product=2, SerialNumber=1
[    4.080459] usb usb1: Product: xHCI Host Controller
[    4.085447] i2c i2c-0: Added multiplexed i2c bus 8
[    4.092450] usb usb1: Manufacturer: Linux 5.4.0-xilinx-v2020.1 xhci-hcd
[    4.092454] usb usb1: SerialNumber: xhci-hcd.0.auto
[    4.097325] pca954x 0-0070: registered 8 multiplexed busses for I2C switch pca9548
[    4.121143] cdns-i2c ff020000.i2c: 400 kHz mmio ff020000 irq 32
[    4.127232] hub 1-0:1.0: USB hub found
[    4.127418] cpufreq: cpufreq_online: CPU0: Running at unlisted freq: 1333333 KHz
[    4.130994] hub 1-0:1.0: 1 port detected
[    4.138370] cpu cpu0: dev_pm_opp_set_rate: failed to find current OPP for freq 1333333320 (-34)
[    4.142448] xhci-hcd xhci-hcd.0.auto: xHCI Host Controller
[    4.151009] cpufreq: cpufreq_online: CPU0: Unlisted initial frequency changed to: 1199999 KHz
[    4.156447] xhci-hcd xhci-hcd.0.auto: new USB bus registered, assigned bus number 2
[    4.164971] cpu cpu0: dev_pm_opp_set_rate: failed to find current OPP for freq 1333333320 (-34)
[    4.172600] xhci-hcd xhci-hcd.0.auto: Host supports USB 3.0 SuperSpeed
[    4.187856] usb usb2: We don't know the algorithms for LPM for this host, disabling LPM.
[    4.196008] usb usb2: New USB device found, idVendor=1d6b, idProduct=0003, bcdDevice= 5.04
[    4.204262] usb usb2: New USB device strings: Mfr=3, Product=2, SerialNumber=1
[    4.211472] usb usb2: Product: xHCI Host Controller
[    4.213070] mmc0: SDHCI controller on ff160000.mmc [ff160000.mmc] using ADMA 64-bit
[    4.216342] usb usb2: Manufacturer: Linux 5.4.0-xilinx-v2020.1 xhci-hcd
[    4.216346] usb usb2: SerialNumber: xhci-hcd.0.auto
[    4.235726] hub 2-0:1.0: USB hub found
[    4.239535] hub 2-0:1.0: 1 port detected
[    4.244210] xhci-hcd xhci-hcd.1.auto: new USB bus registered, assigned bus number 3
[    4.251961] xhci-hcd xhci-hcd.1.auto: hcc params 0x0238f625 hci version 0x100 quirks 0x0000000202010010
[    4.253375] mmc1: SDHCI controller on ff170000.mmc [ff170000.mmc] using ADMA 64-bit
[    4.261379] xhci-hcd xhci-hcd.1.auto: irq 43, io mem 0xfe200000
[    4.274908] rtc_zynqmp ffa60000.rtc: setting system clock to 2021-11-30T15:08:51 UTC (1638284931)
[    4.275165] usb usb3: New USB device found, idVendor=1d6b, idProduct=0002, bcdDevice= 5.04
[    4.283775] of_cfs_init
[    4.292029] usb usb3: New USB device strings: Mfr=3, Product=2, SerialNumber=1
[    4.294481] of_cfs_init: OK
[    4.301669] usb usb3: Product: xHCI Host Controller
[    4.309335] usb usb3: Manufacturer: Linux 5.4.0-xilinx-v2020.1 xhci-hcd
[    4.315938] usb usb3: SerialNumber: xhci-hcd.1.auto
[    4.321122] hub 3-0:1.0: USB hub found
[    4.324977] hub 3-0:1.0: 1 port detected
[    4.329109] xhci-hcd xhci-hcd.1.auto: xHCI Host Controller
[    4.334597] xhci-hcd xhci-hcd.1.auto: new USB bus registered, assigned bus number 4
[    4.342257] xhci-hcd xhci-hcd.1.auto: Host supports USB 3.0 SuperSpeed
[    4.348961] usb usb4: We don't know the algorithms for LPM for this host, disabling LPM.
[    4.357213] usb usb4: New USB device found, idVendor=1d6b, idProduct=0003, bcdDevice= 5.04
[    4.365475] usb usb4: New USB device strings: Mfr=3, Product=2, SerialNumber=1
[    4.372689] usb usb4: Product: xHCI Host Controller
[    4.377558] usb usb4: Manufacturer: Linux 5.4.0-xilinx-v2020.1 xhci-hcd
[    4.384166] usb usb4: SerialNumber: xhci-hcd.1.auto
[    4.389310] hub 4-0:1.0: USB hub found
[    4.393167] hub 4-0:1.0: 1 port detected
[    4.423030] mmc1: new high speed SDHC card at address 5048
[    4.428892] mmcblk1: mmc1:5048 SD16G 14.4 GiB 
[    4.434703]  mmcblk1: p1 p2
[    4.466164] mmc0: new HS200 MMC card at address 0001
[    4.471428] mmcblk0: mmc0:0001 W52516 14.3 GiB 
[    4.476124] mmcblk0boot0: mmc0:0001 W52516 partition 1 4.00 MiB
[    4.482205] mmcblk0boot1: mmc0:0001 W52516 partition 2 4.00 MiB
[    4.488177] mmcblk0rpmb: mmc0:0001 W52516 partition 3 4.00 MiB, chardev (245:0)
[    4.496569]  mmcblk0: p1
[   16.575458] cfg80211: Loading compiled-in X.509 certificates for regulatory database
[   16.699137] cfg80211: Loaded X.509 cert 'sforshee: 00b28ddf47aef9cea7'
[   16.705665] clk: Not disabling unused clocks
[   16.709929] ALSA device list:
[   16.712887]   No soundcards found.
[   16.716576] platform regulatory.0: Direct firmware load for regulatory.db failed with error -2
[   16.725187] cfg80211: failed to load regulatory.db
[   16.747341] EXT4-fs (mmcblk1p2): mounted filesystem with ordered data mode. Opts: (null)
[   16.755455] VFS: Mounted root (ext4 filesystem) on device 179:2.
[   16.769646] devtmpfs: mounted
[   16.772764] Freeing unused kernel memory: 704K
[   16.779468] Run /sbin/init as init process
[   16.981634] random: fast init done
[   17.264721] random: systemd: uninitialized urandom read (16 bytes read)
[   17.280735] random: systemd: uninitialized urandom read (16 bytes read)
[   17.304405] systemd[1]: systemd 219 running in system mode. (+PAM +AUDIT +SELINUX +IMA -APPARMOR +SMACK +SYSVINIT +UTMP +LIBCRYPTSETUP +GCRYPT +GNUTLS +ACL +XZ +LZ4 -SECCOMP +BLKID +ELFUTILS +KMOD +IDN)
[   17.322701] systemd[1]: Detected architecture arm64.

Welcome to [0;31mCentOS Linux 7 (AltArch)[0m!

[   17.348459] systemd[1]: Set hostname to <sl-xu5-01>.
[   17.381172] random: systemd: uninitialized urandom read (16 bytes read)
[   17.960412] systemd[1]: Reached target Swap.
[[32m  OK  [0m] Reached target Swap.
[   17.976138] systemd[1]: Created slice Root Slice.
[[32m  OK  [0m] Created slice Root Slice.
[   17.991557] systemd[1]: Listening on LVM2 poll daemon socket.
[[32m  OK  [0m] Listening on LVM2 poll daemon socket.
[   18.007520] systemd[1]: Listening on LVM2 metadata daemon socket.
[[32m  OK  [0m] Listening on LVM2 metadata daemon socket.
[   18.023533] systemd[1]: Listening on Device-mapper event daemon FIFOs.
[[32m  OK  [0m] Listening on Device-mapper event daemon FIFOs.
[   18.047533] systemd[1]: Listening on udev Kernel Socket.
[[32m  OK  [0m] Listening on udev Kernel Socket.
[   18.063540] systemd[1]: Listening on udev Control Socket.
[[32m  OK  [0m] Listening on udev Control Socket.
[[32m  OK  [0m] Listening on Journal Socket.
[[32m  OK  [0m] Created slice User and Session Slice.
[[32m  OK  [0m] Created slice System Slice.
[[32m  OK  [0m] Created slice system-getty.slice.
[[32m  OK  [0m] Created slice system-serial\x2dgetty.slice.
         Starting Read and set NIS domainname from /etc/sysconfig/network...
         Starting Collect Read-Ahead Data...
[[32m  OK  [0m] Created slice system-selinux\x2dpol...grate\x2dlocal\x2dchanges.slice.
[   18.183686] systemd-readahead[159]: Failed to create fanotify object: Function not implemented
         Starting Monitoring of LVM2 mirrors... dmeventd or progress polling...
         Mounting Debug File System...
         Mounting POSIX Message Queue File System...
         Mounting Huge Pages File System...
[[32m  OK  [0m] Started Forward Password Requests to Wall Directory Watch.
[[32m  OK  [0m] Listening on /dev/initctl Compatibility Named Pipe.
[[32m  OK  [0m] Reached target Slices.
[[32m  OK  [0m] Listening on Delayed Shutdown Socket.
         Starting Journal Service...
[[32m  OK  [0m] Mounted POSIX Message Queue File System.
[[32m  OK  [0m] Mounted Huge Pages File System.
[[32m  OK  [0m] Mounted Debug File System.
[[32m  OK  [0m] Started Read and set NIS domainname from /etc/sysconfig/network.
[[1;31mFAILED[0m] Failed to start Collect Read-Ahead Data.
See 'systemctl status systemd-readahead-collect.service' for details.
         Starting Create Static Device Nodes in /dev...
         Mounting Configuration File System...
         Starting Apply Kernel Variables...
         Starting Configure read-only root support...
         Starting udev Coldplug all Devices...
         Starting Setup Virtual Console...
[[32m  OK  [0m] Mounted Configuration File System.
[[32m  OK  [0m] Started Journal Service.
[[32m  OK  [0m] Started Apply Kernel Variables.
         Starting Flush Journal to Persistent Storage...
[[32m  OK  [0m] Started Create Static Device Nodes in /dev.
[[32m  OK  [0m] Started Configure read-only root support.
[[32m  OK  [0m] Started udev Coldplug all Devices.
         Starting udev Wait for Complete Device Initialization...
         Starting Load/Save Random Seed...
         Starting udev Kernel Device Manager...
[   18.677673] systemd-journald[172]: Received request to flush runtime journal from PID 1
[[32m  OK  [0m] Started Load/Save Random Seed.
[[32m  OK  [0m] Started Flush Journal to Persistent Storage.
[[32m  OK  [0m] Started LVM2 metadata daemon.
[[32m  OK  [0m] Started Setup Virtual Console.
[[32m  OK  [0m] Started udev Kernel Device Manager.
         Starting Show Plymouth Boot Screen...
[[32m  OK  [0m] Found device /dev/ttyPS0.
[[32m  OK  [0m] Started Show Plymouth Boot Screen.
[[32m  OK  [0m] Started Forward Password Requests to Plymouth Directory Watch.
%G[[32m  OK  [0m] Started udev Wait for Complete Device Initialization.
         Starting Activation of DM RAID sets...
[[32m  OK  [0m] Started Monitoring of LVM2 mirrors,...ng dmeventd or progress polling.
[[32m  OK  [0m] Reached target Local File Systems (Pre).
[[32m  OK  [0m] Started Activation of DM RAID sets.
[[32m  OK  [0m] Reached target Local File Systems.
         Starting Tell Plymouth To Write Out Runtime Data...
         Starting Create Volatile Files and Directories...
[[32m  OK  [0m] Reached target Local Encrypted Volumes.
[[32m  OK  [0m] Started Tell Plymouth To Write Out Runtime Data.
[[32m  OK  [0m] Started Create Volatile Files and Directories.
         Starting Security Auditing Service...
[[32m  OK  [0m] Started Security Auditing Service.
         Starting Update UTMP about System Boot/Shutdown...
[[32m  OK  [0m] Started Update UTMP about System Boot/Shutdown.
[[32m  OK  [0m] Reached target System Initialization.
[[32m  OK  [0m] Listening on PC/SC Smart Card Daemon Activation Socket.
[[32m  OK  [0m] Listening on Open-iSCSI iscsid Socket.
[[32m  OK  [0m] Started Daily Cleanup of Temporary Directories.
[[32m  OK  [0m] Reached target Timers.
[[32m  OK  [0m] Started Flexible branding.
[[32m  OK  [0m] Reached target Paths.
[[32m  OK  [0m] Listening on D-Bus System Message Bus Socket.
[[32m  OK  [0m] Listening on Open-iSCSI iscsiuio Socket.
[[32m  OK  [0m] Reached target Sockets.
[[32m  OK  [0m] Reached target Basic System.
         Starting Login Service...
[[32m  OK  [0m] Started irqbalance daemon.
         Starting Dump dmesg to /var/log/dmesg...
         Starting NTP client/server...
[[32m  OK  [0m] Started D-Bus System Message Bus.
         Starting Authorization Manager...
[[32m  OK  [0m] Started Dump dmesg to /var/log/dmesg.
[[32m  OK  [0m] Started Login Service.
[[32m  OK  [0m] Started NTP client/server.
[[32m  OK  [0m] Started Authorization Manager.
         Starting firewalld - dynamic firewall daemon...
[[32m  OK  [0m] Started firewalld - dynamic firewall daemon.
[[32m  OK  [0m] Reached target Network (Pre).
         Starting Network Manager...
[[32m  OK  [0m] Started Network Manager.
         Starting Network Manager Wait Online...
         Starting Hostname Service...
[[32m  OK  [0m] Started Hostname Service.
         Starting Network Manager Script Dispatcher Service...
[[32m  OK  [0m] Started Network Manager Script Dispatcher Service.
[   23.153910] pps pps0: new PPS source ptp0
[   23.157960] macb ff0b0000.ethernet: gem-ptp-timer ptp clock registered.
[   23.195583] pps pps1: new PPS source ptp1
[   23.199615] macb ff0c0000.ethernet: gem-ptp-timer ptp clock registered.
[[0m[31m*     [0m] A start job is running for Network ...ger Wait Online (10s / no limit)[   28.319718] macb ff0c0000.ethernet eth1: unable to generate target frequency: 125000000 Hz
[   28.327981] macb ff0c0000.ethernet eth1: link up (1000/Full)
[   28.333653] IPv6: ADDRCONF(NETDEV_CHANGE): eth1: link becomes ready
[K[[1;31m*[0m[31m*    [0m] A start job is running for Network ...ger Wait Online (10s / no limit)[K[[31m*[1;31m*[0m[31m*   [0m] A start job is running for Network ...ger Wait Online (11s / no limit)[   29.280090] macb ff0b0000.ethernet eth0: link up (1000/Full)
[   29.285761] IPv6: ADDRCONF(NETDEV_CHANGE): eth0: link becomes ready
[K[ [31m*[1;31m*[0m[31m*  [0m] A start job is running for Network ...ger Wait Online (11s / no limit)[K[  [31m*[1;31m*[0m[31m* [0m] A start job is running for Network ...ger Wait Online (12s / no limit)[K[   [31m*[1;31m*[0m[31m*[0m] A start job is running for Network ...ger Wait Online (12s / no limit)[K[    [31m*[1;31m*[0m] A start job is running for Network ...ger Wait Online (13s / no limit)[K[     [31m*[0m] A start job is running for Network ...ger Wait Online (13s / no limit)[K[    [31m*[1;31m*[0m] A start job is running for Network ...ger Wait Online (14s / no limit)[K[   [31m*[1;31m*[0m[31m*[0m] A start job is running for Network ...ger Wait Online (14s / no limit)[K[  [31m*[1;31m*[0m[31m* [0m] A start job is running for Network ...ger Wait Online (15s / no limit)[K[ [31m*[1;31m*[0m[31m*  [0m] A start job is running for Network ...ger Wait Online (15s / no limit)[K[[31m*[1;31m*[0m[31m*   [0m] A start job is running for Network ...ger Wait Online (16s / no limit)[K[[1;31m*[0m[31m*    [0m] A start job is running for Network ...ger Wait Online (16s / no limit)[K         Starting Network Manager Script Dispatcher Service...
[[32m  OK  [0m] Started Network Manager Script Dispatcher Service.
[[0m[31m*     [0m] A start job is running for Network ...ger Wait Online (21s / no limit)[K[[1;31m*[0m[31m*    [0m] A start job is running for Network ...ger Wait Online (22s / no limit)[K[[31m*[1;31m*[0m[31m*   [0m] A start job is running for Network ...ger Wait Online (22s / no limit)[K[ [31m*[1;31m*[0m[31m*  [0m] A start job is running for Network ...ger Wait Online (23s / no limit)[K[  [31m*[1;31m*[0m[31m* [0m] A start job is running for Network ...ger Wait Online (23s / no limit)[K[   [31m*[1;31m*[0m[31m*[0m] A start job is running for Network ...ger Wait Online (24s / no limit)[K[    [31m*[1;31m*[0m] A start job is running for Network ...ger Wait Online (24s / no limit)[K[     [31m*[0m] A start job is running for Network ...ger Wait Online (25s / no limit)[K[    [31m*[1;31m*[0m] A start job is running for Network ...ger Wait Online (25s / no limit)[K[   [31m*[1;31m*[0m[31m*[0m] A start job is running for Network ...ger Wait Online (26s / no limit)[K[  [31m*[1;31m*[0m[31m* [0m] A start job is running for Network ...ger Wait Online (26s / no limit)[K[ [31m*[1;31m*[0m[31m*  [0m] A start job is running for Network ...ger Wait Online (27s / no limit)[K[[31m*[1;31m*[0m[31m*   [0m] A start job is running for Network ...ger Wait Online (27s / no limit)[K[[1;31m*[0m[31m*    [0m] A start job is running for Network ...ger Wait Online (28s / no limit)[K[[0m[31m*     [0m] A start job is running for Network ...ger Wait Online (28s / no limit)[K[[1;31m*[0m[31m*    [0m] A start job is running for Network ...ger Wait Online (29s / no limit)[K[[31m*[1;31m*[0m[31m*   [0m] A start job is running for Network ...ger Wait Online (29s / no limit)[K[ [31m*[1;31m*[0m[31m*  [0m] A start job is running for Network ...ger Wait Online (30s / no limit)[K[  [31m*[1;31m*[0m[31m* [0m] A start job is running for Network ...ger Wait Online (30s / no limit)[K[   [31m*[1;31m*[0m[31m*[0m] A start job is running for Network ...ger Wait Online (31s / no limit)[K[    [31m*[1;31m*[0m] A start job is running for Network ...ger Wait Online (31s / no limit)[K[     [31m*[0m] A start job is running for Network ...ger Wait Online (32s / no limit)[K[    [31m*[1;31m*[0m] A start job is running for Network ...ger Wait Online (32s / no limit)[K[   [31m*[1;31m*[0m[31m*[0m] A start job is running for Network ...ger Wait Online (33s / no limit)[K[  [31m*[1;31m*[0m[31m* [0m] A start job is running for Network ...ger Wait Online (33s / no limit)[K[ [31m*[1;31m*[0m[31m*  [0m] A start job is running for Network ...ger Wait Online (34s / no limit)[K[[31m*[1;31m*[0m[31m*   [0m] A start job is running for Network ...ger Wait Online (34s / no limit)[K[[1;31mFAILED[0m] Failed to start Network Manager Wait Online.
See 'systemctl status NetworkManager-wait-online.service' for details.
         Starting LSB: Bring up/down networking...
[[1;31mFAILED[0m] Failed to start LSB: Bring up/down networking.
See 'systemctl status network.service' for details.
[[32m  OK  [0m] Reached target Network.
         Starting Postfix Mail Transport Agent...
         Starting OpenSSH server daemon...
         Starting Logout off all iSCSI sessions on shutdown...
         Starting Dynamic System Tuning Daemon...
[[32m  OK  [0m] Reached target Network is Online.
         Starting System Logging Service...
[[32m  OK  [0m] Started Logout off all iSCSI sessions on shutdown.
[[32m  OK  [0m] Reached target Remote File Systems (Pre).
[[32m  OK  [0m] Reached target Remote File Systems.
         Starting Permit User Sessions...
         Starting Crash recovery kernel arming...
         Starting Availability of block devices...
[[32m  OK  [0m] Started Availability of block devices.
[[32m  OK  [0m] Started Permit User Sessions.
         Starting Wait for Plymouth Boot Screen to Quit...
[[32m  OK  [0m] Started Command Scheduler.
         Starting Terminate Plymouth Boot Screen...

CentOS Linux 7 (AltArch)
Kernel 5.4.0-xilinx-v2020.1 on an aarch64

sl-xu5-01 login: okazaki
Password: 
Last login: Wed Dec  1 00:04:30 on ttyPS0
[0;33m(sl-xu5-01)[0m ~ [0;33m$[0m 

[0;33m(sl-xu5-01)[0m ~ [0;33m$[0m sudo rebootumount /dev/mmcblk1p1 [C[C[C[C[C[C[C[C[C[C[C[C[C[C[C[C[9Pcat /mnt/uEnv.txt[C[C[C[C[C[C[C[C[C[C[C[C[C[C[C[C[C[6@sudo nano[C[C[C[C[C[C[C[C[C[C[C[C[C[C[C[2Prm /mnt/uEnv.txy[C[2@nano /mnt/uEnv.txt[Cmount /dev/mmcblk1p1 /mnt/:d[Kcat /sys/class/uio/uio*/name
debug_bridge
axi-pmon
axi-pmon
axi-pmon
axi-pmon

[0;33m(sl-xu5-01)[0m ~ [0;33m$[0m cat /sys/class/uio/uio1/name
axi-pmon

[0;33m(sl-xu5-01)[0m ~ [0;33m$[0m cat /sys/class/uio/uio1/name[1P/name0/name
debug_bridge

[0;33m(sl-xu5-01)[0m ~ [0;33m$[0m cat /sys/class/uio/uio0/name1/name*/name1/name0/name[C[C[C[C[C[C[C[C[C[C[C[C[C[C[C[C[Ksudo mount /dev/mmcblk1p1 /mnt
[sudo] password for okazaki: 

[0;33m(sl-xu5-01)[0m ~ [0;33m$[0m sudo nano /mnt/uEnv.txt 
)0[1;24r[m(B[4l[?7h[H[J[0;7m(B  GNU nano 2.3.1             File: /mnt/uEnv.txt                                [3;1H[m(Bbootargs=console=ttyPS0,115200 clk_ignore_unused root=/dev/mmcblk1p2 rootfstype$[5;1H# ---- ETH0 ---- #[1Beth0_macaddr=ca:9f:1e:3a:b6:24[2Beth0_ipaddr=130.87.242.129[1Beth0_gatewayip=130.87.240.1[1Beth0_netmask=255.255.252.0[1Beth0_hostname=sl-xu5-eth0-01[1Beth0_interface=eth0[1Beth0_autoconf=off[2Beth0_nameserver_1=130.87.240.2[1Beth0_nameserver_2=130.87.240.3[2B# ---- ETH1 ---- #[1Beth1_macaddr=ca:9f:1e:3a:b6:25[2B# How can I set eth1 IP address as well with uEnv.txt?[22;32H[0;7m(B[ Read 38 lines ][1B^G[m(B Get Help  [0;7m(B^O[m(B WriteOut  [0;7m(B^R[m(B Read File [0;7m(B^Y[m(B Prev Page [0;7m(B^K[m(B Cut Text  [0;7m(B^C[m(B Cur Pos[1B[0;7m(B^X[m(B Exit[6C[0;7m(B^J[m(B Justify   [0;7m(B^W[m(B Where Is  [0;7m(B^V[m(B Next Page [0;7m(B^U[m(B UnCut Text[0;7m(B^T[m(B To Spell[21Abootarg	=c[1;71H[0;7m(BModified[3;10H[m(Beconsole=ttyPS0,115200 clk_ignore_unused root=/dev/mmcblk1p2 rootfstyp[3;11Haconsole=ttyPS0,115200 clk_ignore_unused root=/dev/mmcblk1p2 rootfsty[3;12Hrconsole=ttyPS0,115200 clk_ignore_unused root=/dev/mmcblk1p2 rootfst[3;13Hlconsole=ttyPS0,115200 clk_ignore_unused root=/dev/mmcblk1p2 rootfs[3;14Hyconsole=ttyPS0,115200 clk_ignore_unused root=/dev/mmcblk1p2 rootf[3;15Hcconsole=ttyPS0,115200 clk_ignore_unused root=/dev/mmcblk1p2 root[3;16Hoconsole=ttyPS0,115200 clk_ignore_unused root=/dev/mmcblk1p2 roo[3;17Hnconsole=ttyPS0,115200 clk_ignore_unused root=/dev/mmcblk1p2 r[3;18H console=ttyPS0,115200 clk_ignore_unused root=/dev/mmcblk1p2 r[3;19H[19B[0;7m(BSave modified buffer (ANSWERING "No" WILL DESTROY CHANGES) ?                    [23;1H Y[m(B Yes[K[1B[0;7m(B N[m(B No  [6C   [0;7m(B^C[m(B Cancel[K[22;62H[0;7m(BFile Name to Write: /mnt/uEnv.txt                           [1B^G[m(B Get Help[23;21H[0;7m(BM-D[m(B DOS Format	[0;7m(BM-A[m(B Append[23;61H[0;7m(BM-B[m(B Backup File[1B[0;7m(B^C[m(B Cancel	    [0;7m(BM-M[m(B Mac Format	[0;7m(BM-P[m(B Prepend[22;34H[1B[J[1;71H[0;7m(B        [22;31H[m(B[1K [0;7m(B[ Wrote 38 lines ][m(B[K[24;80H[24;1H
[0;33m(sl-xu5-01)[0m ~ [0;33m$[0m sudo umount /dev/mmcblk1p1 && r[Ksudo reboot
[[32m  OK  [0m] Started Show Plymouth Reboot Screen.
[[32m  OK  [0m] Stopped Dynamic System Tuning Daemon.
[[32m  OK  [0m] Stopped Availability of block devices.
         Stopping Logout off all iSCSI sessions on shutdown...
[[32m  OK  [0m] Stopped Logout off all iSCSI sessions on shutdown.
[[32m  OK  [0m] Stopped target Network.
         Stopping Network Manager...
[[32m  OK  [0m] Stopped Network Manager.
[[32m  OK  [0m] Stopped target Network (Pre).
         Stopping firewalld - dynamic firewall daemon...
[[32m  OK  [0m] Stopped firewalld - dynamic firewall daemon.
         Stopping Authorization Manager...
         Stopping D-Bus System Message Bus...
[[32m  OK  [0m] Stopped D-Bus System Message Bus.
[[32m  OK  [0m] Stopped Authorization Manager.
[[32m  OK  [0m] Stopped target Basic System.
[[32m  OK  [0m] Stopped target Sockets.
[[32m  OK  [0m] Closed Open-iSCSI iscsid Socket.
[[32m  OK  [0m] Closed Open-iSCSI iscsiuio Socket.
[[32m  OK  [0m] Closed PC/SC Smart Card Daemon Activation Socket.
[[32m  OK  [0m] Stopped target Paths.
[[32m  OK  [0m] Stopped Flexible branding.
[[32m  OK  [0m] Stopped Forward Password Requests to Wall Directory Watch.
[[32m  OK  [  159.335296] audit: type=1305 audit(1638285085.874:112): op=set audit_pid=0 old=267 auid=4294967295 ses=4294967295 res=1
[0m] Stopped target Slices.
[[32m  OK  [0m] Removed slice User[  159.349460] audit: type=1131 audit(1638285085.890:113): pid=1 uid=0 auid=4294967295 ses=4294967295 msg='unit=auditd comm="systemd" exe="/usr/lib/systemd/systemd" hostname=? addr=? terminal=? res=success'
 and Session Slice.
[[32m  OK  [0m] Stopped Forward Password[  159.375521] audit: type=1131 audit(1638285085.914:114): pid=1 uid=0 auid=4294967295 ses=4294967295 msg='unit=systemd-tmpfiles-setup comm="systemd" exe="/usr/lib/systemd/systemd" hostname=? addr=? terminal=? res=success'
 Requests to Plymouth Directory Watch.
[[32m  OK  [0m] Closed[  159.397496] audit: type=1131 audit(1638285085.914:115): pid=1 uid=0 auid=4294967295 ses=4294967295 msg='unit=rhel-readonly comm="systemd" exe="/usr/lib/systemd/systemd" hostname=? addr=? terminal=? res=success'
 D-Bus System Message Bus Socket.
[[32m  OK  [0m] Stopped target System Initialization.
[[32m  OK  [0m][  159.426236] audit: type=1131 audit(1638285085.966:116): pid=1 uid=0 auid=4294967295 ses=4294967295 msg='unit=systemd-tmpfiles-setup-dev comm="systemd" exe="/usr/lib/systemd/systemd" hostname=? addr=? terminal=? res=success'
 Stopped target Local Encrypted Volumes.
         Stopping Security Auditing Service...
[[32m  OK  [0m] Stopped Read and set NIS domainname from /etc/sysconfig/network.
         Stopping Load/Save Random Seed...
[[32m  OK  [0m] Stopped Apply Kernel Variables.
[[32m  OK  [0m] Stopped Setup Virtual Console.
[[32m  OK  [0m] Stopped Load/Save Random Seed.
[[32m  OK  [0m] Stopped Security Auditing Service.
[[32m  OK  [0m] Stopped Create Volatile Files and Directories.
[[32m  OK  [0m] Stopped targ[  159.491496] audit: type=1131 audit(1638285086.030:117): pid=1 uid=0 auid=4294967295 ses=4294967295 msg='unit=lvm2-monitor comm="systemd" exe="/usr/lib/systemd/systemd" hostname=? addr=? terminal=? res=success'
et Local File Systems.
         Unmounting /run/user/1000...
