Xilinx Zynq MP First Stage Boot Loader 
Release 2020.1   Nov  8 2021  -  12:45:36
NOTICE:  ATF running on XCZU5EV/silicon v4/RTL5.1 at 0xfffea000
NOTICE:  BL31: v2.2(release):xilinx_rebase_v2.2_2020.1
NOTICE:  BL31: Built : 12:43:41, Nov  8 2021


U-Boot 2020.01 (Nov 08 2021 - 12:44:39 +0000)

Board: Xilinx ZynqMP
DRAM:  4 GiB
usb dr_mode not found
usb dr_mode not found
PMUFW:	v1.1
EL Level:	EL2
Chip ID:	zu5ev
NAND:  0 MiB
MMC:   mmc@ff160000: 0, mmc@ff170000: 1
In:    serial@ff000000
Out:   serial@ff000000
Err:   serial@ff000000
Bootmode: SD_MODE1
Reset reason:	EXTERNAL 
Net:   
ZYNQ GEM: ff0b0000, mdio bus ff0b0000, phyaddr -1, interface rgmii-id

Warning: ethernet@ff0b0000 (eth0) using random MAC address - c2:c8:98:19:fe:be
eth0: ethernet@ff0b0000
ZYNQ GEM: ff0c0000, mdio bus ff0c0000, phyaddr -1, interface gmii
Could not get PHY for eth1: addr -1

Hit any key to stop autoboot:  2  1  0 
switch to partitions #0, OK
mmc1 is current device
Scanning mmc 1:1...
Found U-Boot script /boot.scr
2007 bytes read in 18 ms (108.4 KiB/s)
## Executing script at 20000000
8164368 bytes read in 610 ms (12.8 MiB/s)
## Loading kernel from FIT Image at 10000000 ...
   Using 'conf@system-top.dtb' configuration
   Trying 'kernel@1' kernel subimage
     Description:  Linux kernel
     Type:         Kernel Image
     Compression:  gzip compressed
     Data Start:   0x100000e8
     Data Size:    8123516 Bytes = 7.7 MiB
     Architecture: AArch64
     OS:           Linux
     Load Address: 0x00080000
     Entry Point:  0x00080000
     Hash algo:    sha256
     Hash value:   bfb09cfdc445ee853f07240fbe3b1ca19c3233c54807240c24649785127f97b4
   Verifying Hash Integrity ... sha256+ OK
## Loading fdt from FIT Image at 10000000 ...
   Using 'conf@system-top.dtb' configuration
   Trying 'fdt@system-top.dtb' fdt subimage
     Description:  Flattened Device Tree blob
     Type:         Flat Device Tree
     Compression:  uncompressed
     Data Start:   0x107bf674
     Data Size:    38962 Bytes = 38 KiB
     Architecture: AArch64
     Hash algo:    sha256
     Hash value:   c2bab6f2416bde68767b90ab83a3bcaf5b5c33b739dfe73352ca4c47fca53170
   Verifying Hash Integrity ... sha256+ OK
   Booting using the fdt blob at 0x107bf674
   Uncompressing Kernel Image
   Loading Device Tree to 000000000fff3000, end 000000000ffff831 ... OK

Starting kernel ...

[    0.000000] Booting Linux on physical CPU 0x0000000000 [0x410fd034]
[    0.000000] Linux version 5.4.0-xilinx-v2020.1 (oe-user@oe-host) (gcc version 9.2.0 (GCC)) #1 SMP Mon Nov 8 12:43:45 UTC 2021
[    0.000000] Machine model: xlnx,zynqmp
[    0.000000] efi: Getting EFI parameters from FDT:
[    0.000000] efi: UEFI not found.
[    0.000000] cma: Reserved 256 MiB at 0x000000006fc00000
[    0.000000] psci: probing for conduit method from DT.
[    0.000000] psci: PSCIv1.1 detected in firmware.
[    0.000000] psci: Using standard PSCI v0.2 function IDs
[    0.000000] psci: MIGRATE_INFO_TYPE not supported.
[    0.000000] psci: SMC Calling Convention v1.1
[    0.000000] percpu: Embedded 22 pages/cpu s49944 r8192 d31976 u90112
[    0.000000] Detected VIPT I-cache on CPU0
[    0.000000] CPU features: detected: ARM erratum 845719
[    0.000000] Speculative Store Bypass Disable mitigation not required
[    0.000000] Built 1 zonelists, mobility grouping on.  Total pages: 1031940
[    0.000000] Kernel command line: console=ttyPS0,115200 clk_ignore_unused root=/dev/mmcblk1p2 rootfstype=ext4 rw rootwait earlyprintk
[    0.000000] Dentry cache hash table entries: 524288 (order: 10, 4194304 bytes, linear)
[    0.000000] Inode-cache hash table entries: 262144 (order: 9, 2097152 bytes, linear)
[    0.000000] mem auto-init: stack:off, heap alloc:off, heap free:off
[    0.000000] software IO TLB: mapped [mem 0x6bc00000-0x6fc00000] (64MB)
[    0.000000] Memory: 3767708K/4193280K available (11644K kernel code, 672K rwdata, 3624K rodata, 704K init, 323K bss, 163428K reserved, 262144K cma-reserved)
[    0.000000] rcu: Hierarchical RCU implementation.
[    0.000000] rcu: 	RCU event tracing is enabled.
[    0.000000] rcu: 	RCU restricting CPUs from NR_CPUS=8 to nr_cpu_ids=4.
[    0.000000] rcu: RCU calculated value of scheduler-enlistment delay is 25 jiffies.
[    0.000000] rcu: Adjusting geometry for rcu_fanout_leaf=16, nr_cpu_ids=4
[    0.000000] NR_IRQS: 64, nr_irqs: 64, preallocated irqs: 0
[    0.000000] GIC: Adjusting CPU interface base to 0x00000000f902f000
[    0.000000] GIC: Using split EOI/Deactivate mode
[    0.000000] random: get_random_bytes called from start_kernel+0x2a8/0x42c with crng_init=0
[    0.000000] arch_timer: cp15 timer(s) running at 33.33MHz (phys).
[    0.000000] clocksource: arch_sys_counter: mask: 0xffffffffffffff max_cycles: 0x7b0074340, max_idle_ns: 440795202884 ns
[    0.000003] sched_clock: 56 bits at 33MHz, resolution 30ns, wraps every 2199023255543ns
[    0.000275] Console: colour dummy device 80x25
[    0.000295] Calibrating delay loop (skipped), value calculated using timer frequency.. 66.66 BogoMIPS (lpj=133332)
[    0.000302] pid_max: default: 32768 minimum: 301
[    0.000434] Mount-cache hash table entries: 8192 (order: 4, 65536 bytes, linear)
[    0.000448] Mountpoint-cache hash table entries: 8192 (order: 4, 65536 bytes, linear)
[    0.001323] ASID allocator initialised with 32768 entries
[    0.001371] rcu: Hierarchical SRCU implementation.
[    0.001543] EFI services will not be available.
[    0.001659] smp: Bringing up secondary CPUs ...
[    0.001959] Detected VIPT I-cache on CPU1
[    0.001987] CPU1: Booted secondary processor 0x0000000001 [0x410fd034]
[    0.002307] Detected VIPT I-cache on CPU2
[    0.002324] CPU2: Booted secondary processor 0x0000000002 [0x410fd034]
[    0.002621] Detected VIPT I-cache on CPU3
[    0.002638] CPU3: Booted secondary processor 0x0000000003 [0x410fd034]
[    0.002681] smp: Brought up 1 node, 4 CPUs
[    0.002692] SMP: Total of 4 processors activated.
[    0.002696] CPU features: detected: 32-bit EL0 Support
[    0.002700] CPU features: detected: CRC32 instructions
[    0.002727] CPU: All CPU(s) started at EL2
[    0.002739] alternatives: patching kernel code
[    0.003741] devtmpfs: initialized
[    0.007543] clocksource: jiffies: mask: 0xffffffff max_cycles: 0xffffffff, max_idle_ns: 7645041785100000 ns
[    0.007554] futex hash table entries: 1024 (order: 4, 65536 bytes, linear)
[    0.013079] xor: measuring software checksum speed
[    0.052035]    8regs     :  2639.000 MB/sec
[    0.092057]    32regs    :  3027.000 MB/sec
[    0.132085]    arm64_neon:  2628.000 MB/sec
[    0.132089] xor: using function: 32regs (3027.000 MB/sec)
[    0.132099] pinctrl core: initialized pinctrl subsystem
[    0.132663] NET: Registered protocol family 16
[    0.133563] DMA: preallocated 256 KiB pool for atomic allocations
[    0.133585] audit: initializing netlink subsys (disabled)
[    0.133702] audit: type=2000 audit(0.132:1): state=initialized audit_enabled=0 res=1
[    0.133995] cpuidle: using governor menu
[    0.134158] hw-breakpoint: found 6 breakpoint and 4 watchpoint registers.
[    0.144599] HugeTLB registered 1.00 GiB page size, pre-allocated 0 pages
[    0.144605] HugeTLB registered 32.0 MiB page size, pre-allocated 0 pages
[    0.144609] HugeTLB registered 2.00 MiB page size, pre-allocated 0 pages
[    0.144614] HugeTLB registered 64.0 KiB page size, pre-allocated 0 pages
[    1.110777] DRBG: Continuing without Jitter RNG
[    1.184708] raid6: neonx8   gen()  1716 MB/s
[    1.252756] raid6: neonx8   xor()  1624 MB/s
[    1.320806] raid6: neonx4   gen()  1645 MB/s
[    1.388839] raid6: neonx4   xor()  1577 MB/s
[    1.456900] raid6: neonx2   gen()  1249 MB/s
[    1.524950] raid6: neonx2   xor()  1303 MB/s
[    1.592988] raid6: neonx1   gen()   809 MB/s
[    1.661019] raid6: neonx1   xor()   978 MB/s
[    1.729077] raid6: int64x8  gen()  1291 MB/s
[    1.797135] raid6: int64x8  xor()   844 MB/s
[    1.865192] raid6: int64x4  gen()  1085 MB/s
[    1.933231] raid6: int64x4  xor()   815 MB/s
[    2.001313] raid6: int64x2  gen()   753 MB/s
[    2.069302] raid6: int64x2  xor()   657 MB/s
[    2.137416] raid6: int64x1  gen()   500 MB/s
[    2.205425] raid6: int64x1  xor()   500 MB/s
[    2.205429] raid6: using algorithm neonx8 gen() 1716 MB/s
[    2.205432] raid6: .... xor() 1624 MB/s, rmw enabled
[    2.205435] raid6: using neon recovery algorithm
[    2.205739] iommu: Default domain type: Translated 
[    2.205930] SCSI subsystem initialized
[    2.206059] usbcore: registered new interface driver usbfs
[    2.206084] usbcore: registered new interface driver hub
[    2.206112] usbcore: registered new device driver usb
[    2.206158] mc: Linux media interface: v0.10
[    2.206176] videodev: Linux video capture interface: v2.00
[    2.206192] pps_core: LinuxPPS API ver. 1 registered
[    2.206196] pps_core: Software ver. 5.3.6 - Copyright 2005-2007 Rodolfo Giometti <giometti@linux.it>
[    2.206207] PTP clock support registered
[    2.206222] EDAC MC: Ver: 3.0.0
[    2.206559] zynqmp-ipi-mbox mailbox@ff990400: Registered ZynqMP IPI mbox with TX/RX channels.
[    2.206710] FPGA manager framework
[    2.206826] Advanced Linux Sound Architecture Driver Initialized.
[    2.207066] Bluetooth: Core ver 2.22
[    2.207089] NET: Registered protocol family 31
[    2.207092] Bluetooth: HCI device and connection manager initialized
[    2.207099] Bluetooth: HCI socket layer initialized
[    2.207104] Bluetooth: L2CAP socket layer initialized
[    2.207113] Bluetooth: SCO socket layer initialized
[    2.207424] clocksource: Switched to clocksource arch_sys_counter
[    2.207507] VFS: Disk quotas dquot_6.6.0
[    2.207546] VFS: Dquot-cache hash table entries: 512 (order 0, 4096 bytes)
[    2.211162] NET: Registered protocol family 2
[    2.211493] tcp_listen_portaddr_hash hash table entries: 2048 (order: 3, 32768 bytes, linear)
[    2.211534] TCP established hash table entries: 32768 (order: 6, 262144 bytes, linear)
[    2.211718] TCP bind hash table entries: 32768 (order: 7, 524288 bytes, linear)
[    2.212067] TCP: Hash tables configured (established 32768 bind 32768)
[    2.212129] UDP hash table entries: 2048 (order: 4, 65536 bytes, linear)
[    2.212197] UDP-Lite hash table entries: 2048 (order: 4, 65536 bytes, linear)
[    2.212345] NET: Registered protocol family 1
[    2.212584] RPC: Registered named UNIX socket transport module.
[    2.212588] RPC: Registered udp transport module.
[    2.212591] RPC: Registered tcp transport module.
[    2.212594] RPC: Registered tcp NFSv4.1 backchannel transport module.
[    2.212812] PCI: CLS 0 bytes, default 64
[    2.213222] hw perfevents: no interrupt-affinity property for /pmu, guessing.
[    2.213357] hw perfevents: enabled with armv8_pmuv3 PMU driver, 7 counters available
[    2.214030] Initialise system trusted keyrings
[    2.214115] workingset: timestamp_bits=46 max_order=20 bucket_order=0
[    2.214766] NFS: Registering the id_resolver key type
[    2.214782] Key type id_resolver registered
[    2.214786] Key type id_legacy registered
[    2.214794] nfs4filelayout_init: NFSv4 File Layout Driver Registering...
[    2.214809] jffs2: version 2.2. (NAND) Â© 2001-2006 Red Hat, Inc.
[    2.226725] NET: Registered protocol family 38
[    2.226732] Key type asymmetric registered
[    2.226736] Asymmetric key parser 'x509' registered
[    2.226755] Block layer SCSI generic (bsg) driver version 0.4 loaded (major 247)
[    2.226760] io scheduler mq-deadline registered
[    2.226764] io scheduler kyber registered
[    2.249902] Serial: 8250/16550 driver, 4 ports, IRQ sharing disabled
[    2.252685] cacheinfo: Unable to detect cache hierarchy for CPU 0
[    2.256493] brd: module loaded
[    2.260484] loop: module loaded
[    2.261077] mtdoops: mtd device (mtddev=name/number) must be supplied
[    2.262048] libphy: Fixed MDIO Bus: probed
[    2.262906] tun: Universal TUN/TAP device driver, 1.6
[    2.262980] CAN device driver interface
[    2.263686] usbcore: registered new interface driver asix
[    2.263720] usbcore: registered new interface driver ax88179_178a
[    2.263739] usbcore: registered new interface driver cdc_ether
[    2.263759] usbcore: registered new interface driver net1080
[    2.263778] usbcore: registered new interface driver cdc_subset
[    2.263799] usbcore: registered new interface driver zaurus
[    2.263827] usbcore: registered new interface driver cdc_ncm
[    2.264482] usbcore: registered new interface driver uas
[    2.264509] usbcore: registered new interface driver usb-storage
[    2.265007] rtc_zynqmp ffa60000.rtc: registered as rtc0
[    2.265047] i2c /dev entries driver
[    2.266298] usbcore: registered new interface driver uvcvideo
[    2.266302] USB Video Class driver (1.1.1)
[    2.266595] Bluetooth: HCI UART driver ver 2.3
[    2.266600] Bluetooth: HCI UART protocol H4 registered
[    2.266604] Bluetooth: HCI UART protocol BCSP registered
[    2.266620] Bluetooth: HCI UART protocol LL registered
[    2.266624] Bluetooth: HCI UART protocol ATH3K registered
[    2.266639] Bluetooth: HCI UART protocol Three-wire (H5) registered
[    2.266670] Bluetooth: HCI UART protocol Intel registered
[    2.266684] Bluetooth: HCI UART protocol QCA registered
[    2.266709] usbcore: registered new interface driver bcm203x
[    2.266732] usbcore: registered new interface driver bpa10x
[    2.266753] usbcore: registered new interface driver bfusb
[    2.266776] usbcore: registered new interface driver btusb
[    2.266811] usbcore: registered new interface driver ath3k
[    2.266957] EDAC MC0: 13 UE BankGroup Number 0 Block Number 0 on mc#0csrow#0channel#0 (csrow:0 channel:0 page:0x0 offset:0x0 grain:1)
[    2.267024] EDAC MC0: Giving out device to module 1 controller synps_ddr_controller: DEV synps_edac (INTERRUPT)
[    2.267162] EDAC DEVICE0: Giving out device to module zynqmp-ocm-edac controller zynqmp_ocm: DEV ff960000.memory-controller (INTERRUPT)
[    2.267512] sdhci: Secure Digital Host Controller Interface driver
[    2.267516] sdhci: Copyright(c) Pierre Ossman
[    2.267519] sdhci-pltfm: SDHCI platform and OF driver helper
[    2.267813] ledtrig-cpu: registered to indicate activity on CPUs
[    2.267853] zynqmp_firmware_probe Platform Management API v1.1
[    2.267857] zynqmp_firmware_probe Trustzone version v1.0
[    2.290339] alg: No test for xilinx-zynqmp-aes (zynqmp-aes)
[    2.290492] zynqmp_aes zynqmp_aes: AES Successfully Registered
[    2.290492] 
[    2.290636] alg: No test for xilinx-keccak-384 (zynqmp-keccak-384)
[    2.290846] alg: No test for xilinx-zynqmp-rsa (zynqmp-rsa)
[    2.291065] usbcore: registered new interface driver usbhid
[    2.291068] usbhid: USB HID core driver
[    2.293153] fpga_manager fpga0: Xilinx ZynqMP FPGA Manager registered
[    2.293417] usbcore: registered new interface driver snd-usb-audio
[    2.294119] pktgen: Packet Generator for packet performance testing. Version: 2.75
[    2.294604] Initializing XFRM netlink socket
[    2.294685] NET: Registered protocol family 10
[    2.295055] Segment Routing with IPv6
[    2.295153] sit: IPv6, IPv4 and MPLS over IPv4 tunneling driver
[    2.295469] NET: Registered protocol family 17
[    2.295483] NET: Registered protocol family 15
[    2.295500] bridge: filtering via arp/ip/ip6tables is no longer available by default. Update your scripts to load br_netfilter if you need this.
[    2.295504] can: controller area network core (rev 20170425 abi 9)
[    2.295530] NET: Registered protocol family 29
[    2.295535] can: raw protocol (rev 20170425)
[    2.295539] can: broadcast manager protocol (rev 20170425 t)
[    2.295545] can: netlink gateway (rev 20190810) max_hops=1
[    2.295605] Bluetooth: RFCOMM TTY layer initialized
[    2.295612] Bluetooth: RFCOMM socket layer initialized
[    2.295624] Bluetooth: RFCOMM ver 1.11
[    2.295632] Bluetooth: BNEP (Ethernet Emulation) ver 1.3
[    2.295635] Bluetooth: BNEP filters: protocol multicast
[    2.295640] Bluetooth: BNEP socket layer initialized
[    2.295644] Bluetooth: HIDP (Human Interface Emulation) ver 1.2
[    2.295649] Bluetooth: HIDP socket layer initialized
[    2.295746] 9pnet: Installing 9P2000 support
[    2.295767] Key type dns_resolver registered
[    2.296037] registered taskstats version 1
[    2.296040] Loading compiled-in X.509 certificates
[    2.296404] Btrfs loaded, crc32c=crc32c-generic
[    2.304212] ff000000.serial: ttyPS0 at MMIO 0xff000000 (irq = 41, base_baud = 6249999) is a xuartps
[    3.548327] printk: console [ttyPS0] enabled
[    3.552897] of-fpga-region fpga-full: FPGA Region probed
[    3.558716] GPIO IRQ not connected
[    3.562110] XGpio: gpio@80010000: registered, base is 509
[    3.568084] xilinx-zynqmp-dma fd500000.dma: ZynqMP DMA driver Probe success
[    3.575164] xilinx-zynqmp-dma fd510000.dma: ZynqMP DMA driver Probe success
[    3.582254] xilinx-zynqmp-dma fd520000.dma: ZynqMP DMA driver Probe success
[    3.589340] xilinx-zynqmp-dma fd530000.dma: ZynqMP DMA driver Probe success
[    3.596423] xilinx-zynqmp-dma fd540000.dma: ZynqMP DMA driver Probe success
[    3.603513] xilinx-zynqmp-dma fd550000.dma: ZynqMP DMA driver Probe success
[    3.610598] xilinx-zynqmp-dma fd560000.dma: ZynqMP DMA driver Probe success
[    3.617681] xilinx-zynqmp-dma fd570000.dma: ZynqMP DMA driver Probe success
[    3.624831] xilinx-zynqmp-dma ffa80000.dma: ZynqMP DMA driver Probe success
[    3.631916] xilinx-zynqmp-dma ffa90000.dma: ZynqMP DMA driver Probe success
[    3.638997] xilinx-zynqmp-dma ffaa0000.dma: ZynqMP DMA driver Probe success
[    3.646083] xilinx-zynqmp-dma ffab0000.dma: ZynqMP DMA driver Probe success
[    3.653159] xilinx-zynqmp-dma ffac0000.dma: ZynqMP DMA driver Probe success
[    3.660252] xilinx-zynqmp-dma ffad0000.dma: ZynqMP DMA driver Probe success
[    3.667349] xilinx-zynqmp-dma ffae0000.dma: ZynqMP DMA driver Probe success
[    3.674434] xilinx-zynqmp-dma ffaf0000.dma: ZynqMP DMA driver Probe success
[    3.681641] zynqmp-qspi ff0f0000.spi: rx bus width not found
[    3.687296] zynqmp-qspi ff0f0000.spi: tx bus width not found
[    3.693105] spi_master spi0: cannot find modalias for /amba/spi@ff0f0000/flash@0
[    3.700500] spi_master spi0: Failed to create SPI device for /amba/spi@ff0f0000/flash@0
[    3.708777] macb ff0b0000.ethernet: Not enabling partial store and forward
[    3.716130] libphy: MACB_mii_bus: probed
[    3.728579] zynqmp_pll_disable() clock disable failed for dpll_int, ret = -13
[    3.792115] Micrel KSZ9031 Gigabit PHY ff0b0000.ethernet-ffffffff:03: attached PHY driver [Micrel KSZ9031 Gigabit PHY] (mii_bus:phy_addr=ff0b0000.ethernet-ffffffff:03, irq=POLL)
[    3.807937] macb ff0b0000.ethernet eth0: Cadence GEM rev 0x50070106 at 0xff0b0000 irq 29 (c2:c8:98:19:fe:be)
[    3.818017] macb ff0c0000.ethernet: Not enabling partial store and forward
[    3.824906] macb ff0c0000.ethernet: invalid hw address, using random
[    3.831643] libphy: MACB_mii_bus: probed
[    3.837763] macb ff0c0000.ethernet eth1: no PHY found
[    3.864061] xilinx-axipmon ffa00000.perf-monitor: Probed Xilinx APM
[    3.870551] xilinx-axipmon fd0b0000.perf-monitor: Probed Xilinx APM
[    3.877000] xilinx-axipmon fd490000.perf-monitor: Probed Xilinx APM
[    3.883470] xilinx-axipmon ffa10000.perf-monitor: Probed Xilinx APM
[    3.889945] dwc3-of-simple ff9d0000.usb0: dwc3_simple_set_phydata: Can't find usb3-phy
[    3.898224] dwc3 fe200000.dwc3: Failed to get clk 'ref': -2
[    3.904197] dwc3-of-simple ff9e0000.usb1: dwc3_simple_set_phydata: Can't find usb3-phy
[    3.912418] dwc3 fe300000.dwc3: Failed to get clk 'ref': -2
[    3.918748] cdns-i2c ff020000.i2c: 400 kHz mmio ff020000 irq 32
[    3.923346] xhci-hcd xhci-hcd.0.auto: xHCI Host Controller
[    3.925013] cpufreq: cpufreq_online: CPU0: Running at unlisted freq: 1333333 KHz
[    3.930146] xhci-hcd xhci-hcd.0.auto: new USB bus registered, assigned bus number 1
[    3.937532] cpu cpu0: dev_pm_opp_set_rate: failed to find current OPP for freq 1333333320 (-34)
[    3.945261] xhci-hcd xhci-hcd.0.auto: hcc params 0x0238f625 hci version 0x100 quirks 0x0000000202010010
[    3.953906] cpufreq: cpufreq_online: CPU0: Unlisted initial frequency changed to: 1199999 KHz
[    3.963265] xhci-hcd xhci-hcd.0.auto: irq 46, io mem 0xfe300000
[    3.971775] cpu cpu0: dev_pm_opp_set_rate: failed to find current OPP for freq 1333333320 (-34)
[    3.978087] xhci-hcd xhci-hcd.1.auto: xHCI Host Controller
[    3.991887] usb usb1: New USB device found, idVendor=1d6b, idProduct=0002, bcdDevice= 5.04
[    4.000143] usb usb1: New USB device strings: Mfr=3, Product=2, SerialNumber=1
[    4.007354] usb usb1: Product: xHCI Host Controller
[    4.012225] usb usb1: Manufacturer: Linux 5.4.0-xilinx-v2020.1 xhci-hcd
[    4.018232] mmc0: SDHCI controller on ff160000.mmc [ff160000.mmc] using ADMA 64-bit
[    4.018828] usb usb1: SerialNumber: xhci-hcd.0.auto
[    4.031635] hub 1-0:1.0: USB hub found
[    4.035448] hub 1-0:1.0: 1 port detected
[    4.039539] xhci-hcd xhci-hcd.0.auto: xHCI Host Controller
[    4.045030] xhci-hcd xhci-hcd.0.auto: new USB bus registered, assigned bus number 2
[    4.052690] xhci-hcd xhci-hcd.0.auto: Host supports USB 3.0 SuperSpeed
[    4.055979] mmc1: SDHCI controller on ff170000.mmc [ff170000.mmc] using ADMA 64-bit
[    4.059296] usb usb2: We don't know the algorithms for LPM for this host, disabling LPM.
[    4.074930] rtc_zynqmp ffa60000.rtc: setting system clock to 1970-01-01T00:00:08 UTC (8)
[    4.074934] of_cfs_init
[    4.083138] usb usb2: New USB device found, idVendor=1d6b, idProduct=0003, bcdDevice= 5.04
[    4.085471] of_cfs_init: OK
[    4.093704] usb usb2: New USB device strings: Mfr=3, Product=2, SerialNumber=1
[    4.093707] usb usb2: Product: xHCI Host Controller
[    4.096600] cfg80211: Loading compiled-in X.509 certificates for regulatory database
[    4.103694] usb usb2: Manufacturer: Linux 5.4.0-xilinx-v2020.1 xhci-hcd
[    4.122904] usb usb2: SerialNumber: xhci-hcd.0.auto
[    4.128126] hub 2-0:1.0: USB hub found
[    4.131990] hub 2-0:1.0: 1 port detected
[    4.136153] xhci-hcd xhci-hcd.1.auto: new USB bus registered, assigned bus number 3
[    4.143918] xhci-hcd xhci-hcd.1.auto: hcc params 0x0238f625 hci version 0x100 quirks 0x0000000202010010
[    4.153331] xhci-hcd xhci-hcd.1.auto: irq 43, io mem 0xfe200000
[    4.159561] usb usb3: New USB device found, idVendor=1d6b, idProduct=0002, bcdDevice= 5.04
[    4.167828] usb usb3: New USB device strings: Mfr=3, Product=2, SerialNumber=1
[    4.175053] usb usb3: Product: xHCI Host Controller
[    4.179922] usb usb3: Manufacturer: Linux 5.4.0-xilinx-v2020.1 xhci-hcd
[    4.186530] usb usb3: SerialNumber: xhci-hcd.1.auto
[    4.191729] hub 3-0:1.0: USB hub found
[    4.195585] hub 3-0:1.0: 1 port detected
[    4.199748] xhci-hcd xhci-hcd.1.auto: xHCI Host Controller
[    4.205240] xhci-hcd xhci-hcd.1.auto: new USB bus registered, assigned bus number 4
[    4.212899] xhci-hcd xhci-hcd.1.auto: Host supports USB 3.0 SuperSpeed
[    4.219475] usb usb4: We don't know the algorithms for LPM for this host, disabling LPM.
[    4.227624] usb usb4: New USB device found, idVendor=1d6b, idProduct=0003, bcdDevice= 5.04
[    4.232599] cfg80211: Loaded X.509 cert 'sforshee: 00b28ddf47aef9cea7'
[    4.235895] usb usb4: New USB device strings: Mfr=3, Product=2, SerialNumber=1
[    4.242405] clk: Not disabling unused clocks
[    4.249615] usb usb4: Product: xHCI Host Controller
[    4.253876] ALSA device list:
[    4.258737] usb usb4: Manufacturer: Linux 5.4.0-xilinx-v2020.1 xhci-hcd
[    4.261687]   No soundcards found.
[    4.268284] usb usb4: SerialNumber: xhci-hcd.1.auto
[    4.271752] platform regulatory.0: Direct firmware load for regulatory.db failed with error -2
[    4.276795] hub 4-0:1.0: USB hub found
[    4.285133] cfg80211: failed to load regulatory.db
[    4.293677] hub 4-0:1.0: 1 port detected
[    4.297853] Waiting for root device /dev/mmcblk1p2...
[    4.312622] mmc1: new high speed SDHC card at address 5048
[    4.318457] mmcblk1: mmc1:5048 SD16G 14.4 GiB 
[    4.324181]  mmcblk1: p1 p2
[    4.340541] mmc0: new HS200 MMC card at address 0001
[    4.345807] mmcblk0: mmc0:0001 W52516 14.3 GiB 
[    4.350502] mmcblk0boot0: mmc0:0001 W52516 partition 1 4.00 MiB
[    4.356582] mmcblk0boot1: mmc0:0001 W52516 partition 2 4.00 MiB
[    4.358469] EXT4-fs (mmcblk1p2): recovery complete
[    4.367282] EXT4-fs (mmcblk1p2): mounted filesystem with ordered data mode. Opts: (null)
[    4.371477] mmcblk0rpmb: mmc0:0001 W52516 partition 3 4.00 MiB, chardev (245:0)
[    4.375393] VFS: Mounted root (ext4 filesystem) on device 179:2.
[    4.388744]  mmcblk0: p1
[    4.397542] devtmpfs: mounted
[    4.400664] Freeing unused kernel memory: 704K
[    4.411450] Run /sbin/init as init process
[    4.586609] random: fast init done
[    4.825649] random: systemd: uninitialized urandom read (16 bytes read)
[    4.839223] random: systemd: uninitialized urandom read (16 bytes read)
[    4.864782] systemd[1]: systemd 219 running in system mode. (+PAM +AUDIT +SELINUX +IMA -APPARMOR +SMACK +SYSVINIT +UTMP +LIBCRYPTSETUP +GCRYPT +GNUTLS +ACL +XZ -LZ4 -SECCOMP +BLKID +ELFUTILS +KMOD +IDN)
[    4.883082] systemd[1]: Detected architecture arm64.

Welcome to [0;31mCentOS Linux 7 (AltArch)[0m!

[    4.899471] systemd[1]: No hostname configured.
[    4.904010] systemd[1]: Set hostname to <localhost>.
[    4.922959] random: systemd: uninitialized urandom read (16 bytes read)
[[32m  OK  [0m] Created slice Root Slice.
[    5.431522] systemd[1]: Created slice Root Slice.
[    5.436267] systemd[1]: Starting Root Slice.
[[32m  OK  [0m] Listening on udev Kernel Socket.
[    5.451457] systemd[1]: Listening on udev Kernel Socket.
[    5.456788] systemd[1]: Starting udev Kernel Socket.
[[32m  OK  [0m] Listening on Delayed Shutdown Socket.
[    5.471457] systemd[1]: Listening on Delayed Shutdown Socket.
[    5.477221] systemd[1]: Starting Delayed Shutdown Socket.
[[32m  OK  [0m] Listening on udev Control Socket.
[[32m  OK  [0m] Listening on LVM2 poll daemon socket.
[[32m  OK  [0m] Created slice System Slice.
[[32m  OK  [0m] Created slice User and Session Slice.
[[32m  OK  [0m] Reached target Slices.
[[32m  OK  [0m] Created slice system-getty.slice.
[[32m  OK  [0m] Created slice system-serial\x2dgetty.slice.
[[32m  OK  [0m] Listening on Journal Socket.
         Mounting Debug File System...
         Mounting POSIX Message Queue File System...
         Mounting Huge Pages File System...
         Starting Collect Read-Ahead Data...
         Starting Journal Service...
[    5.649259] systemd-readahead[161]: Failed to create fanotify object: Function not implemented
[[32m  OK  [0m] Listening on LVM2 metadata daemon socket.
[[32m  OK  [0m] Listening on Device-mapper event daemon FIFOs.
         Starting Monitoring of LVM2 mirrors... dmeventd or progress polling...
[[32m  OK  [0m] Created slice system-selinux\x2dpol...grate\x2dlocal\x2dchanges.slice.
[[32m  OK  [0m] Reached target Swap.
[[32m  OK  [0m] Listening on /dev/initctl Compatibility Named Pipe.
[[32m  OK  [0m] Mounted POSIX Message Queue File System.
[[32m  OK  [0m] Mounted Huge Pages File System.
[[32m  OK  [0m] Mounted Debug File System.
[[32m  OK  [0m] Started Journal Service.
[[32m  OK  [0m] Started Collect Read-Ahead Data.
         Mounting Configuration File System...
         Starting Configure read-only root support...
         Starting Create Static Device Nodes in /dev...
         Starting Setup Virtual Console...
         Starting Load/Save Random Seed...
         Starting Apply Kernel Variables...
         Starting udev Coldplug all Devices...
         Starting Flush Journal to Persistent Storage...
[[32m  OK  [0m] Mounted Configuration File System.
[[32m  OK  [0m] Started Load/Save Random Seed.
[[32m  OK  [0m] Started LVM2 metadata daemon.
         Starting LVM2 metadata daemon...
[[32m  OK  [0m] Started Apply Kernel Variables.
[[32m  OK  [0m] Started Configure read-only root support.
[[32m  OK  [0m] Started Create Static Device Nodes in /dev.
[[32m  OK  [0m] Started udev Coldplug all Devices.
[    6.081505] systemd-journald[167]: Received request to flush runtime journal from PID 1
         Starting udev Wait for Complete Device Initialization...
         Starting udev Kernel Device Manager...
[[32m  OK  [0m] Started Flush Journal to Persistent Storage.
[[32m  OK  [0m] Started Setup Virtual Console.
[[32m  OK  [0m] Started udev Kernel Device Manager.
         Starting Show Plymouth Boot Screen...
[[32m  OK  [0m] Started Show Plymouth Boot Screen.
[[32m  OK  [0m] Found device /dev/ttyPS0.
%G[[32m  OK  [0m] Started Monitoring of LVM2 mirrors,...ng dmeventd or progress polling.
[[32m  OK  [0m] Reached target Local File Systems (Pre).
[[32m  OK  [0m] Started udev Wait for Complete Device Initialization.
         Starting Activation of DM RAID sets...
[[32m  OK  [0m] Started Activation of DM RAID sets.
[[32m  OK  [0m] Reached target Local File Systems.
         Starting Tell Plymouth To Write Out Runtime Data...
         Starting Create Volatile Files and Directories...
[[32m  OK  [0m] Reached target Encrypted Volumes.
[[32m  OK  [0m] Started Tell Plymouth To Write Out Runtime Data.
[[32m  OK  [0m] Started Create Volatile Files and Directories.
         Starting Security Auditing Service...
[[32m  OK  [0m] Started Security Auditing Service.
         Starting Update UTMP about System Boot/Shutdown...
[[32m  OK  [0m] Started Update UTMP about System Boot/Shutdown.
[[32m  OK  [0m] Reached target System Initialization.
[[32m  OK  [0m] Reached target Paths.
[[32m  OK  [0m] Reached target Timers.
[[32m  OK  [0m] Listening on Open-iSCSI iscsiuio Socket.
[[32m  OK  [0m] Listening on PC/SC Smart Card Daemon Activation Socket.
[[32m  OK  [0m] Listening on Open-iSCSI iscsid Socket.
[[32m  OK  [0m] Listening on D-Bus System Message Bus Socket.
[[32m  OK  [0m] Reached target Sockets.
[[32m  OK  [0m] Reached target Basic System.
         Starting System Logging Service...
         Starting Authorization Manager...
[[32m  OK  [0m] Started irqbalance daemon.
         Starting irqbalance daemon...
         Starting NTP client/server...
         Starting Dump dmesg to /var/log/dmesg...
[[32m  OK  [0m] Started D-Bus System Message Bus.
         Starting D-Bus System Message Bus...
         Starting Login Service...
[[32m  OK  [0m] Started System Logging Service.
[[32m  OK  [0m] Started Dump dmesg to /var/log/dmesg.
[[32m  OK  [0m] Started NTP client/server.
[[32m  OK  [0m] Started Login Service.
[[32m  OK  [0m] Started Authorization Manager.
         Starting firewalld - dynamic firewall daemon...
[[32m  OK  [0m] Started firewalld - dynamic firewall daemon.
[[32m  OK  [0m] Reached target Network (Pre).
         Starting Network Manager...
[[32m  OK  [0m] Started Network Manager.
         Starting Network Manager Wait Online...
         Starting Network Manager Script Dispatcher Service...
[[32m  OK  [0m] Started Network Manager Script Dispatcher Service.
         Starting Hostname Service...
[[32m  OK  [0m] Started Hostname Service.
[   14.363573] pps pps0: new PPS source ptp0
[   14.367624] macb ff0b0000.ethernet: gem-ptp-timer ptp clock registered.
[[0m[31m*     [0m] A start job is running for Network ...ger Wait Online (14s / no limit)[K[[32m  OK  [0m] Started Network Manager Wait Online.
         Starting LSB: Bring up/down networking...
[[1;31mFAILED[0m] Failed to start LSB: Bring up/down networking.
See 'systemctl status network.service' for details.
[[32m  OK  [0m] Reached target Network.
         Starting Postfix Mail Transport Agent...
[[32m  OK  [0m] Reached target Network is Online.
         Starting Dynamic System Tuning Daemon...
         Starting Logout off all iSCSI sessions on shutdown...
         Starting OpenSSH server daemon...
[[32m  OK  [0m] Started Logout off all iSCSI sessions on shutdown.
         Starting Availability of block devices...
[[32m  OK  [0m] Reached target Remote File Systems (Pre).
[[32m  OK  [0m] Reached target Remote File Systems.
         Starting Permit User Sessions...
         Starting Crash recovery kernel arming...
[[32m  OK  [0m] Started Availability of block devices.
[[32m  OK  [0m] Started Permit User Sessions.
[[32m  OK  [0m] Started Command Scheduler.
         Starting Command Scheduler...
         Starting Terminate Plymouth Boot Screen...
         Starting Wait for Plymouth Boot Screen to Quit...

CentOS Linux 7 (AltArch)
Kernel 5.4.0-xilinx-v2020.1 on an aarch64

localhost login: centos      root
Password: 
Last login: Thu Jan  1 00:00:34 from 192.168.10.6
[root@localhost ~]# ls
anaconda-ks.cfg  apps
[root@localhost ~]# ip a
1: lo: <LOOPBACK,UP,LOWER_UP> mtu 65536 qdisc noqueue state UNKNOWN qlen 1000
    link/loopback 00:00:00:00:00:00 brd 00:00:00:00:00:00
    inet 127.0.0.1/8 scope host lo
       valid_lft forever preferred_lft forever
    inet6 ::1/128 scope host 
       valid_lft forever preferred_lft forever
2: sit0@NONE: <NOARP> mtu 1480 qdisc noop state DOWN qlen 1000
    link/sit 0.0.0.0 brd 0.0.0.0
3: eth0: <NO-CARRIER,BROADCAST,MULTICAST,UP> mtu 1500 qdisc mq state DOWN qlen 1000
    link/ether c2:c8:98:19:fe:be brd ff:ff:ff:ff:ff:ff
[root@localhost ~]# dmesg | eth[K[K[K[K grep eth
[    0.000000] psci: probing for conduit m[01;31m[Keth[m[Kod from DT.
[    2.263739] usbcore: registered new interface driver cdc_[01;31m[Keth[m[Ker
[    3.708777] macb ff0b0000.[01;31m[Keth[m[Kernet: Not enabling partial store and forward
[    3.792115] Micrel KSZ9031 Gigabit PHY ff0b0000.[01;31m[Keth[m[Kernet-ffffffff:03: attached PHY driver [Micrel KSZ9031 Gigabit PHY] (mii_bus:phy_addr=ff0b0000.[01;31m[Keth[m[Kernet-ffffffff:03, irq=POLL)
[    3.807937] macb ff0b0000.[01;31m[Keth[m[Kernet [01;31m[Keth[m[K0: Cadence GEM rev 0x50070106 at 0xff0b0000 irq 29 (c2:c8:98:19:fe:be)
[    3.818017] macb ff0c0000.[01;31m[Keth[m[Kernet: Not enabling partial store and forward
[    3.824906] macb ff0c0000.[01;31m[Keth[m[Kernet: invalid hw address, using random
[    3.837763] macb ff0c0000.[01;31m[Keth[m[Kernet [01;31m[Keth[m[K1: no PHY found
[   14.367624] macb ff0b0000.[01;31m[Keth[m[Kernet: gem-ptp-timer ptp clock registered.
[root@localhost ~]# dmesg | grep eth
[    0.000000] psci: probing for conduit m[01;31m[Keth[m[Kod from DT.
[    2.263739] usbcore: registered new interface driver cdc_[01;31m[Keth[m[Ker
[    3.708777] macb ff0b0000.[01;31m[Keth[m[Kernet: Not enabling partial store and forward
[    3.792115] Micrel KSZ9031 Gigabit PHY ff0b0000.[01;31m[Keth[m[Kernet-ffffffff:03: attached PHY driver [Micrel KSZ9031 Gigabit PHY] (mii_bus:phy_addr=ff0b0000.[01;31m[Keth[m[Kernet-ffffffff:03, irq=POLL)
[    3.807937] macb ff0b0000.[01;31m[Keth[m[Kernet [01;31m[Keth[m[K0: Cadence GEM rev 0x50070106 at 0xff0b0000 irq 29 (c2:c8:98:19:fe:be)
[    3.818017] macb ff0c0000.[01;31m[Keth[m[Kernet: Not enabling partial store and forward
[    3.824906] macb ff0c0000.[01;31m[Keth[m[Kernet: invalid hw address, using random
[    3.837763] macb ff0c0000.[01;31m[Keth[m[Kernet [01;31m[Keth[m[K1: no PHY found
[   14.367624] macb ff0b0000.[01;31m[Keth[m[Kernet: gem-ptp-timer ptp clock registered.
[root@localhost ~]# [  140.319983] macb ff0b0000.ethernet eth0: link up (1000/Full)
[  140.325658] IPv6: ADDRCONF(NETDEV_CHANGE): eth0: link becomes ready
dmesg | grep eth

[    0.000000] psci: probing for conduit m[01;31m[Keth[m[Kod from DT.
[    2.263739] usbcore: registered new interface driver cdc_[01;31m[Keth[m[Ker
[    3.708777] macb ff0b0000.[01;31m[Keth[m[Kernet: Not enabling partial store and forward
[    3.792115] Micrel KSZ9031 Gigabit PHY ff0b0000.[01;31m[Keth[m[Kernet-ffffffff:03: attached PHY driver [Micrel KSZ9031 Gigabit PHY] (mii_bus:phy_addr=ff0b0000.[01;31m[Keth[m[Kernet-ffffffff:03, irq=POLL)
[    3.807937] macb ff0b0000.[01;31m[Keth[m[Kernet [01;31m[Keth[m[K0: Cadence GEM rev 0x50070106 at 0xff0b0000 irq 29 (c2:c8:98:19:fe:be)
[    3.818017] macb ff0c0000.[01;31m[Keth[m[Kernet: Not enabling partial store and forward
[    3.824906] macb ff0c0000.[01;31m[Keth[m[Kernet: invalid hw address, using random
[    3.837763] macb ff0c0000.[01;31m[Keth[m[Kernet [01;31m[Keth[m[K1: no PHY found
[   14.367624] macb ff0b0000.[01;31m[Keth[m[Kernet: gem-ptp-timer ptp clock registered.
[  140.319983] macb ff0b0000.[01;31m[Keth[m[Kernet [01;31m[Keth[m[K0: link up (1000/Full)
[  140.325658] IPv6: ADDRCONF(NETDEV_CHANGE): [01;31m[Keth[m[K0: link becomes ready
[root@localhost ~]# 
[root@localhost ~]# 
[root@localhost ~]# 
[root@localhost ~]# ip a 
1: lo: <LOOPBACK,UP,LOWER_UP> mtu 65536 qdisc noqueue state UNKNOWN qlen 1000
    link/loopback 00:00:00:00:00:00 brd 00:00:00:00:00:00
    inet 127.0.0.1/8 scope host lo
       valid_lft forever preferred_lft forever
    inet6 ::1/128 scope host 
       valid_lft forever preferred_lft forever
2: sit0@NONE: <NOARP> mtu 1480 qdisc noop state DOWN qlen 1000
    link/sit 0.0.0.0 brd 0.0.0.0
3: eth0: <BROADCAST,MULTICAST,UP,LOWER_UP> mtu 1500 qdisc mq state UP qlen 1000
    link/ether c2:c8:98:19:fe:be brd ff:ff:ff:ff:ff:ff
    inet 192.168.10.5/24 brd 192.168.10.255 scope global eth0
       valid_lft forever preferred_lft forever
    inet6 fe80::c0c8:98ff:fe19:febe/64 scope link 
       valid_lft forever preferred_lft forever
[root@localhost ~]# 
[root@localhost ~]# 
[root@localhost ~]# [  418.847538] macb ff0b0000.ethernet eth0: link down
[  457.759979] macb ff0b0000.ethernet eth0: link up (1000/Full)
[  471.144238] macb ff0b0000.ethernet eth0: link down
[  495.711977] macb ff0b0000.ethernet eth0: link up (1000/Full)
[  505.000255] macb ff0b0000.ethernet eth0: link down
[  551.071972] macb ff0b0000.ethernet eth0: link up (1000/Full)
[  567.329375] random: crng init done
[  567.332764] random: 7 urandom warning(s) missed due to ratelimiting

[root@localhost ~]# 
[root@localhost ~]# 
[root@localhost ~]# [  579.816232] macb ff0b0000.ethernet eth0: link down
[  599.263975] macb ff0b0000.ethernet eth0: link up (1000/Full)

[root@localhost ~]# 
[root@localhost ~]# 
[root@localhost ~]# 
[root@localhost ~]# e[Ksource .bashrc 
[root@localhost ~]# 
[root@localhost ~]# 
[root@localhost ~]# ls
total 36K
drwxr-xr-x 2 root root 4.0K Jan  1 00:01 apps/
-rw-r--r-- 1 root root  227 Jan  1 00:12 .bashrc
drwx------ 2 root root 4.0K Jan  1 00:13 .ssh/
-rw------- 1 root root 1.2K Jan  1 00:14 .bash_history
-rw-r--r-- 1 root root  129 Dec 29  2013 .tcshrc
-rw-r--r-- 1 root root  100 Dec 29  2013 .cshrc
-rw-r--r-- 1 root root  176 Dec 29  2013 .bash_profile
-rw-r--r-- 1 root root   18 Dec 29  2013 .bash_logout
-rw------- 1 root root 1.9K Sep 12  2017 anaconda-ks.cfg
[root@localhost ~]# python
python            python2.7         python2-config    
python2           python2.7-config  python-config     
[root@localhost ~]# python
Python 2.7.5 (default, Aug 25 2017, 09:08:42) 
[GCC 4.8.5 20150623 (Red Hat 4.8.5-16)] on linux2
Type "help", "copyright", "credits" or "license" for more information.
>>> print()")")h")e")l")l")o")
hello
>>> 
[root@localhost ~]# 
[root@localhost ~]# 
[root@localhost ~]# exit
logout

CentOS Linux 7 (AltArch)
Kernel 5.4.0-xilinx-v2020.1 on an aarch64

localhost login: 
CentOS Linux 7 (AltArch)
Kernel 5.4.0-xilinx-v2020.1 on an aarch64

localhost login: 
CentOS Linux 7 (AltArch)
Kernel 5.4.0-xilinx-v2020.1 on an aarch64

localhost login: 