Xilinx Zynq MP First Stage Boot Loader 
Release 2020.1   Nov  4 2021  -  02:46:26
NOTICE:  ATF running on XCZU5EV/silicon v4/RTL5.1 at 0xfffea000
NOTICE:  BL31: v2.2(release):xilinx_rebase_v2.2_2020.1
NOTICE:  BL31: Built : 09:34:51, Nov  3 2021


U-Boot 2020.01 (Nov 04 2021 - 04:14:26 +0000)

Board: Xilinx ZynqMP
DRAM:  4 GiB
usb dr_mode not found
usb dr_mode not found
PMUFW:	v1.1
EL Level:	EL2
Chip ID:	zu5ev
NAND:  0 MiB
MMC:   mmc@ff160000: 0, mmc@ff170000: 1
In:    serial@ff000000
Out:   serial@ff000000
Err:   serial@ff000000
Bootmode: SD_MODE1
Reset reason:	EXTERNAL 
Net:   No ethernet found.
Hit any key to stop autoboot:  2  1  0 
switch to partitions #0, OK
mmc1 is current device
Scanning mmc 1:1...
Found U-Boot script /boot.scr
2007 bytes read in 18 ms (108.4 KiB/s)
## Executing script at 20000000
8165124 bytes read in 614 ms (12.7 MiB/s)
## Loading kernel from FIT Image at 10000000 ...
   Using 'conf@system-top.dtb' configuration
   Trying 'kernel@1' kernel subimage
     Description:  Linux kernel
     Type:         Kernel Image
     Compression:  gzip compressed
     Data Start:   0x100000f8
     Data Size:    8124466 Bytes = 7.7 MiB
     Architecture: AArch64
     OS:           Linux
     Load Address: 0x00080000
     Entry Point:  0x00080000
     Hash algo:    sha256
     Hash value:   99af0ba978b2172d0d72d6e655a3b6c1e809f4d3840753fe0285c2c72a910aaf
   Verifying Hash Integrity ... sha256+ OK
## Loading fdt from FIT Image at 10000000 ...
   Using 'conf@system-top.dtb' configuration
   Trying 'fdt@system-top.dtb' fdt subimage
     Description:  Flattened Device Tree blob
     Type:         Flat Device Tree
     Compression:  uncompressed
     Data Start:   0x107bfa3c
     Data Size:    38750 Bytes = 37.8 KiB
     Architecture: AArch64
     Hash algo:    sha256
     Hash value:   06f7bf08775e0ed01438eb34f63209bebf4fb84f03ce2d803064bda017d02af4
   Verifying Hash Integrity ... sha256+ OK
   Booting using the fdt blob at 0x107bfa3c
   Uncompressing Kernel Image
   Loading Device Tree to 000000000fff3000, end 000000000ffff75d ... OK

Starting kernel ...

[    0.000000] Booting Linux on physical CPU 0x0000000000 [0x410fd034]
[    0.000000] Linux version 5.4.0-xilinx-v2020.1 (oe-user@oe-host) (gcc version 9.2.0 (GCC)) #1 SMP Tue Nov 2 15:10:11 UTC 2021
[    0.000000] Machine model: xlnx,zynqmp
[    0.000000] efi: Getting EFI parameters from FDT:
[    0.000000] efi: UEFI not found.
[    0.000000] cma: Reserved 256 MiB at 0x000000006fc00000
[    0.000000] psci: probing for conduit method from DT.
[    0.000000] psci: PSCIv1.1 detected in firmware.
[    0.000000] psci: Using standard PSCI v0.2 function IDs
[    0.000000] psci: MIGRATE_INFO_TYPE not supported.
[    0.000000] psci: SMC Calling Convention v1.1
[    0.000000] percpu: Embedded 22 pages/cpu s49944 r8192 d31976 u90112
[    0.000000] Detected VIPT I-cache on CPU0
[    0.000000] CPU features: detected: ARM erratum 845719
[    0.000000] Speculative Store Bypass Disable mitigation not required
[    0.000000] Built 1 zonelists, mobility grouping on.  Total pages: 1031940
[    0.000000] Kernel command line: console=ttyPS0,115200 clk_ignore_unused root=/dev/mmcblk1p2 rootfstype=ext4 rw rootwait earlyprintk
[    0.000000] Dentry cache hash table entries: 524288 (order: 10, 4194304 bytes, linear)
[    0.000000] Inode-cache hash table entries: 262144 (order: 9, 2097152 bytes, linear)
[    0.000000] mem auto-init: stack:off, heap alloc:off, heap free:off
[    0.000000] software IO TLB: mapped [mem 0x6bc00000-0x6fc00000] (64MB)
[    0.000000] Memory: 3767708K/4193280K available (11644K kernel code, 672K rwdata, 3624K rodata, 704K init, 323K bss, 163428K reserved, 262144K cma-reserved)
[    0.000000] rcu: Hierarchical RCU implementation.
[    0.000000] rcu: 	RCU event tracing is enabled.
[    0.000000] rcu: 	RCU restricting CPUs from NR_CPUS=8 to nr_cpu_ids=4.
[    0.000000] rcu: RCU calculated value of scheduler-enlistment delay is 25 jiffies.
[    0.000000] rcu: Adjusting geometry for rcu_fanout_leaf=16, nr_cpu_ids=4
[    0.000000] NR_IRQS: 64, nr_irqs: 64, preallocated irqs: 0
[    0.000000] GIC: Adjusting CPU interface base to 0x00000000f902f000
[    0.000000] GIC: Using split EOI/Deactivate mode
[    0.000000] random: get_random_bytes called from start_kernel+0x2a8/0x42c with crng_init=0
[    0.000000] arch_timer: cp15 timer(s) running at 33.33MHz (phys).
[    0.000000] clocksource: arch_sys_counter: mask: 0xffffffffffffff max_cycles: 0x7b0074340, max_idle_ns: 440795202884 ns
[    0.000003] sched_clock: 56 bits at 33MHz, resolution 30ns, wraps every 2199023255543ns
[    0.000271] Console: colour dummy device 80x25
[    0.000291] Calibrating delay loop (skipped), value calculated using timer frequency.. 66.66 BogoMIPS (lpj=133332)
[    0.000299] pid_max: default: 32768 minimum: 301
[    0.000431] Mount-cache hash table entries: 8192 (order: 4, 65536 bytes, linear)
[    0.000444] Mountpoint-cache hash table entries: 8192 (order: 4, 65536 bytes, linear)
[    0.001314] ASID allocator initialised with 32768 entries
[    0.001363] rcu: Hierarchical SRCU implementation.
[    0.001534] EFI services will not be available.
[    0.001649] smp: Bringing up secondary CPUs ...
[    0.001950] Detected VIPT I-cache on CPU1
[    0.001979] CPU1: Booted secondary processor 0x0000000001 [0x410fd034]
[    0.002298] Detected VIPT I-cache on CPU2
[    0.002316] CPU2: Booted secondary processor 0x0000000002 [0x410fd034]
[    0.002612] Detected VIPT I-cache on CPU3
[    0.002629] CPU3: Booted secondary processor 0x0000000003 [0x410fd034]
[    0.002672] smp: Brought up 1 node, 4 CPUs
[    0.002683] SMP: Total of 4 processors activated.
[    0.002688] CPU features: detected: 32-bit EL0 Support
[    0.002692] CPU features: detected: CRC32 instructions
[    0.002721] CPU: All CPU(s) started at EL2
[    0.002733] alternatives: patching kernel code
[    0.003737] devtmpfs: initialized
[    0.007535] clocksource: jiffies: mask: 0xffffffff max_cycles: 0xffffffff, max_idle_ns: 7645041785100000 ns
[    0.007546] futex hash table entries: 1024 (order: 4, 65536 bytes, linear)
[    0.013072] xor: measuring software checksum speed
[    0.052036]    8regs     :  2639.000 MB/sec
[    0.092060]    32regs    :  3027.000 MB/sec
[    0.132087]    arm64_neon:  2628.000 MB/sec
[    0.132091] xor: using function: 32regs (3027.000 MB/sec)
[    0.132100] pinctrl core: initialized pinctrl subsystem
[    0.132664] NET: Registered protocol family 16
[    0.133563] DMA: preallocated 256 KiB pool for atomic allocations
[    0.133585] audit: initializing netlink subsys (disabled)
[    0.133703] audit: type=2000 audit(0.132:1): state=initialized audit_enabled=0 res=1
[    0.133994] cpuidle: using governor menu
[    0.134157] hw-breakpoint: found 6 breakpoint and 4 watchpoint registers.
[    0.144400] HugeTLB registered 1.00 GiB page size, pre-allocated 0 pages
[    0.144406] HugeTLB registered 32.0 MiB page size, pre-allocated 0 pages
[    0.144410] HugeTLB registered 2.00 MiB page size, pre-allocated 0 pages
[    0.144414] HugeTLB registered 64.0 KiB page size, pre-allocated 0 pages
[    1.110569] DRBG: Continuing without Jitter RNG
[    1.184732] raid6: neonx8   gen()  1717 MB/s
[    1.252751] raid6: neonx8   xor()  1624 MB/s
[    1.320790] raid6: neonx4   gen()  1641 MB/s
[    1.388823] raid6: neonx4   xor()  1577 MB/s
[    1.456883] raid6: neonx2   gen()  1249 MB/s
[    1.524905] raid6: neonx2   xor()  1303 MB/s
[    1.593008] raid6: neonx1   gen()   810 MB/s
[    1.660991] raid6: neonx1   xor()   979 MB/s
[    1.729027] raid6: int64x8  gen()  1291 MB/s
[    1.797079] raid6: int64x8  xor()   844 MB/s
[    1.865141] raid6: int64x4  gen()  1085 MB/s
[    1.933170] raid6: int64x4  xor()   815 MB/s
[    2.001197] raid6: int64x2  gen()   752 MB/s
[    2.069230] raid6: int64x2  xor()   657 MB/s
[    2.137378] raid6: int64x1  gen()   500 MB/s
[    2.205357] raid6: int64x1  xor()   500 MB/s
[    2.205361] raid6: using algorithm neonx8 gen() 1717 MB/s
[    2.205364] raid6: .... xor() 1624 MB/s, rmw enabled
[    2.205367] raid6: using neon recovery algorithm
[    2.205666] iommu: Default domain type: Translated 
[    2.205854] SCSI subsystem initialized
[    2.205987] usbcore: registered new interface driver usbfs
[    2.206013] usbcore: registered new interface driver hub
[    2.206035] usbcore: registered new device driver usb
[    2.206077] mc: Linux media interface: v0.10
[    2.206094] videodev: Linux video capture interface: v2.00
[    2.206111] pps_core: LinuxPPS API ver. 1 registered
[    2.206114] pps_core: Software ver. 5.3.6 - Copyright 2005-2007 Rodolfo Giometti <giometti@linux.it>
[    2.206125] PTP clock support registered
[    2.206141] EDAC MC: Ver: 3.0.0
[    2.206494] zynqmp-ipi-mbox mailbox@ff990400: Registered ZynqMP IPI mbox with TX/RX channels.
[    2.206643] FPGA manager framework
[    2.206755] Advanced Linux Sound Architecture Driver Initialized.
[    2.206996] Bluetooth: Core ver 2.22
[    2.207017] NET: Registered protocol family 31
[    2.207021] Bluetooth: HCI device and connection manager initialized
[    2.207027] Bluetooth: HCI socket layer initialized
[    2.207033] Bluetooth: L2CAP socket layer initialized
[    2.207043] Bluetooth: SCO socket layer initialized
[    2.207362] clocksource: Switched to clocksource arch_sys_counter
[    2.207446] VFS: Disk quotas dquot_6.6.0
[    2.207486] VFS: Dquot-cache hash table entries: 512 (order 0, 4096 bytes)
[    2.211097] NET: Registered protocol family 2
[    2.211436] tcp_listen_portaddr_hash hash table entries: 2048 (order: 3, 32768 bytes, linear)
[    2.211476] TCP established hash table entries: 32768 (order: 6, 262144 bytes, linear)
[    2.211662] TCP bind hash table entries: 32768 (order: 7, 524288 bytes, linear)
[    2.212013] TCP: Hash tables configured (established 32768 bind 32768)
[    2.212075] UDP hash table entries: 2048 (order: 4, 65536 bytes, linear)
[    2.212141] UDP-Lite hash table entries: 2048 (order: 4, 65536 bytes, linear)
[    2.212287] NET: Registered protocol family 1
[    2.212531] RPC: Registered named UNIX socket transport module.
[    2.212535] RPC: Registered udp transport module.
[    2.212538] RPC: Registered tcp transport module.
[    2.212541] RPC: Registered tcp NFSv4.1 backchannel transport module.
[    2.212765] PCI: CLS 0 bytes, default 64
[    2.213175] hw perfevents: no interrupt-affinity property for /pmu, guessing.
[    2.213309] hw perfevents: enabled with armv8_pmuv3 PMU driver, 7 counters available
[    2.213984] Initialise system trusted keyrings
[    2.214059] workingset: timestamp_bits=46 max_order=20 bucket_order=0
[    2.214740] NFS: Registering the id_resolver key type
[    2.214750] Key type id_resolver registered
[    2.214753] Key type id_legacy registered
[    2.214763] nfs4filelayout_init: NFSv4 File Layout Driver Registering...
[    2.214777] jffs2: version 2.2. (NAND) Â© 2001-2006 Red Hat, Inc.
[    2.226237] NET: Registered protocol family 38
[    2.226243] Key type asymmetric registered
[    2.226247] Asymmetric key parser 'x509' registered
[    2.226266] Block layer SCSI generic (bsg) driver version 0.4 loaded (major 247)
[    2.226271] io scheduler mq-deadline registered
[    2.226275] io scheduler kyber registered
[    2.249393] Serial: 8250/16550 driver, 4 ports, IRQ sharing disabled
[    2.252108] cacheinfo: Unable to detect cache hierarchy for CPU 0
[    2.255916] brd: module loaded
[    2.259925] loop: module loaded
[    2.260502] mtdoops: mtd device (mtddev=name/number) must be supplied
[    2.261459] libphy: Fixed MDIO Bus: probed
[    2.262314] tun: Universal TUN/TAP device driver, 1.6
[    2.262395] CAN device driver interface
[    2.263019] usbcore: registered new interface driver asix
[    2.263057] usbcore: registered new interface driver ax88179_178a
[    2.263077] usbcore: registered new interface driver cdc_ether
[    2.263098] usbcore: registered new interface driver net1080
[    2.263117] usbcore: registered new interface driver cdc_subset
[    2.263136] usbcore: registered new interface driver zaurus
[    2.263165] usbcore: registered new interface driver cdc_ncm
[    2.263822] usbcore: registered new interface driver uas
[    2.263850] usbcore: registered new interface driver usb-storage
[    2.264341] rtc_zynqmp ffa60000.rtc: registered as rtc0
[    2.264382] i2c /dev entries driver
[    2.265592] usbcore: registered new interface driver uvcvideo
[    2.265595] USB Video Class driver (1.1.1)
[    2.265882] Bluetooth: HCI UART driver ver 2.3
[    2.265887] Bluetooth: HCI UART protocol H4 registered
[    2.265891] Bluetooth: HCI UART protocol BCSP registered
[    2.265909] Bluetooth: HCI UART protocol LL registered
[    2.265912] Bluetooth: HCI UART protocol ATH3K registered
[    2.265926] Bluetooth: HCI UART protocol Three-wire (H5) registered
[    2.265957] Bluetooth: HCI UART protocol Intel registered
[    2.265971] Bluetooth: HCI UART protocol QCA registered
[    2.265994] usbcore: registered new interface driver bcm203x
[    2.266020] usbcore: registered new interface driver bpa10x
[    2.266042] usbcore: registered new interface driver bfusb
[    2.266066] usbcore: registered new interface driver btusb
[    2.266102] usbcore: registered new interface driver ath3k
[    2.266248] EDAC MC0: 13 UE BankGroup Number 0 Block Number 0 on mc#0csrow#0channel#0 (csrow:0 channel:0 page:0x0 offset:0x0 grain:1)
[    2.266312] EDAC MC0: Giving out device to module 1 controller synps_ddr_controller: DEV synps_edac (INTERRUPT)
[    2.266447] EDAC DEVICE0: Giving out device to module zynqmp-ocm-edac controller zynqmp_ocm: DEV ff960000.memory-controller (INTERRUPT)
[    2.266769] sdhci: Secure Digital Host Controller Interface driver
[    2.266772] sdhci: Copyright(c) Pierre Ossman
[    2.266775] sdhci-pltfm: SDHCI platform and OF driver helper
[    2.267070] ledtrig-cpu: registered to indicate activity on CPUs
[    2.267110] zynqmp_firmware_probe Platform Management API v1.1
[    2.267115] zynqmp_firmware_probe Trustzone version v1.0
[    2.289325] alg: No test for xilinx-zynqmp-aes (zynqmp-aes)
[    2.289469] zynqmp_aes zynqmp_aes: AES Successfully Registered
[    2.289469] 
[    2.289598] alg: No test for xilinx-keccak-384 (zynqmp-keccak-384)
[    2.289793] alg: No test for xilinx-zynqmp-rsa (zynqmp-rsa)
[    2.290012] usbcore: registered new interface driver usbhid
[    2.290015] usbhid: USB HID core driver
[    2.292095] fpga_manager fpga0: Xilinx ZynqMP FPGA Manager registered
[    2.292353] usbcore: registered new interface driver snd-usb-audio
[    2.293029] pktgen: Packet Generator for packet performance testing. Version: 2.75
[    2.293526] Initializing XFRM netlink socket
[    2.293609] NET: Registered protocol family 10
[    2.293969] Segment Routing with IPv6
[    2.294068] sit: IPv6, IPv4 and MPLS over IPv4 tunneling driver
[    2.294365] NET: Registered protocol family 17
[    2.294379] NET: Registered protocol family 15
[    2.294397] bridge: filtering via arp/ip/ip6tables is no longer available by default. Update your scripts to load br_netfilter if you need this.
[    2.294401] can: controller area network core (rev 20170425 abi 9)
[    2.294426] NET: Registered protocol family 29
[    2.294430] can: raw protocol (rev 20170425)
[    2.294435] can: broadcast manager protocol (rev 20170425 t)
[    2.294440] can: netlink gateway (rev 20190810) max_hops=1
[    2.294503] Bluetooth: RFCOMM TTY layer initialized
[    2.294510] Bluetooth: RFCOMM socket layer initialized
[    2.294522] Bluetooth: RFCOMM ver 1.11
[    2.294529] Bluetooth: BNEP (Ethernet Emulation) ver 1.3
[    2.294532] Bluetooth: BNEP filters: protocol multicast
[    2.294537] Bluetooth: BNEP socket layer initialized
[    2.294541] Bluetooth: HIDP (Human Interface Emulation) ver 1.2
[    2.294546] Bluetooth: HIDP socket layer initialized
[    2.294645] 9pnet: Installing 9P2000 support
[    2.294662] Key type dns_resolver registered
[    2.294936] registered taskstats version 1
[    2.294939] Loading compiled-in X.509 certificates
[    2.295298] Btrfs loaded, crc32c=crc32c-generic
[    2.303080] ff000000.serial: ttyPS0 at MMIO 0xff000000 (irq = 39, base_baud = 6249999) is a xuartps
[    3.547231] printk: console [ttyPS0] enabled
[    3.551804] of-fpga-region fpga-full: FPGA Region probed
[    3.557615] GPIO IRQ not connected
[    3.561014] XGpio: gpio@80010000: registered, base is 509
[    3.566987] xilinx-zynqmp-dma fd500000.dma: ZynqMP DMA driver Probe success
[    3.574071] xilinx-zynqmp-dma fd510000.dma: ZynqMP DMA driver Probe success
[    3.581159] xilinx-zynqmp-dma fd520000.dma: ZynqMP DMA driver Probe success
[    3.588243] xilinx-zynqmp-dma fd530000.dma: ZynqMP DMA driver Probe success
[    3.595331] xilinx-zynqmp-dma fd540000.dma: ZynqMP DMA driver Probe success
[    3.602418] xilinx-zynqmp-dma fd550000.dma: ZynqMP DMA driver Probe success
[    3.609504] xilinx-zynqmp-dma fd560000.dma: ZynqMP DMA driver Probe success
[    3.616594] xilinx-zynqmp-dma fd570000.dma: ZynqMP DMA driver Probe success
[    3.623752] xilinx-zynqmp-dma ffa80000.dma: ZynqMP DMA driver Probe success
[    3.630837] xilinx-zynqmp-dma ffa90000.dma: ZynqMP DMA driver Probe success
[    3.637917] xilinx-zynqmp-dma ffaa0000.dma: ZynqMP DMA driver Probe success
[    3.645005] xilinx-zynqmp-dma ffab0000.dma: ZynqMP DMA driver Probe success
[    3.652086] xilinx-zynqmp-dma ffac0000.dma: ZynqMP DMA driver Probe success
[    3.659177] xilinx-zynqmp-dma ffad0000.dma: ZynqMP DMA driver Probe success
[    3.666260] xilinx-zynqmp-dma ffae0000.dma: ZynqMP DMA driver Probe success
[    3.673347] xilinx-zynqmp-dma ffaf0000.dma: ZynqMP DMA driver Probe success
[    3.680542] zynqmp-qspi ff0f0000.spi: rx bus width not found
[    3.686200] zynqmp-qspi ff0f0000.spi: tx bus width not found
[    3.692004] spi_master spi0: cannot find modalias for /amba/spi@ff0f0000/flash@0
[    3.699395] spi_master spi0: Failed to create SPI device for /amba/spi@ff0f0000/flash@0
[    3.707630] xilinx-axipmon ffa00000.perf-monitor: Probed Xilinx APM
[    3.714121] xilinx-axipmon fd0b0000.perf-monitor: Probed Xilinx APM
[    3.720588] xilinx-axipmon fd490000.perf-monitor: Probed Xilinx APM
[    3.727045] xilinx-axipmon ffa10000.perf-monitor: Probed Xilinx APM
[    3.733517] dwc3-of-simple ff9d0000.usb0: dwc3_simple_set_phydata: Can't find usb3-phy
[    3.741798] dwc3 fe200000.dwc3: Failed to get clk 'ref': -2
[    3.747506] zynqmp_pll_disable() clock disable failed for dpll_int, ret = -13
[    3.754947] dwc3-of-simple ff9e0000.usb1: dwc3_simple_set_phydata: Can't find usb3-phy
[    3.763163] dwc3 fe300000.dwc3: Failed to get clk 'ref': -2
[    3.769499] cdns-i2c ff020000.i2c: 400 kHz mmio ff020000 irq 30
[    3.774096] xhci-hcd xhci-hcd.0.auto: xHCI Host Controller
[    3.775763] cpufreq: cpufreq_online: CPU0: Running at unlisted freq: 1333333 KHz
[    3.780898] xhci-hcd xhci-hcd.0.auto: new USB bus registered, assigned bus number 1
[    3.788287] cpu cpu0: dev_pm_opp_set_rate: failed to find current OPP for freq 1333333320 (-34)
[    3.796016] xhci-hcd xhci-hcd.0.auto: hcc params 0x0238f625 hci version 0x100 quirks 0x0000000202010010
[    3.804657] cpufreq: cpufreq_online: CPU0: Unlisted initial frequency changed to: 1199999 KHz
[    3.814010] xhci-hcd xhci-hcd.0.auto: irq 44, io mem 0xfe300000
[    3.822535] cpu cpu0: dev_pm_opp_set_rate: failed to find current OPP for freq 1333333320 (-34)
[    3.828847] xhci-hcd xhci-hcd.1.auto: xHCI Host Controller
[    3.842677] usb usb1: New USB device found, idVendor=1d6b, idProduct=0002, bcdDevice= 5.04
[    3.850930] usb usb1: New USB device strings: Mfr=3, Product=2, SerialNumber=1
[    3.858144] usb usb1: Product: xHCI Host Controller
[    3.863011] usb usb1: Manufacturer: Linux 5.4.0-xilinx-v2020.1 xhci-hcd
[    3.868997] mmc0: SDHCI controller on ff160000.mmc [ff160000.mmc] using ADMA 64-bit
[    3.869616] usb usb1: SerialNumber: xhci-hcd.0.auto
[    3.882473] hub 1-0:1.0: USB hub found
[    3.886284] hub 1-0:1.0: 1 port detected
[    3.890367] xhci-hcd xhci-hcd.0.auto: xHCI Host Controller
[    3.895860] xhci-hcd xhci-hcd.0.auto: new USB bus registered, assigned bus number 2
[    3.903521] xhci-hcd xhci-hcd.0.auto: Host supports USB 3.0 SuperSpeed
[    3.907921] mmc1: SDHCI controller on ff170000.mmc [ff170000.mmc] using ADMA 64-bit
[    3.910152] usb usb2: We don't know the algorithms for LPM for this host, disabling LPM.
[    3.925760] rtc_zynqmp ffa60000.rtc: setting system clock to 1970-01-01T00:00:08 UTC (8)
[    3.925764] of_cfs_init
[    3.925790] of_cfs_init: OK
[    3.933969] usb usb2: New USB device found, idVendor=1d6b, idProduct=0003, bcdDevice= 5.04
[    3.936397] cfg80211: Loading compiled-in X.509 certificates for regulatory database
[    3.939070] usb usb2: New USB device strings: Mfr=3, Product=2, SerialNumber=1
[    3.962270] usb usb2: Product: xHCI Host Controller
[    3.967136] usb usb2: Manufacturer: Linux 5.4.0-xilinx-v2020.1 xhci-hcd
[    3.973742] usb usb2: SerialNumber: xhci-hcd.0.auto
[    3.978962] hub 2-0:1.0: USB hub found
[    3.982820] hub 2-0:1.0: 1 port detected
[    3.986993] xhci-hcd xhci-hcd.1.auto: new USB bus registered, assigned bus number 3
[    3.994760] xhci-hcd xhci-hcd.1.auto: hcc params 0x0238f625 hci version 0x100 quirks 0x0000000202010010
[    4.004171] xhci-hcd xhci-hcd.1.auto: irq 41, io mem 0xfe200000
[    4.010375] usb usb3: New USB device found, idVendor=1d6b, idProduct=0002, bcdDevice= 5.04
[    4.018637] usb usb3: New USB device strings: Mfr=3, Product=2, SerialNumber=1
[    4.025857] usb usb3: Product: xHCI Host Controller
[    4.030728] usb usb3: Manufacturer: Linux 5.4.0-xilinx-v2020.1 xhci-hcd
[    4.037333] usb usb3: SerialNumber: xhci-hcd.1.auto
[    4.042517] hub 3-0:1.0: USB hub found
[    4.046375] hub 3-0:1.0: 1 port detected
[    4.050542] xhci-hcd xhci-hcd.1.auto: xHCI Host Controller
[    4.056037] xhci-hcd xhci-hcd.1.auto: new USB bus registered, assigned bus number 4
[    4.063696] xhci-hcd xhci-hcd.1.auto: Host supports USB 3.0 SuperSpeed
[    4.070270] usb usb4: We don't know the algorithms for LPM for this host, disabling LPM.
[    4.071617] cfg80211: Loaded X.509 cert 'sforshee: 00b28ddf47aef9cea7'
[    4.078426] usb usb4: New USB device found, idVendor=1d6b, idProduct=0003, bcdDevice= 5.04
[    4.084876] clk: Not disabling unused clocks
[    4.093132] usb usb4: New USB device strings: Mfr=3, Product=2, SerialNumber=1
[    4.097389] ALSA device list:
[    4.104603] usb usb4: Product: xHCI Host Controller
[    4.107552]   No soundcards found.
[    4.112415] usb usb4: Manufacturer: Linux 5.4.0-xilinx-v2020.1 xhci-hcd
[    4.115874] platform regulatory.0: Direct firmware load for regulatory.db failed with error -2
[    4.122397] usb usb4: SerialNumber: xhci-hcd.1.auto
[    4.122771] hub 4-0:1.0: USB hub found
[    4.130998] cfg80211: failed to load regulatory.db
[    4.144416] hub 4-0:1.0: 1 port detected
[    4.148593] Waiting for root device /dev/mmcblk1p2...
[    4.165395] mmc1: new high speed SDHC card at address 5048
[    4.171230] mmcblk1: mmc1:5048 SD16G 14.4 GiB (ro)
[    4.177384]  mmcblk1: p1 p2
[    4.183445] VFS: Cannot open root device "mmcblk1p2" or unknown-block(179,2): error -30
[    4.191449] Please append a correct "root=" boot option; here are the available partitions:
[    4.199794] 0100           65536 ram0 
[    4.199795]  (driver?)
[    4.205871] 0101           65536 ram1 
[    4.205872]  (driver?)
[    4.211962] 0102           65536 ram2 
[    4.211963]  (driver?)
[    4.218041] 0103           65536 ram3 
[    4.218042]  (driver?)
[    4.224126] 0104           65536 ram4 
[    4.224127]  (driver?)
[    4.230210] 0105           65536 ram5 
[    4.230211]  (driver?)
[    4.236290] 0106           65536 ram6 
[    4.236291]  (driver?)
[    4.242371] 0107           65536 ram7 
[    4.242372]  (driver?)
[    4.248451] 0108           65536 ram8 
[    4.248452]  (driver?)
[    4.254532] 0109           65536 ram9 
[    4.254533]  (driver?)
[    4.260612] 010a           65536 ram10 
[    4.260613]  (driver?)
[    4.266779] 010b           65536 ram11 
[    4.266780]  (driver?)
[    4.272946] 010c           65536 ram12 
[    4.272947]  (driver?)
[    4.279114] 010d           65536 ram13 
[    4.279115]  (driver?)
[    4.285281] 010e           65536 ram14 
[    4.285281]  (driver?)
[    4.291452] 010f           65536 ram15 
[    4.291453]  (driver?)
[    4.297625] b300        15138816 mmcblk1 
[    4.297626]  driver: mmcblk
[    4.304403]   b301          204800 mmcblk1p1 0da195ce-01
[    4.304404] 
[    4.311178]   b302        14932992 mmcblk1p2 0da195ce-02
[    4.311179] 
[    4.317948] Kernel panic - not syncing: VFS: Unable to mount root fs on unknown-block(179,2)
[    4.326368] CPU: 0 PID: 1 Comm: swapper/0 Not tainted 5.4.0-xilinx-v2020.1 #1
[    4.333483] Hardware name: xlnx,zynqmp (DT)
[    4.337650] Call trace:
[    4.340086]  dump_backtrace+0x0/0x140
[    4.343736]  show_stack+0x14/0x20
[    4.347036]  dump_stack+0xac/0xd0
[    4.350333]  panic+0x140/0x2f8
[    4.353372]  mount_block_root+0x1d0/0x284
[    4.357364]  mount_root+0x124/0x158
[    4.360836]  prepare_namespace+0x15c/0x1a4
[    4.364917]  kernel_init_freeable+0x234/0x258
[    4.369257]  kernel_init+0x10/0xfc
[    4.372642]  ret_from_fork+0x10/0x18
[    4.376201] SMP: stopping secondary CPUs
[    4.380107] Kernel Offset: disabled
[    4.383577] CPU features: 0x0002,20002004
[    4.387569] Memory Limit: none
[    4.390611] ---[ end Kernel panic - not syncing: VFS: Unable to mount root fs on unknown-block(179,2) ]---
