Xilinx Zynq MP First Stage Boot Loader 
Release 2020.1   Nov  4 2021  -  02:46:26
NOTICE:  ATF running on XCZU5EV/silicon v4/RTL5.1 at 0xfffea000
NOTICE:  BL31: v2.2(release):xilinx_rebase_v2.2_2020.1
NOTICE:  BL31: Built : 09:34:51, Nov  3 2021


U-Boot 2020.01 (Nov 04 2021 - 02:45:04 +0000)

Board: Xilinx ZynqMP
DRAM:  4 GiB
usb dr_mode not found
usb dr_mode not found
PMUFW:	v1.1
EL Level:	EL2
Chip ID:	zu5ev
NAND:  0 MiB
MMC:   mmc@ff160000: 0, mmc@ff170000: 1
In:    serial@ff000000
Out:   serial@ff000000
Err:   serial@ff000000
Bootmode: SD_MODE1
Reset reason:	EXTERNAL 
Net:   No ethernet found.
Hit any key to stop autoboot:  2  1  0 
switch to partitions #0, OK
mmc1 is current device
Scanning mmc 1:1...
Found U-Boot script /boot.scr
2007 bytes read in 19 ms (102.5 KiB/s)
## Executing script at 20000000
8165148 bytes read in 604 ms (12.9 MiB/s)
## Loading kernel from FIT Image at 10000000 ...
   Using 'conf@system-top.dtb' configuration
   Trying 'kernel@1' kernel subimage
     Description:  Linux kernel
     Type:         Kernel Image
     Compression:  gzip compressed
     Data Start:   0x100000f8
     Data Size:    8124466 Bytes = 7.7 MiB
     Architecture: AArch64
     OS:           Linux
     Load Address: 0x00080000
     Entry Point:  0x00080000
     Hash algo:    sha256
     Hash value:   71c8c2fc766c69ac192aa876baf190f12fbb4e25be1306e37fb4c8ca0dd74267
   Verifying Hash Integrity ... sha256+ OK
## Loading fdt from FIT Image at 10000000 ...
   Using 'conf@system-top.dtb' configuration
   Trying 'fdt@system-top.dtb' fdt subimage
     Description:  Flattened Device Tree blob
     Type:         Flat Device Tree
     Compression:  uncompressed
     Data Start:   0x107bfa3c
     Data Size:    38773 Bytes = 37.9 KiB
     Architecture: AArch64
     Hash algo:    sha256
     Hash value:   d5bc02d2b2ca837d5b2b5ef3dffd34d8817253ba0b26054738bf619446bc7166
   Verifying Hash Integrity ... sha256+ OK
   Booting using the fdt blob at 0x107bfa3c
   Uncompressing Kernel Image
   Loading Device Tree to 000000000fff3000, end 000000000ffff774 ... OK

Starting kernel ...

[    0.000000] Booting Linux on physical CPU 0x0000000000 [0x410fd034]
[    0.000000] Linux version 5.4.0-xilinx-v2020.1 (oe-user@oe-host) (gcc version 9.2.0 (GCC)) #1 SMP Tue Nov 2 15:10:11 UTC 2021
[    0.000000] Machine model: xlnx,zynqmp
[    0.000000] efi: Getting EFI parameters from FDT:
[    0.000000] efi: UEFI not found.
[    0.000000] cma: Reserved 256 MiB at 0x000000006fc00000
[    0.000000] psci: probing for conduit method from DT.
[    0.000000] psci: PSCIv1.1 detected in firmware.
[    0.000000] psci: Using standard PSCI v0.2 function IDs
[    0.000000] psci: MIGRATE_INFO_TYPE not supported.
[    0.000000] psci: SMC Calling Convention v1.1
[    0.000000] percpu: Embedded 22 pages/cpu s49944 r8192 d31976 u90112
[    0.000000] Detected VIPT I-cache on CPU0
[    0.000000] CPU features: detected: ARM erratum 845719
[    0.000000] Speculative Store Bypass Disable mitigation not required
[    0.000000] Built 1 zonelists, mobility grouping on.  Total pages: 1031940
[    0.000000] Kernel command line: console=ttyPS0,115200 clk_ignore_unused root=/dev/mmcblk1p2 rootfstype=ext4 rw rootwait earlyprintk
[    0.000000] Dentry cache hash table entries: 524288 (order: 10, 4194304 bytes, linear)
[    0.000000] Inode-cache hash table entries: 262144 (order: 9, 2097152 bytes, linear)
[    0.000000] mem auto-init: stack:off, heap alloc:off, heap free:off
[    0.000000] software IO TLB: mapped [mem 0x6bc00000-0x6fc00000] (64MB)
[    0.000000] Memory: 3767708K/4193280K available (11644K kernel code, 672K rwdata, 3624K rodata, 704K init, 323K bss, 163428K reserved, 262144K cma-reserved)
[    0.000000] rcu: Hierarchical RCU implementation.
[    0.000000] rcu: 	RCU event tracing is enabled.
[    0.000000] rcu: 	RCU restricting CPUs from NR_CPUS=8 to nr_cpu_ids=4.
[    0.000000] rcu: RCU calculated value of scheduler-enlistment delay is 25 jiffies.
[    0.000000] rcu: Adjusting geometry for rcu_fanout_leaf=16, nr_cpu_ids=4
[    0.000000] NR_IRQS: 64, nr_irqs: 64, preallocated irqs: 0
[    0.000000] GIC: Adjusting CPU interface base to 0x00000000f902f000
[    0.000000] GIC: Using split EOI/Deactivate mode
[    0.000000] random: get_random_bytes called from start_kernel+0x2a8/0x42c with crng_init=0
[    0.000000] arch_timer: cp15 timer(s) running at 33.33MHz (phys).
[    0.000000] clocksource: arch_sys_counter: mask: 0xffffffffffffff max_cycles: 0x7b0074340, max_idle_ns: 440795202884 ns
[    0.000003] sched_clock: 56 bits at 33MHz, resolution 30ns, wraps every 2199023255543ns
[    0.000264] Console: colour dummy device 80x25
[    0.000284] Calibrating delay loop (skipped), value calculated using timer frequency.. 66.66 BogoMIPS (lpj=133332)
[    0.000291] pid_max: default: 32768 minimum: 301
[    0.000424] Mount-cache hash table entries: 8192 (order: 4, 65536 bytes, linear)
[    0.000438] Mountpoint-cache hash table entries: 8192 (order: 4, 65536 bytes, linear)
[    0.001315] ASID allocator initialised with 32768 entries
[    0.001366] rcu: Hierarchical SRCU implementation.
[    0.001527] EFI services will not be available.
[    0.001641] smp: Bringing up secondary CPUs ...
[    0.001945] Detected VIPT I-cache on CPU1
[    0.001973] CPU1: Booted secondary processor 0x0000000001 [0x410fd034]
[    0.002289] Detected VIPT I-cache on CPU2
[    0.002306] CPU2: Booted secondary processor 0x0000000002 [0x410fd034]
[    0.002603] Detected VIPT I-cache on CPU3
[    0.002620] CPU3: Booted secondary processor 0x0000000003 [0x410fd034]
[    0.002663] smp: Brought up 1 node, 4 CPUs
[    0.002674] SMP: Total of 4 processors activated.
[    0.002678] CPU features: detected: 32-bit EL0 Support
[    0.002683] CPU features: detected: CRC32 instructions
[    0.002713] CPU: All CPU(s) started at EL2
[    0.002725] alternatives: patching kernel code
[    0.003724] devtmpfs: initialized
[    0.007509] clocksource: jiffies: mask: 0xffffffff max_cycles: 0xffffffff, max_idle_ns: 7645041785100000 ns
[    0.007520] futex hash table entries: 1024 (order: 4, 65536 bytes, linear)
[    0.013067] xor: measuring software checksum speed
[    0.052038]    8regs     :  2639.000 MB/sec
[    0.092061]    32regs    :  3027.000 MB/sec
[    0.132089]    arm64_neon:  2628.000 MB/sec
[    0.132093] xor: using function: 32regs (3027.000 MB/sec)
[    0.132103] pinctrl core: initialized pinctrl subsystem
[    0.132667] NET: Registered protocol family 16
[    0.133570] DMA: preallocated 256 KiB pool for atomic allocations
[    0.133591] audit: initializing netlink subsys (disabled)
[    0.133709] audit: type=2000 audit(0.132:1): state=initialized audit_enabled=0 res=1
[    0.134003] cpuidle: using governor menu
[    0.134162] hw-breakpoint: found 6 breakpoint and 4 watchpoint registers.
[    0.144386] HugeTLB registered 1.00 GiB page size, pre-allocated 0 pages
[    0.144392] HugeTLB registered 32.0 MiB page size, pre-allocated 0 pages
[    0.144396] HugeTLB registered 2.00 MiB page size, pre-allocated 0 pages
[    0.144401] HugeTLB registered 64.0 KiB page size, pre-allocated 0 pages
[    1.110601] DRBG: Continuing without Jitter RNG
[    1.184733] raid6: neonx8   gen()  1716 MB/s
[    1.252753] raid6: neonx8   xor()  1624 MB/s
[    1.320789] raid6: neonx4   gen()  1646 MB/s
[    1.388831] raid6: neonx4   xor()  1577 MB/s
[    1.456862] raid6: neonx2   gen()  1249 MB/s
[    1.524923] raid6: neonx2   xor()  1303 MB/s
[    1.592945] raid6: neonx1   gen()   810 MB/s
[    1.660988] raid6: neonx1   xor()   978 MB/s
[    1.729035] raid6: int64x8  gen()  1291 MB/s
[    1.797085] raid6: int64x8  xor()   844 MB/s
[    1.865134] raid6: int64x4  gen()  1085 MB/s
[    1.933168] raid6: int64x4  xor()   815 MB/s
[    2.001256] raid6: int64x2  gen()   753 MB/s
[    2.069230] raid6: int64x2  xor()   657 MB/s
[    2.137307] raid6: int64x1  gen()   499 MB/s
[    2.205348] raid6: int64x1  xor()   500 MB/s
[    2.205351] raid6: using algorithm neonx8 gen() 1716 MB/s
[    2.205354] raid6: .... xor() 1624 MB/s, rmw enabled
[    2.205358] raid6: using neon recovery algorithm
[    2.205653] iommu: Default domain type: Translated 
[    2.205838] SCSI subsystem initialized
[    2.205970] usbcore: registered new interface driver usbfs
[    2.205995] usbcore: registered new interface driver hub
[    2.206018] usbcore: registered new device driver usb
[    2.206060] mc: Linux media interface: v0.10
[    2.206078] videodev: Linux video capture interface: v2.00
[    2.206094] pps_core: LinuxPPS API ver. 1 registered
[    2.206098] pps_core: Software ver. 5.3.6 - Copyright 2005-2007 Rodolfo Giometti <giometti@linux.it>
[    2.206109] PTP clock support registered
[    2.206125] EDAC MC: Ver: 3.0.0
[    2.206477] zynqmp-ipi-mbox mailbox@ff990400: Registered ZynqMP IPI mbox with TX/RX channels.
[    2.206625] FPGA manager framework
[    2.206735] Advanced Linux Sound Architecture Driver Initialized.
[    2.206977] Bluetooth: Core ver 2.22
[    2.206999] NET: Registered protocol family 31
[    2.207002] Bluetooth: HCI device and connection manager initialized
[    2.207009] Bluetooth: HCI socket layer initialized
[    2.207014] Bluetooth: L2CAP socket layer initialized
[    2.207025] Bluetooth: SCO socket layer initialized
[    2.207346] clocksource: Switched to clocksource arch_sys_counter
[    2.207430] VFS: Disk quotas dquot_6.6.0
[    2.207469] VFS: Dquot-cache hash table entries: 512 (order 0, 4096 bytes)
[    2.211080] NET: Registered protocol family 2
[    2.211420] tcp_listen_portaddr_hash hash table entries: 2048 (order: 3, 32768 bytes, linear)
[    2.211461] TCP established hash table entries: 32768 (order: 6, 262144 bytes, linear)
[    2.211647] TCP bind hash table entries: 32768 (order: 7, 524288 bytes, linear)
[    2.211996] TCP: Hash tables configured (established 32768 bind 32768)
[    2.212059] UDP hash table entries: 2048 (order: 4, 65536 bytes, linear)
[    2.212125] UDP-Lite hash table entries: 2048 (order: 4, 65536 bytes, linear)
[    2.212270] NET: Registered protocol family 1
[    2.212509] RPC: Registered named UNIX socket transport module.
[    2.212514] RPC: Registered udp transport module.
[    2.212517] RPC: Registered tcp transport module.
[    2.212520] RPC: Registered tcp NFSv4.1 backchannel transport module.
[    2.212748] PCI: CLS 0 bytes, default 64
[    2.213177] hw perfevents: no interrupt-affinity property for /pmu, guessing.
[    2.213313] hw perfevents: enabled with armv8_pmuv3 PMU driver, 7 counters available
[    2.213975] Initialise system trusted keyrings
[    2.214046] workingset: timestamp_bits=46 max_order=20 bucket_order=0
[    2.214714] NFS: Registering the id_resolver key type
[    2.214725] Key type id_resolver registered
[    2.214728] Key type id_legacy registered
[    2.214736] nfs4filelayout_init: NFSv4 File Layout Driver Registering...
[    2.214751] jffs2: version 2.2. (NAND) Â© 2001-2006 Red Hat, Inc.
[    2.227109] NET: Registered protocol family 38
[    2.227115] Key type asymmetric registered
[    2.227119] Asymmetric key parser 'x509' registered
[    2.227138] Block layer SCSI generic (bsg) driver version 0.4 loaded (major 247)
[    2.227143] io scheduler mq-deadline registered
[    2.227146] io scheduler kyber registered
[    2.249867] Serial: 8250/16550 driver, 4 ports, IRQ sharing disabled
[    2.252306] cacheinfo: Unable to detect cache hierarchy for CPU 0
[    2.256097] brd: module loaded
[    2.260093] loop: module loaded
[    2.260636] mtdoops: mtd device (mtddev=name/number) must be supplied
[    2.261574] libphy: Fixed MDIO Bus: probed
[    2.262427] tun: Universal TUN/TAP device driver, 1.6
[    2.262502] CAN device driver interface
[    2.263053] usbcore: registered new interface driver asix
[    2.263088] usbcore: registered new interface driver ax88179_178a
[    2.263110] usbcore: registered new interface driver cdc_ether
[    2.263130] usbcore: registered new interface driver net1080
[    2.263148] usbcore: registered new interface driver cdc_subset
[    2.263168] usbcore: registered new interface driver zaurus
[    2.263195] usbcore: registered new interface driver cdc_ncm
[    2.263818] usbcore: registered new interface driver uas
[    2.263845] usbcore: registered new interface driver usb-storage
[    2.264327] rtc_zynqmp ffa60000.rtc: registered as rtc0
[    2.264367] i2c /dev entries driver
[    2.265525] usbcore: registered new interface driver uvcvideo
[    2.265528] USB Video Class driver (1.1.1)
[    2.265806] Bluetooth: HCI UART driver ver 2.3
[    2.265811] Bluetooth: HCI UART protocol H4 registered
[    2.265814] Bluetooth: HCI UART protocol BCSP registered
[    2.265831] Bluetooth: HCI UART protocol LL registered
[    2.265834] Bluetooth: HCI UART protocol ATH3K registered
[    2.265850] Bluetooth: HCI UART protocol Three-wire (H5) registered
[    2.265881] Bluetooth: HCI UART protocol Intel registered
[    2.265895] Bluetooth: HCI UART protocol QCA registered
[    2.265918] usbcore: registered new interface driver bcm203x
[    2.265943] usbcore: registered new interface driver bpa10x
[    2.265967] usbcore: registered new interface driver bfusb
[    2.265990] usbcore: registered new interface driver btusb
[    2.266024] usbcore: registered new interface driver ath3k
[    2.266166] EDAC MC0: 13 UE BankGroup Number 0 Block Number 0 on mc#0csrow#0channel#0 (csrow:0 channel:0 page:0x0 offset:0x0 grain:1)
[    2.266233] EDAC MC0: Giving out device to module 1 controller synps_ddr_controller: DEV synps_edac (INTERRUPT)
[    2.266366] EDAC DEVICE0: Giving out device to module zynqmp-ocm-edac controller zynqmp_ocm: DEV ff960000.memory-controller (INTERRUPT)
[    2.266683] sdhci: Secure Digital Host Controller Interface driver
[    2.266686] sdhci: Copyright(c) Pierre Ossman
[    2.266689] sdhci-pltfm: SDHCI platform and OF driver helper
[    2.266956] ledtrig-cpu: registered to indicate activity on CPUs
[    2.266997] zynqmp_firmware_probe Platform Management API v1.1
[    2.267002] zynqmp_firmware_probe Trustzone version v1.0
[    2.289075] alg: No test for xilinx-zynqmp-aes (zynqmp-aes)
[    2.289193] zynqmp_aes zynqmp_aes: AES Successfully Registered
[    2.289193] 
[    2.289322] alg: No test for xilinx-keccak-384 (zynqmp-keccak-384)
[    2.289508] alg: No test for xilinx-zynqmp-rsa (zynqmp-rsa)
[    2.289711] usbcore: registered new interface driver usbhid
[    2.289714] usbhid: USB HID core driver
[    2.291775] fpga_manager fpga0: Xilinx ZynqMP FPGA Manager registered
[    2.292021] usbcore: registered new interface driver snd-usb-audio
[    2.292679] pktgen: Packet Generator for packet performance testing. Version: 2.75
[    2.293165] Initializing XFRM netlink socket
[    2.293244] NET: Registered protocol family 10
[    2.293608] Segment Routing with IPv6
[    2.293706] sit: IPv6, IPv4 and MPLS over IPv4 tunneling driver
[    2.294007] NET: Registered protocol family 17
[    2.294019] NET: Registered protocol family 15
[    2.294036] bridge: filtering via arp/ip/ip6tables is no longer available by default. Update your scripts to load br_netfilter if you need this.
[    2.294040] can: controller area network core (rev 20170425 abi 9)
[    2.294065] NET: Registered protocol family 29
[    2.294069] can: raw protocol (rev 20170425)
[    2.294074] can: broadcast manager protocol (rev 20170425 t)
[    2.294081] can: netlink gateway (rev 20190810) max_hops=1
[    2.294143] Bluetooth: RFCOMM TTY layer initialized
[    2.294149] Bluetooth: RFCOMM socket layer initialized
[    2.294165] Bluetooth: RFCOMM ver 1.11
[    2.294172] Bluetooth: BNEP (Ethernet Emulation) ver 1.3
[    2.294175] Bluetooth: BNEP filters: protocol multicast
[    2.294180] Bluetooth: BNEP socket layer initialized
[    2.294184] Bluetooth: HIDP (Human Interface Emulation) ver 1.2
[    2.294189] Bluetooth: HIDP socket layer initialized
[    2.294290] 9pnet: Installing 9P2000 support
[    2.294308] Key type dns_resolver registered
[    2.294567] registered taskstats version 1
[    2.294571] Loading compiled-in X.509 certificates
[    2.294926] Btrfs loaded, crc32c=crc32c-generic
[    2.302706] ff000000.serial: ttyPS0 at MMIO 0xff000000 (irq = 39, base_baud = 6249999) is a xuartps
[    3.546830] printk: console [ttyPS0] enabled
[    3.551392] of-fpga-region fpga-full: FPGA Region probed
[    3.557191] GPIO IRQ not connected
[    3.560587] XGpio: gpio@80010000: registered, base is 509
[    3.566548] xilinx-zynqmp-dma fd500000.dma: ZynqMP DMA driver Probe success
[    3.573640] xilinx-zynqmp-dma fd510000.dma: ZynqMP DMA driver Probe success
[    3.580724] xilinx-zynqmp-dma fd520000.dma: ZynqMP DMA driver Probe success
[    3.587807] xilinx-zynqmp-dma fd530000.dma: ZynqMP DMA driver Probe success
[    3.594897] xilinx-zynqmp-dma fd540000.dma: ZynqMP DMA driver Probe success
[    3.601983] xilinx-zynqmp-dma fd550000.dma: ZynqMP DMA driver Probe success
[    3.609066] xilinx-zynqmp-dma fd560000.dma: ZynqMP DMA driver Probe success
[    3.616146] xilinx-zynqmp-dma fd570000.dma: ZynqMP DMA driver Probe success
[    3.623304] xilinx-zynqmp-dma ffa80000.dma: ZynqMP DMA driver Probe success
[    3.630395] xilinx-zynqmp-dma ffa90000.dma: ZynqMP DMA driver Probe success
[    3.637474] xilinx-zynqmp-dma ffaa0000.dma: ZynqMP DMA driver Probe success
[    3.644555] xilinx-zynqmp-dma ffab0000.dma: ZynqMP DMA driver Probe success
[    3.651641] xilinx-zynqmp-dma ffac0000.dma: ZynqMP DMA driver Probe success
[    3.658720] xilinx-zynqmp-dma ffad0000.dma: ZynqMP DMA driver Probe success
[    3.665808] xilinx-zynqmp-dma ffae0000.dma: ZynqMP DMA driver Probe success
[    3.672894] xilinx-zynqmp-dma ffaf0000.dma: ZynqMP DMA driver Probe success
[    3.680090] zynqmp-qspi ff0f0000.spi: rx bus width not found
[    3.685748] zynqmp-qspi ff0f0000.spi: tx bus width not found
[    3.691554] spi_master spi0: cannot find modalias for /amba/spi@ff0f0000/flash@0
[    3.698942] spi_master spi0: Failed to create SPI device for /amba/spi@ff0f0000/flash@0
[    3.707173] xilinx-axipmon ffa00000.perf-monitor: Probed Xilinx APM
[    3.713661] xilinx-axipmon fd0b0000.perf-monitor: Probed Xilinx APM
[    3.720108] xilinx-axipmon fd490000.perf-monitor: Probed Xilinx APM
[    3.726564] xilinx-axipmon ffa10000.perf-monitor: Probed Xilinx APM
[    3.733026] dwc3-of-simple ff9d0000.usb0: dwc3_simple_set_phydata: Can't find usb3-phy
[    3.741294] dwc3 fe200000.dwc3: Failed to get clk 'ref': -2
[    3.746999] zynqmp_pll_disable() clock disable failed for dpll_int, ret = -13
[    3.754431] dwc3-of-simple ff9e0000.usb1: dwc3_simple_set_phydata: Can't find usb3-phy
[    3.762638] dwc3 fe300000.dwc3: Failed to get clk 'ref': -2
[    3.768949] cdns-i2c ff020000.i2c: 400 kHz mmio ff020000 irq 30
[    3.773574] xhci-hcd xhci-hcd.0.auto: xHCI Host Controller
[    3.775217] cpufreq: cpufreq_online: CPU0: Running at unlisted freq: 1333333 KHz
[    3.780346] xhci-hcd xhci-hcd.0.auto: new USB bus registered, assigned bus number 1
[    3.787735] cpu cpu0: dev_pm_opp_set_rate: failed to find current OPP for freq 1333333320 (-34)
[    3.795457] xhci-hcd xhci-hcd.0.auto: hcc params 0x0238f625 hci version 0x100 quirks 0x0000000202010010
[    3.804101] cpufreq: cpufreq_online: CPU0: Unlisted initial frequency changed to: 1199999 KHz
[    3.813453] xhci-hcd xhci-hcd.0.auto: irq 44, io mem 0xfe300000
[    3.821968] cpu cpu0: dev_pm_opp_set_rate: failed to find current OPP for freq 1333333320 (-34)
[    3.828275] xhci-hcd xhci-hcd.1.auto: xHCI Host Controller
[    3.842087] usb usb1: New USB device found, idVendor=1d6b, idProduct=0002, bcdDevice= 5.04
[    3.850347] usb usb1: New USB device strings: Mfr=3, Product=2, SerialNumber=1
[    3.857558] usb usb1: Product: xHCI Host Controller
[    3.862428] usb usb1: Manufacturer: Linux 5.4.0-xilinx-v2020.1 xhci-hcd
[    3.868394] mmc0: SDHCI controller on ff160000.mmc [ff160000.mmc] using ADMA 64-bit
[    3.869035] usb usb1: SerialNumber: xhci-hcd.0.auto
[    3.881887] hub 1-0:1.0: USB hub found
[    3.885700] hub 1-0:1.0: 1 port detected
[    3.889785] xhci-hcd xhci-hcd.0.auto: xHCI Host Controller
[    3.895276] xhci-hcd xhci-hcd.0.auto: new USB bus registered, assigned bus number 2
[    3.902927] xhci-hcd xhci-hcd.0.auto: Host supports USB 3.0 SuperSpeed
[    3.908184] mmc1: SDHCI controller on ff170000.mmc [ff170000.mmc] using ADMA 64-bit
[    3.909557] usb usb2: We don't know the algorithms for LPM for this host, disabling LPM.
[    3.925169] rtc_zynqmp ffa60000.rtc: setting system clock to 1970-01-01T00:00:08 UTC (8)
[    3.925173] of_cfs_init
[    3.933371] usb usb2: New USB device found, idVendor=1d6b, idProduct=0003, bcdDevice= 5.04
[    3.935704] of_cfs_init: OK
[    3.943942] usb usb2: New USB device strings: Mfr=3, Product=2, SerialNumber=1
[    3.943946] usb usb2: Product: xHCI Host Controller
[    3.946838] cfg80211: Loading compiled-in X.509 certificates for regulatory database
[    3.953934] usb usb2: Manufacturer: Linux 5.4.0-xilinx-v2020.1 xhci-hcd
[    3.973143] usb usb2: SerialNumber: xhci-hcd.0.auto
[    3.978319] hub 2-0:1.0: USB hub found
[    3.982174] hub 2-0:1.0: 1 port detected
[    3.986344] xhci-hcd xhci-hcd.1.auto: new USB bus registered, assigned bus number 3
[    3.994102] xhci-hcd xhci-hcd.1.auto: hcc params 0x0238f625 hci version 0x100 quirks 0x0000000202010010
[    4.003519] xhci-hcd xhci-hcd.1.auto: irq 41, io mem 0xfe200000
[    4.009715] usb usb3: New USB device found, idVendor=1d6b, idProduct=0002, bcdDevice= 5.04
[    4.017985] usb usb3: New USB device strings: Mfr=3, Product=2, SerialNumber=1
[    4.025205] usb usb3: Product: xHCI Host Controller
[    4.030075] usb usb3: Manufacturer: Linux 5.4.0-xilinx-v2020.1 xhci-hcd
[    4.036680] usb usb3: SerialNumber: xhci-hcd.1.auto
[    4.041829] hub 3-0:1.0: USB hub found
[    4.045686] hub 3-0:1.0: 1 port detected
[    4.049855] xhci-hcd xhci-hcd.1.auto: xHCI Host Controller
[    4.055358] xhci-hcd xhci-hcd.1.auto: new USB bus registered, assigned bus number 4
[    4.063016] xhci-hcd xhci-hcd.1.auto: Host supports USB 3.0 SuperSpeed
[    4.069591] usb usb4: We don't know the algorithms for LPM for this host, disabling LPM.
[    4.077743] usb usb4: New USB device found, idVendor=1d6b, idProduct=0003, bcdDevice= 5.04
[    4.082830] cfg80211: Loaded X.509 cert 'sforshee: 00b28ddf47aef9cea7'
[    4.086010] usb usb4: New USB device strings: Mfr=3, Product=2, SerialNumber=1
[    4.092525] clk: Not disabling unused clocks
[    4.099732] usb usb4: Product: xHCI Host Controller
[    4.103993] ALSA device list:
[    4.108862] usb usb4: Manufacturer: Linux 5.4.0-xilinx-v2020.1 xhci-hcd
[    4.111811]   No soundcards found.
[    4.111944] platform regulatory.0: Direct firmware load for regulatory.db failed with error -2
[    4.118419] usb usb4: SerialNumber: xhci-hcd.1.auto
[    4.118761] hub 4-0:1.0: USB hub found
[    4.121813] cfg80211: failed to load regulatory.db
[    4.143818] hub 4-0:1.0: 1 port detected
[    4.148002] Waiting for root device /dev/mmcblk1p2...
[    4.161903] mmc1: new high speed SDHC card at address 5048
[    4.167746] mmcblk1: mmc1:5048 SD16G 14.4 GiB 
[    4.173554]  mmcblk1: p1 p2
[    4.189985] mmc0: new HS200 MMC card at address 0001
[    4.195264] mmcblk0: mmc0:0001 W52516 14.3 GiB 
[    4.199969] mmcblk0boot0: mmc0:0001 W52516 partition 1 4.00 MiB
[    4.206047] mmcblk0boot1: mmc0:0001 W52516 partition 2 4.00 MiB
[    4.210530] EXT4-fs (mmcblk1p2): mounted filesystem with ordered data mode. Opts: (null)
[    4.212035] mmcblk0rpmb: mmc0:0001 W52516 partition 3 4.00 MiB, chardev (245:0)
[    4.220073] VFS: Mounted root (ext4 filesystem) on device 179:2.
[    4.233471]  mmcblk0: p1
[    4.242265] devtmpfs: mounted
[    4.245390] Freeing unused kernel memory: 704K
[    4.249855] usb 1-1: new high-speed USB device number 2 using xhci-hcd
[    4.259374] Run /sbin/init as init process
[    4.403506] usb 1-1: New USB device found, idVendor=0424, idProduct=2514, bcdDevice= b.b3
[    4.411687] usb 1-1: New USB device strings: Mfr=0, Product=0, SerialNumber=0
[    4.429950] random: fast init done
[    4.453583] hub 1-1:1.0: USB hub found
[    4.457491] hub 1-1:1.0: 4 ports detected
[    4.689239] random: systemd: uninitialized urandom read (16 bytes read)
[    4.702829] random: systemd: uninitialized urandom read (16 bytes read)
[    4.724857] systemd[1]: systemd 219 running in system mode. (+PAM +AUDIT +SELINUX +IMA -APPARMOR +SMACK +SYSVINIT +UTMP +LIBCRYPTSETUP +GCRYPT +GNUTLS +ACL +XZ -LZ4 -SECCOMP +BLKID +ELFUTILS +KMOD +IDN)
[    4.743163] systemd[1]: Detected architecture arm64.

Welcome to [0;31mCentOS Linux 7 (AltArch)[0m!

[    4.759395] systemd[1]: No hostname configured.
[    4.763929] systemd[1]: Set hostname to <localhost>.
[    4.782916] random: systemd: uninitialized urandom read (16 bytes read)
[[32m  OK  [0m] Reached target Swap.
[    5.291455] systemd[1]: Reached target Swap.
[    5.295754] systemd[1]: Starting Swap.
[[32m  OK  [0m] Created slice Root Slice.
[    5.311389] systemd[1]: Created slice Root Slice.
[    5.316107] systemd[1]: Starting Root Slice.
[[32m  OK  [0m] Created slice User and Session Slice.
[    5.331383] systemd[1]: Created slice User and Session Slice.
[    5.337155] systemd[1]: Starting User and Session Slice.
[[32m  OK  [0m] Listening on udev Kernel Socket.
[[32m  OK  [0m] Listening on /dev/initctl Compatibility Named Pipe.
[[32m  OK  [0m] Listening on udev Control Socket.
[[32m  OK  [0m] Listening on LVM2 poll daemon socket.
[[32m  OK  [0m] Listening on Journal Socket.
[[32m  OK  [0m] Created slice System Slice.
[[32m  OK  [0m] Created slice system-selinux\x2dpol...grate\x2dlocal\x2dchanges.slice.
         Mounting POSIX Message Queue File System...
         Mounting Debug File System...
         Starting Collect Read-Ahead Data...
         Mounting Huge Pages File System...
[[32m  OK  [0m] Created slice system-serial\x2dgetty.slice.
[    5.500810] systemd-readahead[159]: Failed to create fanotify object: Function not implemented
[[32m  OK  [0m] Listening on LVM2 metadata daemon socket.
[[32m  OK  [0m] Reached target Slices.
[[32m  OK  [0m] Listening on Device-mapper event daemon FIFOs.
         Starting Monitoring of LVM2 mirrors... dmeventd or progress polling...
[[32m  OK  [0m] Listening on Delayed Shutdown Socket.
         Starting Journal Service...
[[32m  OK  [0m] Created slice system-getty.slice.
[[32m  OK  [0m] Mounted POSIX Message Queue File System.
[[32m  OK  [0m] Mounted Huge Pages File System.
[[32m  OK  [0m] Mounted Debug File System.
[[32m  OK  [0m] Started Collect Read-Ahead Data.
         Starting Load/Save Random Seed...
         Starting Configure read-only root support...
         Starting Create Static Device Nodes in /dev...
         Starting Setup Virtual Console...
         Starting udev Coldplug all Devices...
         Mounting Configuration File System...
         Starting Apply Kernel Variables...
[[32m  OK  [0m] Mounted Configuration File System.
[[32m  OK  [0m] Started Journal Service.
[[32m  OK  [0m] Started Load/Save Random Seed.
[[32m  OK  [0m] Started Create Static Device Nodes in /dev.
[[32m  OK  [0m] Started Apply Kernel Variables.
[[32m  OK  [0m] Started Configure read-only root support.
[[32m  OK  [0m] Started LVM2 metadata daemon.
         Starting LVM2 metadata daemon...
         Starting udev Kernel Device Manager...
         Starting Flush Journal to Persistent Storage...
[[32m  OK  [0m] Started udev Coldplug all Devices.
         Starting udev Wait for Complete Device Initialization...
[[32m  OK  [0m] Started Setup Virtual Console.
[    6.052491] systemd-journald[166]: Received request to flush runtime journal from PID 1
[[32m  OK  [0m] Started Flush Journal to Persistent Storage.
[[32m  OK  [0m] Started udev Kernel Device Manager.
         Starting Show Plymouth Boot Screen...
[[32m  OK  [0m] Found device /dev/ttyPS0.
[[32m  OK  [0m] Started Show Plymouth Boot Screen.
%G[[32m  OK  [0m] Started Monitoring of LVM2 mirrors,...ng dmeventd or progress polling.
[[32m  OK  [0m] Reached target Local File Systems (Pre).
[[32m  OK  [0m] Started udev Wait for Complete Device Initialization.
         Starting Activation of DM RAID sets...
[[32m  OK  [0m] Started Activation of DM RAID sets.
[[32m  OK  [0m] Reached target Local File Systems.
         Starting Tell Plymouth To Write Out Runtime Data...
         Starting Create Volatile Files and Directories...
[[32m  OK  [0m] Reached target Encrypted Volumes.
[[32m  OK  [0m] Started Tell Plymouth To Write Out Runtime Data.
[[32m  OK  [0m] Started Create Volatile Files and Directories.
         Starting Security Auditing Service...
[[32m  OK  [0m] Started Security Auditing Service.
         Starting Update UTMP about System Boot/Shutdown...
[[32m  OK  [0m] Started Update UTMP about System Boot/Shutdown.
[[32m  OK  [0m] Reached target System Initialization.
[[32m  OK  [0m] Reached target Timers.
[[32m  OK  [0m] Reached target Paths.
[[32m  OK  [0m] Listening on Open-iSCSI iscsiuio Socket.
[[32m  OK  [0m] Listening on Open-iSCSI iscsid Socket.
[[32m  OK  [0m] Listening on PC/SC Smart Card Daemon Activation Socket.
[[32m  OK  [0m] Listening on D-Bus System Message Bus Socket.
[[32m  OK  [0m] Reached target Sockets.
[[32m  OK  [0m] Reached target Basic System.
         Starting Login Service...
         Starting NTP client/server...
         Starting System Logging Service...
         Starting Dump dmesg to /var/log/dmesg...
[[32m  OK  [0m] Started irqbalance daemon.
         Starting irqbalance daemon...
         Starting Authorization Manager...
[[32m  OK  [0m] Started D-Bus System Message Bus.
         Starting D-Bus System Message Bus...
[[32m  OK  [0m] Started System Logging Service.
[[32m  OK  [0m] Started Dump dmesg to /var/log/dmesg.
[[32m  OK  [0m] Started Login Service.
[[32m  OK  [0m] Started NTP client/server.
[[32m  OK  [0m] Started Authorization Manager.
         Starting firewalld - dynamic firewall daemon...
[[0m[31m*     [0m] A start job is running for firewall... firewall daemon (9s / 1min 33s)[K[[32m  OK  [0m] Started firewalld - dynamic firewall daemon.
[[32m  OK  [0m] Reached target Network (Pre).
         Starting Network Manager...
[[1;31m*[0m[31m*    [0m] A start job is running for Network Manager (14s / 1min 39s)[K[[31m*[1;31m*[0m[31m*   [0m] A start job is running for Network Manager (14s / 1min 39s)[K[ [31m*[1;31m*[0m[31m*  [0m] A start job is running for Network Manager (15s / 1min 39s)[K[  [31m*[1;31m*[0m[31m* [0m] A start job is running for Network Manager (15s / 1min 39s)[K[   [31m*[1;31m*[0m[31m*[0m] A start job is running for Network Manager (16s / 1min 39s)[K[    [31m*[1;31m*[0m] A start job is running for Network Manager (16s / 1min 39s)[K[     [31m*[0m] A start job is running for Network Manager (17s / 1min 39s)[K[    [31m*[1;31m*[0m] A start job is running for Network Manager (17s / 1min 39s)[K[   [31m*[1;31m*[0m[31m*[0m] A start job is running for Network Manager (18s / 1min 39s)[K[  [31m*[1;31m*[0m[31m* [0m] A start job is running for Network Manager (18s / 1min 39s)[K[ [31m*[1;31m*[0m[31m*  [0m] A start job is running for Network Manager (19s / 1min 39s)[K[[32m  OK  [0m] Started Network Manager.
         Starting Network Manager Wait Online...
         Starting Network Manager Script Dispatcher Service...
[[32m  OK  [0m] Started Network Manager Script Dispatcher Service.
         Starting Hostname Service...
[[32m  OK  [0m] Started Hostname Service.
[[32m  OK  [0m] Started Network Manager Wait Online.
         Starting LSB: Bring up/down networking...
[[1;31mFAILED[0m] Failed to start LSB: Bring up/down networking.
See 'systemctl status network.service' for details.
[[32m  OK  [0m] Reached target Network.
         Starting Logout off all iSCSI sessions on shutdown...
         Starting OpenSSH server daemon...
         Starting Postfix Mail Transport Agent...
         Starting Dynamic System Tuning Daemon...
[[32m  OK  [0m] Reached target Network is Online.
[[32m  OK  [0m] Started Logout off all iSCSI sessions on shutdown.
[[32m  OK  [0m] Reached target Remote File Systems (Pre).
[[32m  OK  [0m] Reached target Remote File Systems.
         Starting Crash recovery kernel arming...
         Starting Permit User Sessions...
         Starting Availability of block devices...
[[32m  OK  [0m] Started Availability of block devices.
[[32m  OK  [0m] Started Permit User Sessions.
[[32m  OK  [0m] Started Command Scheduler.
         Starting Command Scheduler...
         Starting Terminate Plymouth Boot Screen...
         Starting Wait for Plymouth Boot Screen to Quit...

CentOS Linux 7 (AltArch)
Kernel 5.4.0-xilinx-v2020.1 on an aarch64

localhost login: root
Password: 
Last login: Thu Jan  1 00:00:55 on ttyPS0
[root@localhost ~]# ls
anaconda-ks.cfg  apps
[root@localhost ~]# cd apps/
[root@localhost apps]# ls
blink  blink.c	count-up-LEDs.sh  devmem.c
[root@localhost apps]# ./blink -r
value = 0x7
[root@localhost apps]# ./blink -r[Kv 4 [K[K1 -w 
[root@localhost apps]# ./blink -v 1 -w r[K
value = 0x6
[root@localhost apps]# exit
logout

CentOS Linux 7 (AltArch)
Kernel 5.4.0-xilinx-v2020.1 on an aarch64

localhost login: 