Xilinx Zynq MP First Stage Boot Loader 
Release 2020.1   Nov  4 2021  -  05:28:53
NOTICE:  ATF running on XCZU5EV/silicon v4/RTL5.1 at 0xfffea000
NOTICE:  BL31: v2.2(release):xilinx_rebase_v2.2_2020.1
NOTICE:  BL31: Built : 09:34:51, Nov  3 2021


U-Boot 2020.01 (Nov 04 2021 - 05:29:35 +0000)

Board: Xilinx ZynqMP
DRAM:  4 GiB
usb dr_mode not found
usb dr_mode not found
PMUFW:	v1.1
EL Level:	EL2
Chip ID:	zu5ev
NAND:  0 MiB
MMC:   mmc@ff160000: 0, mmc@ff170000: 1
In:    serial@ff000000
Out:   serial@ff000000
Err:   serial@ff000000
Bootmode: SD_MODE1
Reset reason:	EXTERNAL 
Net:   No ethernet found.
Hit any key to stop autoboot:  2  1  0 
switch to partitions #0, OK
mmc1 is current device
Scanning mmc 1:1...
Found U-Boot script /boot.scr
2007 bytes read in 18 ms (108.4 KiB/s)
## Executing script at 20000000
8165148 bytes read in 608 ms (12.8 MiB/s)
## Loading kernel from FIT Image at 10000000 ...
   Using 'conf@system-top.dtb' configuration
   Trying 'kernel@1' kernel subimage
     Description:  Linux kernel
     Type:         Kernel Image
     Compression:  gzip compressed
     Data Start:   0x100000f8
     Data Size:    8124466 Bytes = 7.7 MiB
     Architecture: AArch64
     OS:           Linux
     Load Address: 0x00080000
     Entry Point:  0x00080000
     Hash algo:    sha256
     Hash value:   9c8a4ae72d4e4558348d2cce91ed0f79dadce1622338d3430ae1afb7bc9cb06b
   Verifying Hash Integrity ... sha256+ OK
## Loading fdt from FIT Image at 10000000 ...
   Using 'conf@system-top.dtb' configuration
   Trying 'fdt@system-top.dtb' fdt subimage
     Description:  Flattened Device Tree blob
     Type:         Flat Device Tree
     Compression:  uncompressed
     Data Start:   0x107bfa3c
     Data Size:    38773 Bytes = 37.9 KiB
     Architecture: AArch64
     Hash algo:    sha256
     Hash value:   d5bc02d2b2ca837d5b2b5ef3dffd34d8817253ba0b26054738bf619446bc7166
   Verifying Hash Integrity ... sha256+ OK
   Booting using the fdt blob at 0x107bfa3c
   Uncompressing Kernel Image
   Loading Device Tree to 000000000fff3000, end 000000000ffff774 ... OK

Starting kernel ...

[    0.000000] Booting Linux on physical CPU 0x0000000000 [0x410fd034]
[    0.000000] Linux version 5.4.0-xilinx-v2020.1 (oe-user@oe-host) (gcc version 9.2.0 (GCC)) #1 SMP Tue Nov 2 15:10:11 UTC 2021
[    0.000000] Machine model: xlnx,zynqmp
[    0.000000] efi: Getting EFI parameters from FDT:
[    0.000000] efi: UEFI not found.
[    0.000000] cma: Reserved 256 MiB at 0x000000006fc00000
[    0.000000] psci: probing for conduit method from DT.
[    0.000000] psci: PSCIv1.1 detected in firmware.
[    0.000000] psci: Using standard PSCI v0.2 function IDs
[    0.000000] psci: MIGRATE_INFO_TYPE not supported.
[    0.000000] psci: SMC Calling Convention v1.1
[    0.000000] percpu: Embedded 22 pages/cpu s49944 r8192 d31976 u90112
[    0.000000] Detected VIPT I-cache on CPU0
[    0.000000] CPU features: detected: ARM erratum 845719
[    0.000000] Speculative Store Bypass Disable mitigation not required
[    0.000000] Built 1 zonelists, mobility grouping on.  Total pages: 1031940
[    0.000000] Kernel command line: console=ttyPS0,115200 clk_ignore_unused root=/dev/mmcblk1p2 rootfstype=ext4 rw rootwait earlyprintk
[    0.000000] Dentry cache hash table entries: 524288 (order: 10, 4194304 bytes, linear)
[    0.000000] Inode-cache hash table entries: 262144 (order: 9, 2097152 bytes, linear)
[    0.000000] mem auto-init: stack:off, heap alloc:off, heap free:off
[    0.000000] software IO TLB: mapped [mem 0x6bc00000-0x6fc00000] (64MB)
[    0.000000] Memory: 3767708K/4193280K available (11644K kernel code, 672K rwdata, 3624K rodata, 704K init, 323K bss, 163428K reserved, 262144K cma-reserved)
[    0.000000] rcu: Hierarchical RCU implementation.
[    0.000000] rcu: 	RCU event tracing is enabled.
[    0.000000] rcu: 	RCU restricting CPUs from NR_CPUS=8 to nr_cpu_ids=4.
[    0.000000] rcu: RCU calculated value of scheduler-enlistment delay is 25 jiffies.
[    0.000000] rcu: Adjusting geometry for rcu_fanout_leaf=16, nr_cpu_ids=4
[    0.000000] NR_IRQS: 64, nr_irqs: 64, preallocated irqs: 0
[    0.000000] GIC: Adjusting CPU interface base to 0x00000000f902f000
[    0.000000] GIC: Using split EOI/Deactivate mode
[    0.000000] random: get_random_bytes called from start_kernel+0x2a8/0x42c with crng_init=0
[    0.000000] arch_timer: cp15 timer(s) running at 33.33MHz (phys).
[    0.000000] clocksource: arch_sys_counter: mask: 0xffffffffffffff max_cycles: 0x7b0074340, max_idle_ns: 440795202884 ns
[    0.000003] sched_clock: 56 bits at 33MHz, resolution 30ns, wraps every 2199023255543ns
[    0.000261] Console: colour dummy device 80x25
[    0.000281] Calibrating delay loop (skipped), value calculated using timer frequency.. 66.66 BogoMIPS (lpj=133332)
[    0.000288] pid_max: default: 32768 minimum: 301
[    0.000420] Mount-cache hash table entries: 8192 (order: 4, 65536 bytes, linear)
[    0.000433] Mountpoint-cache hash table entries: 8192 (order: 4, 65536 bytes, linear)
[    0.001303] ASID allocator initialised with 32768 entries
[    0.001352] rcu: Hierarchical SRCU implementation.
[    0.001513] EFI services will not be available.
[    0.001626] smp: Bringing up secondary CPUs ...
[    0.001927] Detected VIPT I-cache on CPU1
[    0.001955] CPU1: Booted secondary processor 0x0000000001 [0x410fd034]
[    0.002273] Detected VIPT I-cache on CPU2
[    0.002290] CPU2: Booted secondary processor 0x0000000002 [0x410fd034]
[    0.002586] Detected VIPT I-cache on CPU3
[    0.002604] CPU3: Booted secondary processor 0x0000000003 [0x410fd034]
[    0.002647] smp: Brought up 1 node, 4 CPUs
[    0.002658] SMP: Total of 4 processors activated.
[    0.002662] CPU features: detected: 32-bit EL0 Support
[    0.002667] CPU features: detected: CRC32 instructions
[    0.002695] CPU: All CPU(s) started at EL2
[    0.002708] alternatives: patching kernel code
[    0.003713] devtmpfs: initialized
[    0.007492] clocksource: jiffies: mask: 0xffffffff max_cycles: 0xffffffff, max_idle_ns: 7645041785100000 ns
[    0.007503] futex hash table entries: 1024 (order: 4, 65536 bytes, linear)
[    0.013018] xor: measuring software checksum speed
[    0.052039]    8regs     :  2639.000 MB/sec
[    0.092063]    32regs    :  3027.000 MB/sec
[    0.132091]    arm64_neon:  2628.000 MB/sec
[    0.132094] xor: using function: 32regs (3027.000 MB/sec)
[    0.132104] pinctrl core: initialized pinctrl subsystem
[    0.132669] NET: Registered protocol family 16
[    0.133573] DMA: preallocated 256 KiB pool for atomic allocations
[    0.133595] audit: initializing netlink subsys (disabled)
[    0.133709] audit: type=2000 audit(0.132:1): state=initialized audit_enabled=0 res=1
[    0.134005] cpuidle: using governor menu
[    0.134167] hw-breakpoint: found 6 breakpoint and 4 watchpoint registers.
[    0.144409] HugeTLB registered 1.00 GiB page size, pre-allocated 0 pages
[    0.144416] HugeTLB registered 32.0 MiB page size, pre-allocated 0 pages
[    0.144420] HugeTLB registered 2.00 MiB page size, pre-allocated 0 pages
[    0.144424] HugeTLB registered 64.0 KiB page size, pre-allocated 0 pages
[    1.110580] DRBG: Continuing without Jitter RNG
[    1.184738] raid6: neonx8   gen()  1715 MB/s
[    1.252762] raid6: neonx8   xor()  1624 MB/s
[    1.320820] raid6: neonx4   gen()  1642 MB/s
[    1.388839] raid6: neonx4   xor()  1577 MB/s
[    1.456908] raid6: neonx2   gen()  1250 MB/s
[    1.524907] raid6: neonx2   xor()  1303 MB/s
[    1.592997] raid6: neonx1   gen()   810 MB/s
[    1.660978] raid6: neonx1   xor()   978 MB/s
[    1.729045] raid6: int64x8  gen()  1291 MB/s
[    1.797085] raid6: int64x8  xor()   844 MB/s
[    1.865134] raid6: int64x4  gen()  1085 MB/s
[    1.933140] raid6: int64x4  xor()   814 MB/s
[    2.001187] raid6: int64x2  gen()   752 MB/s
[    2.069263] raid6: int64x2  xor()   657 MB/s
[    2.137346] raid6: int64x1  gen()   500 MB/s
[    2.205330] raid6: int64x1  xor()   500 MB/s
[    2.205333] raid6: using algorithm neonx8 gen() 1715 MB/s
[    2.205336] raid6: .... xor() 1624 MB/s, rmw enabled
[    2.205340] raid6: using neon recovery algorithm
[    2.205630] iommu: Default domain type: Translated 
[    2.205818] SCSI subsystem initialized
[    2.205950] usbcore: registered new interface driver usbfs
[    2.205974] usbcore: registered new interface driver hub
[    2.205998] usbcore: registered new device driver usb
[    2.206040] mc: Linux media interface: v0.10
[    2.206057] videodev: Linux video capture interface: v2.00
[    2.206073] pps_core: LinuxPPS API ver. 1 registered
[    2.206077] pps_core: Software ver. 5.3.6 - Copyright 2005-2007 Rodolfo Giometti <giometti@linux.it>
[    2.206088] PTP clock support registered
[    2.206104] EDAC MC: Ver: 3.0.0
[    2.206457] zynqmp-ipi-mbox mailbox@ff990400: Registered ZynqMP IPI mbox with TX/RX channels.
[    2.206602] FPGA manager framework
[    2.206713] Advanced Linux Sound Architecture Driver Initialized.
[    2.206954] Bluetooth: Core ver 2.22
[    2.206977] NET: Registered protocol family 31
[    2.206980] Bluetooth: HCI device and connection manager initialized
[    2.206987] Bluetooth: HCI socket layer initialized
[    2.206992] Bluetooth: L2CAP socket layer initialized
[    2.207002] Bluetooth: SCO socket layer initialized
[    2.207318] clocksource: Switched to clocksource arch_sys_counter
[    2.207402] VFS: Disk quotas dquot_6.6.0
[    2.207441] VFS: Dquot-cache hash table entries: 512 (order 0, 4096 bytes)
[    2.211045] NET: Registered protocol family 2
[    2.211381] tcp_listen_portaddr_hash hash table entries: 2048 (order: 3, 32768 bytes, linear)
[    2.211422] TCP established hash table entries: 32768 (order: 6, 262144 bytes, linear)
[    2.211608] TCP bind hash table entries: 32768 (order: 7, 524288 bytes, linear)
[    2.211959] TCP: Hash tables configured (established 32768 bind 32768)
[    2.212023] UDP hash table entries: 2048 (order: 4, 65536 bytes, linear)
[    2.212089] UDP-Lite hash table entries: 2048 (order: 4, 65536 bytes, linear)
[    2.212234] NET: Registered protocol family 1
[    2.212476] RPC: Registered named UNIX socket transport module.
[    2.212480] RPC: Registered udp transport module.
[    2.212483] RPC: Registered tcp transport module.
[    2.212486] RPC: Registered tcp NFSv4.1 backchannel transport module.
[    2.212712] PCI: CLS 0 bytes, default 64
[    2.213122] hw perfevents: no interrupt-affinity property for /pmu, guessing.
[    2.213259] hw perfevents: enabled with armv8_pmuv3 PMU driver, 7 counters available
[    2.213915] Initialise system trusted keyrings
[    2.213992] workingset: timestamp_bits=46 max_order=20 bucket_order=0
[    2.214670] NFS: Registering the id_resolver key type
[    2.214681] Key type id_resolver registered
[    2.214684] Key type id_legacy registered
[    2.214693] nfs4filelayout_init: NFSv4 File Layout Driver Registering...
[    2.214708] jffs2: version 2.2. (NAND) Â© 2001-2006 Red Hat, Inc.
[    2.226561] NET: Registered protocol family 38
[    2.226567] Key type asymmetric registered
[    2.226571] Asymmetric key parser 'x509' registered
[    2.226590] Block layer SCSI generic (bsg) driver version 0.4 loaded (major 247)
[    2.226595] io scheduler mq-deadline registered
[    2.226599] io scheduler kyber registered
[    2.249669] Serial: 8250/16550 driver, 4 ports, IRQ sharing disabled
[    2.252124] cacheinfo: Unable to detect cache hierarchy for CPU 0
[    2.255933] brd: module loaded
[    2.259941] loop: module loaded
[    2.260499] mtdoops: mtd device (mtddev=name/number) must be supplied
[    2.261439] libphy: Fixed MDIO Bus: probed
[    2.262298] tun: Universal TUN/TAP device driver, 1.6
[    2.262383] CAN device driver interface
[    2.262936] usbcore: registered new interface driver asix
[    2.262974] usbcore: registered new interface driver ax88179_178a
[    2.262993] usbcore: registered new interface driver cdc_ether
[    2.263015] usbcore: registered new interface driver net1080
[    2.263034] usbcore: registered new interface driver cdc_subset
[    2.263053] usbcore: registered new interface driver zaurus
[    2.263083] usbcore: registered new interface driver cdc_ncm
[    2.263705] usbcore: registered new interface driver uas
[    2.263732] usbcore: registered new interface driver usb-storage
[    2.264216] rtc_zynqmp ffa60000.rtc: registered as rtc0
[    2.264256] i2c /dev entries driver
[    2.265413] usbcore: registered new interface driver uvcvideo
[    2.265416] USB Video Class driver (1.1.1)
[    2.265694] Bluetooth: HCI UART driver ver 2.3
[    2.265699] Bluetooth: HCI UART protocol H4 registered
[    2.265702] Bluetooth: HCI UART protocol BCSP registered
[    2.265721] Bluetooth: HCI UART protocol LL registered
[    2.265724] Bluetooth: HCI UART protocol ATH3K registered
[    2.265738] Bluetooth: HCI UART protocol Three-wire (H5) registered
[    2.265768] Bluetooth: HCI UART protocol Intel registered
[    2.265782] Bluetooth: HCI UART protocol QCA registered
[    2.265806] usbcore: registered new interface driver bcm203x
[    2.265831] usbcore: registered new interface driver bpa10x
[    2.265854] usbcore: registered new interface driver bfusb
[    2.265878] usbcore: registered new interface driver btusb
[    2.265914] usbcore: registered new interface driver ath3k
[    2.266058] EDAC MC0: 13 UE BankGroup Number 0 Block Number 0 on mc#0csrow#0channel#0 (csrow:0 channel:0 page:0x0 offset:0x0 grain:1)
[    2.266122] EDAC MC0: Giving out device to module 1 controller synps_ddr_controller: DEV synps_edac (INTERRUPT)
[    2.266255] EDAC DEVICE0: Giving out device to module zynqmp-ocm-edac controller zynqmp_ocm: DEV ff960000.memory-controller (INTERRUPT)
[    2.266574] sdhci: Secure Digital Host Controller Interface driver
[    2.266577] sdhci: Copyright(c) Pierre Ossman
[    2.266580] sdhci-pltfm: SDHCI platform and OF driver helper
[    2.266858] ledtrig-cpu: registered to indicate activity on CPUs
[    2.266898] zynqmp_firmware_probe Platform Management API v1.1
[    2.266902] zynqmp_firmware_probe Trustzone version v1.0
[    2.289018] alg: No test for xilinx-zynqmp-aes (zynqmp-aes)
[    2.289164] zynqmp_aes zynqmp_aes: AES Successfully Registered
[    2.289164] 
[    2.289290] alg: No test for xilinx-keccak-384 (zynqmp-keccak-384)
[    2.289482] alg: No test for xilinx-zynqmp-rsa (zynqmp-rsa)
[    2.289703] usbcore: registered new interface driver usbhid
[    2.289707] usbhid: USB HID core driver
[    2.291764] fpga_manager fpga0: Xilinx ZynqMP FPGA Manager registered
[    2.292016] usbcore: registered new interface driver snd-usb-audio
[    2.292670] pktgen: Packet Generator for packet performance testing. Version: 2.75
[    2.293170] Initializing XFRM netlink socket
[    2.293252] NET: Registered protocol family 10
[    2.293615] Segment Routing with IPv6
[    2.293712] sit: IPv6, IPv4 and MPLS over IPv4 tunneling driver
[    2.294010] NET: Registered protocol family 17
[    2.294023] NET: Registered protocol family 15
[    2.294041] bridge: filtering via arp/ip/ip6tables is no longer available by default. Update your scripts to load br_netfilter if you need this.
[    2.294045] can: controller area network core (rev 20170425 abi 9)
[    2.294070] NET: Registered protocol family 29
[    2.294075] can: raw protocol (rev 20170425)
[    2.294079] can: broadcast manager protocol (rev 20170425 t)
[    2.294085] can: netlink gateway (rev 20190810) max_hops=1
[    2.294146] Bluetooth: RFCOMM TTY layer initialized
[    2.294153] Bluetooth: RFCOMM socket layer initialized
[    2.294165] Bluetooth: RFCOMM ver 1.11
[    2.294173] Bluetooth: BNEP (Ethernet Emulation) ver 1.3
[    2.294176] Bluetooth: BNEP filters: protocol multicast
[    2.294181] Bluetooth: BNEP socket layer initialized
[    2.294185] Bluetooth: HIDP (Human Interface Emulation) ver 1.2
[    2.294190] Bluetooth: HIDP socket layer initialized
[    2.294291] 9pnet: Installing 9P2000 support
[    2.294309] Key type dns_resolver registered
[    2.294585] registered taskstats version 1
[    2.294589] Loading compiled-in X.509 certificates
[    2.294946] Btrfs loaded, crc32c=crc32c-generic
[    2.302744] ff000000.serial: ttyPS0 at MMIO 0xff000000 (irq = 39, base_baud = 6249999) is a xuartps
[    3.546894] printk: console [ttyPS0] enabled
[    3.551469] of-fpga-region fpga-full: FPGA Region probed
[    3.557279] GPIO IRQ not connected
[    3.560677] XGpio: gpio@80010000: registered, base is 509
[    3.566647] xilinx-zynqmp-dma fd500000.dma: ZynqMP DMA driver Probe success
[    3.573733] xilinx-zynqmp-dma fd510000.dma: ZynqMP DMA driver Probe success
[    3.580820] xilinx-zynqmp-dma fd520000.dma: ZynqMP DMA driver Probe success
[    3.587904] xilinx-zynqmp-dma fd530000.dma: ZynqMP DMA driver Probe success
[    3.594992] xilinx-zynqmp-dma fd540000.dma: ZynqMP DMA driver Probe success
[    3.602070] xilinx-zynqmp-dma fd550000.dma: ZynqMP DMA driver Probe success
[    3.609156] xilinx-zynqmp-dma fd560000.dma: ZynqMP DMA driver Probe success
[    3.616237] xilinx-zynqmp-dma fd570000.dma: ZynqMP DMA driver Probe success
[    3.623403] xilinx-zynqmp-dma ffa80000.dma: ZynqMP DMA driver Probe success
[    3.630492] xilinx-zynqmp-dma ffa90000.dma: ZynqMP DMA driver Probe success
[    3.637572] xilinx-zynqmp-dma ffaa0000.dma: ZynqMP DMA driver Probe success
[    3.644656] xilinx-zynqmp-dma ffab0000.dma: ZynqMP DMA driver Probe success
[    3.651742] xilinx-zynqmp-dma ffac0000.dma: ZynqMP DMA driver Probe success
[    3.658827] xilinx-zynqmp-dma ffad0000.dma: ZynqMP DMA driver Probe success
[    3.665911] xilinx-zynqmp-dma ffae0000.dma: ZynqMP DMA driver Probe success
[    3.672999] xilinx-zynqmp-dma ffaf0000.dma: ZynqMP DMA driver Probe success
[    3.680192] zynqmp-qspi ff0f0000.spi: rx bus width not found
[    3.685846] zynqmp-qspi ff0f0000.spi: tx bus width not found
[    3.691651] spi_master spi0: cannot find modalias for /amba/spi@ff0f0000/flash@0
[    3.699041] spi_master spi0: Failed to create SPI device for /amba/spi@ff0f0000/flash@0
[    3.707270] xilinx-axipmon ffa00000.perf-monitor: Probed Xilinx APM
[    3.713759] xilinx-axipmon fd0b0000.perf-monitor: Probed Xilinx APM
[    3.720217] xilinx-axipmon fd490000.perf-monitor: Probed Xilinx APM
[    3.726673] xilinx-axipmon ffa10000.perf-monitor: Probed Xilinx APM
[    3.733133] dwc3-of-simple ff9d0000.usb0: dwc3_simple_set_phydata: Can't find usb3-phy
[    3.741401] dwc3 fe200000.dwc3: Failed to get clk 'ref': -2
[    3.747106] zynqmp_pll_disable() clock disable failed for dpll_int, ret = -13
[    3.754539] dwc3-of-simple ff9e0000.usb1: dwc3_simple_set_phydata: Can't find usb3-phy
[    3.762746] dwc3 fe300000.dwc3: Failed to get clk 'ref': -2
[    3.769073] cdns-i2c ff020000.i2c: 400 kHz mmio ff020000 irq 30
[    3.773683] xhci-hcd xhci-hcd.0.auto: xHCI Host Controller
[    3.775350] cpufreq: cpufreq_online: CPU0: Running at unlisted freq: 1333333 KHz
[    3.780473] xhci-hcd xhci-hcd.0.auto: new USB bus registered, assigned bus number 1
[    3.787854] cpu cpu0: dev_pm_opp_set_rate: failed to find current OPP for freq 1333333320 (-34)
[    3.795583] xhci-hcd xhci-hcd.0.auto: hcc params 0x0238f625 hci version 0x100 quirks 0x0000000202010010
[    3.804225] cpufreq: cpufreq_online: CPU0: Unlisted initial frequency changed to: 1199999 KHz
[    3.813578] xhci-hcd xhci-hcd.0.auto: irq 44, io mem 0xfe300000
[    3.822103] cpu cpu0: dev_pm_opp_set_rate: failed to find current OPP for freq 1333333320 (-34)
[    3.828415] xhci-hcd xhci-hcd.1.auto: xHCI Host Controller
[    3.842243] usb usb1: New USB device found, idVendor=1d6b, idProduct=0002, bcdDevice= 5.04
[    3.850498] usb usb1: New USB device strings: Mfr=3, Product=2, SerialNumber=1
[    3.857711] usb usb1: Product: xHCI Host Controller
[    3.862579] usb usb1: Manufacturer: Linux 5.4.0-xilinx-v2020.1 xhci-hcd
[    3.868553] mmc0: SDHCI controller on ff160000.mmc [ff160000.mmc] using ADMA 64-bit
[    3.869183] usb usb1: SerialNumber: xhci-hcd.0.auto
[    3.882041] hub 1-0:1.0: USB hub found
[    3.885851] hub 1-0:1.0: 1 port detected
[    3.889936] xhci-hcd xhci-hcd.0.auto: xHCI Host Controller
[    3.895428] xhci-hcd xhci-hcd.0.auto: new USB bus registered, assigned bus number 2
[    3.903088] xhci-hcd xhci-hcd.0.auto: Host supports USB 3.0 SuperSpeed
[    3.907876] mmc1: SDHCI controller on ff170000.mmc [ff170000.mmc] using ADMA 64-bit
[    3.909716] usb usb2: We don't know the algorithms for LPM for this host, disabling LPM.
[    3.925329] rtc_zynqmp ffa60000.rtc: setting system clock to 1970-01-01T00:00:08 UTC (8)
[    3.925334] of_cfs_init
[    3.933537] usb usb2: New USB device found, idVendor=1d6b, idProduct=0003, bcdDevice= 5.04
[    3.935868] of_cfs_init: OK
[    3.944101] usb usb2: New USB device strings: Mfr=3, Product=2, SerialNumber=1
[    3.944105] usb usb2: Product: xHCI Host Controller
[    3.946992] cfg80211: Loading compiled-in X.509 certificates for regulatory database
[    3.954093] usb usb2: Manufacturer: Linux 5.4.0-xilinx-v2020.1 xhci-hcd
[    3.973303] usb usb2: SerialNumber: xhci-hcd.0.auto
[    3.978526] hub 2-0:1.0: USB hub found
[    3.982387] hub 2-0:1.0: 1 port detected
[    3.986559] xhci-hcd xhci-hcd.1.auto: new USB bus registered, assigned bus number 3
[    3.994314] xhci-hcd xhci-hcd.1.auto: hcc params 0x0238f625 hci version 0x100 quirks 0x0000000202010010
[    4.003736] xhci-hcd xhci-hcd.1.auto: irq 41, io mem 0xfe200000
[    4.009932] usb usb3: New USB device found, idVendor=1d6b, idProduct=0002, bcdDevice= 5.04
[    4.018196] usb usb3: New USB device strings: Mfr=3, Product=2, SerialNumber=1
[    4.025416] usb usb3: Product: xHCI Host Controller
[    4.030287] usb usb3: Manufacturer: Linux 5.4.0-xilinx-v2020.1 xhci-hcd
[    4.036891] usb usb3: SerialNumber: xhci-hcd.1.auto
[    4.042075] hub 3-0:1.0: USB hub found
[    4.045933] hub 3-0:1.0: 1 port detected
[    4.050102] xhci-hcd xhci-hcd.1.auto: xHCI Host Controller
[    4.055599] xhci-hcd xhci-hcd.1.auto: new USB bus registered, assigned bus number 4
[    4.063253] xhci-hcd xhci-hcd.1.auto: Host supports USB 3.0 SuperSpeed
[    4.069827] usb usb4: We don't know the algorithms for LPM for this host, disabling LPM.
[    4.077972] usb usb4: New USB device found, idVendor=1d6b, idProduct=0003, bcdDevice= 5.04
[    4.083003] cfg80211: Loaded X.509 cert 'sforshee: 00b28ddf47aef9cea7'
[    4.086239] usb usb4: New USB device strings: Mfr=3, Product=2, SerialNumber=1
[    4.092751] clk: Not disabling unused clocks
[    4.099961] usb usb4: Product: xHCI Host Controller
[    4.104222] ALSA device list:
[    4.109091] usb usb4: Manufacturer: Linux 5.4.0-xilinx-v2020.1 xhci-hcd
[    4.112042]   No soundcards found.
[    4.118648] usb usb4: SerialNumber: xhci-hcd.1.auto
[    4.122162] platform regulatory.0: Direct firmware load for regulatory.db failed with error -2
[    4.127267] hub 4-0:1.0: USB hub found
[    4.135497] cfg80211: failed to load regulatory.db
[    4.144042] hub 4-0:1.0: 1 port detected
[    4.148212] Waiting for root device /dev/mmcblk1p2...
[    4.163250] mmc1: new high speed SDHC card at address 5048
[    4.169079] mmcblk1: mmc1:5048 SD16G 14.4 GiB 
[    4.174886]  mmcblk1: p1 p2
[    4.191366] mmc0: new HS200 MMC card at address 0001
[    4.196643] mmcblk0: mmc0:0001 W52516 14.3 GiB 
[    4.201338] mmcblk0boot0: mmc0:0001 W52516 partition 1 4.00 MiB
[    4.207424] mmcblk0boot1: mmc0:0001 W52516 partition 2 4.00 MiB
[    4.210349] EXT4-fs (mmcblk1p2): mounted filesystem with ordered data mode. Opts: (null)
[    4.213410] mmcblk0rpmb: mmc0:0001 W52516 partition 3 4.00 MiB, chardev (245:0)
[    4.221442] VFS: Mounted root (ext4 filesystem) on device 179:2.
[    4.234851]  mmcblk0: p1
[    4.243648] devtmpfs: mounted
[    4.246757] Freeing unused kernel memory: 704K
[    4.251338] usb 1-1: new high-speed USB device number 2 using xhci-hcd
[    4.257893] Run /sbin/init as init process
[    4.403451] usb 1-1: New USB device found, idVendor=0424, idProduct=2514, bcdDevice= b.b3
[    4.411632] usb 1-1: New USB device strings: Mfr=0, Product=0, SerialNumber=0
[    4.429891] random: fast init done
[    4.453740] hub 1-1:1.0: USB hub found
[    4.457525] hub 1-1:1.0: 4 ports detected
[    4.687376] random: systemd: uninitialized urandom read (16 bytes read)
[    4.700970] random: systemd: uninitialized urandom read (16 bytes read)
[    4.728542] systemd[1]: systemd 219 running in system mode. (+PAM +AUDIT +SELINUX +IMA -APPARMOR +SMACK +SYSVINIT +UTMP +LIBCRYPTSETUP +GCRYPT +GNUTLS +ACL +XZ -LZ4 -SECCOMP +BLKID +ELFUTILS +KMOD +IDN)
[    4.746831] systemd[1]: Detected architecture arm64.

Welcome to [0;31mCentOS Linux 7 (AltArch)[0m!

[    4.763377] systemd[1]: No hostname configured.
[    4.767916] systemd[1]: Set hostname to <localhost>.
[    4.786865] random: systemd: uninitialized urandom read (16 bytes read)
[[32m  OK  [0m] Reached target Swap.
[    5.287421] systemd[1]: Reached target Swap.
[    5.291724] systemd[1]: Starting Swap.
[[32m  OK  [0m] Created slice Root Slice.
[    5.307365] systemd[1]: Created slice Root Slice.
[    5.312096] systemd[1]: Starting Root Slice.
[[32m  OK  [0m] Listening on Journal Socket.
[    5.327359] systemd[1]: Listening on Journal Socket.
[    5.332357] systemd[1]: Starting Journal Socket.
[[32m  OK  [0m] Listening on LVM2 metadata daemon socket.
[[32m  OK  [0m] Created slice System Slice.
         Starting Collect Read-Ahead Data...
[    5.371655] systemd-readahead[156]: Failed to create fanotify object: Function not implemented
[[32m  OK  [0m] Created slice system-getty.slice.
         Starting Journal Service...
         Mounting POSIX Message Queue File System...
[[32m  OK  [0m] Created slice system-serial\x2dgetty.slice.
[[32m  OK  [0m] Listening on udev Kernel Socket.
[[32m  OK  [0m] Listening on Device-mapper event daemon FIFOs.
         Starting Monitoring of LVM2 mirrors... dmeventd or progress polling...
[[32m  OK  [0m] Listening on LVM2 poll daemon socket.
[[32m  OK  [0m] Listening on udev Control Socket.
[[32m  OK  [0m] Listening on /dev/initctl Compatibility Named Pipe.
[[32m  OK  [0m] Listening on Delayed Shutdown Socket.
[[32m  OK  [0m] Created slice User and Session Slice.
[[32m  OK  [0m] Reached target Slices.
[[32m  OK  [0m] Created slice system-selinux\x2dpol...grate\x2dlocal\x2dchanges.slice.
         Mounting Debug File System...
         Mounting Huge Pages File System...
[[32m  OK  [0m] Mounted POSIX Message Queue File System.
[[32m  OK  [0m] Mounted Huge Pages File System.
[[32m  OK  [0m] Mounted Debug File System.
[[32m  OK  [0m] Started Journal Service.
[[32m  OK  [0m] Started Collect Read-Ahead Data.
[[32m  OK  [0m] Started LVM2 metadata daemon.
         Starting LVM2 metadata daemon...
         Starting Configure read-only root support...
         Mounting Configuration File System...
         Starting Apply Kernel Variables...
         Starting Create Static Device Nodes in /dev...
         Starting Load/Save Random Seed...
         Starting Setup Virtual Console...
         Starting udev Coldplug all Devices...
         Starting Flush Journal to Persistent Storage...
[[32m  OK  [0m] Mounted Configuration File System.
[[32m  OK  [0m] Started Configure read-only root support.
[[32m  OK  [0m] Started Apply Kernel Variables.
[[32m  OK  [0m] Started Load/Save Random Seed.
[[32m  OK  [0m] Started Create Static Device Nodes in /dev.
         Starting udev Kernel Device Manager...
[    5.908710] systemd-journald[159]: Received request to flush runtime journal from PID 1
[[32m  OK  [0m] Started udev Coldplug all Devices.
         Starting udev Wait for Complete Device Initialization...
[[32m  OK  [0m] Started Flush Journal to Persistent Storage.
[[32m  OK  [0m] Started udev Kernel Device Manager.
[[32m  OK  [0m] Started Setup Virtual Console.
         Starting Show Plymouth Boot Screen...
[[32m  OK  [0m] Found device /dev/ttyPS0.
[[32m  OK  [0m] Started Show Plymouth Boot Screen.
%G[[32m  OK  [0m] Started udev Wait for Complete Device Initialization.
[[32m  OK  [0m] Started Monitoring of LVM2 mirrors,...ng dmeventd or progress polling.
[[32m  OK  [0m] Reached target Local File Systems (Pre).
         Starting Activation of DM RAID sets...
[[32m  OK  [0m] Started Activation of DM RAID sets.
[[32m  OK  [0m] Reached target Local File Systems.
         Starting Tell Plymouth To Write Out Runtime Data...
         Starting Create Volatile Files and Directories...
[[32m  OK  [0m] Reached target Encrypted Volumes.
[[32m  OK  [0m] Started Create Volatile Files and Directories.
         Starting Security Auditing Service...
[[32m  OK  [0m] Started Tell Plymouth To Write Out Runtime Data.
[[32m  OK  [0m] Started Security Auditing Service.
         Starting Update UTMP about System Boot/Shutdown...
[[32m  OK  [0m] Started Update UTMP about System Boot/Shutdown.
[[32m  OK  [0m] Reached target System Initialization.
[[32m  OK  [0m] Reached target Paths.
[[32m  OK  [0m] Listening on D-Bus System Message Bus Socket.
[[32m  OK  [0m] Listening on Open-iSCSI iscsiuio Socket.
[[32m  OK  [0m] Listening on PC/SC Smart Card Daemon Activation Socket.
[[32m  OK  [0m] Reached target Timers.
[[32m  OK  [0m] Listening on Open-iSCSI iscsid Socket.
[[32m  OK  [0m] Reached target Sockets.
[[32m  OK  [0m] Reached target Basic System.
         Starting Login Service...
[[32m  OK  [0m] Started irqbalance daemon.
         Starting irqbalance daemon...
         Starting Authorization Manager...
         Starting System Logging Service...
         Starting Dump dmesg to /var/log/dmesg...
         Starting NTP client/server...
[[32m  OK  [0m] Started D-Bus System Message Bus.
         Starting D-Bus System Message Bus...
[[32m  OK  [0m] Started System Logging Service.
[[32m  OK  [0m] Started Dump dmesg to /var/log/dmesg.
[[32m  OK  [0m] Started Login Service.
[[32m  OK  [0m] Started NTP client/server.
[[32m  OK  [0m] Started Authorization Manager.
         Starting firewalld - dynamic firewall daemon...
[[0m[31m*     [0m] A start job is running for firewall... firewall daemon (8s / 1min 33s)[K[[32m  OK  [0m] Started firewalld - dynamic firewall daemon.
[[32m  OK  [0m] Reached target Network (Pre).
         Starting Network Manager...
[[32m  OK  [0m] Started Network Manager.
         Starting Network Manager Wait Online...
         Starting Network Manager Script Dispatcher Service...
[[32m  OK  [0m] Started Network Manager Script Dispatcher Service.
         Starting Hostname Service...
[[32m  OK  [0m] Started Hostname Service.
[[32m  OK  [0m] Started Network Manager Wait Online.
         Starting LSB: Bring up/down networking...
[[1;31mFAILED[0m] Failed to start LSB: Bring up/down networking.
See 'systemctl status network.service' for details.
[[32m  OK  [0m] Reached target Network.
         Starting Logout off all iSCSI sessions on shutdown...
         Starting OpenSSH server daemon...
[[32m  OK  [0m] Reached target Network is Online.
         Starting Dynamic System Tuning Daemon...
         Starting Postfix Mail Transport Agent...
[[32m  OK  [0m] Started Logout off all iSCSI sessions on shutdown.
[[32m  OK  [0m] Reached target Remote File Systems (Pre).
[[32m  OK  [0m] Reached target Remote File Systems.
         Starting Crash recovery kernel arming...
         Starting Permit User Sessions...
         Starting Availability of block devices...
[[32m  OK  [0m] Started Availability of block devices.
[[32m  OK  [0m] Started Permit User Sessions.
         Starting Wait for Plymouth Boot Screen to Quit...
         Starting Terminate Plymouth Boot Screen...
[[32m  OK  [0m] Started Command Scheduler.
         Starting Command Scheduler...

CentOS Linux 7 (AltArch)
Kernel 5.4.0-xilinx-v2020.1 on an aarch64

localhost login: 