Xilinx Zynq MP First Stage Boot Loader
Release 2020.1   Nov  3 2021  -  09:36:48
NOTICE:  ATF running on XCZU5EV/silicon v4/RTL5.1 at 0xfffea000
NOTICE:  BL31: v2.2(release):xilinx_rebase_v2.2_2020.1
NOTICE:  BL31: Built : 09:34:51, Nov  3 2021


U-Boot 2020.01 (Nov 03 2021 - 09:35:27 +0000)

Board: Xilinx ZynqMP
DRAM:  4 GiB
usb dr_mode not found
usb dr_mode not found
PMUFW:	v1.1
EL Level:	EL2
Chip ID:	zu5ev
NAND:  0 MiB
MMC:   mmc@ff160000: 0, mmc@ff170000: 1
In:    serial@ff000000
Out:   serial@ff000000
Err:   serial@ff000000
Bootmode: SD_MODE1
Reset reason:	EXTERNAL
Net:   No ethernet found.
Hit any key to stop autoboot:  0
switch to partitions #0, OK
mmc1 is current device
Scanning mmc 1:1...
Found U-Boot script /boot.scr
2007 bytes read in 18 ms (108.4 KiB/s)
## Executing script at 20000000
8165148 bytes read in 612 ms (12.7 MiB/s)
## Loading kernel from FIT Image at 10000000 ...
   Using 'conf@system-top.dtb' configuration
   Trying 'kernel@1' kernel subimage
     Description:  Linux kernel
     Type:         Kernel Image
     Compression:  gzip compressed
     Data Start:   0x100000f8
     Data Size:    8124466 Bytes = 7.7 MiB
     Architecture: AArch64
     OS:           Linux
     Load Address: 0x00080000
     Entry Point:  0x00080000
     Hash algo:    sha256
     Hash value:   61e38551bb0dbd089d56073f526514da435221c4a1b95b176570b9c9e01d1702
   Verifying Hash Integrity ... sha256+ OK
## Loading fdt from FIT Image at 10000000 ...
   Using 'conf@system-top.dtb' configuration
   Trying 'fdt@system-top.dtb' fdt subimage
     Description:  Flattened Device Tree blob
     Type:         Flat Device Tree
     Compression:  uncompressed
     Data Start:   0x107bfa3c
     Data Size:    38773 Bytes = 37.9 KiB
     Architecture: AArch64
     Hash algo:    sha256
     Hash value:   d5bc02d2b2ca837d5b2b5ef3dffd34d8817253ba0b26054738bf619446bc7166
   Verifying Hash Integrity ... sha256+ OK
   Booting using the fdt blob at 0x107bfa3c
   Uncompressing Kernel Image
   Loading Device Tree to 000000000fff3000, end 000000000ffff774 ... OK

Starting kernel ...

[    0.000000] Booting Linux on physical CPU 0x0000000000 [0x410fd034]
[    0.000000] Linux version 5.4.0-xilinx-v2020.1 (oe-user@oe-host) (gcc version 9.2.0 (GCC)) #1 SMP Tue Nov 2 15:10:11 UTC 2021
[    0.000000] Machine model: xlnx,zynqmp
[    0.000000] efi: Getting EFI parameters from FDT:
[    0.000000] efi: UEFI not found.
[    0.000000] cma: Reserved 256 MiB at 0x000000006fc00000
[    0.000000] psci: probing for conduit method from DT.
[    0.000000] psci: PSCIv1.1 detected in firmware.
[    0.000000] psci: Using standard PSCI v0.2 function IDs
[    0.000000] psci: MIGRATE_INFO_TYPE not supported.
[    0.000000] psci: SMC Calling Convention v1.1
[    0.000000] percpu: Embedded 22 pages/cpu s49944 r8192 d31976 u90112
[    0.000000] Detected VIPT I-cache on CPU0
[    0.000000] CPU features: detected: ARM erratum 845719
[    0.000000] Speculative Store Bypass Disable mitigation not required
[    0.000000] Built 1 zonelists, mobility grouping on.  Total pages: 1031940
[    0.000000] Kernel command line: console=ttyPS0,115200 clk_ignore_unused root=/dev/mmcblk1p2 rootfstype=ext4 rw rootwait earlyprintk
[    0.000000] Dentry cache hash table entries: 524288 (order: 10, 4194304 bytes, linear)
[    0.000000] Inode-cache hash table entries: 262144 (order: 9, 2097152 bytes, linear)
[    0.000000] mem auto-init: stack:off, heap alloc:off, heap free:off
[    0.000000] software IO TLB: mapped [mem 0x6bc00000-0x6fc00000] (64MB)
[    0.000000] Memory: 3767708K/4193280K available (11644K kernel code, 672K rwdata, 3624K rodata, 704K init, 323K bss, 163428K reserved, 262144K cma-reserved)
[    0.000000] rcu: Hierarchical RCU implementation.
[    0.000000] rcu: 	RCU event tracing is enabled.
[    0.000000] rcu: 	RCU restricting CPUs from NR_CPUS=8 to nr_cpu_ids=4.
[    0.000000] rcu: RCU calculated value of scheduler-enlistment delay is 25 jiffies.
[    0.000000] rcu: Adjusting geometry for rcu_fanout_leaf=16, nr_cpu_ids=4
[    0.000000] NR_IRQS: 64, nr_irqs: 64, preallocated irqs: 0
[    0.000000] GIC: Adjusting CPU interface base to 0x00000000f902f000
[    0.000000] GIC: Using split EOI/Deactivate mode
[    0.000000] random: get_random_bytes called from start_kernel+0x2a8/0x42c with crng_init=0
[    0.000000] arch_timer: cp15 timer(s) running at 33.33MHz (phys).
[    0.000000] clocksource: arch_sys_counter: mask: 0xffffffffffffff max_cycles: 0x7b0074340, max_idle_ns: 440795202884 ns
[    0.000003] sched_clock: 56 bits at 33MHz, resolution 30ns, wraps every 2199023255543ns
[    0.000264] Console: colour dummy device 80x25
[    0.000284] Calibrating delay loop (skipped), value calculated using timer frequency.. 66.66 BogoMIPS (lpj=133332)
[    0.000291] pid_max: default: 32768 minimum: 301
[    0.000424] Mount-cache hash table entries: 8192 (order: 4, 65536 bytes, linear)
[    0.000437] Mountpoint-cache hash table entries: 8192 (order: 4, 65536 bytes, linear)
[    0.001310] ASID allocator initialised with 32768 entries
[    0.001360] rcu: Hierarchical SRCU implementation.
[    0.001521] EFI services will not be available.
[    0.001636] smp: Bringing up secondary CPUs ...
[    0.001935] Detected VIPT I-cache on CPU1
[    0.001964] CPU1: Booted secondary processor 0x0000000001 [0x410fd034]
[    0.002284] Detected VIPT I-cache on CPU2
[    0.002302] CPU2: Booted secondary processor 0x0000000002 [0x410fd034]
[    0.002598] Detected VIPT I-cache on CPU3
[    0.002616] CPU3: Booted secondary processor 0x0000000003 [0x410fd034]
[    0.002658] smp: Brought up 1 node, 4 CPUs
[    0.002668] SMP: Total of 4 processors activated.
[    0.002673] CPU features: detected: 32-bit EL0 Support
[    0.002677] CPU features: detected: CRC32 instructions
[    0.002706] CPU: All CPU(s) started at EL2
[    0.002719] alternatives: patching kernel code
[    0.003748] devtmpfs: initialized
[    0.007525] clocksource: jiffies: mask: 0xffffffff max_cycles: 0xffffffff, max_idle_ns: 7645041785100000 ns
[    0.007536] futex hash table entries: 1024 (order: 4, 65536 bytes, linear)
[    0.013082] xor: measuring software checksum speed
[    0.052040]    8regs     :  2639.000 MB/sec
[    0.092063]    32regs    :  3027.000 MB/sec
[    0.132091]    arm64_neon:  2628.000 MB/sec
[    0.132095] xor: using function: 32regs (3027.000 MB/sec)
[    0.132105] pinctrl core: initialized pinctrl subsystem
[    0.132671] NET: Registered protocol family 16
