Xilinx Zynq MP First Stage Boot Loader 
Release 2020.1   Nov  4 2021  -  05:28:53
NOTICE:  ATF running on XCZU5EV/silicon v4/RTL5.1 at 0xfffea000
NOTICE:  BL31: v2.2(release):xilinx_rebase_v2.2_2020.1
NOTICE:  BL31: Built : 09:34:51, Nov  3 2021


U-Boot 2020.01 (Nov 04 2021 - 05:29:35 +0000)

Board: Xilinx ZynqMP
DRAM:  4 GiB
usb dr_mode not found
usb dr_mode not found
PMUFW:	v1.1
EL Level:	EL2
Chip ID:	zu5ev
NAND:  0 MiB
MMC:   mmc@ff160000: 0, mmc@ff170000: 1
In:    serial@ff000000
Out:   serial@ff000000
Err:   serial@ff000000
Bootmode: SD_MODE1
Reset reason:	EXTERNAL 
Net:   No ethernet found.
Hit any key to stop autoboot:  2  1  0 
switch to partitions #0, OK
mmc1 is current device
Scanning mmc 1:1...
Found U-Boot script /boot.scr
2007 bytes read in 18 ms (108.4 KiB/s)
## Executing script at 20000000
8165148 bytes read in 609 ms (12.8 MiB/s)
## Loading kernel from FIT Image at 10000000 ...
   Using 'conf@system-top.dtb' configuration
   Trying 'kernel@1' kernel subimage
     Description:  Linux kernel
     Type:         Kernel Image
     Compression:  gzip compressed
     Data Start:   0x100000f8
     Data Size:    8124466 Bytes = 7.7 MiB
     Architecture: AArch64
     OS:           Linux
     Load Address: 0x00080000
     Entry Point:  0x00080000
     Hash algo:    sha256
     Hash value:   9c8a4ae72d4e4558348d2cce91ed0f79dadce1622338d3430ae1afb7bc9cb06b
   Verifying Hash Integrity ... sha256+ OK
## Loading fdt from FIT Image at 10000000 ...
   Using 'conf@system-top.dtb' configuration
   Trying 'fdt@system-top.dtb' fdt subimage
     Description:  Flattened Device Tree blob
     Type:         Flat Device Tree
     Compression:  uncompressed
     Data Start:   0x107bfa3c
     Data Size:    38773 Bytes = 37.9 KiB
     Architecture: AArch64
     Hash algo:    sha256
     Hash value:   d5bc02d2b2ca837d5b2b5ef3dffd34d8817253ba0b26054738bf619446bc7166
   Verifying Hash Integrity ... sha256+ OK
   Booting using the fdt blob at 0x107bfa3c
   Uncompressing Kernel Image
   Loading Device Tree to 000000000fff3000, end 000000000ffff774 ... OK

Starting kernel ...

[    0.000000] Booting Linux on physical CPU 0x0000000000 [0x410fd034]
[    0.000000] Linux version 5.4.0-xilinx-v2020.1 (oe-user@oe-host) (gcc version 9.2.0 (GCC)) #1 SMP Tue Nov 2 15:10:11 UTC 2021
[    0.000000] Machine model: xlnx,zynqmp
[    0.000000] efi: Getting EFI parameters from FDT:
[    0.000000] efi: UEFI not found.
[    0.000000] cma: Reserved 256 MiB at 0x000000006fc00000
[    0.000000] psci: probing for conduit method from DT.
[    0.000000] psci: PSCIv1.1 detected in firmware.
[    0.000000] psci: Using standard PSCI v0.2 function IDs
[    0.000000] psci: MIGRATE_INFO_TYPE not supported.
[    0.000000] psci: SMC Calling Convention v1.1
[    0.000000] percpu: Embedded 22 pages/cpu s49944 r8192 d31976 u90112
[    0.000000] Detected VIPT I-cache on CPU0
[    0.000000] CPU features: detected: ARM erratum 845719
[    0.000000] Speculative Store Bypass Disable mitigation not required
[    0.000000] Built 1 zonelists, mobility grouping on.  Total pages: 1031940
[    0.000000] Kernel command line: console=ttyPS0,115200 clk_ignore_unused root=/dev/mmcblk1p2 rootfstype=ext4 rw rootwait earlyprintk
[    0.000000] Dentry cache hash table entries: 524288 (order: 10, 4194304 bytes, linear)
[    0.000000] Inode-cache hash table entries: 262144 (order: 9, 2097152 bytes, linear)
[    0.000000] mem auto-init: stack:off, heap alloc:off, heap free:off
[    0.000000] software IO TLB: mapped [mem 0x6bc00000-0x6fc00000] (64MB)
[    0.000000] Memory: 3767708K/4193280K available (11644K kernel code, 672K rwdata, 3624K rodata, 704K init, 323K bss, 163428K reserved, 262144K cma-reserved)
[    0.000000] rcu: Hierarchical RCU implementation.
[    0.000000] rcu: 	RCU event tracing is enabled.
[    0.000000] rcu: 	RCU restricting CPUs from NR_CPUS=8 to nr_cpu_ids=4.
[    0.000000] rcu: RCU calculated value of scheduler-enlistment delay is 25 jiffies.
[    0.000000] rcu: Adjusting geometry for rcu_fanout_leaf=16, nr_cpu_ids=4
[    0.000000] NR_IRQS: 64, nr_irqs: 64, preallocated irqs: 0
[    0.000000] GIC: Adjusting CPU interface base to 0x00000000f902f000
[    0.000000] GIC: Using split EOI/Deactivate mode
[    0.000000] random: get_random_bytes called from start_kernel+0x2a8/0x42c with crng_init=0
[    0.000000] arch_timer: cp15 timer(s) running at 33.33MHz (phys).
[    0.000000] clocksource: arch_sys_counter: mask: 0xffffffffffffff max_cycles: 0x7b0074340, max_idle_ns: 440795202884 ns
[    0.000003] sched_clock: 56 bits at 33MHz, resolution 30ns, wraps every 2199023255543ns
[    0.000262] Console: colour dummy device 80x25
[    0.000282] Calibrating delay loop (skipped), value calculated using timer frequency.. 66.66 BogoMIPS (lpj=133332)
[    0.000289] pid_max: default: 32768 minimum: 301
[    0.000422] Mount-cache hash table entries: 8192 (order: 4, 65536 bytes, linear)
[    0.000436] Mountpoint-cache hash table entries: 8192 (order: 4, 65536 bytes, linear)
[    0.001310] ASID allocator initialised with 32768 entries
[    0.001360] rcu: Hierarchical SRCU implementation.
[    0.001520] EFI services will not be available.
[    0.001637] smp: Bringing up secondary CPUs ...
[    0.001938] Detected VIPT I-cache on CPU1
[    0.001966] CPU1: Booted secondary processor 0x0000000001 [0x410fd034]
[    0.002284] Detected VIPT I-cache on CPU2
[    0.002302] CPU2: Booted secondary processor 0x0000000002 [0x410fd034]
[    0.002597] Detected VIPT I-cache on CPU3
[    0.002615] CPU3: Booted secondary processor 0x0000000003 [0x410fd034]
[    0.002658] smp: Brought up 1 node, 4 CPUs
[    0.002669] SMP: Total of 4 processors activated.
[    0.002673] CPU features: detected: 32-bit EL0 Support
[    0.002678] CPU features: detected: CRC32 instructions
[    0.002706] CPU: All CPU(s) started at EL2
[    0.002719] alternatives: patching kernel code
[    0.003720] devtmpfs: initialized
[    0.007495] clocksource: jiffies: mask: 0xffffffff max_cycles: 0xffffffff, max_idle_ns: 7645041785100000 ns
[    0.007506] futex hash table entries: 1024 (order: 4, 65536 bytes, linear)
[    0.013023] xor: measuring software checksum speed
[    0.052039]    8regs     :  2639.000 MB/sec
[    0.092062]    32regs    :  3027.000 MB/sec
[    0.132089]    arm64_neon:  2628.000 MB/sec
[    0.132093] xor: using function: 32regs (3027.000 MB/sec)
[    0.132103] pinctrl core: initialized pinctrl subsystem
[    0.132670] NET: Registered protocol family 16
[    0.133573] DMA: preallocated 256 KiB pool for atomic allocations
[    0.133595] audit: initializing netlink subsys (disabled)
[    0.133712] audit: type=2000 audit(0.132:1): state=initialized audit_enabled=0 res=1
[    0.134006] cpuidle: using governor menu
[    0.134168] hw-breakpoint: found 6 breakpoint and 4 watchpoint registers.
[    0.144383] HugeTLB registered 1.00 GiB page size, pre-allocated 0 pages
[    0.144389] HugeTLB registered 32.0 MiB page size, pre-allocated 0 pages
[    0.144394] HugeTLB registered 2.00 MiB page size, pre-allocated 0 pages
[    0.144398] HugeTLB registered 64.0 KiB page size, pre-allocated 0 pages
[    1.110555] DRBG: Continuing without Jitter RNG
[    1.184732] raid6: neonx8   gen()  1716 MB/s
[    1.252757] raid6: neonx8   xor()  1623 MB/s
[    1.320827] raid6: neonx4   gen()  1648 MB/s
[    1.388839] raid6: neonx4   xor()  1577 MB/s
[    1.456876] raid6: neonx2   gen()  1249 MB/s
[    1.524906] raid6: neonx2   xor()  1303 MB/s
[    1.593001] raid6: neonx1   gen()   810 MB/s
[    1.661005] raid6: neonx1   xor()   979 MB/s
[    1.729034] raid6: int64x8  gen()  1291 MB/s
[    1.797084] raid6: int64x8  xor()   844 MB/s
[    1.865135] raid6: int64x4  gen()  1085 MB/s
[    1.933164] raid6: int64x4  xor()   815 MB/s
[    2.001227] raid6: int64x2  gen()   753 MB/s
[    2.069235] raid6: int64x2  xor()   657 MB/s
[    2.137365] raid6: int64x1  gen()   500 MB/s
[    2.205340] raid6: int64x1  xor()   500 MB/s
[    2.205344] raid6: using algorithm neonx8 gen() 1716 MB/s
[    2.205347] raid6: .... xor() 1623 MB/s, rmw enabled
[    2.205350] raid6: using neon recovery algorithm
[    2.205639] iommu: Default domain type: Translated 
[    2.205827] SCSI subsystem initialized
[    2.205957] usbcore: registered new interface driver usbfs
[    2.205982] usbcore: registered new interface driver hub
[    2.206006] usbcore: registered new device driver usb
[    2.206047] mc: Linux media interface: v0.10
[    2.206065] videodev: Linux video capture interface: v2.00
[    2.206081] pps_core: LinuxPPS API ver. 1 registered
[    2.206084] pps_core: Software ver. 5.3.6 - Copyright 2005-2007 Rodolfo Giometti <giometti@linux.it>
[    2.206096] PTP clock support registered
[    2.206112] EDAC MC: Ver: 3.0.0
[    2.206463] zynqmp-ipi-mbox mailbox@ff990400: Registered ZynqMP IPI mbox with TX/RX channels.
[    2.206609] FPGA manager framework
[    2.206720] Advanced Linux Sound Architecture Driver Initialized.
[    2.206961] Bluetooth: Core ver 2.22
[    2.206983] NET: Registered protocol family 31
[    2.206987] Bluetooth: HCI device and connection manager initialized
[    2.206993] Bluetooth: HCI socket layer initialized
[    2.206999] Bluetooth: L2CAP socket layer initialized
[    2.207010] Bluetooth: SCO socket layer initialized
[    2.207332] clocksource: Switched to clocksource arch_sys_counter
[    2.207418] VFS: Disk quotas dquot_6.6.0
[    2.207457] VFS: Dquot-cache hash table entries: 512 (order 0, 4096 bytes)
[    2.211058] NET: Registered protocol family 2
[    2.211395] tcp_listen_portaddr_hash hash table entries: 2048 (order: 3, 32768 bytes, linear)
[    2.211436] TCP established hash table entries: 32768 (order: 6, 262144 bytes, linear)
[    2.211621] TCP bind hash table entries: 32768 (order: 7, 524288 bytes, linear)
[    2.211971] TCP: Hash tables configured (established 32768 bind 32768)
[    2.212033] UDP hash table entries: 2048 (order: 4, 65536 bytes, linear)
[    2.212099] UDP-Lite hash table entries: 2048 (order: 4, 65536 bytes, linear)
[    2.212244] NET: Registered protocol family 1
[    2.212483] RPC: Registered named UNIX socket transport module.
[    2.212487] RPC: Registered udp transport module.
[    2.212490] RPC: Registered tcp transport module.
[    2.212493] RPC: Registered tcp NFSv4.1 backchannel transport module.
[    2.212718] PCI: CLS 0 bytes, default 64
[    2.213129] hw perfevents: no interrupt-affinity property for /pmu, guessing.
[    2.213267] hw perfevents: enabled with armv8_pmuv3 PMU driver, 7 counters available
[    2.213924] Initialise system trusted keyrings
[    2.214002] workingset: timestamp_bits=46 max_order=20 bucket_order=0
[    2.214679] NFS: Registering the id_resolver key type
[    2.214689] Key type id_resolver registered
[    2.214692] Key type id_legacy registered
[    2.214702] nfs4filelayout_init: NFSv4 File Layout Driver Registering...
[    2.214717] jffs2: version 2.2. (NAND) Â© 2001-2006 Red Hat, Inc.
[    2.226824] NET: Registered protocol family 38
[    2.226830] Key type asymmetric registered
[    2.226834] Asymmetric key parser 'x509' registered
[    2.226853] Block layer SCSI generic (bsg) driver version 0.4 loaded (major 247)
[    2.226858] io scheduler mq-deadline registered
[    2.226862] io scheduler kyber registered
[    2.249917] Serial: 8250/16550 driver, 4 ports, IRQ sharing disabled
[    2.252364] cacheinfo: Unable to detect cache hierarchy for CPU 0
[    2.256162] brd: module loaded
[    2.260168] loop: module loaded
[    2.260727] mtdoops: mtd device (mtddev=name/number) must be supplied
[    2.261670] libphy: Fixed MDIO Bus: probed
[    2.262526] tun: Universal TUN/TAP device driver, 1.6
[    2.262610] CAN device driver interface
[    2.263165] usbcore: registered new interface driver asix
[    2.263204] usbcore: registered new interface driver ax88179_178a
[    2.263224] usbcore: registered new interface driver cdc_ether
[    2.263245] usbcore: registered new interface driver net1080
[    2.263264] usbcore: registered new interface driver cdc_subset
[    2.263283] usbcore: registered new interface driver zaurus
[    2.263312] usbcore: registered new interface driver cdc_ncm
[    2.263925] usbcore: registered new interface driver uas
[    2.263952] usbcore: registered new interface driver usb-storage
[    2.264438] rtc_zynqmp ffa60000.rtc: registered as rtc0
[    2.264478] i2c /dev entries driver
[    2.265638] usbcore: registered new interface driver uvcvideo
[    2.265641] USB Video Class driver (1.1.1)
[    2.265917] Bluetooth: HCI UART driver ver 2.3
[    2.265922] Bluetooth: HCI UART protocol H4 registered
[    2.265926] Bluetooth: HCI UART protocol BCSP registered
[    2.265945] Bluetooth: HCI UART protocol LL registered
[    2.265948] Bluetooth: HCI UART protocol ATH3K registered
[    2.265962] Bluetooth: HCI UART protocol Three-wire (H5) registered
[    2.265993] Bluetooth: HCI UART protocol Intel registered
[    2.266007] Bluetooth: HCI UART protocol QCA registered
[    2.266031] usbcore: registered new interface driver bcm203x
[    2.266057] usbcore: registered new interface driver bpa10x
[    2.266079] usbcore: registered new interface driver bfusb
[    2.266103] usbcore: registered new interface driver btusb
[    2.266139] usbcore: registered new interface driver ath3k
[    2.266284] EDAC MC0: 13 UE BankGroup Number 0 Block Number 0 on mc#0csrow#0channel#0 (csrow:0 channel:0 page:0x0 offset:0x0 grain:1)
[    2.266348] EDAC MC0: Giving out device to module 1 controller synps_ddr_controller: DEV synps_edac (INTERRUPT)
[    2.266482] EDAC DEVICE0: Giving out device to module zynqmp-ocm-edac controller zynqmp_ocm: DEV ff960000.memory-controller (INTERRUPT)
[    2.266797] sdhci: Secure Digital Host Controller Interface driver
[    2.266800] sdhci: Copyright(c) Pierre Ossman
[    2.266803] sdhci-pltfm: SDHCI platform and OF driver helper
[    2.267084] ledtrig-cpu: registered to indicate activity on CPUs
[    2.267123] zynqmp_firmware_probe Platform Management API v1.1
[    2.267128] zynqmp_firmware_probe Trustzone version v1.0
[    2.289297] alg: No test for xilinx-zynqmp-aes (zynqmp-aes)
[    2.289444] zynqmp_aes zynqmp_aes: AES Successfully Registered
[    2.289444] 
[    2.289571] alg: No test for xilinx-keccak-384 (zynqmp-keccak-384)
[    2.289765] alg: No test for xilinx-zynqmp-rsa (zynqmp-rsa)
[    2.289985] usbcore: registered new interface driver usbhid
[    2.289989] usbhid: USB HID core driver
[    2.292047] fpga_manager fpga0: Xilinx ZynqMP FPGA Manager registered
[    2.292298] usbcore: registered new interface driver snd-usb-audio
[    2.292954] pktgen: Packet Generator for packet performance testing. Version: 2.75
[    2.293452] Initializing XFRM netlink socket
[    2.293534] NET: Registered protocol family 10
[    2.293899] Segment Routing with IPv6
[    2.293998] sit: IPv6, IPv4 and MPLS over IPv4 tunneling driver
[    2.294295] NET: Registered protocol family 17
[    2.294309] NET: Registered protocol family 15
[    2.294327] bridge: filtering via arp/ip/ip6tables is no longer available by default. Update your scripts to load br_netfilter if you need this.
[    2.294331] can: controller area network core (rev 20170425 abi 9)
[    2.294356] NET: Registered protocol family 29
[    2.294360] can: raw protocol (rev 20170425)
[    2.294365] can: broadcast manager protocol (rev 20170425 t)
[    2.294370] can: netlink gateway (rev 20190810) max_hops=1
[    2.294432] Bluetooth: RFCOMM TTY layer initialized
[    2.294439] Bluetooth: RFCOMM socket layer initialized
[    2.294451] Bluetooth: RFCOMM ver 1.11
[    2.294458] Bluetooth: BNEP (Ethernet Emulation) ver 1.3
[    2.294462] Bluetooth: BNEP filters: protocol multicast
[    2.294467] Bluetooth: BNEP socket layer initialized
[    2.294471] Bluetooth: HIDP (Human Interface Emulation) ver 1.2
[    2.294476] Bluetooth: HIDP socket layer initialized
[    2.294575] 9pnet: Installing 9P2000 support
[    2.294595] Key type dns_resolver registered
[    2.294871] registered taskstats version 1
[    2.294875] Loading compiled-in X.509 certificates
[    2.295234] Btrfs loaded, crc32c=crc32c-generic
[    2.303025] ff000000.serial: ttyPS0 at MMIO 0xff000000 (irq = 39, base_baud = 6249999) is a xuartps
[    3.547184] printk: console [ttyPS0] enabled
[    3.551755] of-fpga-region fpga-full: FPGA Region probed
[    3.557569] GPIO IRQ not connected
[    3.560967] XGpio: gpio@80010000: registered, base is 509
[    3.566934] xilinx-zynqmp-dma fd500000.dma: ZynqMP DMA driver Probe success
[    3.574022] xilinx-zynqmp-dma fd510000.dma: ZynqMP DMA driver Probe success
[    3.581110] xilinx-zynqmp-dma fd520000.dma: ZynqMP DMA driver Probe success
[    3.588194] xilinx-zynqmp-dma fd530000.dma: ZynqMP DMA driver Probe success
[    3.595283] xilinx-zynqmp-dma fd540000.dma: ZynqMP DMA driver Probe success
[    3.602368] xilinx-zynqmp-dma fd550000.dma: ZynqMP DMA driver Probe success
[    3.609455] xilinx-zynqmp-dma fd560000.dma: ZynqMP DMA driver Probe success
[    3.616537] xilinx-zynqmp-dma fd570000.dma: ZynqMP DMA driver Probe success
[    3.623694] xilinx-zynqmp-dma ffa80000.dma: ZynqMP DMA driver Probe success
[    3.630781] xilinx-zynqmp-dma ffa90000.dma: ZynqMP DMA driver Probe success
[    3.637862] xilinx-zynqmp-dma ffaa0000.dma: ZynqMP DMA driver Probe success
[    3.644946] xilinx-zynqmp-dma ffab0000.dma: ZynqMP DMA driver Probe success
[    3.652031] xilinx-zynqmp-dma ffac0000.dma: ZynqMP DMA driver Probe success
[    3.659117] xilinx-zynqmp-dma ffad0000.dma: ZynqMP DMA driver Probe success
[    3.666203] xilinx-zynqmp-dma ffae0000.dma: ZynqMP DMA driver Probe success
[    3.673291] xilinx-zynqmp-dma ffaf0000.dma: ZynqMP DMA driver Probe success
[    3.680490] zynqmp-qspi ff0f0000.spi: rx bus width not found
[    3.686145] zynqmp-qspi ff0f0000.spi: tx bus width not found
[    3.691951] spi_master spi0: cannot find modalias for /amba/spi@ff0f0000/flash@0
[    3.699339] spi_master spi0: Failed to create SPI device for /amba/spi@ff0f0000/flash@0
[    3.707560] xilinx-axipmon ffa00000.perf-monitor: Probed Xilinx APM
[    3.714048] xilinx-axipmon fd0b0000.perf-monitor: Probed Xilinx APM
[    3.720507] xilinx-axipmon fd490000.perf-monitor: Probed Xilinx APM
[    3.726955] xilinx-axipmon ffa10000.perf-monitor: Probed Xilinx APM
[    3.733417] dwc3-of-simple ff9d0000.usb0: dwc3_simple_set_phydata: Can't find usb3-phy
[    3.741683] dwc3 fe200000.dwc3: Failed to get clk 'ref': -2
[    3.747397] zynqmp_pll_disable() clock disable failed for dpll_int, ret = -13
[    3.754827] dwc3-of-simple ff9e0000.usb1: dwc3_simple_set_phydata: Can't find usb3-phy
[    3.763036] dwc3 fe300000.dwc3: Failed to get clk 'ref': -2
[    3.769363] cdns-i2c ff020000.i2c: 400 kHz mmio ff020000 irq 30
[    3.773972] xhci-hcd xhci-hcd.0.auto: xHCI Host Controller
[    3.775637] cpufreq: cpufreq_online: CPU0: Running at unlisted freq: 1333333 KHz
[    3.780762] xhci-hcd xhci-hcd.0.auto: new USB bus registered, assigned bus number 1
[    3.788145] cpu cpu0: dev_pm_opp_set_rate: failed to find current OPP for freq 1333333320 (-34)
[    3.795873] xhci-hcd xhci-hcd.0.auto: hcc params 0x0238f625 hci version 0x100 quirks 0x0000000202010010
[    3.804516] cpufreq: cpufreq_online: CPU0: Unlisted initial frequency changed to: 1199999 KHz
[    3.813869] xhci-hcd xhci-hcd.0.auto: irq 44, io mem 0xfe300000
[    3.822393] cpu cpu0: dev_pm_opp_set_rate: failed to find current OPP for freq 1333333320 (-34)
[    3.828702] xhci-hcd xhci-hcd.1.auto: xHCI Host Controller
[    3.842535] usb usb1: New USB device found, idVendor=1d6b, idProduct=0002, bcdDevice= 5.04
[    3.850796] usb usb1: New USB device strings: Mfr=3, Product=2, SerialNumber=1
[    3.858010] usb usb1: Product: xHCI Host Controller
[    3.862877] usb usb1: Manufacturer: Linux 5.4.0-xilinx-v2020.1 xhci-hcd
[    3.868844] mmc0: SDHCI controller on ff160000.mmc [ff160000.mmc] using ADMA 64-bit
[    3.869482] usb usb1: SerialNumber: xhci-hcd.0.auto
[    3.882339] hub 1-0:1.0: USB hub found
[    3.886150] hub 1-0:1.0: 1 port detected
[    3.890234] xhci-hcd xhci-hcd.0.auto: xHCI Host Controller
[    3.895727] xhci-hcd xhci-hcd.0.auto: new USB bus registered, assigned bus number 2
[    3.903389] xhci-hcd xhci-hcd.0.auto: Host supports USB 3.0 SuperSpeed
[    3.907891] mmc1: SDHCI controller on ff170000.mmc [ff170000.mmc] using ADMA 64-bit
[    3.909991] usb usb2: We don't know the algorithms for LPM for this host, disabling LPM.
[    3.925627] rtc_zynqmp ffa60000.rtc: setting system clock to 1970-01-01T00:00:08 UTC (8)
[    3.925631] of_cfs_init
[    3.933829] usb usb2: New USB device found, idVendor=1d6b, idProduct=0003, bcdDevice= 5.04
[    3.936166] of_cfs_init: OK
[    3.944400] usb usb2: New USB device strings: Mfr=3, Product=2, SerialNumber=1
[    3.944404] usb usb2: Product: xHCI Host Controller
[    3.947294] cfg80211: Loading compiled-in X.509 certificates for regulatory database
[    3.954391] usb usb2: Manufacturer: Linux 5.4.0-xilinx-v2020.1 xhci-hcd
[    3.973601] usb usb2: SerialNumber: xhci-hcd.0.auto
[    3.978820] hub 2-0:1.0: USB hub found
[    3.982676] hub 2-0:1.0: 1 port detected
[    3.986850] xhci-hcd xhci-hcd.1.auto: new USB bus registered, assigned bus number 3
[    3.994612] xhci-hcd xhci-hcd.1.auto: hcc params 0x0238f625 hci version 0x100 quirks 0x0000000202010010
[    4.004029] xhci-hcd xhci-hcd.1.auto: irq 41, io mem 0xfe200000
[    4.010253] usb usb3: New USB device found, idVendor=1d6b, idProduct=0002, bcdDevice= 5.04
[    4.018525] usb usb3: New USB device strings: Mfr=3, Product=2, SerialNumber=1
[    4.025750] usb usb3: Product: xHCI Host Controller
[    4.030620] usb usb3: Manufacturer: Linux 5.4.0-xilinx-v2020.1 xhci-hcd
[    4.037225] usb usb3: SerialNumber: xhci-hcd.1.auto
[    4.042417] hub 3-0:1.0: USB hub found
[    4.046276] hub 3-0:1.0: 1 port detected
[    4.050442] xhci-hcd xhci-hcd.1.auto: xHCI Host Controller
[    4.055941] xhci-hcd xhci-hcd.1.auto: new USB bus registered, assigned bus number 4
[    4.063597] xhci-hcd xhci-hcd.1.auto: Host supports USB 3.0 SuperSpeed
[    4.070168] usb usb4: We don't know the algorithms for LPM for this host, disabling LPM.
[    4.078315] usb usb4: New USB device found, idVendor=1d6b, idProduct=0003, bcdDevice= 5.04
[    4.083302] cfg80211: Loaded X.509 cert 'sforshee: 00b28ddf47aef9cea7'
[    4.086577] usb usb4: New USB device strings: Mfr=3, Product=2, SerialNumber=1
[    4.093091] clk: Not disabling unused clocks
[    4.100303] usb usb4: Product: xHCI Host Controller
[    4.104564] ALSA device list:
[    4.109433] usb usb4: Manufacturer: Linux 5.4.0-xilinx-v2020.1 xhci-hcd
[    4.112384]   No soundcards found.
[    4.118981] usb usb4: SerialNumber: xhci-hcd.1.auto
[    4.122446] platform regulatory.0: Direct firmware load for regulatory.db failed with error -2
[    4.127472] hub 4-0:1.0: USB hub found
[    4.135832] cfg80211: failed to load regulatory.db
[    4.139588] hub 4-0:1.0: 1 port detected
[    4.148670] Waiting for root device /dev/mmcblk1p2...
[    4.166393] mmc1: new high speed SDHC card at address 5048
[    4.172230] mmcblk1: mmc1:5048 SD16G 14.4 GiB 
[    4.178025]  mmcblk1: p1 p2
[    4.209274] mmc0: new HS200 MMC card at address 0001
[    4.214581] mmcblk0: mmc0:0001 W52516 14.3 GiB 
[    4.219282] mmcblk0boot0: mmc0:0001 W52516 partition 1 4.00 MiB
[    4.225369] mmcblk0boot1: mmc0:0001 W52516 partition 2 4.00 MiB
[    4.231397] mmcblk0rpmb: mmc0:0001 W52516 partition 3 4.00 MiB, chardev (245:0)
[    4.239573]  mmcblk0: p1
[    5.784222] random: fast init done
[    7.309490] EXT4-fs (mmcblk1p2): 1 orphan inode deleted
[    7.314715] EXT4-fs (mmcblk1p2): recovery complete
[    9.953244] EXT4-fs (mmcblk1p2): mounted filesystem with ordered data mode. Opts: (null)
[    9.961364] VFS: Mounted root (ext4 filesystem) on device 179:2.
[    9.969194] devtmpfs: mounted
[    9.972310] Freeing unused kernel memory: 704K
[    9.976779] Run /sbin/init as init process
[   10.379365] random: systemd: uninitialized urandom read (16 bytes read)
[   10.392912] random: systemd: uninitialized urandom read (16 bytes read)
[   10.420300] systemd[1]: systemd 219 running in system mode. (+PAM +AUDIT +SELINUX +IMA -APPARMOR +SMACK +SYSVINIT +UTMP +LIBCRYPTSETUP +GCRYPT +GNUTLS +ACL +XZ -LZ4 -SECCOMP +BLKID +ELFUTILS +KMOD +IDN)
[   10.438599] systemd[1]: Detected architecture arm64.

Welcome to [0;31mCentOS Linux 7 (AltArch)[0m!

[   10.455388] systemd[1]: No hostname configured.
[   10.459932] systemd[1]: Set hostname to <localhost>.
[   10.476289] random: systemd: uninitialized urandom read (16 bytes read)
[[32m  OK  [0m] Created slice Root Slice.
[   10.971417] systemd[1]: Created slice Root Slice.
[   10.976155] systemd[1]: Starting Root Slice.
[[32m  OK  [0m] Created slice User and Session Slice.
[   10.991366] systemd[1]: Created slice User and Session Slice.
[   10.997130] systemd[1]: Starting User and Session Slice.
[[32m  OK  [0m] Listening on /dev/initctl Compatibility Named Pipe.
[   11.019365] systemd[1]: Listening on /dev/initctl Compatibility Named Pipe.
[   11.026347] systemd[1]: Starting /dev/initctl Compatibility Named Pipe.
[[32m  OK  [0m] Listening on Delayed Shutdown Socket.
[[32m  OK  [0m] Created slice System Slice.
[[32m  OK  [0m] Created slice system-serial\x2dgetty.slice.
[[32m  OK  [0m] Created slice system-getty.slice.
[[32m  OK  [0m] Listening on LVM2 poll daemon socket.
[[32m  OK  [0m] Listening on udev Kernel Socket.
[[32m  OK  [0m] Listening on Device-mapper event daemon FIFOs.
[[32m  OK  [0m] Created slice system-selinux\x2dpol...grate\x2dlocal\x2dchanges.slice.
[[32m  OK  [0m] Listening on LVM2 metadata daemon socket.
[[32m  OK  [0m] Listening on Journal Socket.
         Starting Journal Service...
         Starting Monitoring of LVM2 mirrors... dmeventd or progress polling...
         Mounting Debug File System...
         Mounting Huge Pages File System...
         Mounting POSIX Message Queue File System...
[[32m  OK  [0m] Listening on udev Control Socket.
[[32m  OK  [0m] Reached target Swap.
[[32m  OK  [0m] Reached target Slices.
         Starting Collect Read-Ahead Data...
[   11.308711] systemd-readahead[163]: Failed to create fanotify object: Function not implemented
[[32m  OK  [0m] Started Collect Read-Ahead Data.
[[32m  OK  [0m] Started Journal Service.
         Starting Flush Journal to Persistent Storage...
         Starting Configure read-only root support...
         Mounting Configuration File System...
         Starting Load/Save Random Seed...
         Starting udev Coldplug all Devices...
         Starting Setup Virtual Console...
         Starting Create Static Device Nodes in /dev...
         Starting Apply Kernel Variables...
[[32m  OK  [0m] Mounted Configuration File System.
[[32m  OK  [0m] Mounted POSIX Message Queue File System.
[[32m  OK  [0m] Mounted Huge Pages File System.
[[32m  OK  [0m] Mounted Debug File System.
[[32m  OK  [0m] Started Configure read-only root support.
[[32m  OK  [0m] Started Load/Save Random Seed.
[[32m  OK  [0m] Started Apply Kernel Variables.
[[32m  OK  [0m] Started Create Static Device Nodes in /dev.
[   11.631035] systemd-journald[157]: Received request to flush runtime journal from PID 1
[[32m  OK  [0m] Started LVM2 metadata daemon.
         Starting LVM2 metadata daemon...
         Starting udev Kernel Device Manager...
[[32m  OK  [0m] Started Flush Journal to Persistent Storage.
[[32m  OK  [0m] Started udev Coldplug all Devices.
         Starting udev Wait for Complete Device Initialization...
[[32m  OK  [0m] Started Setup Virtual Console.
[[32m  OK  [0m] Started udev Kernel Device Manager.
         Starting Show Plymouth Boot Screen...
[[32m  OK  [0m] Started Show Plymouth Boot Screen.
[[32m  OK  [0m] Found device /dev/ttyPS0.
%G[[32m  OK  [0m] Started Monitoring of LVM2 mirrors,...ng dmeventd or progress polling.
[[32m  OK  [0m] Started udev Wait for Complete Device Initialization.
         Starting Activation of DM RAID sets...
[[32m  OK  [0m] Reached target Local File Systems (Pre).
[[32m  OK  [0m] Started Activation of DM RAID sets.
[[32m  OK  [0m] Reached target Encrypted Volumes.
[[32m  OK  [0m] Reached target Local File Systems.
         Starting Tell Plymouth To Write Out Runtime Data...
         Starting Create Volatile Files and Directories...
[[32m  OK  [0m] Started Tell Plymouth To Write Out Runtime Data.
[[32m  OK  [0m] Started Create Volatile Files and Directories.
         Starting Security Auditing Service...
[[32m  OK  [0m] Started Security Auditing Service.
         Starting Update UTMP about System Boot/Shutdown...
[[32m  OK  [0m] Started Update UTMP about System Boot/Shutdown.
[[32m  OK  [0m] Reached target System Initialization.
[[32m  OK  [0m] Reached target Timers.
[[32m  OK  [0m] Reached target Paths.
[[32m  OK  [0m] Listening on Open-iSCSI iscsiuio Socket.
[[32m  OK  [0m] Listening on PC/SC Smart Card Daemon Activation Socket.
[[32m  OK  [0m] Listening on D-Bus System Message Bus Socket.
[[32m  OK  [0m] Listening on Open-iSCSI iscsid Socket.
[[32m  OK  [0m] Reached target Sockets.
[[32m  OK  [0m] Reached target Basic System.
         Starting Dump dmesg to /var/log/dmesg...
         Starting NTP client/server...
         Starting System Logging Service...
         Starting Login Service...
         Starting Authorization Manager...
[[32m  OK  [0m] Started D-Bus System Message Bus.
         Starting D-Bus System Message Bus...
[[32m  OK  [0m] Started irqbalance daemon.
         Starting irqbalance daemon...
[[32m  OK  [0m] Started System Logging Service.
[[32m  OK  [0m] Started Dump dmesg to /var/log/dmesg.
[[32m  OK  [0m] Started Login Service.
[[32m  OK  [0m] Started NTP client/server.
[[32m  OK  [0m] Started Authorization Manager.
         Starting firewalld - dynamic firewall daemon...
[[32m  OK  [0m] Started firewalld - dynamic firewall daemon.
[[32m  OK  [0m] Reached target Network (Pre).
         Starting Network Manager...
[[32m  OK  [0m] Started Network Manager.
         Starting Network Manager Wait Online...
         Starting Network Manager Script Dispatcher Service...
[[32m  OK  [0m] Started Network Manager Script Dispatcher Service.
         Starting Hostname Service...
[[32m  OK  [0m] Started Hostname Service.
[[32m  OK  [0m] Started Network Manager Wait Online.
         Starting LSB: Bring up/down networking...
[[1;31mFAILED[0m] Failed to start LSB: Bring up/down networking.
See 'systemctl status network.service' for details.
[[32m  OK  [0m] Reached target Network.
         Starting Logout off all iSCSI sessions on shutdown...
         Starting Dynamic System Tuning Daemon...
         Starting OpenSSH server daemon...
         Starting Postfix Mail Transport Agent...
[[32m  OK  [0m] Reached target Network is Online.
[[32m  OK  [0m] Started Logout off all iSCSI sessions on shutdown.
         Starting Availability of block devices...
[[32m  OK  [0m] Reached target Remote File Systems (Pre).
[[32m  OK  [0m] Reached target Remote File Systems.
         Starting Crash recovery kernel arming...
         Starting Permit User Sessions...
[[32m  OK  [0m] Started Availability of block devices.
[[32m  OK  [0m] Started Permit User Sessions.
         Starting Terminate Plymouth Boot Screen...
         Starting Wait for Plymouth Boot Screen to Quit...
[[32m  OK  [0m] Started Command Scheduler.
         Starting Command Scheduler...

CentOS Linux 7 (AltArch)
Kernel 5.4.0-xilinx-v2020.1 on an aarch64

localhost login: centos      root
Password: 
Last login: Thu Jan  1 00:00:41 on ttyPS0
[root@localhost ~]# cd apps/
[root@localhost apps]# cd apps/[K./[K[Ksource rc[K[Kcount-up-LEDs.sh 
[root@localhost apps]# exit
logout

CentOS Linux 7 (AltArch)
Kernel 5.4.0-xilinx-v2020.1 on an aarch64

localhost login: 